[0.172s] Invoking command in '/home/student/git/PreyPath_RS1/41068_ws/build/robot_control': CMAKE_PREFIX_PATH=${CMAKE_PREFIX_PATH}:/opt/ros/humble /usr/bin/cmake /home/student/git/PreyPath_RS1/41068_ws/src/quadruped_robot_ROS2/src/robot_control -DAMENT_CMAKE_SYMLINK_INSTALL=1 -DCMAKE_INSTALL_PREFIX=/home/student/git/PreyPath_RS1/41068_ws/install/robot_control
[0.337s] -- The C compiler identification is GNU 11.4.0
[0.442s] -- The CXX compiler identification is GNU 11.4.0
[0.452s] -- Detecting C compiler ABI info
[0.601s] -- Detecting C compiler ABI info - done
[0.613s] -- Check for working C compiler: /usr/bin/cc - skipped
[0.614s] -- Detecting C compile features
[0.614s] -- Detecting C compile features - done
[0.617s] -- Detecting CXX compiler ABI info
[0.760s] -- Detecting CXX compiler ABI info - done
[0.772s] -- Check for working CXX compiler: /usr/bin/c++ - skipped
[0.772s] -- Detecting CXX compile features
[0.772s] -- Detecting CXX compile features - done
[0.775s] -- Found ament_cmake: 1.3.12 (/opt/ros/humble/share/ament_cmake/cmake)
[0.937s] -- Found Python3: /usr/bin/python3 (found version "3.10.12") found components: Interpreter 
[1.010s] -- Override CMake install command with custom implementation using symlinks instead of copying resources
[1.051s] -- Found ament_lint_auto: 0.12.14 (/opt/ros/humble/share/ament_lint_auto/cmake)
[1.147s] -- Added test 'copyright' to check source files copyright and LICENSE
[1.149s] -- Added test 'flake8' to check Python code syntax and style conventions
[1.150s] -- Added test 'lint_cmake' to check CMake code style
[1.151s] -- Added test 'pep257' to check Python code against some of the docstring style conventions in PEP 257
[1.152s] -- Added test 'xmllint' to check XML markup files
[1.154s] -- Configuring done
[1.157s] -- Generating done
[1.215s] -- Build files have been written to: /home/student/git/PreyPath_RS1/41068_ws/build/robot_control
[1.704s] Invoked command in '/home/student/git/PreyPath_RS1/41068_ws/build/robot_control' returned '0': CMAKE_PREFIX_PATH=${CMAKE_PREFIX_PATH}:/opt/ros/humble /usr/bin/cmake /home/student/git/PreyPath_RS1/41068_ws/src/quadruped_robot_ROS2/src/robot_control -DAMENT_CMAKE_SYMLINK_INSTALL=1 -DCMAKE_INSTALL_PREFIX=/home/student/git/PreyPath_RS1/41068_ws/install/robot_control
[1.707s] Invoking command in '/home/student/git/PreyPath_RS1/41068_ws/build/robot_control': CMAKE_PREFIX_PATH=${CMAKE_PREFIX_PATH}:/opt/ros/humble /usr/bin/cmake --build /home/student/git/PreyPath_RS1/41068_ws/build/robot_control -- -j8 -l8
[1.754s] Invoked command in '/home/student/git/PreyPath_RS1/41068_ws/build/robot_control' returned '0': CMAKE_PREFIX_PATH=${CMAKE_PREFIX_PATH}:/opt/ros/humble /usr/bin/cmake --build /home/student/git/PreyPath_RS1/41068_ws/build/robot_control -- -j8 -l8
[1.757s] Invoking command in '/home/student/git/PreyPath_RS1/41068_ws/build/robot_control': CMAKE_PREFIX_PATH=${CMAKE_PREFIX_PATH}:/opt/ros/humble /usr/bin/cmake --install /home/student/git/PreyPath_RS1/41068_ws/build/robot_control
[1.764s] -- Install configuration: ""
[1.765s] -- Execute custom install script
[1.766s] -- Symlinking: /home/student/git/PreyPath_RS1/41068_ws/install/robot_control/share/robot_control//scripts/InverseKinematics/robot_IK.py
[1.780s] -- Symlinking: /home/student/git/PreyPath_RS1/41068_ws/install/robot_control/share/robot_control//scripts/RobotController/CrawlGaitController.py
[1.786s] -- Symlinking: /home/student/git/PreyPath_RS1/41068_ws/install/robot_control/share/robot_control//scripts/RobotController/GaitController.py
[1.795s] -- Symlinking: /home/student/git/PreyPath_RS1/41068_ws/install/robot_control/share/robot_control//scripts/RobotController/PIDController.py
[1.805s] -- Symlinking: /home/student/git/PreyPath_RS1/41068_ws/install/robot_control/share/robot_control//scripts/RobotController/RobotController.py
[1.813s] -- Symlinking: /home/student/git/PreyPath_RS1/41068_ws/install/robot_control/share/robot_control//scripts/RobotController/StandController.py
[1.821s] -- Symlinking: /home/student/git/PreyPath_RS1/41068_ws/install/robot_control/share/robot_control//scripts/RobotController/StateCommand.py
[1.831s] -- Symlinking: /home/student/git/PreyPath_RS1/41068_ws/install/robot_control/share/robot_control//scripts/RobotController/TrotGaitController.py
[1.840s] -- Symlinking: /home/student/git/PreyPath_RS1/41068_ws/install/robot_control/share/robot_control//scripts/RoboticsUtilities/Transformations.py
[1.848s] -- Symlinking: /home/student/git/PreyPath_RS1/41068_ws/install/robot_control/share/robot_control//scripts/ramped_joypad.py
[1.857s] -- Symlinking: /home/student/git/PreyPath_RS1/41068_ws/install/robot_control/share/robot_control//scripts/robot_controller_gazebo.py
[1.871s] -- Symlinking: /home/student/git/PreyPath_RS1/41068_ws/install/robot_control/share/robot_control//launch/robot_control.launch.py
[1.879s] -- Symlinking: /home/student/git/PreyPath_RS1/41068_ws/install/robot_control/lib/robot_control/robot_controller_gazebo.py
[1.888s] -- Symlinking: /home/student/git/PreyPath_RS1/41068_ws/install/robot_control/lib/robot_control/ramped_joypad.py
[1.896s] -- Symlinking: /home/student/git/PreyPath_RS1/41068_ws/install/robot_control/lib/robot_control/robot_control.launch.py
[1.905s] -- Symlinking: /home/student/git/PreyPath_RS1/41068_ws/install/robot_control/lib/robot_control/RoboticsUtilities//Transformations.py
[1.915s] -- Symlinking: /home/student/git/PreyPath_RS1/41068_ws/install/robot_control/lib/robot_control/RobotController//CrawlGaitController.py
[1.924s] -- Symlinking: /home/student/git/PreyPath_RS1/41068_ws/install/robot_control/lib/robot_control/RobotController//GaitController.py
[1.933s] -- Symlinking: /home/student/git/PreyPath_RS1/41068_ws/install/robot_control/lib/robot_control/RobotController//PIDController.py
[1.941s] -- Symlinking: /home/student/git/PreyPath_RS1/41068_ws/install/robot_control/lib/robot_control/RobotController//RobotController.py
[1.950s] -- Symlinking: /home/student/git/PreyPath_RS1/41068_ws/install/robot_control/lib/robot_control/RobotController//StandController.py
[1.959s] -- Symlinking: /home/student/git/PreyPath_RS1/41068_ws/install/robot_control/lib/robot_control/RobotController//StateCommand.py
[1.974s] -- Symlinking: /home/student/git/PreyPath_RS1/41068_ws/install/robot_control/lib/robot_control/RobotController//TrotGaitController.py
[1.981s] -- Symlinking: /home/student/git/PreyPath_RS1/41068_ws/install/robot_control/lib/robot_control/InverseKinematics//robot_IK.py
[1.989s] -- Symlinking: /home/student/git/PreyPath_RS1/41068_ws/install/robot_control/share/ament_index/resource_index/package_run_dependencies/robot_control
[1.998s] -- Symlinking: /home/student/git/PreyPath_RS1/41068_ws/install/robot_control/share/ament_index/resource_index/parent_prefix_path/robot_control
[2.007s] -- Symlinking: /home/student/git/PreyPath_RS1/41068_ws/install/robot_control/share/robot_control/environment/ament_prefix_path.sh
[2.016s] -- Symlinking: /home/student/git/PreyPath_RS1/41068_ws/install/robot_control/share/robot_control/environment/ament_prefix_path.dsv
[2.025s] -- Symlinking: /home/student/git/PreyPath_RS1/41068_ws/install/robot_control/share/robot_control/environment/path.sh
[2.034s] -- Symlinking: /home/student/git/PreyPath_RS1/41068_ws/install/robot_control/share/robot_control/environment/path.dsv
[2.043s] -- Symlinking: /home/student/git/PreyPath_RS1/41068_ws/install/robot_control/share/robot_control/local_setup.bash
[2.051s] -- Symlinking: /home/student/git/PreyPath_RS1/41068_ws/install/robot_control/share/robot_control/local_setup.sh
[2.059s] -- Symlinking: /home/student/git/PreyPath_RS1/41068_ws/install/robot_control/share/robot_control/local_setup.zsh
[2.071s] -- Symlinking: /home/student/git/PreyPath_RS1/41068_ws/install/robot_control/share/robot_control/local_setup.dsv
[2.080s] -- Symlinking: /home/student/git/PreyPath_RS1/41068_ws/install/robot_control/share/robot_control/package.dsv
[2.088s] -- Symlinking: /home/student/git/PreyPath_RS1/41068_ws/install/robot_control/share/ament_index/resource_index/packages/robot_control
[2.097s] -- Symlinking: /home/student/git/PreyPath_RS1/41068_ws/install/robot_control/share/robot_control/cmake/robot_controlConfig.cmake
[2.105s] -- Symlinking: /home/student/git/PreyPath_RS1/41068_ws/install/robot_control/share/robot_control/cmake/robot_controlConfig-version.cmake
[2.113s] -- Symlinking: /home/student/git/PreyPath_RS1/41068_ws/install/robot_control/share/robot_control/package.xml
[2.124s] Invoked command in '/home/student/git/PreyPath_RS1/41068_ws/build/robot_control' returned '0': CMAKE_PREFIX_PATH=${CMAKE_PREFIX_PATH}:/opt/ros/humble /usr/bin/cmake --install /home/student/git/PreyPath_RS1/41068_ws/build/robot_control
