[0.012s] Invoking command in '/home/jonathan/git/PreyPath_RS1/sensor/build/preypath_bringup': CMAKE_PREFIX_PATH=/home/jonathan/git/PreyPath_RS1/sensor/install/preypath_slam:/home/jonathan/git/PreyPath_RS1/sensor/install/preypath_bringup:/home/jonathan/41068_ws/install/41068_ignition_bringup:/home/jonathan/ros_ws/install/stage_ros2:/home/jonathan/ros_ws/install/stage PKG_CONFIG_PATH=/home/jonathan/git/PreyPath_RS1/sensor/install/preypath_slam/lib/x86_64-linux-gnu/pkgconfig:/home/jonathan/git/PreyPath_RS1/sensor/install/preypath_slam/lib/pkgconfig:/home/jonathan/git/PreyPath_RS1/sensor/install/preypath_bringup/lib/x86_64-linux-gnu/pkgconfig:/home/jonathan/git/PreyPath_RS1/sensor/install/preypath_bringup/lib/pkgconfig:/home/jonathan/ros_ws/install/stage/lib/x86_64-linux-gnu/pkgconfig:/home/jonathan/ros_ws/install/stage/lib/pkgconfig ROS_PACKAGE_PATH=/home/jonathan/git/PreyPath_RS1/sensor/install/preypath_slam/share:/home/jonathan/git/PreyPath_RS1/sensor/install/preypath_bringup/share:/home/jonathan/ros_ws/install/stage/share /usr/bin/cmake /home/jonathan/git/PreyPath_RS1/sensor/src/preypath_bringup -DCATKIN_INSTALL_INTO_PREFIX_ROOT=0 -DCATKIN_SYMLINK_INSTALL=ON -DCMAKE_INSTALL_PREFIX=/home/jonathan/git/PreyPath_RS1/sensor/install/preypath_bringup
[0.073s] -- The C compiler identification is GNU 11.4.0
[0.135s] -- The CXX compiler identification is GNU 11.4.0
[0.143s] -- Detecting C compiler ABI info
[0.226s] -- Detecting C compiler ABI info - done
[0.232s] -- Check for working C compiler: /usr/bin/cc - skipped
[0.232s] -- Detecting C compile features
[0.232s] -- Detecting C compile features - done
[0.235s] -- Detecting CXX compiler ABI info
[0.331s] -- Detecting CXX compiler ABI info - done
[0.338s] -- Check for working CXX compiler: /usr/bin/c++ - skipped
[0.338s] -- Detecting CXX compile features
[0.338s] -- Detecting CXX compile features - done
[0.342s] -- Found ament_cmake: 1.3.12 (/opt/ros/humble/share/ament_cmake/cmake)
[0.492s] -- Found Python3: /usr/bin/python3 (found version "3.10.12") found components: Interpreter 
[0.654s] -- Configuring done
[0.657s] -- Generating done
[0.658s] [33mCMake Warning:
[0.658s]   Manually-specified variables were not used by the project:
[0.658s] 
[0.658s]     CATKIN_INSTALL_INTO_PREFIX_ROOT
[0.658s]     CATKIN_SYMLINK_INSTALL
[0.658s] 
[0.658s] [0m
[0.659s] -- Build files have been written to: /home/jonathan/git/PreyPath_RS1/sensor/build/preypath_bringup
[0.664s] Invoked command in '/home/jonathan/git/PreyPath_RS1/sensor/build/preypath_bringup' returned '0': CMAKE_PREFIX_PATH=/home/jonathan/git/PreyPath_RS1/sensor/install/preypath_slam:/home/jonathan/git/PreyPath_RS1/sensor/install/preypath_bringup:/home/jonathan/41068_ws/install/41068_ignition_bringup:/home/jonathan/ros_ws/install/stage_ros2:/home/jonathan/ros_ws/install/stage PKG_CONFIG_PATH=/home/jonathan/git/PreyPath_RS1/sensor/install/preypath_slam/lib/x86_64-linux-gnu/pkgconfig:/home/jonathan/git/PreyPath_RS1/sensor/install/preypath_slam/lib/pkgconfig:/home/jonathan/git/PreyPath_RS1/sensor/install/preypath_bringup/lib/x86_64-linux-gnu/pkgconfig:/home/jonathan/git/PreyPath_RS1/sensor/install/preypath_bringup/lib/pkgconfig:/home/jonathan/ros_ws/install/stage/lib/x86_64-linux-gnu/pkgconfig:/home/jonathan/ros_ws/install/stage/lib/pkgconfig ROS_PACKAGE_PATH=/home/jonathan/git/PreyPath_RS1/sensor/install/preypath_slam/share:/home/jonathan/git/PreyPath_RS1/sensor/install/preypath_bringup/share:/home/jonathan/ros_ws/install/stage/share /usr/bin/cmake /home/jonathan/git/PreyPath_RS1/sensor/src/preypath_bringup -DCATKIN_INSTALL_INTO_PREFIX_ROOT=0 -DCATKIN_SYMLINK_INSTALL=ON -DCMAKE_INSTALL_PREFIX=/home/jonathan/git/PreyPath_RS1/sensor/install/preypath_bringup
[0.665s] Invoking command in '/home/jonathan/git/PreyPath_RS1/sensor/build/preypath_bringup': CMAKE_PREFIX_PATH=/home/jonathan/git/PreyPath_RS1/sensor/install/preypath_slam:/home/jonathan/git/PreyPath_RS1/sensor/install/preypath_bringup:/home/jonathan/41068_ws/install/41068_ignition_bringup:/home/jonathan/ros_ws/install/stage_ros2:/home/jonathan/ros_ws/install/stage PKG_CONFIG_PATH=/home/jonathan/git/PreyPath_RS1/sensor/install/preypath_slam/lib/x86_64-linux-gnu/pkgconfig:/home/jonathan/git/PreyPath_RS1/sensor/install/preypath_slam/lib/pkgconfig:/home/jonathan/git/PreyPath_RS1/sensor/install/preypath_bringup/lib/x86_64-linux-gnu/pkgconfig:/home/jonathan/git/PreyPath_RS1/sensor/install/preypath_bringup/lib/pkgconfig:/home/jonathan/ros_ws/install/stage/lib/x86_64-linux-gnu/pkgconfig:/home/jonathan/ros_ws/install/stage/lib/pkgconfig ROS_PACKAGE_PATH=/home/jonathan/git/PreyPath_RS1/sensor/install/preypath_slam/share:/home/jonathan/git/PreyPath_RS1/sensor/install/preypath_bringup/share:/home/jonathan/ros_ws/install/stage/share /usr/bin/cmake --build /home/jonathan/git/PreyPath_RS1/sensor/build/preypath_bringup -- -j8 -l8
[0.714s] Invoked command in '/home/jonathan/git/PreyPath_RS1/sensor/build/preypath_bringup' returned '0': CMAKE_PREFIX_PATH=/home/jonathan/git/PreyPath_RS1/sensor/install/preypath_slam:/home/jonathan/git/PreyPath_RS1/sensor/install/preypath_bringup:/home/jonathan/41068_ws/install/41068_ignition_bringup:/home/jonathan/ros_ws/install/stage_ros2:/home/jonathan/ros_ws/install/stage PKG_CONFIG_PATH=/home/jonathan/git/PreyPath_RS1/sensor/install/preypath_slam/lib/x86_64-linux-gnu/pkgconfig:/home/jonathan/git/PreyPath_RS1/sensor/install/preypath_slam/lib/pkgconfig:/home/jonathan/git/PreyPath_RS1/sensor/install/preypath_bringup/lib/x86_64-linux-gnu/pkgconfig:/home/jonathan/git/PreyPath_RS1/sensor/install/preypath_bringup/lib/pkgconfig:/home/jonathan/ros_ws/install/stage/lib/x86_64-linux-gnu/pkgconfig:/home/jonathan/ros_ws/install/stage/lib/pkgconfig ROS_PACKAGE_PATH=/home/jonathan/git/PreyPath_RS1/sensor/install/preypath_slam/share:/home/jonathan/git/PreyPath_RS1/sensor/install/preypath_bringup/share:/home/jonathan/ros_ws/install/stage/share /usr/bin/cmake --build /home/jonathan/git/PreyPath_RS1/sensor/build/preypath_bringup -- -j8 -l8
[0.715s] Invoking command in '/home/jonathan/git/PreyPath_RS1/sensor/build/preypath_bringup': CMAKE_PREFIX_PATH=/home/jonathan/git/PreyPath_RS1/sensor/install/preypath_slam:/home/jonathan/git/PreyPath_RS1/sensor/install/preypath_bringup:/home/jonathan/41068_ws/install/41068_ignition_bringup:/home/jonathan/ros_ws/install/stage_ros2:/home/jonathan/ros_ws/install/stage PKG_CONFIG_PATH=/home/jonathan/git/PreyPath_RS1/sensor/install/preypath_slam/lib/x86_64-linux-gnu/pkgconfig:/home/jonathan/git/PreyPath_RS1/sensor/install/preypath_slam/lib/pkgconfig:/home/jonathan/git/PreyPath_RS1/sensor/install/preypath_bringup/lib/x86_64-linux-gnu/pkgconfig:/home/jonathan/git/PreyPath_RS1/sensor/install/preypath_bringup/lib/pkgconfig:/home/jonathan/ros_ws/install/stage/lib/x86_64-linux-gnu/pkgconfig:/home/jonathan/ros_ws/install/stage/lib/pkgconfig ROS_PACKAGE_PATH=/home/jonathan/git/PreyPath_RS1/sensor/install/preypath_slam/share:/home/jonathan/git/PreyPath_RS1/sensor/install/preypath_bringup/share:/home/jonathan/ros_ws/install/stage/share /usr/bin/cmake --install /home/jonathan/git/PreyPath_RS1/sensor/build/preypath_bringup
[0.724s] -- Install configuration: ""
[0.724s] -- Installing: /home/jonathan/git/PreyPath_RS1/sensor/install/preypath_bringup/share/preypath_bringup/launch
[0.724s] -- Installing: /home/jonathan/git/PreyPath_RS1/sensor/install/preypath_bringup/share/preypath_bringup/launch/full_stack.launch.py
[0.725s] -- Installing: /home/jonathan/git/PreyPath_RS1/sensor/install/preypath_bringup/share/ament_index/resource_index/package_run_dependencies/preypath_bringup
[0.725s] -- Installing: /home/jonathan/git/PreyPath_RS1/sensor/install/preypath_bringup/share/ament_index/resource_index/parent_prefix_path/preypath_bringup
[0.725s] -- Installing: /home/jonathan/git/PreyPath_RS1/sensor/install/preypath_bringup/share/preypath_bringup/environment/ament_prefix_path.sh
[0.725s] -- Installing: /home/jonathan/git/PreyPath_RS1/sensor/install/preypath_bringup/share/preypath_bringup/environment/ament_prefix_path.dsv
[0.725s] -- Installing: /home/jonathan/git/PreyPath_RS1/sensor/install/preypath_bringup/share/preypath_bringup/environment/path.sh
[0.726s] -- Installing: /home/jonathan/git/PreyPath_RS1/sensor/install/preypath_bringup/share/preypath_bringup/environment/path.dsv
[0.726s] -- Installing: /home/jonathan/git/PreyPath_RS1/sensor/install/preypath_bringup/share/preypath_bringup/local_setup.bash
[0.726s] -- Installing: /home/jonathan/git/PreyPath_RS1/sensor/install/preypath_bringup/share/preypath_bringup/local_setup.sh
[0.726s] -- Installing: /home/jonathan/git/PreyPath_RS1/sensor/install/preypath_bringup/share/preypath_bringup/local_setup.zsh
[0.726s] -- Installing: /home/jonathan/git/PreyPath_RS1/sensor/install/preypath_bringup/share/preypath_bringup/local_setup.dsv
[0.727s] -- Installing: /home/jonathan/git/PreyPath_RS1/sensor/install/preypath_bringup/share/preypath_bringup/package.dsv
[0.727s] -- Installing: /home/jonathan/git/PreyPath_RS1/sensor/install/preypath_bringup/share/ament_index/resource_index/packages/preypath_bringup
[0.727s] -- Installing: /home/jonathan/git/PreyPath_RS1/sensor/install/preypath_bringup/share/preypath_bringup/cmake/preypath_bringupConfig.cmake
[0.727s] -- Installing: /home/jonathan/git/PreyPath_RS1/sensor/install/preypath_bringup/share/preypath_bringup/cmake/preypath_bringupConfig-version.cmake
[0.727s] -- Installing: /home/jonathan/git/PreyPath_RS1/sensor/install/preypath_bringup/share/preypath_bringup/package.xml
[0.730s] Invoked command in '/home/jonathan/git/PreyPath_RS1/sensor/build/preypath_bringup' returned '0': CMAKE_PREFIX_PATH=/home/jonathan/git/PreyPath_RS1/sensor/install/preypath_slam:/home/jonathan/git/PreyPath_RS1/sensor/install/preypath_bringup:/home/jonathan/41068_ws/install/41068_ignition_bringup:/home/jonathan/ros_ws/install/stage_ros2:/home/jonathan/ros_ws/install/stage PKG_CONFIG_PATH=/home/jonathan/git/PreyPath_RS1/sensor/install/preypath_slam/lib/x86_64-linux-gnu/pkgconfig:/home/jonathan/git/PreyPath_RS1/sensor/install/preypath_slam/lib/pkgconfig:/home/jonathan/git/PreyPath_RS1/sensor/install/preypath_bringup/lib/x86_64-linux-gnu/pkgconfig:/home/jonathan/git/PreyPath_RS1/sensor/install/preypath_bringup/lib/pkgconfig:/home/jonathan/ros_ws/install/stage/lib/x86_64-linux-gnu/pkgconfig:/home/jonathan/ros_ws/install/stage/lib/pkgconfig ROS_PACKAGE_PATH=/home/jonathan/git/PreyPath_RS1/sensor/install/preypath_slam/share:/home/jonathan/git/PreyPath_RS1/sensor/install/preypath_bringup/share:/home/jonathan/ros_ws/install/stage/share /usr/bin/cmake --install /home/jonathan/git/PreyPath_RS1/sensor/build/preypath_bringup
