[0.034s] Invoking command in '/home/student/git/PreyPath_RS1/41068_ws/build/robot_description': CMAKE_PREFIX_PATH=/opt/ros/humble /usr/bin/cmake /home/student/git/PreyPath_RS1/41068_ws/src/robot_description -DAMENT_CMAKE_SYMLINK_INSTALL=1 -DCMAKE_INSTALL_PREFIX=/home/student/git/PreyPath_RS1/41068_ws/install/robot_description
[0.107s] -- The C compiler identification is GNU 11.4.0
[0.190s] -- The CXX compiler identification is GNU 11.4.0
[0.199s] -- Detecting C compiler ABI info
[0.297s] -- Detecting C compiler ABI info - done
[0.309s] -- Check for working C compiler: /usr/bin/cc - skipped
[0.309s] -- Detecting C compile features
[0.310s] -- Detecting C compile features - done
[0.314s] -- Detecting CXX compiler ABI info
[0.427s] -- Detecting CXX compiler ABI info - done
[0.443s] -- Check for working CXX compiler: /usr/bin/c++ - skipped
[0.443s] -- Detecting CXX compile features
[0.444s] -- Detecting CXX compile features - done
[0.448s] -- Found ament_cmake: 1.3.12 (/opt/ros/humble/share/ament_cmake/cmake)
[0.647s] -- Found Python3: /usr/bin/python3 (found version "3.10.12") found components: Interpreter 
[0.733s] -- Override CMake install command with custom implementation using symlinks instead of copying resources
[0.795s] -- Found urdf: 2.6.1 (/opt/ros/humble/share/urdf/cmake)
[1.035s] -- Found ament_lint_auto: 0.12.14 (/opt/ros/humble/share/ament_lint_auto/cmake)
[1.150s] -- Added test 'copyright' to check source files copyright and LICENSE
[1.160s] -- Added test 'cppcheck' to perform static code analysis on C / C++ code
[1.160s] -- Configured cppcheck include dirs: 
[1.160s] -- Configured cppcheck exclude dirs and/or files: 
[1.172s] -- Added test 'cpplint' to check C / C++ code against the Google style
[1.172s] -- Configured cpplint exclude dirs and/or files: 
[1.179s] -- Added test 'lint_cmake' to check CMake code style
[1.189s] -- Added test 'uncrustify' to check C / C++ code style
[1.189s] -- Configured uncrustify additional arguments: 
[1.191s] -- Added test 'xmllint' to check XML markup files
[1.193s] -- Configuring done
[1.199s] -- Generating done
[1.203s] -- Build files have been written to: /home/student/git/PreyPath_RS1/41068_ws/build/robot_description
[1.212s] Invoked command in '/home/student/git/PreyPath_RS1/41068_ws/build/robot_description' returned '0': CMAKE_PREFIX_PATH=/opt/ros/humble /usr/bin/cmake /home/student/git/PreyPath_RS1/41068_ws/src/robot_description -DAMENT_CMAKE_SYMLINK_INSTALL=1 -DCMAKE_INSTALL_PREFIX=/home/student/git/PreyPath_RS1/41068_ws/install/robot_description
[1.215s] Invoking command in '/home/student/git/PreyPath_RS1/41068_ws/build/robot_description': CMAKE_PREFIX_PATH=/opt/ros/humble /usr/bin/cmake --build /home/student/git/PreyPath_RS1/41068_ws/build/robot_description -- -j8 -l8
[1.259s] Invoked command in '/home/student/git/PreyPath_RS1/41068_ws/build/robot_description' returned '0': CMAKE_PREFIX_PATH=/opt/ros/humble /usr/bin/cmake --build /home/student/git/PreyPath_RS1/41068_ws/build/robot_description -- -j8 -l8
[1.262s] Invoking command in '/home/student/git/PreyPath_RS1/41068_ws/build/robot_description': CMAKE_PREFIX_PATH=/opt/ros/humble /usr/bin/cmake --install /home/student/git/PreyPath_RS1/41068_ws/build/robot_description
[1.271s] -- Install configuration: ""
[1.271s] -- Execute custom install script
[1.272s] -- Symlinking: /home/student/git/PreyPath_RS1/41068_ws/install/robot_description/share/robot_description//robot/parts/base/base.gazebo
[1.285s] -- Symlinking: /home/student/git/PreyPath_RS1/41068_ws/install/robot_description/share/robot_description//robot/parts/base/base.xacro
[1.296s] -- Symlinking: /home/student/git/PreyPath_RS1/41068_ws/install/robot_description/share/robot_description//robot/parts/left_thigh/left_thigh.gazebo
[1.306s] -- Symlinking: /home/student/git/PreyPath_RS1/41068_ws/install/robot_description/share/robot_description//robot/parts/left_thigh/left_thigh.xacro
[1.318s] -- Symlinking: /home/student/git/PreyPath_RS1/41068_ws/install/robot_description/share/robot_description//robot/parts/leg_joint/leg_joint.gazebo
[1.330s] -- Symlinking: /home/student/git/PreyPath_RS1/41068_ws/install/robot_description/share/robot_description//robot/parts/leg_joint/leg_joint.xacro
[1.339s] -- Symlinking: /home/student/git/PreyPath_RS1/41068_ws/install/robot_description/share/robot_description//robot/parts/right_thigh/right_thigh.gazebo
[1.351s] -- Symlinking: /home/student/git/PreyPath_RS1/41068_ws/install/robot_description/share/robot_description//robot/parts/right_thigh/right_thigh.xacro
[1.359s] -- Symlinking: /home/student/git/PreyPath_RS1/41068_ws/install/robot_description/share/robot_description//robot/parts/shin/shin.gazebo
[1.369s] -- Symlinking: /home/student/git/PreyPath_RS1/41068_ws/install/robot_description/share/robot_description//robot/parts/shin/shin.xacro
[1.381s] -- Symlinking: /home/student/git/PreyPath_RS1/41068_ws/install/robot_description/share/robot_description//robot/robot.xacro
[1.391s] -- Symlinking: /home/student/git/PreyPath_RS1/41068_ws/install/robot_description/share/robot_description//robot/robot_control_gazebo.xacro
[1.401s] -- Symlinking: /home/student/git/PreyPath_RS1/41068_ws/install/robot_description/share/robot_description//meshes/DAE/base/base_link.dae
[1.411s] -- Symlinking: /home/student/git/PreyPath_RS1/41068_ws/install/robot_description/share/robot_description//meshes/DAE/left_thigh/left_thigh.dae
[1.423s] -- Symlinking: /home/student/git/PreyPath_RS1/41068_ws/install/robot_description/share/robot_description//meshes/DAE/leg_joint/leg_joint.dae
[1.434s] -- Symlinking: /home/student/git/PreyPath_RS1/41068_ws/install/robot_description/share/robot_description//meshes/DAE/nuckle/knuckle.dae
[1.445s] -- Symlinking: /home/student/git/PreyPath_RS1/41068_ws/install/robot_description/share/robot_description//meshes/DAE/right_thigh/right_thigh.dae
[1.457s] -- Symlinking: /home/student/git/PreyPath_RS1/41068_ws/install/robot_description/share/robot_description//meshes/DAE/shin/shin.dae
[1.467s] -- Symlinking: /home/student/git/PreyPath_RS1/41068_ws/install/robot_description/share/robot_description//meshes/DAE/wheel/wheel.dae
[1.477s] -- Symlinking: /home/student/git/PreyPath_RS1/41068_ws/install/robot_description/share/robot_description//meshes/STL/base/base_link.stl
[1.488s] -- Symlinking: /home/student/git/PreyPath_RS1/41068_ws/install/robot_description/share/robot_description//meshes/STL/base/base_link_old.stl
[1.500s] -- Symlinking: /home/student/git/PreyPath_RS1/41068_ws/install/robot_description/share/robot_description//meshes/STL/knuckle/knuckle.stl
[1.509s] -- Symlinking: /home/student/git/PreyPath_RS1/41068_ws/install/robot_description/share/robot_description//meshes/STL/left_thigh/left_thigh.stl
[1.518s] -- Symlinking: /home/student/git/PreyPath_RS1/41068_ws/install/robot_description/share/robot_description//meshes/STL/leg_joint/leg_joint.stl
[1.529s] -- Symlinking: /home/student/git/PreyPath_RS1/41068_ws/install/robot_description/share/robot_description//meshes/STL/right_thigh/right_thigh.stl
[1.540s] -- Symlinking: /home/student/git/PreyPath_RS1/41068_ws/install/robot_description/share/robot_description//meshes/STL/shin/shin.stl
[1.551s] -- Symlinking: /home/student/git/PreyPath_RS1/41068_ws/install/robot_description/share/robot_description//config/robot_controller.yaml
[1.562s] -- Symlinking: /home/student/git/PreyPath_RS1/41068_ws/install/robot_description/share/ament_index/resource_index/package_run_dependencies/robot_description
[1.571s] -- Symlinking: /home/student/git/PreyPath_RS1/41068_ws/install/robot_description/share/ament_index/resource_index/parent_prefix_path/robot_description
[1.582s] -- Symlinking: /home/student/git/PreyPath_RS1/41068_ws/install/robot_description/share/robot_description/environment/ament_prefix_path.sh
[1.592s] -- Symlinking: /home/student/git/PreyPath_RS1/41068_ws/install/robot_description/share/robot_description/environment/ament_prefix_path.dsv
[1.601s] -- Symlinking: /home/student/git/PreyPath_RS1/41068_ws/install/robot_description/share/robot_description/environment/path.sh
[1.611s] -- Symlinking: /home/student/git/PreyPath_RS1/41068_ws/install/robot_description/share/robot_description/environment/path.dsv
[1.621s] -- Symlinking: /home/student/git/PreyPath_RS1/41068_ws/install/robot_description/share/robot_description/local_setup.bash
[1.630s] -- Symlinking: /home/student/git/PreyPath_RS1/41068_ws/install/robot_description/share/robot_description/local_setup.sh
[1.640s] -- Symlinking: /home/student/git/PreyPath_RS1/41068_ws/install/robot_description/share/robot_description/local_setup.zsh
[1.649s] -- Symlinking: /home/student/git/PreyPath_RS1/41068_ws/install/robot_description/share/robot_description/local_setup.dsv
[1.661s] -- Symlinking: /home/student/git/PreyPath_RS1/41068_ws/install/robot_description/share/robot_description/package.dsv
[1.673s] -- Symlinking: /home/student/git/PreyPath_RS1/41068_ws/install/robot_description/share/ament_index/resource_index/packages/robot_description
[1.684s] -- Symlinking: /home/student/git/PreyPath_RS1/41068_ws/install/robot_description/share/robot_description/cmake/robot_descriptionConfig.cmake
[1.694s] -- Symlinking: /home/student/git/PreyPath_RS1/41068_ws/install/robot_description/share/robot_description/cmake/robot_descriptionConfig-version.cmake
[1.703s] -- Symlinking: /home/student/git/PreyPath_RS1/41068_ws/install/robot_description/share/robot_description/package.xml
[1.715s] Invoked command in '/home/student/git/PreyPath_RS1/41068_ws/build/robot_description' returned '0': CMAKE_PREFIX_PATH=/opt/ros/humble /usr/bin/cmake --install /home/student/git/PreyPath_RS1/41068_ws/build/robot_description
