[0.181s] DEBUG:colcon:Command line arguments: ['/usr/bin/colcon', 'list', '-p', '--base-paths', '/home/student/git/PreyPath_RS1/41068_ws/src/quadruped_robot_ROS2']
[0.181s] DEBUG:colcon:Parsed command line arguments: Namespace(log_base=None, log_level=None, verb_name='list', build_base='build', ignore_user_meta=False, metas=['./colcon.meta'], base_paths=['/home/student/git/PreyPath_RS1/41068_ws/src/quadruped_robot_ROS2'], packages_ignore=None, packages_ignore_regex=None, paths=None, packages_up_to=None, packages_up_to_regex=None, packages_above=None, packages_above_and_dependencies=None, packages_above_depth=None, packages_select_by_dep=None, packages_skip_by_dep=None, packages_skip_up_to=None, packages_select_build_failed=False, packages_skip_build_finished=False, packages_select_test_failures=False, packages_skip_test_passed=False, packages_select=None, packages_skip=None, packages_select_regex=None, packages_skip_regex=None, packages_start=None, packages_end=None, allow_overriding=[], topological_order=False, names_only=False, paths_only=True, topological_graph=False, topological_graph_dot=False, topological_graph_density=False, topological_graph_legend=False, topological_graph_dot_cluster=False, topological_graph_dot_include_skipped=False, mixin_files=None, mixin=None, verb_parser=<colcon_mixin.mixin.mixin_argument.MixinArgumentDecorator object at 0x72d7e4b5ad70>, verb_extension=<colcon_package_information.verb.list.ListVerb object at 0x72d7e4c6b520>, main=<bound method ListVerb.main of <colcon_package_information.verb.list.ListVerb object at 0x72d7e4c6b520>>, mixin_verb=('list',))
[0.536s] Level 1:colcon.colcon_core.package_discovery:discover_packages(colcon_meta) check parameters
[0.536s] Level 1:colcon.colcon_core.package_discovery:discover_packages(recursive) check parameters
[0.536s] Level 1:colcon.colcon_core.package_discovery:discover_packages(ignore) check parameters
[0.536s] Level 1:colcon.colcon_core.package_discovery:discover_packages(path) check parameters
[0.536s] Level 1:colcon.colcon_core.package_discovery:discover_packages(recursive) discover
[0.536s] INFO:colcon.colcon_core.package_discovery:Crawling recursively for packages in '/home/student/git/PreyPath_RS1/41068_ws/src/quadruped_robot_ROS2'
[0.537s] Level 1:colcon.colcon_core.package_identification:_identify(/home/student/git/PreyPath_RS1/41068_ws/src/quadruped_robot_ROS2) by extensions ['ignore', 'ignore_ament_install']
[0.537s] Level 1:colcon.colcon_core.package_identification:_identify(/home/student/git/PreyPath_RS1/41068_ws/src/quadruped_robot_ROS2) by extension 'ignore'
[0.537s] Level 1:colcon.colcon_core.package_identification:_identify(/home/student/git/PreyPath_RS1/41068_ws/src/quadruped_robot_ROS2) by extension 'ignore_ament_install'
[0.537s] Level 1:colcon.colcon_core.package_identification:_identify(/home/student/git/PreyPath_RS1/41068_ws/src/quadruped_robot_ROS2) by extensions ['colcon_pkg']
[0.537s] Level 1:colcon.colcon_core.package_identification:_identify(/home/student/git/PreyPath_RS1/41068_ws/src/quadruped_robot_ROS2) by extension 'colcon_pkg'
[0.538s] Level 1:colcon.colcon_core.package_identification:_identify(/home/student/git/PreyPath_RS1/41068_ws/src/quadruped_robot_ROS2) by extensions ['colcon_meta']
[0.538s] Level 1:colcon.colcon_core.package_identification:_identify(/home/student/git/PreyPath_RS1/41068_ws/src/quadruped_robot_ROS2) by extension 'colcon_meta'
[0.538s] Level 1:colcon.colcon_core.package_identification:_identify(/home/student/git/PreyPath_RS1/41068_ws/src/quadruped_robot_ROS2) by extensions ['ros']
[0.538s] Level 1:colcon.colcon_core.package_identification:_identify(/home/student/git/PreyPath_RS1/41068_ws/src/quadruped_robot_ROS2) by extension 'ros'
[0.557s] Level 1:colcon.colcon_core.package_identification:_identify(/home/student/git/PreyPath_RS1/41068_ws/src/quadruped_robot_ROS2) by extensions ['cmake', 'python']
[0.557s] Level 1:colcon.colcon_core.package_identification:_identify(/home/student/git/PreyPath_RS1/41068_ws/src/quadruped_robot_ROS2) by extension 'cmake'
[0.558s] Level 1:colcon.colcon_core.package_identification:_identify(/home/student/git/PreyPath_RS1/41068_ws/src/quadruped_robot_ROS2) by extension 'python'
[0.558s] Level 1:colcon.colcon_core.package_identification:_identify(/home/student/git/PreyPath_RS1/41068_ws/src/quadruped_robot_ROS2) by extensions ['python_setup_py']
[0.558s] Level 1:colcon.colcon_core.package_identification:_identify(/home/student/git/PreyPath_RS1/41068_ws/src/quadruped_robot_ROS2) by extension 'python_setup_py'
[0.558s] Level 1:colcon.colcon_core.package_identification:_identify(/home/student/git/PreyPath_RS1/41068_ws/src/quadruped_robot_ROS2/UI) by extensions ['ignore', 'ignore_ament_install']
[0.558s] Level 1:colcon.colcon_core.package_identification:_identify(/home/student/git/PreyPath_RS1/41068_ws/src/quadruped_robot_ROS2/UI) by extension 'ignore'
[0.558s] Level 1:colcon.colcon_core.package_identification:_identify(/home/student/git/PreyPath_RS1/41068_ws/src/quadruped_robot_ROS2/UI) by extension 'ignore_ament_install'
[0.558s] Level 1:colcon.colcon_core.package_identification:_identify(/home/student/git/PreyPath_RS1/41068_ws/src/quadruped_robot_ROS2/UI) by extensions ['colcon_pkg']
[0.558s] Level 1:colcon.colcon_core.package_identification:_identify(/home/student/git/PreyPath_RS1/41068_ws/src/quadruped_robot_ROS2/UI) by extension 'colcon_pkg'
[0.559s] Level 1:colcon.colcon_core.package_identification:_identify(/home/student/git/PreyPath_RS1/41068_ws/src/quadruped_robot_ROS2/UI) by extensions ['colcon_meta']
[0.559s] Level 1:colcon.colcon_core.package_identification:_identify(/home/student/git/PreyPath_RS1/41068_ws/src/quadruped_robot_ROS2/UI) by extension 'colcon_meta'
[0.559s] Level 1:colcon.colcon_core.package_identification:_identify(/home/student/git/PreyPath_RS1/41068_ws/src/quadruped_robot_ROS2/UI) by extensions ['ros']
[0.559s] Level 1:colcon.colcon_core.package_identification:_identify(/home/student/git/PreyPath_RS1/41068_ws/src/quadruped_robot_ROS2/UI) by extension 'ros'
[0.559s] Level 1:colcon.colcon_core.package_identification:_identify(/home/student/git/PreyPath_RS1/41068_ws/src/quadruped_robot_ROS2/UI) by extensions ['cmake', 'python']
[0.559s] Level 1:colcon.colcon_core.package_identification:_identify(/home/student/git/PreyPath_RS1/41068_ws/src/quadruped_robot_ROS2/UI) by extension 'cmake'
[0.559s] Level 1:colcon.colcon_core.package_identification:_identify(/home/student/git/PreyPath_RS1/41068_ws/src/quadruped_robot_ROS2/UI) by extension 'python'
[0.559s] Level 1:colcon.colcon_core.package_identification:_identify(/home/student/git/PreyPath_RS1/41068_ws/src/quadruped_robot_ROS2/UI) by extensions ['python_setup_py']
[0.559s] Level 1:colcon.colcon_core.package_identification:_identify(/home/student/git/PreyPath_RS1/41068_ws/src/quadruped_robot_ROS2/UI) by extension 'python_setup_py'
[0.559s] Level 1:colcon.colcon_core.package_identification:_identify(/home/student/git/PreyPath_RS1/41068_ws/src/quadruped_robot_ROS2/UI/__pycache__) by extensions ['ignore', 'ignore_ament_install']
[0.560s] Level 1:colcon.colcon_core.package_identification:_identify(/home/student/git/PreyPath_RS1/41068_ws/src/quadruped_robot_ROS2/UI/__pycache__) by extension 'ignore'
[0.560s] Level 1:colcon.colcon_core.package_identification:_identify(/home/student/git/PreyPath_RS1/41068_ws/src/quadruped_robot_ROS2/UI/__pycache__) by extension 'ignore_ament_install'
[0.560s] Level 1:colcon.colcon_core.package_identification:_identify(/home/student/git/PreyPath_RS1/41068_ws/src/quadruped_robot_ROS2/UI/__pycache__) by extensions ['colcon_pkg']
[0.560s] Level 1:colcon.colcon_core.package_identification:_identify(/home/student/git/PreyPath_RS1/41068_ws/src/quadruped_robot_ROS2/UI/__pycache__) by extension 'colcon_pkg'
[0.560s] Level 1:colcon.colcon_core.package_identification:_identify(/home/student/git/PreyPath_RS1/41068_ws/src/quadruped_robot_ROS2/UI/__pycache__) by extensions ['colcon_meta']
[0.560s] Level 1:colcon.colcon_core.package_identification:_identify(/home/student/git/PreyPath_RS1/41068_ws/src/quadruped_robot_ROS2/UI/__pycache__) by extension 'colcon_meta'
[0.560s] Level 1:colcon.colcon_core.package_identification:_identify(/home/student/git/PreyPath_RS1/41068_ws/src/quadruped_robot_ROS2/UI/__pycache__) by extensions ['ros']
[0.560s] Level 1:colcon.colcon_core.package_identification:_identify(/home/student/git/PreyPath_RS1/41068_ws/src/quadruped_robot_ROS2/UI/__pycache__) by extension 'ros'
[0.560s] Level 1:colcon.colcon_core.package_identification:_identify(/home/student/git/PreyPath_RS1/41068_ws/src/quadruped_robot_ROS2/UI/__pycache__) by extensions ['cmake', 'python']
[0.561s] Level 1:colcon.colcon_core.package_identification:_identify(/home/student/git/PreyPath_RS1/41068_ws/src/quadruped_robot_ROS2/UI/__pycache__) by extension 'cmake'
[0.561s] Level 1:colcon.colcon_core.package_identification:_identify(/home/student/git/PreyPath_RS1/41068_ws/src/quadruped_robot_ROS2/UI/__pycache__) by extension 'python'
[0.561s] Level 1:colcon.colcon_core.package_identification:_identify(/home/student/git/PreyPath_RS1/41068_ws/src/quadruped_robot_ROS2/UI/__pycache__) by extensions ['python_setup_py']
[0.561s] Level 1:colcon.colcon_core.package_identification:_identify(/home/student/git/PreyPath_RS1/41068_ws/src/quadruped_robot_ROS2/UI/__pycache__) by extension 'python_setup_py'
[0.561s] Level 1:colcon.colcon_core.package_identification:_identify(/home/student/git/PreyPath_RS1/41068_ws/src/quadruped_robot_ROS2/log) by extensions ['ignore', 'ignore_ament_install']
[0.561s] Level 1:colcon.colcon_core.package_identification:_identify(/home/student/git/PreyPath_RS1/41068_ws/src/quadruped_robot_ROS2/log) by extension 'ignore'
[0.561s] Level 1:colcon.colcon_core.package_identification:_identify(/home/student/git/PreyPath_RS1/41068_ws/src/quadruped_robot_ROS2/log) ignored
[0.562s] Level 1:colcon.colcon_core.package_identification:_identify(/home/student/git/PreyPath_RS1/41068_ws/src/quadruped_robot_ROS2/src) by extensions ['ignore', 'ignore_ament_install']
[0.562s] Level 1:colcon.colcon_core.package_identification:_identify(/home/student/git/PreyPath_RS1/41068_ws/src/quadruped_robot_ROS2/src) by extension 'ignore'
[0.562s] Level 1:colcon.colcon_core.package_identification:_identify(/home/student/git/PreyPath_RS1/41068_ws/src/quadruped_robot_ROS2/src) by extension 'ignore_ament_install'
[0.562s] Level 1:colcon.colcon_core.package_identification:_identify(/home/student/git/PreyPath_RS1/41068_ws/src/quadruped_robot_ROS2/src) by extensions ['colcon_pkg']
[0.562s] Level 1:colcon.colcon_core.package_identification:_identify(/home/student/git/PreyPath_RS1/41068_ws/src/quadruped_robot_ROS2/src) by extension 'colcon_pkg'
[0.562s] Level 1:colcon.colcon_core.package_identification:_identify(/home/student/git/PreyPath_RS1/41068_ws/src/quadruped_robot_ROS2/src) by extensions ['colcon_meta']
[0.562s] Level 1:colcon.colcon_core.package_identification:_identify(/home/student/git/PreyPath_RS1/41068_ws/src/quadruped_robot_ROS2/src) by extension 'colcon_meta'
[0.562s] Level 1:colcon.colcon_core.package_identification:_identify(/home/student/git/PreyPath_RS1/41068_ws/src/quadruped_robot_ROS2/src) by extensions ['ros']
[0.562s] Level 1:colcon.colcon_core.package_identification:_identify(/home/student/git/PreyPath_RS1/41068_ws/src/quadruped_robot_ROS2/src) by extension 'ros'
[0.562s] Level 1:colcon.colcon_core.package_identification:_identify(/home/student/git/PreyPath_RS1/41068_ws/src/quadruped_robot_ROS2/src) by extensions ['cmake', 'python']
[0.562s] Level 1:colcon.colcon_core.package_identification:_identify(/home/student/git/PreyPath_RS1/41068_ws/src/quadruped_robot_ROS2/src) by extension 'cmake'
[0.563s] Level 1:colcon.colcon_core.package_identification:_identify(/home/student/git/PreyPath_RS1/41068_ws/src/quadruped_robot_ROS2/src) by extension 'python'
[0.563s] Level 1:colcon.colcon_core.package_identification:_identify(/home/student/git/PreyPath_RS1/41068_ws/src/quadruped_robot_ROS2/src) by extensions ['python_setup_py']
[0.563s] Level 1:colcon.colcon_core.package_identification:_identify(/home/student/git/PreyPath_RS1/41068_ws/src/quadruped_robot_ROS2/src) by extension 'python_setup_py'
[0.563s] Level 1:colcon.colcon_core.package_identification:_identify(/home/student/git/PreyPath_RS1/41068_ws/src/quadruped_robot_ROS2/src/robot_control) by extensions ['ignore', 'ignore_ament_install']
[0.563s] Level 1:colcon.colcon_core.package_identification:_identify(/home/student/git/PreyPath_RS1/41068_ws/src/quadruped_robot_ROS2/src/robot_control) by extension 'ignore'
[0.563s] Level 1:colcon.colcon_core.package_identification:_identify(/home/student/git/PreyPath_RS1/41068_ws/src/quadruped_robot_ROS2/src/robot_control) by extension 'ignore_ament_install'
[0.563s] Level 1:colcon.colcon_core.package_identification:_identify(/home/student/git/PreyPath_RS1/41068_ws/src/quadruped_robot_ROS2/src/robot_control) by extensions ['colcon_pkg']
[0.563s] Level 1:colcon.colcon_core.package_identification:_identify(/home/student/git/PreyPath_RS1/41068_ws/src/quadruped_robot_ROS2/src/robot_control) by extension 'colcon_pkg'
[0.563s] Level 1:colcon.colcon_core.package_identification:_identify(/home/student/git/PreyPath_RS1/41068_ws/src/quadruped_robot_ROS2/src/robot_control) by extensions ['colcon_meta']
[0.563s] Level 1:colcon.colcon_core.package_identification:_identify(/home/student/git/PreyPath_RS1/41068_ws/src/quadruped_robot_ROS2/src/robot_control) by extension 'colcon_meta'
[0.564s] Level 1:colcon.colcon_core.package_identification:_identify(/home/student/git/PreyPath_RS1/41068_ws/src/quadruped_robot_ROS2/src/robot_control) by extensions ['ros']
[0.564s] Level 1:colcon.colcon_core.package_identification:_identify(/home/student/git/PreyPath_RS1/41068_ws/src/quadruped_robot_ROS2/src/robot_control) by extension 'ros'
[0.567s] DEBUG:colcon.colcon_core.package_identification:Package '/home/student/git/PreyPath_RS1/41068_ws/src/quadruped_robot_ROS2/src/robot_control' with type 'ros.ament_cmake' and name 'robot_control'
[0.568s] Level 1:colcon.colcon_core.package_identification:_identify(/home/student/git/PreyPath_RS1/41068_ws/src/quadruped_robot_ROS2/src/robot_simulation) by extensions ['ignore', 'ignore_ament_install']
[0.568s] Level 1:colcon.colcon_core.package_identification:_identify(/home/student/git/PreyPath_RS1/41068_ws/src/quadruped_robot_ROS2/src/robot_simulation) by extension 'ignore'
[0.568s] Level 1:colcon.colcon_core.package_identification:_identify(/home/student/git/PreyPath_RS1/41068_ws/src/quadruped_robot_ROS2/src/robot_simulation) by extension 'ignore_ament_install'
[0.568s] Level 1:colcon.colcon_core.package_identification:_identify(/home/student/git/PreyPath_RS1/41068_ws/src/quadruped_robot_ROS2/src/robot_simulation) by extensions ['colcon_pkg']
[0.568s] Level 1:colcon.colcon_core.package_identification:_identify(/home/student/git/PreyPath_RS1/41068_ws/src/quadruped_robot_ROS2/src/robot_simulation) by extension 'colcon_pkg'
[0.568s] Level 1:colcon.colcon_core.package_identification:_identify(/home/student/git/PreyPath_RS1/41068_ws/src/quadruped_robot_ROS2/src/robot_simulation) by extensions ['colcon_meta']
[0.568s] Level 1:colcon.colcon_core.package_identification:_identify(/home/student/git/PreyPath_RS1/41068_ws/src/quadruped_robot_ROS2/src/robot_simulation) by extension 'colcon_meta'
[0.568s] Level 1:colcon.colcon_core.package_identification:_identify(/home/student/git/PreyPath_RS1/41068_ws/src/quadruped_robot_ROS2/src/robot_simulation) by extensions ['ros']
[0.569s] Level 1:colcon.colcon_core.package_identification:_identify(/home/student/git/PreyPath_RS1/41068_ws/src/quadruped_robot_ROS2/src/robot_simulation) by extension 'ros'
[0.569s] Level 1:colcon.colcon_core.package_identification:_identify(/home/student/git/PreyPath_RS1/41068_ws/src/quadruped_robot_ROS2/src/robot_simulation) by extensions ['cmake', 'python']
[0.569s] Level 1:colcon.colcon_core.package_identification:_identify(/home/student/git/PreyPath_RS1/41068_ws/src/quadruped_robot_ROS2/src/robot_simulation) by extension 'cmake'
[0.569s] Level 1:colcon.colcon_core.package_identification:_identify(/home/student/git/PreyPath_RS1/41068_ws/src/quadruped_robot_ROS2/src/robot_simulation) by extension 'python'
[0.569s] Level 1:colcon.colcon_core.package_identification:_identify(/home/student/git/PreyPath_RS1/41068_ws/src/quadruped_robot_ROS2/src/robot_simulation) by extensions ['python_setup_py']
[0.569s] Level 1:colcon.colcon_core.package_identification:_identify(/home/student/git/PreyPath_RS1/41068_ws/src/quadruped_robot_ROS2/src/robot_simulation) by extension 'python_setup_py'
[0.569s] Level 1:colcon.colcon_core.package_identification:_identify(/home/student/git/PreyPath_RS1/41068_ws/src/quadruped_robot_ROS2/src/robot_simulation/robot_description) by extensions ['ignore', 'ignore_ament_install']
[0.569s] Level 1:colcon.colcon_core.package_identification:_identify(/home/student/git/PreyPath_RS1/41068_ws/src/quadruped_robot_ROS2/src/robot_simulation/robot_description) by extension 'ignore'
[0.569s] Level 1:colcon.colcon_core.package_identification:_identify(/home/student/git/PreyPath_RS1/41068_ws/src/quadruped_robot_ROS2/src/robot_simulation/robot_description) by extension 'ignore_ament_install'
[0.570s] Level 1:colcon.colcon_core.package_identification:_identify(/home/student/git/PreyPath_RS1/41068_ws/src/quadruped_robot_ROS2/src/robot_simulation/robot_description) by extensions ['colcon_pkg']
[0.570s] Level 1:colcon.colcon_core.package_identification:_identify(/home/student/git/PreyPath_RS1/41068_ws/src/quadruped_robot_ROS2/src/robot_simulation/robot_description) by extension 'colcon_pkg'
[0.570s] Level 1:colcon.colcon_core.package_identification:_identify(/home/student/git/PreyPath_RS1/41068_ws/src/quadruped_robot_ROS2/src/robot_simulation/robot_description) by extensions ['colcon_meta']
[0.570s] Level 1:colcon.colcon_core.package_identification:_identify(/home/student/git/PreyPath_RS1/41068_ws/src/quadruped_robot_ROS2/src/robot_simulation/robot_description) by extension 'colcon_meta'
[0.570s] Level 1:colcon.colcon_core.package_identification:_identify(/home/student/git/PreyPath_RS1/41068_ws/src/quadruped_robot_ROS2/src/robot_simulation/robot_description) by extensions ['ros']
[0.570s] Level 1:colcon.colcon_core.package_identification:_identify(/home/student/git/PreyPath_RS1/41068_ws/src/quadruped_robot_ROS2/src/robot_simulation/robot_description) by extension 'ros'
[0.571s] DEBUG:colcon.colcon_core.package_identification:Package '/home/student/git/PreyPath_RS1/41068_ws/src/quadruped_robot_ROS2/src/robot_simulation/robot_description' with type 'ros.ament_cmake' and name 'robot_description'
[0.571s] Level 1:colcon.colcon_core.package_identification:_identify(/home/student/git/PreyPath_RS1/41068_ws/src/quadruped_robot_ROS2/src/robot_simulation/robot_gazebo) by extensions ['ignore', 'ignore_ament_install']
[0.572s] Level 1:colcon.colcon_core.package_identification:_identify(/home/student/git/PreyPath_RS1/41068_ws/src/quadruped_robot_ROS2/src/robot_simulation/robot_gazebo) by extension 'ignore'
[0.572s] Level 1:colcon.colcon_core.package_identification:_identify(/home/student/git/PreyPath_RS1/41068_ws/src/quadruped_robot_ROS2/src/robot_simulation/robot_gazebo) by extension 'ignore_ament_install'
[0.572s] Level 1:colcon.colcon_core.package_identification:_identify(/home/student/git/PreyPath_RS1/41068_ws/src/quadruped_robot_ROS2/src/robot_simulation/robot_gazebo) by extensions ['colcon_pkg']
[0.572s] Level 1:colcon.colcon_core.package_identification:_identify(/home/student/git/PreyPath_RS1/41068_ws/src/quadruped_robot_ROS2/src/robot_simulation/robot_gazebo) by extension 'colcon_pkg'
[0.572s] Level 1:colcon.colcon_core.package_identification:_identify(/home/student/git/PreyPath_RS1/41068_ws/src/quadruped_robot_ROS2/src/robot_simulation/robot_gazebo) by extensions ['colcon_meta']
[0.572s] Level 1:colcon.colcon_core.package_identification:_identify(/home/student/git/PreyPath_RS1/41068_ws/src/quadruped_robot_ROS2/src/robot_simulation/robot_gazebo) by extension 'colcon_meta'
[0.572s] Level 1:colcon.colcon_core.package_identification:_identify(/home/student/git/PreyPath_RS1/41068_ws/src/quadruped_robot_ROS2/src/robot_simulation/robot_gazebo) by extensions ['ros']
[0.572s] Level 1:colcon.colcon_core.package_identification:_identify(/home/student/git/PreyPath_RS1/41068_ws/src/quadruped_robot_ROS2/src/robot_simulation/robot_gazebo) by extension 'ros'
[0.574s] DEBUG:colcon.colcon_core.package_identification:Package '/home/student/git/PreyPath_RS1/41068_ws/src/quadruped_robot_ROS2/src/robot_simulation/robot_gazebo' with type 'ros.ament_cmake' and name 'robot_gazebo'
[0.574s] Level 1:colcon.colcon_core.package_discovery:discover_packages(recursive) using defaults
