[0.034s] Invoking command in '/home/student/git/PreyPath_RS1/41068_ws/build/41068_ignition_bringup': CMAKE_PREFIX_PATH=${CMAKE_PREFIX_PATH}:/opt/ros/humble /usr/bin/cmake --build /home/student/git/PreyPath_RS1/41068_ws/build/41068_ignition_bringup -- -j8 -l8
[0.098s] Invoked command in '/home/student/git/PreyPath_RS1/41068_ws/build/41068_ignition_bringup' returned '0': CMAKE_PREFIX_PATH=${CMAKE_PREFIX_PATH}:/opt/ros/humble /usr/bin/cmake --build /home/student/git/PreyPath_RS1/41068_ws/build/41068_ignition_bringup -- -j8 -l8
[0.100s] Invoking command in '/home/student/git/PreyPath_RS1/41068_ws/build/41068_ignition_bringup': CMAKE_PREFIX_PATH=${CMAKE_PREFIX_PATH}:/opt/ros/humble /usr/bin/cmake --install /home/student/git/PreyPath_RS1/41068_ws/build/41068_ignition_bringup
[0.113s] -- Install configuration: ""
[0.114s] -- Execute custom install script
[0.115s] -- Up-to-date symlink: /home/student/git/PreyPath_RS1/41068_ws/install/41068_ignition_bringup/share/41068_ignition_bringup/config/41068.rviz
[0.116s] -- Up-to-date symlink: /home/student/git/PreyPath_RS1/41068_ws/install/41068_ignition_bringup/share/41068_ignition_bringup/config/gazebo_bridge.yaml
[0.117s] -- Up-to-date symlink: /home/student/git/PreyPath_RS1/41068_ws/install/41068_ignition_bringup/share/41068_ignition_bringup/config/nav2_params.yaml
[0.118s] -- Up-to-date symlink: /home/student/git/PreyPath_RS1/41068_ws/install/41068_ignition_bringup/share/41068_ignition_bringup/config/robot_localization.yaml
[0.118s] -- Up-to-date symlink: /home/student/git/PreyPath_RS1/41068_ws/install/41068_ignition_bringup/share/41068_ignition_bringup/config/slam_params.yaml
[0.118s] -- Up-to-date symlink: /home/student/git/PreyPath_RS1/41068_ws/install/41068_ignition_bringup/share/41068_ignition_bringup/launch/41068_ignition.launch.py
[0.118s] -- Up-to-date symlink: /home/student/git/PreyPath_RS1/41068_ws/install/41068_ignition_bringup/share/41068_ignition_bringup/launch/41068_navigation.launch.py
[0.119s] -- Up-to-date symlink: /home/student/git/PreyPath_RS1/41068_ws/install/41068_ignition_bringup/share/41068_ignition_bringup/launch/41068_quadruped.launch.py
[0.120s] -- Up-to-date symlink: /home/student/git/PreyPath_RS1/41068_ws/install/41068_ignition_bringup/share/41068_ignition_bringup/models/forest_plane/materials/textures/empty_grass.png
[0.120s] -- Up-to-date symlink: /home/student/git/PreyPath_RS1/41068_ws/install/41068_ignition_bringup/share/41068_ignition_bringup/models/forest_plane/materials/textures/forest_overhead.png
[0.120s] -- Up-to-date symlink: /home/student/git/PreyPath_RS1/41068_ws/install/41068_ignition_bringup/share/41068_ignition_bringup/models/forest_plane/materials/textures/leaf_litter.png
[0.120s] -- Up-to-date symlink: /home/student/git/PreyPath_RS1/41068_ws/install/41068_ignition_bringup/share/41068_ignition_bringup/models/forest_plane/model.config
[0.121s] -- Up-to-date symlink: /home/student/git/PreyPath_RS1/41068_ws/install/41068_ignition_bringup/share/41068_ignition_bringup/models/forest_plane/model.sdf
[0.121s] -- Up-to-date symlink: /home/student/git/PreyPath_RS1/41068_ws/install/41068_ignition_bringup/share/41068_ignition_bringup/models/forest_wall/materials/textures/forest_wall.png
[0.121s] -- Up-to-date symlink: /home/student/git/PreyPath_RS1/41068_ws/install/41068_ignition_bringup/share/41068_ignition_bringup/models/forest_wall/materials/textures/forest_wall_transparent.png
[0.121s] -- Up-to-date symlink: /home/student/git/PreyPath_RS1/41068_ws/install/41068_ignition_bringup/share/41068_ignition_bringup/models/forest_wall/materials/textures/forest_wall_transparent_small.png
[0.122s] -- Up-to-date symlink: /home/student/git/PreyPath_RS1/41068_ws/install/41068_ignition_bringup/share/41068_ignition_bringup/models/forest_wall/model.config
[0.122s] -- Up-to-date symlink: /home/student/git/PreyPath_RS1/41068_ws/install/41068_ignition_bringup/share/41068_ignition_bringup/models/forest_wall/model.sdf
[0.122s] -- Up-to-date symlink: /home/student/git/PreyPath_RS1/41068_ws/install/41068_ignition_bringup/share/41068_ignition_bringup/models/grass_plane/materials/textures/empty_grass.png
[0.122s] -- Up-to-date symlink: /home/student/git/PreyPath_RS1/41068_ws/install/41068_ignition_bringup/share/41068_ignition_bringup/models/grass_plane/model.config
[0.123s] -- Up-to-date symlink: /home/student/git/PreyPath_RS1/41068_ws/install/41068_ignition_bringup/share/41068_ignition_bringup/models/grass_plane/model.sdf
[0.125s] -- Up-to-date symlink: /home/student/git/PreyPath_RS1/41068_ws/install/41068_ignition_bringup/share/41068_ignition_bringup/urdf/Husky_URDF/common_properties.urdf.xacro
[0.125s] -- Up-to-date symlink: /home/student/git/PreyPath_RS1/41068_ws/install/41068_ignition_bringup/share/41068_ignition_bringup/urdf/Husky_URDF/husky.gazebo.xacro
[0.126s] -- Up-to-date symlink: /home/student/git/PreyPath_RS1/41068_ws/install/41068_ignition_bringup/share/41068_ignition_bringup/urdf/Husky_URDF/husky.urdf.xacro
[0.126s] -- Up-to-date symlink: /home/student/git/PreyPath_RS1/41068_ws/install/41068_ignition_bringup/share/41068_ignition_bringup/urdf/Husky_URDF/wheel.urdf.xacro
[0.127s] -- Up-to-date symlink: /home/student/git/PreyPath_RS1/41068_ws/install/41068_ignition_bringup/share/41068_ignition_bringup/urdf/Quadruped_URDF/base.gazebo
[0.128s] -- Up-to-date symlink: /home/student/git/PreyPath_RS1/41068_ws/install/41068_ignition_bringup/share/41068_ignition_bringup/urdf/Quadruped_URDF/base.xacro
[0.129s] -- Up-to-date symlink: /home/student/git/PreyPath_RS1/41068_ws/install/41068_ignition_bringup/share/41068_ignition_bringup/urdf/Quadruped_URDF/left_thigh.gazebo
[0.129s] -- Up-to-date symlink: /home/student/git/PreyPath_RS1/41068_ws/install/41068_ignition_bringup/share/41068_ignition_bringup/urdf/Quadruped_URDF/left_thigh.xacro
[0.130s] -- Up-to-date symlink: /home/student/git/PreyPath_RS1/41068_ws/install/41068_ignition_bringup/share/41068_ignition_bringup/urdf/Quadruped_URDF/leg_joint.gazebo
[0.131s] -- Up-to-date symlink: /home/student/git/PreyPath_RS1/41068_ws/install/41068_ignition_bringup/share/41068_ignition_bringup/urdf/Quadruped_URDF/leg_joint.xacro
[0.131s] -- Up-to-date symlink: /home/student/git/PreyPath_RS1/41068_ws/install/41068_ignition_bringup/share/41068_ignition_bringup/urdf/Quadruped_URDF/right_thigh.gazebo
[0.131s] -- Up-to-date symlink: /home/student/git/PreyPath_RS1/41068_ws/install/41068_ignition_bringup/share/41068_ignition_bringup/urdf/Quadruped_URDF/right_thigh.xacro
[0.132s] -- Up-to-date symlink: /home/student/git/PreyPath_RS1/41068_ws/install/41068_ignition_bringup/share/41068_ignition_bringup/urdf/Quadruped_URDF/robot.xacro
[0.132s] -- Up-to-date symlink: /home/student/git/PreyPath_RS1/41068_ws/install/41068_ignition_bringup/share/41068_ignition_bringup/urdf/Quadruped_URDF/robot_control_gazebo.xacro
[0.135s] -- Up-to-date symlink: /home/student/git/PreyPath_RS1/41068_ws/install/41068_ignition_bringup/share/41068_ignition_bringup/urdf/Quadruped_URDF/shin.gazebo
[0.135s] -- Up-to-date symlink: /home/student/git/PreyPath_RS1/41068_ws/install/41068_ignition_bringup/share/41068_ignition_bringup/urdf/Quadruped_URDF/shin.xacro
[0.135s] -- Up-to-date symlink: /home/student/git/PreyPath_RS1/41068_ws/install/41068_ignition_bringup/share/41068_ignition_bringup/urdf/meshes/Husky/base_link.dae
[0.136s] -- Up-to-date symlink: /home/student/git/PreyPath_RS1/41068_ws/install/41068_ignition_bringup/share/41068_ignition_bringup/urdf/meshes/Husky/bumper.dae
[0.136s] -- Up-to-date symlink: /home/student/git/PreyPath_RS1/41068_ws/install/41068_ignition_bringup/share/41068_ignition_bringup/urdf/meshes/Husky/jpl04_arch_nosensor.stl
[0.136s] -- Up-to-date symlink: /home/student/git/PreyPath_RS1/41068_ws/install/41068_ignition_bringup/share/41068_ignition_bringup/urdf/meshes/Husky/top_chassis.dae
[0.136s] -- Up-to-date symlink: /home/student/git/PreyPath_RS1/41068_ws/install/41068_ignition_bringup/share/41068_ignition_bringup/urdf/meshes/Husky/top_plate.dae
[0.136s] -- Up-to-date symlink: /home/student/git/PreyPath_RS1/41068_ws/install/41068_ignition_bringup/share/41068_ignition_bringup/urdf/meshes/Husky/wheel.dae
[0.137s] -- Up-to-date symlink: /home/student/git/PreyPath_RS1/41068_ws/install/41068_ignition_bringup/share/41068_ignition_bringup/urdf/meshes/Quadruped/base_link.dae
[0.137s] -- Up-to-date symlink: /home/student/git/PreyPath_RS1/41068_ws/install/41068_ignition_bringup/share/41068_ignition_bringup/urdf/meshes/Quadruped/base_link.stl
[0.138s] -- Up-to-date symlink: /home/student/git/PreyPath_RS1/41068_ws/install/41068_ignition_bringup/share/41068_ignition_bringup/urdf/meshes/Quadruped/base_link_old.stl
[0.138s] -- Up-to-date symlink: /home/student/git/PreyPath_RS1/41068_ws/install/41068_ignition_bringup/share/41068_ignition_bringup/urdf/meshes/Quadruped/knuckle.dae
[0.138s] -- Up-to-date symlink: /home/student/git/PreyPath_RS1/41068_ws/install/41068_ignition_bringup/share/41068_ignition_bringup/urdf/meshes/Quadruped/knuckle.stl
[0.138s] -- Up-to-date symlink: /home/student/git/PreyPath_RS1/41068_ws/install/41068_ignition_bringup/share/41068_ignition_bringup/urdf/meshes/Quadruped/left_thigh.dae
[0.139s] -- Up-to-date symlink: /home/student/git/PreyPath_RS1/41068_ws/install/41068_ignition_bringup/share/41068_ignition_bringup/urdf/meshes/Quadruped/left_thigh.stl
[0.139s] -- Up-to-date symlink: /home/student/git/PreyPath_RS1/41068_ws/install/41068_ignition_bringup/share/41068_ignition_bringup/urdf/meshes/Quadruped/leg_joint.dae
[0.139s] -- Up-to-date symlink: /home/student/git/PreyPath_RS1/41068_ws/install/41068_ignition_bringup/share/41068_ignition_bringup/urdf/meshes/Quadruped/leg_joint.stl
[0.143s] -- Up-to-date symlink: /home/student/git/PreyPath_RS1/41068_ws/install/41068_ignition_bringup/share/41068_ignition_bringup/urdf/meshes/Quadruped/right_thigh.dae
[0.143s] -- Up-to-date symlink: /home/student/git/PreyPath_RS1/41068_ws/install/41068_ignition_bringup/share/41068_ignition_bringup/urdf/meshes/Quadruped/right_thigh.stl
[0.144s] -- Up-to-date symlink: /home/student/git/PreyPath_RS1/41068_ws/install/41068_ignition_bringup/share/41068_ignition_bringup/urdf/meshes/Quadruped/shin.dae
[0.144s] -- Up-to-date symlink: /home/student/git/PreyPath_RS1/41068_ws/install/41068_ignition_bringup/share/41068_ignition_bringup/urdf/meshes/Quadruped/shin.stl
[0.147s] -- Up-to-date symlink: /home/student/git/PreyPath_RS1/41068_ws/install/41068_ignition_bringup/share/41068_ignition_bringup/urdf/meshes/Quadruped/wheel.dae
[0.148s] -- Up-to-date symlink: /home/student/git/PreyPath_RS1/41068_ws/install/41068_ignition_bringup/share/41068_ignition_bringup/worlds/large_demo.sdf
[0.148s] -- Up-to-date symlink: /home/student/git/PreyPath_RS1/41068_ws/install/41068_ignition_bringup/share/41068_ignition_bringup/worlds/simple_trees.sdf
[0.149s] -- Up-to-date symlink: /home/student/git/PreyPath_RS1/41068_ws/install/41068_ignition_bringup/share/ament_index/resource_index/package_run_dependencies/41068_ignition_bringup
[0.149s] -- Up-to-date symlink: /home/student/git/PreyPath_RS1/41068_ws/install/41068_ignition_bringup/share/ament_index/resource_index/parent_prefix_path/41068_ignition_bringup
[0.149s] -- Up-to-date symlink: /home/student/git/PreyPath_RS1/41068_ws/install/41068_ignition_bringup/share/41068_ignition_bringup/environment/ament_prefix_path.sh
[0.150s] -- Up-to-date symlink: /home/student/git/PreyPath_RS1/41068_ws/install/41068_ignition_bringup/share/41068_ignition_bringup/environment/ament_prefix_path.dsv
[0.150s] -- Up-to-date symlink: /home/student/git/PreyPath_RS1/41068_ws/install/41068_ignition_bringup/share/41068_ignition_bringup/environment/path.sh
[0.151s] -- Up-to-date symlink: /home/student/git/PreyPath_RS1/41068_ws/install/41068_ignition_bringup/share/41068_ignition_bringup/environment/path.dsv
[0.151s] -- Up-to-date symlink: /home/student/git/PreyPath_RS1/41068_ws/install/41068_ignition_bringup/share/41068_ignition_bringup/local_setup.bash
[0.152s] -- Up-to-date symlink: /home/student/git/PreyPath_RS1/41068_ws/install/41068_ignition_bringup/share/41068_ignition_bringup/local_setup.sh
[0.152s] -- Up-to-date symlink: /home/student/git/PreyPath_RS1/41068_ws/install/41068_ignition_bringup/share/41068_ignition_bringup/local_setup.zsh
[0.152s] -- Up-to-date symlink: /home/student/git/PreyPath_RS1/41068_ws/install/41068_ignition_bringup/share/41068_ignition_bringup/local_setup.dsv
[0.152s] -- Symlinking: /home/student/git/PreyPath_RS1/41068_ws/install/41068_ignition_bringup/share/41068_ignition_bringup/package.dsv
[0.155s] -- Up-to-date symlink: /home/student/git/PreyPath_RS1/41068_ws/install/41068_ignition_bringup/share/ament_index/resource_index/packages/41068_ignition_bringup
[0.155s] -- Up-to-date symlink: /home/student/git/PreyPath_RS1/41068_ws/install/41068_ignition_bringup/share/41068_ignition_bringup/cmake/41068_ignition_bringupConfig.cmake
[0.155s] -- Up-to-date symlink: /home/student/git/PreyPath_RS1/41068_ws/install/41068_ignition_bringup/share/41068_ignition_bringup/cmake/41068_ignition_bringupConfig-version.cmake
[0.155s] -- Up-to-date symlink: /home/student/git/PreyPath_RS1/41068_ws/install/41068_ignition_bringup/share/41068_ignition_bringup/package.xml
[0.183s] Invoked command in '/home/student/git/PreyPath_RS1/41068_ws/build/41068_ignition_bringup' returned '0': CMAKE_PREFIX_PATH=${CMAKE_PREFIX_PATH}:/opt/ros/humble /usr/bin/cmake --install /home/student/git/PreyPath_RS1/41068_ws/build/41068_ignition_bringup
