[0.029s] Invoking command in '/home/student/git/PreyPath_RS1/41068_ws/build/robot_gazebo': CMAKE_PREFIX_PATH=${CMAKE_PREFIX_PATH}:/opt/ros/humble /usr/bin/cmake --build /home/student/git/PreyPath_RS1/41068_ws/build/robot_gazebo -- -j8 -l8
[0.134s] Invoked command in '/home/student/git/PreyPath_RS1/41068_ws/build/robot_gazebo' returned '0': CMAKE_PREFIX_PATH=${CMAKE_PREFIX_PATH}:/opt/ros/humble /usr/bin/cmake --build /home/student/git/PreyPath_RS1/41068_ws/build/robot_gazebo -- -j8 -l8
[0.135s] Invoking command in '/home/student/git/PreyPath_RS1/41068_ws/build/robot_gazebo': CMAKE_PREFIX_PATH=${CMAKE_PREFIX_PATH}:/opt/ros/humble /usr/bin/cmake --install /home/student/git/PreyPath_RS1/41068_ws/build/robot_gazebo
[0.155s] -- Install configuration: ""
[0.156s] -- Execute custom install script
[0.158s] -- Up-to-date symlink: /home/student/git/PreyPath_RS1/41068_ws/install/robot_gazebo/share/robot_gazebo/launch/main.launch.py
[0.159s] -- Up-to-date symlink: /home/student/git/PreyPath_RS1/41068_ws/install/robot_gazebo/share/robot_gazebo/worlds/ground_plane/model-1_2.sdf
[0.160s] -- Up-to-date symlink: /home/student/git/PreyPath_RS1/41068_ws/install/robot_gazebo/share/robot_gazebo/worlds/ground_plane/model-1_3.sdf
[0.161s] -- Up-to-date symlink: /home/student/git/PreyPath_RS1/41068_ws/install/robot_gazebo/share/robot_gazebo/worlds/ground_plane/model-1_4.sdf
[0.161s] -- Up-to-date symlink: /home/student/git/PreyPath_RS1/41068_ws/install/robot_gazebo/share/robot_gazebo/worlds/ground_plane/model.config
[0.161s] -- Up-to-date symlink: /home/student/git/PreyPath_RS1/41068_ws/install/robot_gazebo/share/robot_gazebo/worlds/ground_plane/model.sdf
[0.168s] -- Up-to-date symlink: /home/student/git/PreyPath_RS1/41068_ws/install/robot_gazebo/share/robot_gazebo/worlds/obstacles.sdf
[0.168s] -- Up-to-date symlink: /home/student/git/PreyPath_RS1/41068_ws/install/robot_gazebo/share/robot_gazebo/worlds/obstacles_stage/meshes/spot_stage.dae
[0.169s] -- Up-to-date symlink: /home/student/git/PreyPath_RS1/41068_ws/install/robot_gazebo/share/robot_gazebo/worlds/obstacles_stage/meshes/spot_stage.stl
[0.169s] -- Up-to-date symlink: /home/student/git/PreyPath_RS1/41068_ws/install/robot_gazebo/share/robot_gazebo/worlds/obstacles_stage/model.config
[0.169s] -- Up-to-date symlink: /home/student/git/PreyPath_RS1/41068_ws/install/robot_gazebo/share/robot_gazebo/worlds/obstacles_stage/model.sdf
[0.170s] -- Up-to-date symlink: /home/student/git/PreyPath_RS1/41068_ws/install/robot_gazebo/share/robot_gazebo/worlds/path_tracking.sdf
[0.170s] -- Up-to-date symlink: /home/student/git/PreyPath_RS1/41068_ws/install/robot_gazebo/share/robot_gazebo/worlds/path_tracking_stage/meshes/path_tracking_stage.dae
[0.170s] -- Up-to-date symlink: /home/student/git/PreyPath_RS1/41068_ws/install/robot_gazebo/share/robot_gazebo/worlds/path_tracking_stage/meshes/path_tracking_stage.stl
[0.170s] -- Up-to-date symlink: /home/student/git/PreyPath_RS1/41068_ws/install/robot_gazebo/share/robot_gazebo/worlds/path_tracking_stage/meshes/stage.png
[0.179s] -- Up-to-date symlink: /home/student/git/PreyPath_RS1/41068_ws/install/robot_gazebo/share/robot_gazebo/worlds/path_tracking_stage/model.config
[0.180s] -- Up-to-date symlink: /home/student/git/PreyPath_RS1/41068_ws/install/robot_gazebo/share/robot_gazebo/worlds/path_tracking_stage/model.sdf
[0.180s] -- Up-to-date symlink: /home/student/git/PreyPath_RS1/41068_ws/install/robot_gazebo/share/robot_gazebo/worlds/sun/model-1_2.sdf
[0.182s] -- Up-to-date symlink: /home/student/git/PreyPath_RS1/41068_ws/install/robot_gazebo/share/robot_gazebo/worlds/sun/model-1_3.sdf
[0.182s] -- Up-to-date symlink: /home/student/git/PreyPath_RS1/41068_ws/install/robot_gazebo/share/robot_gazebo/worlds/sun/model-1_4.sdf
[0.183s] -- Up-to-date symlink: /home/student/git/PreyPath_RS1/41068_ws/install/robot_gazebo/share/robot_gazebo/worlds/sun/model.config
[0.183s] -- Up-to-date symlink: /home/student/git/PreyPath_RS1/41068_ws/install/robot_gazebo/share/robot_gazebo/worlds/sun/model.sdf
[0.183s] -- Up-to-date symlink: /home/student/git/PreyPath_RS1/41068_ws/install/robot_gazebo/share/ament_index/resource_index/package_run_dependencies/robot_gazebo
[0.184s] -- Up-to-date symlink: /home/student/git/PreyPath_RS1/41068_ws/install/robot_gazebo/share/ament_index/resource_index/parent_prefix_path/robot_gazebo
[0.187s] -- Up-to-date symlink: /home/student/git/PreyPath_RS1/41068_ws/install/robot_gazebo/share/robot_gazebo/environment/ament_prefix_path.sh
[0.191s] -- Up-to-date symlink: /home/student/git/PreyPath_RS1/41068_ws/install/robot_gazebo/share/robot_gazebo/environment/ament_prefix_path.dsv
[0.191s] -- Up-to-date symlink: /home/student/git/PreyPath_RS1/41068_ws/install/robot_gazebo/share/robot_gazebo/environment/path.sh
[0.191s] -- Up-to-date symlink: /home/student/git/PreyPath_RS1/41068_ws/install/robot_gazebo/share/robot_gazebo/environment/path.dsv
[0.192s] -- Up-to-date symlink: /home/student/git/PreyPath_RS1/41068_ws/install/robot_gazebo/share/robot_gazebo/local_setup.bash
[0.194s] -- Up-to-date symlink: /home/student/git/PreyPath_RS1/41068_ws/install/robot_gazebo/share/robot_gazebo/local_setup.sh
[0.194s] -- Up-to-date symlink: /home/student/git/PreyPath_RS1/41068_ws/install/robot_gazebo/share/robot_gazebo/local_setup.zsh
[0.194s] -- Up-to-date symlink: /home/student/git/PreyPath_RS1/41068_ws/install/robot_gazebo/share/robot_gazebo/local_setup.dsv
[0.194s] -- Symlinking: /home/student/git/PreyPath_RS1/41068_ws/install/robot_gazebo/share/robot_gazebo/package.dsv
[0.196s] -- Up-to-date symlink: /home/student/git/PreyPath_RS1/41068_ws/install/robot_gazebo/share/ament_index/resource_index/packages/robot_gazebo
[0.196s] -- Up-to-date symlink: /home/student/git/PreyPath_RS1/41068_ws/install/robot_gazebo/share/robot_gazebo/cmake/robot_gazeboConfig.cmake
[0.196s] -- Up-to-date symlink: /home/student/git/PreyPath_RS1/41068_ws/install/robot_gazebo/share/robot_gazebo/cmake/robot_gazeboConfig-version.cmake
[0.197s] -- Up-to-date symlink: /home/student/git/PreyPath_RS1/41068_ws/install/robot_gazebo/share/robot_gazebo/package.xml
[0.208s] Invoked command in '/home/student/git/PreyPath_RS1/41068_ws/build/robot_gazebo' returned '0': CMAKE_PREFIX_PATH=${CMAKE_PREFIX_PATH}:/opt/ros/humble /usr/bin/cmake --install /home/student/git/PreyPath_RS1/41068_ws/build/robot_gazebo
