[0.026s] Invoking command in '/home/jonathan/git/PreyPath_RS1/41068_ignition_bringup/build/41068_ignition_bringup': CMAKE_PREFIX_PATH=/home/jonathan/ros_ws/install/stage_ros2:/home/jonathan/ros_ws/install/path_planner:/home/jonathan/ros_ws/install/particle_filter_localisation:/opt/ros/humble:/home/jonathan/ros_ws/install/stage:/home/jonathan/41068_ws/install/41068_ignition_bringup /usr/bin/cmake /home/jonathan/git/PreyPath_RS1/41068_ignition_bringup -DAMENT_CMAKE_SYMLINK_INSTALL=1 -DCMAKE_INSTALL_PREFIX=/home/jonathan/git/PreyPath_RS1/41068_ignition_bringup/install/41068_ignition_bringup
[0.358s] -- The C compiler identification is GNU 11.4.0
[0.577s] -- The CXX compiler identification is GNU 11.4.0
[0.607s] -- Detecting C compiler ABI info
[0.823s] -- Detecting C compiler ABI info - done
[0.843s] -- Check for working C compiler: /usr/bin/cc - skipped
[0.846s] -- Detecting C compile features
[0.847s] -- Detecting C compile features - done
[0.856s] -- Detecting CXX compiler ABI info
[1.084s] -- Detecting CXX compiler ABI info - done
[1.104s] -- Check for working CXX compiler: /usr/bin/c++ - skipped
[1.105s] -- Detecting CXX compile features
[1.106s] -- Detecting CXX compile features - done
[1.129s] -- Found ament_cmake: 1.3.12 (/opt/ros/humble/share/ament_cmake/cmake)
[1.536s] -- Found Python3: /usr/bin/python3 (found version "3.10.12") found components: Interpreter 
[1.709s] -- Override CMake install command with custom implementation using symlinks instead of copying resources
[1.825s] -- Found ros_ign_interfaces: 0.244.20 (/opt/ros/humble/share/ros_ign_interfaces/cmake)
[1.960s] -- Found rosidl_generator_c: 3.1.7 (/opt/ros/humble/share/rosidl_generator_c/cmake)
[1.980s] -- Found rosidl_adapter: 3.1.7 (/opt/ros/humble/share/rosidl_adapter/cmake)
[2.007s] -- Found rosidl_generator_cpp: 3.1.7 (/opt/ros/humble/share/rosidl_generator_cpp/cmake)
[2.049s] -- Using all available rosidl_typesupport_c: rosidl_typesupport_fastrtps_c;rosidl_typesupport_introspection_c
[2.099s] -- Using all available rosidl_typesupport_cpp: rosidl_typesupport_fastrtps_cpp;rosidl_typesupport_introspection_cpp
[2.340s] -- Found ament_lint_auto: 0.12.14 (/opt/ros/humble/share/ament_lint_auto/cmake)
[2.444s] WARNING: Package name "41068_ignition_bringup" does not follow the naming conventions. It should start with a lower case letter and only contain lower case letters, digits, underscores, and dashes.
[2.524s] -- Added test 'copyright' to check source files copyright and LICENSE
[2.544s] -- Added test 'cppcheck' to perform static code analysis on C / C++ code
[2.544s] -- Configured cppcheck include dirs: 
[2.544s] -- Configured cppcheck exclude dirs and/or files: 
[2.562s] -- Added test 'cpplint' to check C / C++ code against the Google style
[2.562s] -- Configured cpplint exclude dirs and/or files: 
[2.566s] -- Added test 'flake8' to check Python code syntax and style conventions
[2.571s] -- Added test 'lint_cmake' to check CMake code style
[2.575s] -- Added test 'pep257' to check Python code against some of the docstring style conventions in PEP 257
[2.593s] -- Added test 'uncrustify' to check C / C++ code style
[2.593s] -- Configured uncrustify additional arguments: 
[2.596s] -- Added test 'xmllint' to check XML markup files
[2.600s] -- Configuring done
[2.608s] -- Generating done
[2.612s] -- Build files have been written to: /home/jonathan/git/PreyPath_RS1/41068_ignition_bringup/build/41068_ignition_bringup
[2.626s] Invoked command in '/home/jonathan/git/PreyPath_RS1/41068_ignition_bringup/build/41068_ignition_bringup' returned '0': CMAKE_PREFIX_PATH=/home/jonathan/ros_ws/install/stage_ros2:/home/jonathan/ros_ws/install/path_planner:/home/jonathan/ros_ws/install/particle_filter_localisation:/opt/ros/humble:/home/jonathan/ros_ws/install/stage:/home/jonathan/41068_ws/install/41068_ignition_bringup /usr/bin/cmake /home/jonathan/git/PreyPath_RS1/41068_ignition_bringup -DAMENT_CMAKE_SYMLINK_INSTALL=1 -DCMAKE_INSTALL_PREFIX=/home/jonathan/git/PreyPath_RS1/41068_ignition_bringup/install/41068_ignition_bringup
[2.630s] Invoking command in '/home/jonathan/git/PreyPath_RS1/41068_ignition_bringup/build/41068_ignition_bringup': CMAKE_PREFIX_PATH=/home/jonathan/ros_ws/install/stage_ros2:/home/jonathan/ros_ws/install/path_planner:/home/jonathan/ros_ws/install/particle_filter_localisation:/opt/ros/humble:/home/jonathan/ros_ws/install/stage:/home/jonathan/41068_ws/install/41068_ignition_bringup /usr/bin/cmake --build /home/jonathan/git/PreyPath_RS1/41068_ignition_bringup/build/41068_ignition_bringup -- -j8 -l8
[2.714s] Invoked command in '/home/jonathan/git/PreyPath_RS1/41068_ignition_bringup/build/41068_ignition_bringup' returned '0': CMAKE_PREFIX_PATH=/home/jonathan/ros_ws/install/stage_ros2:/home/jonathan/ros_ws/install/path_planner:/home/jonathan/ros_ws/install/particle_filter_localisation:/opt/ros/humble:/home/jonathan/ros_ws/install/stage:/home/jonathan/41068_ws/install/41068_ignition_bringup /usr/bin/cmake --build /home/jonathan/git/PreyPath_RS1/41068_ignition_bringup/build/41068_ignition_bringup -- -j8 -l8
[2.735s] Invoking command in '/home/jonathan/git/PreyPath_RS1/41068_ignition_bringup/build/41068_ignition_bringup': CMAKE_PREFIX_PATH=/home/jonathan/ros_ws/install/stage_ros2:/home/jonathan/ros_ws/install/path_planner:/home/jonathan/ros_ws/install/particle_filter_localisation:/opt/ros/humble:/home/jonathan/ros_ws/install/stage:/home/jonathan/41068_ws/install/41068_ignition_bringup /usr/bin/cmake --install /home/jonathan/git/PreyPath_RS1/41068_ignition_bringup/build/41068_ignition_bringup
[2.749s] -- Install configuration: ""
[2.750s] -- Execute custom install script
[2.751s] -- Symlinking: /home/jonathan/git/PreyPath_RS1/41068_ignition_bringup/install/41068_ignition_bringup/share/41068_ignition_bringup/config/41068.rviz
[2.768s] -- Symlinking: /home/jonathan/git/PreyPath_RS1/41068_ignition_bringup/install/41068_ignition_bringup/share/41068_ignition_bringup/config/gazebo_bridge.yaml
[2.788s] -- Symlinking: /home/jonathan/git/PreyPath_RS1/41068_ignition_bringup/install/41068_ignition_bringup/share/41068_ignition_bringup/config/nav2_params.yaml
[2.805s] -- Symlinking: /home/jonathan/git/PreyPath_RS1/41068_ignition_bringup/install/41068_ignition_bringup/share/41068_ignition_bringup/config/robot_localization.yaml
[2.823s] -- Symlinking: /home/jonathan/git/PreyPath_RS1/41068_ignition_bringup/install/41068_ignition_bringup/share/41068_ignition_bringup/config/slam_params.yaml
[2.841s] -- Symlinking: /home/jonathan/git/PreyPath_RS1/41068_ignition_bringup/install/41068_ignition_bringup/share/41068_ignition_bringup/launch/41068_ignition.launch.py
[2.860s] -- Symlinking: /home/jonathan/git/PreyPath_RS1/41068_ignition_bringup/install/41068_ignition_bringup/share/41068_ignition_bringup/launch/41068_navigation.launch.py
[2.882s] -- Symlinking: /home/jonathan/git/PreyPath_RS1/41068_ignition_bringup/install/41068_ignition_bringup/share/41068_ignition_bringup/models/forest_plane/materials/textures/empty_grass.png
[2.898s] -- Symlinking: /home/jonathan/git/PreyPath_RS1/41068_ignition_bringup/install/41068_ignition_bringup/share/41068_ignition_bringup/models/forest_plane/materials/textures/forest_overhead.png
[2.915s] -- Symlinking: /home/jonathan/git/PreyPath_RS1/41068_ignition_bringup/install/41068_ignition_bringup/share/41068_ignition_bringup/models/forest_plane/materials/textures/leaf_litter.png
[2.933s] -- Symlinking: /home/jonathan/git/PreyPath_RS1/41068_ignition_bringup/install/41068_ignition_bringup/share/41068_ignition_bringup/models/forest_plane/model.config
[2.951s] -- Symlinking: /home/jonathan/git/PreyPath_RS1/41068_ignition_bringup/install/41068_ignition_bringup/share/41068_ignition_bringup/models/forest_plane/model.sdf
[2.970s] -- Symlinking: /home/jonathan/git/PreyPath_RS1/41068_ignition_bringup/install/41068_ignition_bringup/share/41068_ignition_bringup/models/forest_wall/materials/textures/forest_wall.png
[2.991s] -- Symlinking: /home/jonathan/git/PreyPath_RS1/41068_ignition_bringup/install/41068_ignition_bringup/share/41068_ignition_bringup/models/forest_wall/materials/textures/forest_wall_transparent.png
[3.012s] -- Symlinking: /home/jonathan/git/PreyPath_RS1/41068_ignition_bringup/install/41068_ignition_bringup/share/41068_ignition_bringup/models/forest_wall/materials/textures/forest_wall_transparent_small.png
[3.032s] -- Symlinking: /home/jonathan/git/PreyPath_RS1/41068_ignition_bringup/install/41068_ignition_bringup/share/41068_ignition_bringup/models/forest_wall/model.config
[3.052s] -- Symlinking: /home/jonathan/git/PreyPath_RS1/41068_ignition_bringup/install/41068_ignition_bringup/share/41068_ignition_bringup/models/forest_wall/model.sdf
[3.072s] -- Symlinking: /home/jonathan/git/PreyPath_RS1/41068_ignition_bringup/install/41068_ignition_bringup/share/41068_ignition_bringup/models/grass_plane/materials/textures/empty_grass.png
[3.090s] -- Symlinking: /home/jonathan/git/PreyPath_RS1/41068_ignition_bringup/install/41068_ignition_bringup/share/41068_ignition_bringup/models/grass_plane/model.config
[3.109s] -- Symlinking: /home/jonathan/git/PreyPath_RS1/41068_ignition_bringup/install/41068_ignition_bringup/share/41068_ignition_bringup/models/grass_plane/model.sdf
[3.128s] -- Symlinking: /home/jonathan/git/PreyPath_RS1/41068_ignition_bringup/install/41068_ignition_bringup/share/41068_ignition_bringup/urdf/common_properties.urdf.xacro
[3.147s] -- Symlinking: /home/jonathan/git/PreyPath_RS1/41068_ignition_bringup/install/41068_ignition_bringup/share/41068_ignition_bringup/urdf/husky.gazebo.xacro
[3.164s] -- Symlinking: /home/jonathan/git/PreyPath_RS1/41068_ignition_bringup/install/41068_ignition_bringup/share/41068_ignition_bringup/urdf/husky.urdf.xacro
[3.182s] -- Symlinking: /home/jonathan/git/PreyPath_RS1/41068_ignition_bringup/install/41068_ignition_bringup/share/41068_ignition_bringup/urdf/meshes/base_link.dae
[3.200s] -- Symlinking: /home/jonathan/git/PreyPath_RS1/41068_ignition_bringup/install/41068_ignition_bringup/share/41068_ignition_bringup/urdf/meshes/bumper.dae
[3.218s] -- Symlinking: /home/jonathan/git/PreyPath_RS1/41068_ignition_bringup/install/41068_ignition_bringup/share/41068_ignition_bringup/urdf/meshes/jpl04_arch_nosensor.stl
[3.235s] -- Symlinking: /home/jonathan/git/PreyPath_RS1/41068_ignition_bringup/install/41068_ignition_bringup/share/41068_ignition_bringup/urdf/meshes/top_chassis.dae
[3.250s] -- Symlinking: /home/jonathan/git/PreyPath_RS1/41068_ignition_bringup/install/41068_ignition_bringup/share/41068_ignition_bringup/urdf/meshes/top_plate.dae
[3.267s] -- Symlinking: /home/jonathan/git/PreyPath_RS1/41068_ignition_bringup/install/41068_ignition_bringup/share/41068_ignition_bringup/urdf/meshes/wheel.dae
[3.283s] -- Symlinking: /home/jonathan/git/PreyPath_RS1/41068_ignition_bringup/install/41068_ignition_bringup/share/41068_ignition_bringup/urdf/wheel.urdf.xacro
[3.300s] -- Symlinking: /home/jonathan/git/PreyPath_RS1/41068_ignition_bringup/install/41068_ignition_bringup/share/41068_ignition_bringup/worlds/large_demo.sdf
[3.317s] -- Symlinking: /home/jonathan/git/PreyPath_RS1/41068_ignition_bringup/install/41068_ignition_bringup/share/41068_ignition_bringup/worlds/simple_trees.sdf
[3.334s] -- Symlinking: /home/jonathan/git/PreyPath_RS1/41068_ignition_bringup/install/41068_ignition_bringup/share/ament_index/resource_index/package_run_dependencies/41068_ignition_bringup
[3.349s] -- Symlinking: /home/jonathan/git/PreyPath_RS1/41068_ignition_bringup/install/41068_ignition_bringup/share/ament_index/resource_index/parent_prefix_path/41068_ignition_bringup
[3.365s] -- Symlinking: /home/jonathan/git/PreyPath_RS1/41068_ignition_bringup/install/41068_ignition_bringup/share/41068_ignition_bringup/environment/ament_prefix_path.sh
[3.380s] -- Symlinking: /home/jonathan/git/PreyPath_RS1/41068_ignition_bringup/install/41068_ignition_bringup/share/41068_ignition_bringup/environment/ament_prefix_path.dsv
[3.395s] -- Symlinking: /home/jonathan/git/PreyPath_RS1/41068_ignition_bringup/install/41068_ignition_bringup/share/41068_ignition_bringup/environment/path.sh
[3.412s] -- Symlinking: /home/jonathan/git/PreyPath_RS1/41068_ignition_bringup/install/41068_ignition_bringup/share/41068_ignition_bringup/environment/path.dsv
[3.426s] -- Symlinking: /home/jonathan/git/PreyPath_RS1/41068_ignition_bringup/install/41068_ignition_bringup/share/41068_ignition_bringup/local_setup.bash
[3.442s] -- Symlinking: /home/jonathan/git/PreyPath_RS1/41068_ignition_bringup/install/41068_ignition_bringup/share/41068_ignition_bringup/local_setup.sh
[3.457s] -- Symlinking: /home/jonathan/git/PreyPath_RS1/41068_ignition_bringup/install/41068_ignition_bringup/share/41068_ignition_bringup/local_setup.zsh
[3.472s] -- Symlinking: /home/jonathan/git/PreyPath_RS1/41068_ignition_bringup/install/41068_ignition_bringup/share/41068_ignition_bringup/local_setup.dsv
[3.487s] -- Symlinking: /home/jonathan/git/PreyPath_RS1/41068_ignition_bringup/install/41068_ignition_bringup/share/41068_ignition_bringup/package.dsv
[3.502s] -- Symlinking: /home/jonathan/git/PreyPath_RS1/41068_ignition_bringup/install/41068_ignition_bringup/share/ament_index/resource_index/packages/41068_ignition_bringup
[3.516s] -- Symlinking: /home/jonathan/git/PreyPath_RS1/41068_ignition_bringup/install/41068_ignition_bringup/share/41068_ignition_bringup/cmake/41068_ignition_bringupConfig.cmake
[3.530s] -- Symlinking: /home/jonathan/git/PreyPath_RS1/41068_ignition_bringup/install/41068_ignition_bringup/share/41068_ignition_bringup/cmake/41068_ignition_bringupConfig-version.cmake
[3.544s] -- Symlinking: /home/jonathan/git/PreyPath_RS1/41068_ignition_bringup/install/41068_ignition_bringup/share/41068_ignition_bringup/package.xml
[3.562s] Invoked command in '/home/jonathan/git/PreyPath_RS1/41068_ignition_bringup/build/41068_ignition_bringup' returned '0': CMAKE_PREFIX_PATH=/home/jonathan/ros_ws/install/stage_ros2:/home/jonathan/ros_ws/install/path_planner:/home/jonathan/ros_ws/install/particle_filter_localisation:/opt/ros/humble:/home/jonathan/ros_ws/install/stage:/home/jonathan/41068_ws/install/41068_ignition_bringup /usr/bin/cmake --install /home/jonathan/git/PreyPath_RS1/41068_ignition_bringup/build/41068_ignition_bringup
