[0.028s] Invoking command in '/home/student/git/PreyPath_RS1/41068_ws/build/robot_description': CMAKE_PREFIX_PATH=${CMAKE_PREFIX_PATH}:/opt/ros/humble /usr/bin/cmake /home/student/git/PreyPath_RS1/41068_ws/src/robot_description -DAMENT_CMAKE_SYMLINK_INSTALL=1 -DCMAKE_INSTALL_PREFIX=/home/student/git/PreyPath_RS1/41068_ws/install/robot_description
[0.045s] -- Found ament_cmake: 1.3.12 (/opt/ros/humble/share/ament_cmake/cmake)
[0.213s] -- Override CMake install command with custom implementation using symlinks instead of copying resources
[0.221s] -- Found urdf: 2.6.1 (/opt/ros/humble/share/urdf/cmake)
[0.259s] -- Found ament_lint_auto: 0.12.14 (/opt/ros/humble/share/ament_lint_auto/cmake)
[0.340s] -- Added test 'copyright' to check source files copyright and LICENSE
[0.348s] -- Added test 'cppcheck' to perform static code analysis on C / C++ code
[0.348s] -- Configured cppcheck include dirs: 
[0.348s] -- Configured cppcheck exclude dirs and/or files: 
[0.356s] -- Added test 'cpplint' to check C / C++ code against the Google style
[0.356s] -- Configured cpplint exclude dirs and/or files: 
[0.360s] -- Added test 'lint_cmake' to check CMake code style
[0.368s] -- Added test 'uncrustify' to check C / C++ code style
[0.368s] -- Configured uncrustify additional arguments: 
[0.370s] -- Added test 'xmllint' to check XML markup files
[0.371s] -- Configuring done
[0.374s] -- Generating done
[0.376s] -- Build files have been written to: /home/student/git/PreyPath_RS1/41068_ws/build/robot_description
[0.382s] Invoked command in '/home/student/git/PreyPath_RS1/41068_ws/build/robot_description' returned '0': CMAKE_PREFIX_PATH=${CMAKE_PREFIX_PATH}:/opt/ros/humble /usr/bin/cmake /home/student/git/PreyPath_RS1/41068_ws/src/robot_description -DAMENT_CMAKE_SYMLINK_INSTALL=1 -DCMAKE_INSTALL_PREFIX=/home/student/git/PreyPath_RS1/41068_ws/install/robot_description
[0.384s] Invoking command in '/home/student/git/PreyPath_RS1/41068_ws/build/robot_description': CMAKE_PREFIX_PATH=${CMAKE_PREFIX_PATH}:/opt/ros/humble /usr/bin/cmake --build /home/student/git/PreyPath_RS1/41068_ws/build/robot_description -- -j8 -l8
[0.429s] Invoked command in '/home/student/git/PreyPath_RS1/41068_ws/build/robot_description' returned '0': CMAKE_PREFIX_PATH=${CMAKE_PREFIX_PATH}:/opt/ros/humble /usr/bin/cmake --build /home/student/git/PreyPath_RS1/41068_ws/build/robot_description -- -j8 -l8
[0.431s] Invoking command in '/home/student/git/PreyPath_RS1/41068_ws/build/robot_description': CMAKE_PREFIX_PATH=${CMAKE_PREFIX_PATH}:/opt/ros/humble /usr/bin/cmake --install /home/student/git/PreyPath_RS1/41068_ws/build/robot_description
[0.439s] -- Install configuration: ""
[0.439s] -- Execute custom install script
[0.440s] -- Up-to-date symlink: /home/student/git/PreyPath_RS1/41068_ws/install/robot_description/share/robot_description//robot/parts/base/base.gazebo
[0.440s] -- Up-to-date symlink: /home/student/git/PreyPath_RS1/41068_ws/install/robot_description/share/robot_description//robot/parts/base/base.xacro
[0.440s] -- Up-to-date symlink: /home/student/git/PreyPath_RS1/41068_ws/install/robot_description/share/robot_description//robot/parts/left_thigh/left_thigh.gazebo
[0.440s] -- Up-to-date symlink: /home/student/git/PreyPath_RS1/41068_ws/install/robot_description/share/robot_description//robot/parts/left_thigh/left_thigh.xacro
[0.441s] -- Up-to-date symlink: /home/student/git/PreyPath_RS1/41068_ws/install/robot_description/share/robot_description//robot/parts/leg_joint/leg_joint.gazebo
[0.441s] -- Up-to-date symlink: /home/student/git/PreyPath_RS1/41068_ws/install/robot_description/share/robot_description//robot/parts/leg_joint/leg_joint.xacro
[0.441s] -- Up-to-date symlink: /home/student/git/PreyPath_RS1/41068_ws/install/robot_description/share/robot_description//robot/parts/right_thigh/right_thigh.gazebo
[0.441s] -- Up-to-date symlink: /home/student/git/PreyPath_RS1/41068_ws/install/robot_description/share/robot_description//robot/parts/right_thigh/right_thigh.xacro
[0.441s] -- Up-to-date symlink: /home/student/git/PreyPath_RS1/41068_ws/install/robot_description/share/robot_description//robot/parts/shin/shin.gazebo
[0.441s] -- Up-to-date symlink: /home/student/git/PreyPath_RS1/41068_ws/install/robot_description/share/robot_description//robot/parts/shin/shin.xacro
[0.441s] -- Up-to-date symlink: /home/student/git/PreyPath_RS1/41068_ws/install/robot_description/share/robot_description//robot/robot.xacro
[0.442s] -- Up-to-date symlink: /home/student/git/PreyPath_RS1/41068_ws/install/robot_description/share/robot_description//robot/robot_control_gazebo.xacro
[0.442s] -- Up-to-date symlink: /home/student/git/PreyPath_RS1/41068_ws/install/robot_description/share/robot_description//meshes/DAE/base/base_link.dae
[0.442s] -- Up-to-date symlink: /home/student/git/PreyPath_RS1/41068_ws/install/robot_description/share/robot_description//meshes/DAE/left_thigh/left_thigh.dae
[0.442s] -- Up-to-date symlink: /home/student/git/PreyPath_RS1/41068_ws/install/robot_description/share/robot_description//meshes/DAE/leg_joint/leg_joint.dae
[0.442s] -- Up-to-date symlink: /home/student/git/PreyPath_RS1/41068_ws/install/robot_description/share/robot_description//meshes/DAE/nuckle/knuckle.dae
[0.442s] -- Up-to-date symlink: /home/student/git/PreyPath_RS1/41068_ws/install/robot_description/share/robot_description//meshes/DAE/right_thigh/right_thigh.dae
[0.442s] -- Up-to-date symlink: /home/student/git/PreyPath_RS1/41068_ws/install/robot_description/share/robot_description//meshes/DAE/shin/shin.dae
[0.443s] -- Up-to-date symlink: /home/student/git/PreyPath_RS1/41068_ws/install/robot_description/share/robot_description//meshes/DAE/wheel/wheel.dae
[0.443s] -- Up-to-date symlink: /home/student/git/PreyPath_RS1/41068_ws/install/robot_description/share/robot_description//meshes/STL/base/base_link.stl
[0.443s] -- Up-to-date symlink: /home/student/git/PreyPath_RS1/41068_ws/install/robot_description/share/robot_description//meshes/STL/base/base_link_old.stl
[0.443s] -- Up-to-date symlink: /home/student/git/PreyPath_RS1/41068_ws/install/robot_description/share/robot_description//meshes/STL/knuckle/knuckle.stl
[0.443s] -- Up-to-date symlink: /home/student/git/PreyPath_RS1/41068_ws/install/robot_description/share/robot_description//meshes/STL/left_thigh/left_thigh.stl
[0.443s] -- Up-to-date symlink: /home/student/git/PreyPath_RS1/41068_ws/install/robot_description/share/robot_description//meshes/STL/leg_joint/leg_joint.stl
[0.443s] -- Up-to-date symlink: /home/student/git/PreyPath_RS1/41068_ws/install/robot_description/share/robot_description//meshes/STL/right_thigh/right_thigh.stl
[0.443s] -- Up-to-date symlink: /home/student/git/PreyPath_RS1/41068_ws/install/robot_description/share/robot_description//meshes/STL/shin/shin.stl
[0.444s] -- Up-to-date symlink: /home/student/git/PreyPath_RS1/41068_ws/install/robot_description/share/robot_description//config/robot_controller.yaml
[0.444s] -- Up-to-date symlink: /home/student/git/PreyPath_RS1/41068_ws/install/robot_description/share/ament_index/resource_index/package_run_dependencies/robot_description
[0.444s] -- Up-to-date symlink: /home/student/git/PreyPath_RS1/41068_ws/install/robot_description/share/ament_index/resource_index/parent_prefix_path/robot_description
[0.444s] -- Up-to-date symlink: /home/student/git/PreyPath_RS1/41068_ws/install/robot_description/share/robot_description/environment/ament_prefix_path.sh
[0.444s] -- Up-to-date symlink: /home/student/git/PreyPath_RS1/41068_ws/install/robot_description/share/robot_description/environment/ament_prefix_path.dsv
[0.444s] -- Up-to-date symlink: /home/student/git/PreyPath_RS1/41068_ws/install/robot_description/share/robot_description/environment/path.sh
[0.444s] -- Up-to-date symlink: /home/student/git/PreyPath_RS1/41068_ws/install/robot_description/share/robot_description/environment/path.dsv
[0.444s] -- Up-to-date symlink: /home/student/git/PreyPath_RS1/41068_ws/install/robot_description/share/robot_description/local_setup.bash
[0.445s] -- Up-to-date symlink: /home/student/git/PreyPath_RS1/41068_ws/install/robot_description/share/robot_description/local_setup.sh
[0.445s] -- Up-to-date symlink: /home/student/git/PreyPath_RS1/41068_ws/install/robot_description/share/robot_description/local_setup.zsh
[0.445s] -- Up-to-date symlink: /home/student/git/PreyPath_RS1/41068_ws/install/robot_description/share/robot_description/local_setup.dsv
[0.445s] -- Symlinking: /home/student/git/PreyPath_RS1/41068_ws/install/robot_description/share/robot_description/package.dsv
[0.455s] -- Up-to-date symlink: /home/student/git/PreyPath_RS1/41068_ws/install/robot_description/share/ament_index/resource_index/packages/robot_description
[0.455s] -- Up-to-date symlink: /home/student/git/PreyPath_RS1/41068_ws/install/robot_description/share/robot_description/cmake/robot_descriptionConfig.cmake
[0.455s] -- Up-to-date symlink: /home/student/git/PreyPath_RS1/41068_ws/install/robot_description/share/robot_description/cmake/robot_descriptionConfig-version.cmake
[0.455s] -- Up-to-date symlink: /home/student/git/PreyPath_RS1/41068_ws/install/robot_description/share/robot_description/package.xml
[0.458s] Invoked command in '/home/student/git/PreyPath_RS1/41068_ws/build/robot_description' returned '0': CMAKE_PREFIX_PATH=${CMAKE_PREFIX_PATH}:/opt/ros/humble /usr/bin/cmake --install /home/student/git/PreyPath_RS1/41068_ws/build/robot_description
