[0.012s] Invoking command in '/home/student/git/PreyPath_RS1/41068_ws/build/robot_description': /usr/bin/cmake /home/student/git/PreyPath_RS1/41068_ws/src/robot_description -DCMAKE_INSTALL_PREFIX=/home/student/git/PreyPath_RS1/41068_ws/install/robot_description
[0.029s] -- Found ament_cmake: 1.3.12 (/opt/ros/humble/share/ament_cmake/cmake)
[0.165s] -- Override CMake install command with custom implementation using symlinks instead of copying resources
[0.175s] -- Found urdf: 2.6.1 (/opt/ros/humble/share/urdf/cmake)
[0.218s] -- Found ament_lint_auto: 0.12.14 (/opt/ros/humble/share/ament_lint_auto/cmake)
[0.281s] Error parsing '/home/student/git/PreyPath_RS1/41068_ws/src/robot_description/package.xml':
[0.331s] Traceback (most recent call last):
[0.332s]   File "/opt/ros/humble/share/ament_cmake_core/cmake/core/package_xml_2_cmake.py", line 150, in <module>
[0.332s]     main()
[0.332s]   File "/opt/ros/humble/share/ament_cmake_core/cmake/core/package_xml_2_cmake.py", line 53, in main
[0.332s]     raise e
[0.332s]   File "/opt/ros/humble/share/ament_cmake_core/cmake/core/package_xml_2_cmake.py", line 49, in main
[0.332s]     package = parse_package_string(
[0.332s]   File "/usr/lib/python3/dist-packages/catkin_pkg/package.py", line 719, in parse_package_string
[0.332s]     export_node = _get_optional_node(root, 'export', filename)
[0.332s]   File "/usr/lib/python3/dist-packages/catkin_pkg/package.py", line 807, in _get_optional_node
[0.332s]     raise InvalidPackage('The manifest must not contain more than one "%s" tags' % tagname, filename)
[0.333s] catkin_pkg.package.InvalidPackage: Error(s) in package '/home/student/git/PreyPath_RS1/41068_ws/src/robot_description/package.xml':
[0.333s] The manifest must not contain more than one "export" tags
[0.352s] [31mCMake Error at /opt/ros/humble/share/ament_cmake_core/cmake/core/ament_package_xml.cmake:95 (message):
[0.352s]   execute_process(/usr/bin/python3
[0.352s]   /opt/ros/humble/share/ament_cmake_core/cmake/core/package_xml_2_cmake.py
[0.353s]   /home/student/git/PreyPath_RS1/41068_ws/src/robot_description/package.xml
[0.353s]   /home/student/git/PreyPath_RS1/41068_ws/build/robot_description/ament_cmake_core/package.cmake)
[0.353s]   returned error code 1
[0.353s] Call Stack (most recent call first):
[0.353s]   /opt/ros/humble/share/ament_cmake_core/cmake/core/ament_package_xml.cmake:49 (_ament_package_xml)
[0.353s]   /opt/ros/humble/share/ament_lint_auto/cmake/ament_lint_auto_find_test_dependencies.cmake:31 (ament_package_xml)
[0.353s]   CMakeLists.txt:25 (ament_lint_auto_find_test_dependencies)
[0.353s] 
[0.354s] [0m
[0.354s] -- Configuring incomplete, errors occurred!
[0.354s] See also "/home/student/git/PreyPath_RS1/41068_ws/build/robot_description/CMakeFiles/CMakeOutput.log".
[0.360s] Invoked command in '/home/student/git/PreyPath_RS1/41068_ws/build/robot_description' returned '1': /usr/bin/cmake /home/student/git/PreyPath_RS1/41068_ws/src/robot_description -DCMAKE_INSTALL_PREFIX=/home/student/git/PreyPath_RS1/41068_ws/install/robot_description
