[0.167s] DEBUG:colcon:Command line arguments: ['/usr/bin/colcon', 'list', '-p', '--base-paths', '/home/student/git/PreyPath_RS1/41068_ws']
[0.167s] DEBUG:colcon:Parsed command line arguments: Namespace(log_base=None, log_level=None, verb_name='list', build_base='build', ignore_user_meta=False, metas=['./colcon.meta'], base_paths=['/home/student/git/PreyPath_RS1/41068_ws'], packages_ignore=None, packages_ignore_regex=None, paths=None, packages_up_to=None, packages_up_to_regex=None, packages_above=None, packages_above_and_dependencies=None, packages_above_depth=None, packages_select_by_dep=None, packages_skip_by_dep=None, packages_skip_up_to=None, packages_select_build_failed=False, packages_skip_build_finished=False, packages_select_test_failures=False, packages_skip_test_passed=False, packages_select=None, packages_skip=None, packages_select_regex=None, packages_skip_regex=None, packages_start=None, packages_end=None, allow_overriding=[], topological_order=False, names_only=False, paths_only=True, topological_graph=False, topological_graph_dot=False, topological_graph_density=False, topological_graph_legend=False, topological_graph_dot_cluster=False, topological_graph_dot_include_skipped=False, mixin_files=None, mixin=None, verb_parser=<colcon_mixin.mixin.mixin_argument.MixinArgumentDecorator object at 0x70f163136d70>, verb_extension=<colcon_package_information.verb.list.ListVerb object at 0x70f163243520>, main=<bound method ListVerb.main of <colcon_package_information.verb.list.ListVerb object at 0x70f163243520>>, mixin_verb=('list',))
[0.469s] Level 1:colcon.colcon_core.package_discovery:discover_packages(colcon_meta) check parameters
[0.469s] Level 1:colcon.colcon_core.package_discovery:discover_packages(recursive) check parameters
[0.469s] Level 1:colcon.colcon_core.package_discovery:discover_packages(ignore) check parameters
[0.469s] Level 1:colcon.colcon_core.package_discovery:discover_packages(path) check parameters
[0.469s] Level 1:colcon.colcon_core.package_discovery:discover_packages(recursive) discover
[0.469s] INFO:colcon.colcon_core.package_discovery:Crawling recursively for packages in '/home/student/git/PreyPath_RS1/41068_ws'
[0.469s] Level 1:colcon.colcon_core.package_identification:_identify(/home/student/git/PreyPath_RS1/41068_ws) by extensions ['ignore', 'ignore_ament_install']
[0.470s] Level 1:colcon.colcon_core.package_identification:_identify(/home/student/git/PreyPath_RS1/41068_ws) by extension 'ignore'
[0.470s] Level 1:colcon.colcon_core.package_identification:_identify(/home/student/git/PreyPath_RS1/41068_ws) by extension 'ignore_ament_install'
[0.470s] Level 1:colcon.colcon_core.package_identification:_identify(/home/student/git/PreyPath_RS1/41068_ws) by extensions ['colcon_pkg']
[0.470s] Level 1:colcon.colcon_core.package_identification:_identify(/home/student/git/PreyPath_RS1/41068_ws) by extension 'colcon_pkg'
[0.470s] Level 1:colcon.colcon_core.package_identification:_identify(/home/student/git/PreyPath_RS1/41068_ws) by extensions ['colcon_meta']
[0.470s] Level 1:colcon.colcon_core.package_identification:_identify(/home/student/git/PreyPath_RS1/41068_ws) by extension 'colcon_meta'
[0.470s] Level 1:colcon.colcon_core.package_identification:_identify(/home/student/git/PreyPath_RS1/41068_ws) by extensions ['ros']
[0.470s] Level 1:colcon.colcon_core.package_identification:_identify(/home/student/git/PreyPath_RS1/41068_ws) by extension 'ros'
[0.490s] Level 1:colcon.colcon_core.package_identification:_identify(/home/student/git/PreyPath_RS1/41068_ws) by extensions ['cmake', 'python']
[0.490s] Level 1:colcon.colcon_core.package_identification:_identify(/home/student/git/PreyPath_RS1/41068_ws) by extension 'cmake'
[0.490s] Level 1:colcon.colcon_core.package_identification:_identify(/home/student/git/PreyPath_RS1/41068_ws) by extension 'python'
[0.491s] Level 1:colcon.colcon_core.package_identification:_identify(/home/student/git/PreyPath_RS1/41068_ws) by extensions ['python_setup_py']
[0.491s] Level 1:colcon.colcon_core.package_identification:_identify(/home/student/git/PreyPath_RS1/41068_ws) by extension 'python_setup_py'
[0.491s] Level 1:colcon.colcon_core.package_identification:_identify(/home/student/git/PreyPath_RS1/41068_ws/build) by extensions ['ignore', 'ignore_ament_install']
[0.491s] Level 1:colcon.colcon_core.package_identification:_identify(/home/student/git/PreyPath_RS1/41068_ws/build) by extension 'ignore'
[0.491s] Level 1:colcon.colcon_core.package_identification:_identify(/home/student/git/PreyPath_RS1/41068_ws/build) ignored
[0.491s] Level 1:colcon.colcon_core.package_identification:_identify(/home/student/git/PreyPath_RS1/41068_ws/install) by extensions ['ignore', 'ignore_ament_install']
[0.492s] Level 1:colcon.colcon_core.package_identification:_identify(/home/student/git/PreyPath_RS1/41068_ws/install) by extension 'ignore'
[0.492s] Level 1:colcon.colcon_core.package_identification:_identify(/home/student/git/PreyPath_RS1/41068_ws/install) ignored
[0.492s] Level 1:colcon.colcon_core.package_identification:_identify(/home/student/git/PreyPath_RS1/41068_ws/log) by extensions ['ignore', 'ignore_ament_install']
[0.492s] Level 1:colcon.colcon_core.package_identification:_identify(/home/student/git/PreyPath_RS1/41068_ws/log) by extension 'ignore'
[0.492s] Level 1:colcon.colcon_core.package_identification:_identify(/home/student/git/PreyPath_RS1/41068_ws/log) ignored
[0.492s] Level 1:colcon.colcon_core.package_identification:_identify(/home/student/git/PreyPath_RS1/41068_ws/src) by extensions ['ignore', 'ignore_ament_install']
[0.492s] Level 1:colcon.colcon_core.package_identification:_identify(/home/student/git/PreyPath_RS1/41068_ws/src) by extension 'ignore'
[0.493s] Level 1:colcon.colcon_core.package_identification:_identify(/home/student/git/PreyPath_RS1/41068_ws/src) by extension 'ignore_ament_install'
[0.493s] Level 1:colcon.colcon_core.package_identification:_identify(/home/student/git/PreyPath_RS1/41068_ws/src) by extensions ['colcon_pkg']
[0.493s] Level 1:colcon.colcon_core.package_identification:_identify(/home/student/git/PreyPath_RS1/41068_ws/src) by extension 'colcon_pkg'
[0.493s] Level 1:colcon.colcon_core.package_identification:_identify(/home/student/git/PreyPath_RS1/41068_ws/src) by extensions ['colcon_meta']
[0.493s] Level 1:colcon.colcon_core.package_identification:_identify(/home/student/git/PreyPath_RS1/41068_ws/src) by extension 'colcon_meta'
[0.493s] Level 1:colcon.colcon_core.package_identification:_identify(/home/student/git/PreyPath_RS1/41068_ws/src) by extensions ['ros']
[0.493s] Level 1:colcon.colcon_core.package_identification:_identify(/home/student/git/PreyPath_RS1/41068_ws/src) by extension 'ros'
[0.493s] Level 1:colcon.colcon_core.package_identification:_identify(/home/student/git/PreyPath_RS1/41068_ws/src) by extensions ['cmake', 'python']
[0.493s] Level 1:colcon.colcon_core.package_identification:_identify(/home/student/git/PreyPath_RS1/41068_ws/src) by extension 'cmake'
[0.493s] Level 1:colcon.colcon_core.package_identification:_identify(/home/student/git/PreyPath_RS1/41068_ws/src) by extension 'python'
[0.493s] Level 1:colcon.colcon_core.package_identification:_identify(/home/student/git/PreyPath_RS1/41068_ws/src) by extensions ['python_setup_py']
[0.494s] Level 1:colcon.colcon_core.package_identification:_identify(/home/student/git/PreyPath_RS1/41068_ws/src) by extension 'python_setup_py'
[0.494s] Level 1:colcon.colcon_core.package_identification:_identify(/home/student/git/PreyPath_RS1/41068_ws/src/41068_ignition_bringup) by extensions ['ignore', 'ignore_ament_install']
[0.494s] Level 1:colcon.colcon_core.package_identification:_identify(/home/student/git/PreyPath_RS1/41068_ws/src/41068_ignition_bringup) by extension 'ignore'
[0.494s] Level 1:colcon.colcon_core.package_identification:_identify(/home/student/git/PreyPath_RS1/41068_ws/src/41068_ignition_bringup) by extension 'ignore_ament_install'
[0.494s] Level 1:colcon.colcon_core.package_identification:_identify(/home/student/git/PreyPath_RS1/41068_ws/src/41068_ignition_bringup) by extensions ['colcon_pkg']
[0.494s] Level 1:colcon.colcon_core.package_identification:_identify(/home/student/git/PreyPath_RS1/41068_ws/src/41068_ignition_bringup) by extension 'colcon_pkg'
[0.494s] Level 1:colcon.colcon_core.package_identification:_identify(/home/student/git/PreyPath_RS1/41068_ws/src/41068_ignition_bringup) by extensions ['colcon_meta']
[0.494s] Level 1:colcon.colcon_core.package_identification:_identify(/home/student/git/PreyPath_RS1/41068_ws/src/41068_ignition_bringup) by extension 'colcon_meta'
[0.494s] Level 1:colcon.colcon_core.package_identification:_identify(/home/student/git/PreyPath_RS1/41068_ws/src/41068_ignition_bringup) by extensions ['ros']
[0.494s] Level 1:colcon.colcon_core.package_identification:_identify(/home/student/git/PreyPath_RS1/41068_ws/src/41068_ignition_bringup) by extension 'ros'
[0.500s] DEBUG:colcon.colcon_core.package_identification:Package '/home/student/git/PreyPath_RS1/41068_ws/src/41068_ignition_bringup' with type 'ros.ament_cmake' and name '41068_ignition_bringup'
[0.500s] Level 1:colcon.colcon_core.package_identification:_identify(/home/student/git/PreyPath_RS1/41068_ws/src/UI) by extensions ['ignore', 'ignore_ament_install']
[0.500s] Level 1:colcon.colcon_core.package_identification:_identify(/home/student/git/PreyPath_RS1/41068_ws/src/UI) by extension 'ignore'
[0.500s] Level 1:colcon.colcon_core.package_identification:_identify(/home/student/git/PreyPath_RS1/41068_ws/src/UI) by extension 'ignore_ament_install'
[0.500s] Level 1:colcon.colcon_core.package_identification:_identify(/home/student/git/PreyPath_RS1/41068_ws/src/UI) by extensions ['colcon_pkg']
[0.500s] Level 1:colcon.colcon_core.package_identification:_identify(/home/student/git/PreyPath_RS1/41068_ws/src/UI) by extension 'colcon_pkg'
[0.500s] Level 1:colcon.colcon_core.package_identification:_identify(/home/student/git/PreyPath_RS1/41068_ws/src/UI) by extensions ['colcon_meta']
[0.500s] Level 1:colcon.colcon_core.package_identification:_identify(/home/student/git/PreyPath_RS1/41068_ws/src/UI) by extension 'colcon_meta'
[0.501s] Level 1:colcon.colcon_core.package_identification:_identify(/home/student/git/PreyPath_RS1/41068_ws/src/UI) by extensions ['ros']
[0.501s] Level 1:colcon.colcon_core.package_identification:_identify(/home/student/git/PreyPath_RS1/41068_ws/src/UI) by extension 'ros'
[0.501s] Level 1:colcon.colcon_core.package_identification:_identify(/home/student/git/PreyPath_RS1/41068_ws/src/UI) by extensions ['cmake', 'python']
[0.501s] Level 1:colcon.colcon_core.package_identification:_identify(/home/student/git/PreyPath_RS1/41068_ws/src/UI) by extension 'cmake'
[0.501s] Level 1:colcon.colcon_core.package_identification:_identify(/home/student/git/PreyPath_RS1/41068_ws/src/UI) by extension 'python'
[0.501s] Level 1:colcon.colcon_core.package_identification:_identify(/home/student/git/PreyPath_RS1/41068_ws/src/UI) by extensions ['python_setup_py']
[0.502s] Level 1:colcon.colcon_core.package_identification:_identify(/home/student/git/PreyPath_RS1/41068_ws/src/UI) by extension 'python_setup_py'
[0.502s] Level 1:colcon.colcon_core.package_identification:_identify(/home/student/git/PreyPath_RS1/41068_ws/src/robot_control) by extensions ['ignore', 'ignore_ament_install']
[0.502s] Level 1:colcon.colcon_core.package_identification:_identify(/home/student/git/PreyPath_RS1/41068_ws/src/robot_control) by extension 'ignore'
[0.502s] Level 1:colcon.colcon_core.package_identification:_identify(/home/student/git/PreyPath_RS1/41068_ws/src/robot_control) by extension 'ignore_ament_install'
[0.502s] Level 1:colcon.colcon_core.package_identification:_identify(/home/student/git/PreyPath_RS1/41068_ws/src/robot_control) by extensions ['colcon_pkg']
[0.503s] Level 1:colcon.colcon_core.package_identification:_identify(/home/student/git/PreyPath_RS1/41068_ws/src/robot_control) by extension 'colcon_pkg'
[0.503s] Level 1:colcon.colcon_core.package_identification:_identify(/home/student/git/PreyPath_RS1/41068_ws/src/robot_control) by extensions ['colcon_meta']
[0.503s] Level 1:colcon.colcon_core.package_identification:_identify(/home/student/git/PreyPath_RS1/41068_ws/src/robot_control) by extension 'colcon_meta'
[0.503s] Level 1:colcon.colcon_core.package_identification:_identify(/home/student/git/PreyPath_RS1/41068_ws/src/robot_control) by extensions ['ros']
[0.504s] Level 1:colcon.colcon_core.package_identification:_identify(/home/student/git/PreyPath_RS1/41068_ws/src/robot_control) by extension 'ros'
[0.505s] DEBUG:colcon.colcon_core.package_identification:Package '/home/student/git/PreyPath_RS1/41068_ws/src/robot_control' with type 'ros.ament_cmake' and name 'robot_control'
[0.505s] Level 1:colcon.colcon_core.package_identification:_identify(/home/student/git/PreyPath_RS1/41068_ws/src/robot_description) by extensions ['ignore', 'ignore_ament_install']
[0.506s] Level 1:colcon.colcon_core.package_identification:_identify(/home/student/git/PreyPath_RS1/41068_ws/src/robot_description) by extension 'ignore'
[0.506s] Level 1:colcon.colcon_core.package_identification:_identify(/home/student/git/PreyPath_RS1/41068_ws/src/robot_description) by extension 'ignore_ament_install'
[0.506s] Level 1:colcon.colcon_core.package_identification:_identify(/home/student/git/PreyPath_RS1/41068_ws/src/robot_description) by extensions ['colcon_pkg']
[0.506s] Level 1:colcon.colcon_core.package_identification:_identify(/home/student/git/PreyPath_RS1/41068_ws/src/robot_description) by extension 'colcon_pkg'
[0.506s] Level 1:colcon.colcon_core.package_identification:_identify(/home/student/git/PreyPath_RS1/41068_ws/src/robot_description) by extensions ['colcon_meta']
[0.506s] Level 1:colcon.colcon_core.package_identification:_identify(/home/student/git/PreyPath_RS1/41068_ws/src/robot_description) by extension 'colcon_meta'
[0.506s] Level 1:colcon.colcon_core.package_identification:_identify(/home/student/git/PreyPath_RS1/41068_ws/src/robot_description) by extensions ['ros']
[0.506s] Level 1:colcon.colcon_core.package_identification:_identify(/home/student/git/PreyPath_RS1/41068_ws/src/robot_description) by extension 'ros'
[0.507s] DEBUG:colcon.colcon_core.package_identification:Package '/home/student/git/PreyPath_RS1/41068_ws/src/robot_description' with type 'ros.ament_cmake' and name 'robot_description'
[0.508s] Level 1:colcon.colcon_core.package_identification:_identify(/home/student/git/PreyPath_RS1/41068_ws/src/robot_gazebo) by extensions ['ignore', 'ignore_ament_install']
[0.508s] Level 1:colcon.colcon_core.package_identification:_identify(/home/student/git/PreyPath_RS1/41068_ws/src/robot_gazebo) by extension 'ignore'
[0.508s] Level 1:colcon.colcon_core.package_identification:_identify(/home/student/git/PreyPath_RS1/41068_ws/src/robot_gazebo) by extension 'ignore_ament_install'
[0.508s] Level 1:colcon.colcon_core.package_identification:_identify(/home/student/git/PreyPath_RS1/41068_ws/src/robot_gazebo) by extensions ['colcon_pkg']
[0.508s] Level 1:colcon.colcon_core.package_identification:_identify(/home/student/git/PreyPath_RS1/41068_ws/src/robot_gazebo) by extension 'colcon_pkg'
[0.508s] Level 1:colcon.colcon_core.package_identification:_identify(/home/student/git/PreyPath_RS1/41068_ws/src/robot_gazebo) by extensions ['colcon_meta']
[0.508s] Level 1:colcon.colcon_core.package_identification:_identify(/home/student/git/PreyPath_RS1/41068_ws/src/robot_gazebo) by extension 'colcon_meta'
[0.508s] Level 1:colcon.colcon_core.package_identification:_identify(/home/student/git/PreyPath_RS1/41068_ws/src/robot_gazebo) by extensions ['ros']
[0.508s] Level 1:colcon.colcon_core.package_identification:_identify(/home/student/git/PreyPath_RS1/41068_ws/src/robot_gazebo) by extension 'ros'
[0.510s] DEBUG:colcon.colcon_core.package_identification:Package '/home/student/git/PreyPath_RS1/41068_ws/src/robot_gazebo' with type 'ros.ament_cmake' and name 'robot_gazebo'
[0.510s] Level 1:colcon.colcon_core.package_discovery:discover_packages(recursive) using defaults
