[0.201s] DEBUG:colcon:Command line arguments: ['/usr/bin/colcon', 'build', '--symlink-install']
[0.201s] DEBUG:colcon:Parsed command line arguments: Namespace(log_base=None, log_level=None, verb_name='build', build_base='build', install_base='install', merge_install=False, symlink_install=True, test_result_base=None, continue_on_error=False, executor='parallel', parallel_workers=8, event_handlers=None, ignore_user_meta=False, metas=['./colcon.meta'], base_paths=['.'], packages_ignore=None, packages_ignore_regex=None, paths=None, packages_up_to=None, packages_up_to_regex=None, packages_above=None, packages_above_and_dependencies=None, packages_above_depth=None, packages_select_by_dep=None, packages_skip_by_dep=None, packages_skip_up_to=None, packages_select_build_failed=False, packages_skip_build_finished=False, packages_select_test_failures=False, packages_skip_test_passed=False, packages_select=None, packages_skip=None, packages_select_regex=None, packages_skip_regex=None, packages_start=None, packages_end=None, allow_overriding=[], cmake_args=None, cmake_target=None, cmake_target_skip_unavailable=False, cmake_clean_cache=False, cmake_clean_first=False, cmake_force_configure=False, ament_cmake_args=None, catkin_cmake_args=None, catkin_skip_building_tests=False, mixin_files=None, mixin=None, verb_parser=<colcon_mixin.mixin.mixin_argument.MixinArgumentDecorator object at 0x73bb82fce020>, verb_extension=<colcon_core.verb.build.BuildVerb object at 0x73bb82fcd300>, main=<bound method BuildVerb.main of <colcon_core.verb.build.BuildVerb object at 0x73bb82fcd300>>, mixin_verb=('build',))
[0.477s] Level 1:colcon.colcon_core.package_discovery:discover_packages(colcon_meta) check parameters
[0.477s] Level 1:colcon.colcon_core.package_discovery:discover_packages(recursive) check parameters
[0.477s] Level 1:colcon.colcon_core.package_discovery:discover_packages(ignore) check parameters
[0.477s] Level 1:colcon.colcon_core.package_discovery:discover_packages(path) check parameters
[0.477s] Level 1:colcon.colcon_core.package_discovery:discover_packages(colcon_meta) discover
[0.477s] Level 1:colcon.colcon_core.package_discovery:discover_packages(recursive) discover
[0.477s] INFO:colcon.colcon_core.package_discovery:Crawling recursively for packages in '/home/jonathan/git/PreyPath_RS1/41068_ignition_bringup'
[0.477s] Level 1:colcon.colcon_core.package_identification:_identify(.) by extensions ['ignore', 'ignore_ament_install']
[0.478s] Level 1:colcon.colcon_core.package_identification:_identify(.) by extension 'ignore'
[0.478s] Level 1:colcon.colcon_core.package_identification:_identify(.) by extension 'ignore_ament_install'
[0.478s] Level 1:colcon.colcon_core.package_identification:_identify(.) by extensions ['colcon_pkg']
[0.478s] Level 1:colcon.colcon_core.package_identification:_identify(.) by extension 'colcon_pkg'
[0.478s] Level 1:colcon.colcon_core.package_identification:_identify(.) by extensions ['colcon_meta']
[0.478s] Level 1:colcon.colcon_core.package_identification:_identify(.) by extension 'colcon_meta'
[0.478s] Level 1:colcon.colcon_core.package_identification:_identify(.) by extensions ['ros']
[0.478s] Level 1:colcon.colcon_core.package_identification:_identify(.) by extension 'ros'
[0.498s] DEBUG:colcon.colcon_core.package_identification:Package '.' with type 'ros.ament_cmake' and name '41068_ignition_bringup'
[0.498s] Level 1:colcon.colcon_core.package_discovery:discover_packages(recursive) using defaults
[0.498s] Level 1:colcon.colcon_core.package_discovery:discover_packages(ignore) discover
[0.499s] Level 1:colcon.colcon_core.package_discovery:discover_packages(ignore) using defaults
[0.499s] Level 1:colcon.colcon_core.package_discovery:discover_packages(path) discover
[0.499s] Level 1:colcon.colcon_core.package_discovery:discover_packages(path) using defaults
[0.553s] Level 1:colcon.colcon_core.package_discovery:discover_packages(prefix_path) check parameters
[0.553s] Level 1:colcon.colcon_core.package_discovery:discover_packages(prefix_path) discover
[0.556s] DEBUG:colcon.colcon_installed_package_information.package_discovery:Found 1 installed packages in /home/jonathan/41068_ws/install
[0.557s] DEBUG:colcon.colcon_installed_package_information.package_discovery:Found 4 installed packages in /home/jonathan/ros_ws/install
[0.561s] DEBUG:colcon.colcon_installed_package_information.package_discovery:Found 428 installed packages in /opt/ros/humble
[0.564s] Level 1:colcon.colcon_core.package_discovery:discover_packages(prefix_path) using defaults
[0.652s] Level 5:colcon.colcon_core.verb:set package '41068_ignition_bringup' build argument 'cmake_args' from command line to 'None'
[0.652s] Level 5:colcon.colcon_core.verb:set package '41068_ignition_bringup' build argument 'cmake_target' from command line to 'None'
[0.652s] Level 5:colcon.colcon_core.verb:set package '41068_ignition_bringup' build argument 'cmake_target_skip_unavailable' from command line to 'False'
[0.652s] Level 5:colcon.colcon_core.verb:set package '41068_ignition_bringup' build argument 'cmake_clean_cache' from command line to 'False'
[0.652s] Level 5:colcon.colcon_core.verb:set package '41068_ignition_bringup' build argument 'cmake_clean_first' from command line to 'False'
[0.652s] Level 5:colcon.colcon_core.verb:set package '41068_ignition_bringup' build argument 'cmake_force_configure' from command line to 'False'
[0.652s] Level 5:colcon.colcon_core.verb:set package '41068_ignition_bringup' build argument 'ament_cmake_args' from command line to 'None'
[0.652s] Level 5:colcon.colcon_core.verb:set package '41068_ignition_bringup' build argument 'catkin_cmake_args' from command line to 'None'
[0.652s] Level 5:colcon.colcon_core.verb:set package '41068_ignition_bringup' build argument 'catkin_skip_building_tests' from command line to 'False'
[0.652s] DEBUG:colcon.colcon_core.verb:Building package '41068_ignition_bringup' with the following arguments: {'ament_cmake_args': None, 'build_base': '/home/jonathan/git/PreyPath_RS1/41068_ignition_bringup/build/41068_ignition_bringup', 'catkin_cmake_args': None, 'catkin_skip_building_tests': False, 'cmake_args': None, 'cmake_clean_cache': False, 'cmake_clean_first': False, 'cmake_force_configure': False, 'cmake_target': None, 'cmake_target_skip_unavailable': False, 'install_base': '/home/jonathan/git/PreyPath_RS1/41068_ignition_bringup/install/41068_ignition_bringup', 'merge_install': False, 'path': '/home/jonathan/git/PreyPath_RS1/41068_ignition_bringup', 'symlink_install': True, 'test_result_base': None}
[0.653s] INFO:colcon.colcon_core.executor:Executing jobs using 'parallel' executor
[0.654s] DEBUG:colcon.colcon_parallel_executor.executor.parallel:run_until_complete
[0.654s] INFO:colcon.colcon_ros.task.ament_cmake.build:Building ROS package in '/home/jonathan/git/PreyPath_RS1/41068_ignition_bringup' with build type 'ament_cmake'
[0.655s] INFO:colcon.colcon_cmake.task.cmake.build:Building CMake package in '/home/jonathan/git/PreyPath_RS1/41068_ignition_bringup'
[0.658s] INFO:colcon.colcon_core.plugin_system:Skipping extension 'colcon_core.shell.bat': Not used on non-Windows systems
[0.659s] INFO:colcon.colcon_core.shell:Skip shell extension 'powershell' for command environment: Not usable outside of PowerShell
[0.659s] DEBUG:colcon.colcon_core.shell:Skip shell extension 'dsv' for command environment
[0.678s] DEBUG:colcon.colcon_core.event_handler.log_command:Invoking command in '/home/jonathan/git/PreyPath_RS1/41068_ignition_bringup/build/41068_ignition_bringup': CMAKE_PREFIX_PATH=/home/jonathan/ros_ws/install/stage_ros2:/home/jonathan/ros_ws/install/path_planner:/home/jonathan/ros_ws/install/particle_filter_localisation:/opt/ros/humble:/home/jonathan/ros_ws/install/stage:/home/jonathan/41068_ws/install/41068_ignition_bringup /usr/bin/cmake --build /home/jonathan/git/PreyPath_RS1/41068_ignition_bringup/build/41068_ignition_bringup -- -j8 -l8
[0.759s] DEBUG:colcon.colcon_core.event_handler.log_command:Invoked command in '/home/jonathan/git/PreyPath_RS1/41068_ignition_bringup/build/41068_ignition_bringup' returned '0': CMAKE_PREFIX_PATH=/home/jonathan/ros_ws/install/stage_ros2:/home/jonathan/ros_ws/install/path_planner:/home/jonathan/ros_ws/install/particle_filter_localisation:/opt/ros/humble:/home/jonathan/ros_ws/install/stage:/home/jonathan/41068_ws/install/41068_ignition_bringup /usr/bin/cmake --build /home/jonathan/git/PreyPath_RS1/41068_ignition_bringup/build/41068_ignition_bringup -- -j8 -l8
[0.783s] DEBUG:colcon.colcon_core.event_handler.log_command:Invoking command in '/home/jonathan/git/PreyPath_RS1/41068_ignition_bringup/build/41068_ignition_bringup': CMAKE_PREFIX_PATH=/home/jonathan/ros_ws/install/stage_ros2:/home/jonathan/ros_ws/install/path_planner:/home/jonathan/ros_ws/install/particle_filter_localisation:/opt/ros/humble:/home/jonathan/ros_ws/install/stage:/home/jonathan/41068_ws/install/41068_ignition_bringup /usr/bin/cmake --install /home/jonathan/git/PreyPath_RS1/41068_ignition_bringup/build/41068_ignition_bringup
[0.828s] Level 1:colcon.colcon_core.environment:create_environment_scripts_only(41068_ignition_bringup)
[0.829s] DEBUG:colcon.colcon_core.event_handler.log_command:Invoked command in '/home/jonathan/git/PreyPath_RS1/41068_ignition_bringup/build/41068_ignition_bringup' returned '0': CMAKE_PREFIX_PATH=/home/jonathan/ros_ws/install/stage_ros2:/home/jonathan/ros_ws/install/path_planner:/home/jonathan/ros_ws/install/particle_filter_localisation:/opt/ros/humble:/home/jonathan/ros_ws/install/stage:/home/jonathan/41068_ws/install/41068_ignition_bringup /usr/bin/cmake --install /home/jonathan/git/PreyPath_RS1/41068_ignition_bringup/build/41068_ignition_bringup
[0.832s] Level 1:colcon.colcon_core.environment:checking '/home/jonathan/git/PreyPath_RS1/41068_ignition_bringup/install/41068_ignition_bringup' for CMake module files
[0.833s] Level 1:colcon.colcon_core.environment:checking '/home/jonathan/git/PreyPath_RS1/41068_ignition_bringup/install/41068_ignition_bringup' for CMake config files
[0.833s] Level 1:colcon.colcon_core.shell:create_environment_hook('41068_ignition_bringup', 'cmake_prefix_path')
[0.834s] INFO:colcon.colcon_core.shell:Creating environment hook '/home/jonathan/git/PreyPath_RS1/41068_ignition_bringup/install/41068_ignition_bringup/share/41068_ignition_bringup/hook/cmake_prefix_path.ps1'
[0.835s] INFO:colcon.colcon_core.shell:Creating environment descriptor '/home/jonathan/git/PreyPath_RS1/41068_ignition_bringup/install/41068_ignition_bringup/share/41068_ignition_bringup/hook/cmake_prefix_path.dsv'
[0.835s] INFO:colcon.colcon_core.shell:Creating environment hook '/home/jonathan/git/PreyPath_RS1/41068_ignition_bringup/install/41068_ignition_bringup/share/41068_ignition_bringup/hook/cmake_prefix_path.sh'
[0.836s] Level 1:colcon.colcon_core.environment:checking '/home/jonathan/git/PreyPath_RS1/41068_ignition_bringup/install/41068_ignition_bringup/bin'
[0.836s] Level 1:colcon.colcon_core.environment:checking '/home/jonathan/git/PreyPath_RS1/41068_ignition_bringup/install/41068_ignition_bringup/lib/pkgconfig/41068_ignition_bringup.pc'
[0.837s] Level 1:colcon.colcon_core.environment:checking '/home/jonathan/git/PreyPath_RS1/41068_ignition_bringup/install/41068_ignition_bringup/lib/python3.10/site-packages'
[0.837s] Level 1:colcon.colcon_core.environment:checking '/home/jonathan/git/PreyPath_RS1/41068_ignition_bringup/install/41068_ignition_bringup/bin'
[0.837s] INFO:colcon.colcon_core.shell:Creating package script '/home/jonathan/git/PreyPath_RS1/41068_ignition_bringup/install/41068_ignition_bringup/share/41068_ignition_bringup/package.ps1'
[0.838s] INFO:colcon.colcon_core.shell:Creating package descriptor '/home/jonathan/git/PreyPath_RS1/41068_ignition_bringup/install/41068_ignition_bringup/share/41068_ignition_bringup/package.dsv'
[0.839s] INFO:colcon.colcon_core.shell:Creating package script '/home/jonathan/git/PreyPath_RS1/41068_ignition_bringup/install/41068_ignition_bringup/share/41068_ignition_bringup/package.sh'
[0.840s] INFO:colcon.colcon_core.shell:Creating package script '/home/jonathan/git/PreyPath_RS1/41068_ignition_bringup/install/41068_ignition_bringup/share/41068_ignition_bringup/package.bash'
[0.841s] INFO:colcon.colcon_core.shell:Creating package script '/home/jonathan/git/PreyPath_RS1/41068_ignition_bringup/install/41068_ignition_bringup/share/41068_ignition_bringup/package.zsh'
[0.842s] Level 1:colcon.colcon_core.environment:create_file_with_runtime_dependencies(/home/jonathan/git/PreyPath_RS1/41068_ignition_bringup/install/41068_ignition_bringup/share/colcon-core/packages/41068_ignition_bringup)
[0.843s] Level 1:colcon.colcon_core.environment:create_environment_scripts_only(41068_ignition_bringup)
[0.843s] Level 1:colcon.colcon_core.environment:checking '/home/jonathan/git/PreyPath_RS1/41068_ignition_bringup/install/41068_ignition_bringup' for CMake module files
[0.843s] Level 1:colcon.colcon_core.environment:checking '/home/jonathan/git/PreyPath_RS1/41068_ignition_bringup/install/41068_ignition_bringup' for CMake config files
[0.844s] Level 1:colcon.colcon_core.shell:create_environment_hook('41068_ignition_bringup', 'cmake_prefix_path')
[0.844s] INFO:colcon.colcon_core.shell:Creating environment hook '/home/jonathan/git/PreyPath_RS1/41068_ignition_bringup/install/41068_ignition_bringup/share/41068_ignition_bringup/hook/cmake_prefix_path.ps1'
[0.845s] INFO:colcon.colcon_core.shell:Creating environment descriptor '/home/jonathan/git/PreyPath_RS1/41068_ignition_bringup/install/41068_ignition_bringup/share/41068_ignition_bringup/hook/cmake_prefix_path.dsv'
[0.845s] INFO:colcon.colcon_core.shell:Creating environment hook '/home/jonathan/git/PreyPath_RS1/41068_ignition_bringup/install/41068_ignition_bringup/share/41068_ignition_bringup/hook/cmake_prefix_path.sh'
[0.846s] Level 1:colcon.colcon_core.environment:checking '/home/jonathan/git/PreyPath_RS1/41068_ignition_bringup/install/41068_ignition_bringup/bin'
[0.846s] Level 1:colcon.colcon_core.environment:checking '/home/jonathan/git/PreyPath_RS1/41068_ignition_bringup/install/41068_ignition_bringup/lib/pkgconfig/41068_ignition_bringup.pc'
[0.846s] Level 1:colcon.colcon_core.environment:checking '/home/jonathan/git/PreyPath_RS1/41068_ignition_bringup/install/41068_ignition_bringup/lib/python3.10/site-packages'
[0.846s] Level 1:colcon.colcon_core.environment:checking '/home/jonathan/git/PreyPath_RS1/41068_ignition_bringup/install/41068_ignition_bringup/bin'
[0.847s] INFO:colcon.colcon_core.shell:Creating package script '/home/jonathan/git/PreyPath_RS1/41068_ignition_bringup/install/41068_ignition_bringup/share/41068_ignition_bringup/package.ps1'
[0.847s] INFO:colcon.colcon_core.shell:Creating package descriptor '/home/jonathan/git/PreyPath_RS1/41068_ignition_bringup/install/41068_ignition_bringup/share/41068_ignition_bringup/package.dsv'
[0.848s] INFO:colcon.colcon_core.shell:Creating package script '/home/jonathan/git/PreyPath_RS1/41068_ignition_bringup/install/41068_ignition_bringup/share/41068_ignition_bringup/package.sh'
[0.849s] INFO:colcon.colcon_core.shell:Creating package script '/home/jonathan/git/PreyPath_RS1/41068_ignition_bringup/install/41068_ignition_bringup/share/41068_ignition_bringup/package.bash'
[0.849s] INFO:colcon.colcon_core.shell:Creating package script '/home/jonathan/git/PreyPath_RS1/41068_ignition_bringup/install/41068_ignition_bringup/share/41068_ignition_bringup/package.zsh'
[0.850s] Level 1:colcon.colcon_core.environment:create_file_with_runtime_dependencies(/home/jonathan/git/PreyPath_RS1/41068_ignition_bringup/install/41068_ignition_bringup/share/colcon-core/packages/41068_ignition_bringup)
[0.851s] DEBUG:colcon.colcon_parallel_executor.executor.parallel:closing loop
[0.851s] DEBUG:colcon.colcon_parallel_executor.executor.parallel:loop closed
[0.851s] DEBUG:colcon.colcon_parallel_executor.executor.parallel:run_until_complete finished with '0'
[0.851s] DEBUG:colcon.colcon_core.event_reactor:joining thread
[0.859s] INFO:colcon.colcon_core.plugin_system:Skipping extension 'colcon_notification.desktop_notification.terminal_notifier': Not used on non-Darwin systems
[0.859s] INFO:colcon.colcon_core.plugin_system:Skipping extension 'colcon_notification.desktop_notification.win32': Not used on non-Windows systems
[0.859s] INFO:colcon.colcon_notification.desktop_notification:Sending desktop notification using 'notify2'
[0.874s] DEBUG:colcon.colcon_core.event_reactor:joined thread
[0.874s] INFO:colcon.colcon_core.shell:Creating prefix script '/home/jonathan/git/PreyPath_RS1/41068_ignition_bringup/install/local_setup.ps1'
[0.875s] INFO:colcon.colcon_core.shell:Creating prefix util module '/home/jonathan/git/PreyPath_RS1/41068_ignition_bringup/install/_local_setup_util_ps1.py'
[0.878s] INFO:colcon.colcon_core.shell:Creating prefix chain script '/home/jonathan/git/PreyPath_RS1/41068_ignition_bringup/install/setup.ps1'
[0.880s] INFO:colcon.colcon_core.shell:Creating prefix script '/home/jonathan/git/PreyPath_RS1/41068_ignition_bringup/install/local_setup.sh'
[0.881s] INFO:colcon.colcon_core.shell:Creating prefix util module '/home/jonathan/git/PreyPath_RS1/41068_ignition_bringup/install/_local_setup_util_sh.py'
[0.882s] INFO:colcon.colcon_core.shell:Creating prefix chain script '/home/jonathan/git/PreyPath_RS1/41068_ignition_bringup/install/setup.sh'
[0.884s] INFO:colcon.colcon_core.shell:Creating prefix script '/home/jonathan/git/PreyPath_RS1/41068_ignition_bringup/install/local_setup.bash'
[0.884s] INFO:colcon.colcon_core.shell:Creating prefix chain script '/home/jonathan/git/PreyPath_RS1/41068_ignition_bringup/install/setup.bash'
[0.886s] INFO:colcon.colcon_core.shell:Creating prefix script '/home/jonathan/git/PreyPath_RS1/41068_ignition_bringup/install/local_setup.zsh'
[0.887s] INFO:colcon.colcon_core.shell:Creating prefix chain script '/home/jonathan/git/PreyPath_RS1/41068_ignition_bringup/install/setup.zsh'
