[0.171s] Invoking command in '/home/student/git/PreyPath_RS1/41068_ws/build/robot_description': CMAKE_PREFIX_PATH=${CMAKE_PREFIX_PATH}:/opt/ros/humble /usr/bin/cmake /home/student/git/PreyPath_RS1/41068_ws/src/quadruped_robot_ROS2/src/robot_simulation/robot_description -DAMENT_CMAKE_SYMLINK_INSTALL=1 -DCMAKE_INSTALL_PREFIX=/home/student/git/PreyPath_RS1/41068_ws/install/robot_description
[0.331s] -- The C compiler identification is GNU 11.4.0
[0.420s] -- The CXX compiler identification is GNU 11.4.0
[0.430s] -- Detecting C compiler ABI info
[0.537s] -- Detecting C compiler ABI info - done
[0.545s] -- Check for working C compiler: /usr/bin/cc - skipped
[0.545s] -- Detecting C compile features
[0.546s] -- Detecting C compile features - done
[0.549s] -- Detecting CXX compiler ABI info
[0.716s] -- Detecting CXX compiler ABI info - done
[0.725s] -- Check for working CXX compiler: /usr/bin/c++ - skipped
[0.725s] -- Detecting CXX compile features
[0.726s] -- Detecting CXX compile features - done
[0.729s] -- Found ament_cmake: 1.3.12 (/opt/ros/humble/share/ament_cmake/cmake)
[0.901s] -- Found Python3: /usr/bin/python3 (found version "3.10.12") found components: Interpreter 
[0.974s] -- Override CMake install command with custom implementation using symlinks instead of copying resources
[1.652s] -- Found urdf: 2.6.1 (/opt/ros/humble/share/urdf/cmake)
[4.128s] -- Found ament_lint_auto: 0.12.14 (/opt/ros/humble/share/ament_lint_auto/cmake)
[4.308s] -- Added test 'copyright' to check source files copyright and LICENSE
[4.315s] -- Added test 'lint_cmake' to check CMake code style
[4.319s] -- Added test 'xmllint' to check XML markup files
[4.321s] -- Configuring done
[4.325s] -- Generating done
[4.327s] -- Build files have been written to: /home/student/git/PreyPath_RS1/41068_ws/build/robot_description
[4.336s] Invoked command in '/home/student/git/PreyPath_RS1/41068_ws/build/robot_description' returned '0': CMAKE_PREFIX_PATH=${CMAKE_PREFIX_PATH}:/opt/ros/humble /usr/bin/cmake /home/student/git/PreyPath_RS1/41068_ws/src/quadruped_robot_ROS2/src/robot_simulation/robot_description -DAMENT_CMAKE_SYMLINK_INSTALL=1 -DCMAKE_INSTALL_PREFIX=/home/student/git/PreyPath_RS1/41068_ws/install/robot_description
[4.338s] Invoking command in '/home/student/git/PreyPath_RS1/41068_ws/build/robot_description': CMAKE_PREFIX_PATH=${CMAKE_PREFIX_PATH}:/opt/ros/humble /usr/bin/cmake --build /home/student/git/PreyPath_RS1/41068_ws/build/robot_description -- -j8 -l8
[4.391s] Invoked command in '/home/student/git/PreyPath_RS1/41068_ws/build/robot_description' returned '0': CMAKE_PREFIX_PATH=${CMAKE_PREFIX_PATH}:/opt/ros/humble /usr/bin/cmake --build /home/student/git/PreyPath_RS1/41068_ws/build/robot_description -- -j8 -l8
[4.393s] Invoking command in '/home/student/git/PreyPath_RS1/41068_ws/build/robot_description': CMAKE_PREFIX_PATH=${CMAKE_PREFIX_PATH}:/opt/ros/humble /usr/bin/cmake --install /home/student/git/PreyPath_RS1/41068_ws/build/robot_description
[4.401s] -- Install configuration: ""
[4.402s] -- Execute custom install script
[4.402s] -- Symlinking: /home/student/git/PreyPath_RS1/41068_ws/install/robot_description/share/robot_description//robot/parts/base/base.gazebo
[4.412s] -- Symlinking: /home/student/git/PreyPath_RS1/41068_ws/install/robot_description/share/robot_description//robot/parts/base/base.xacro
[4.420s] -- Symlinking: /home/student/git/PreyPath_RS1/41068_ws/install/robot_description/share/robot_description//robot/parts/left_thigh/left_thigh.gazebo
[4.428s] -- Symlinking: /home/student/git/PreyPath_RS1/41068_ws/install/robot_description/share/robot_description//robot/parts/left_thigh/left_thigh.xacro
[4.437s] -- Symlinking: /home/student/git/PreyPath_RS1/41068_ws/install/robot_description/share/robot_description//robot/parts/leg_joint/leg_joint.gazebo
[4.445s] -- Symlinking: /home/student/git/PreyPath_RS1/41068_ws/install/robot_description/share/robot_description//robot/parts/leg_joint/leg_joint.xacro
[4.453s] -- Symlinking: /home/student/git/PreyPath_RS1/41068_ws/install/robot_description/share/robot_description//robot/parts/right_thigh/right_thigh.gazebo
[4.462s] -- Symlinking: /home/student/git/PreyPath_RS1/41068_ws/install/robot_description/share/robot_description//robot/parts/right_thigh/right_thigh.xacro
[4.471s] -- Symlinking: /home/student/git/PreyPath_RS1/41068_ws/install/robot_description/share/robot_description//robot/parts/shin/shin.gazebo
[4.479s] -- Symlinking: /home/student/git/PreyPath_RS1/41068_ws/install/robot_description/share/robot_description//robot/parts/shin/shin.xacro
[4.491s] -- Symlinking: /home/student/git/PreyPath_RS1/41068_ws/install/robot_description/share/robot_description//robot/robot.xacro
[4.501s] -- Symlinking: /home/student/git/PreyPath_RS1/41068_ws/install/robot_description/share/robot_description//robot/robot_control_gazebo.xacro
[4.512s] -- Symlinking: /home/student/git/PreyPath_RS1/41068_ws/install/robot_description/share/robot_description//meshes/DAE/base/base_link.dae
[4.521s] -- Symlinking: /home/student/git/PreyPath_RS1/41068_ws/install/robot_description/share/robot_description//meshes/DAE/left_thigh/left_thigh.dae
[4.530s] -- Symlinking: /home/student/git/PreyPath_RS1/41068_ws/install/robot_description/share/robot_description//meshes/DAE/leg_joint/leg_joint.dae
[4.538s] -- Symlinking: /home/student/git/PreyPath_RS1/41068_ws/install/robot_description/share/robot_description//meshes/DAE/nuckle/knuckle.dae
[4.546s] -- Symlinking: /home/student/git/PreyPath_RS1/41068_ws/install/robot_description/share/robot_description//meshes/DAE/right_thigh/right_thigh.dae
[4.555s] -- Symlinking: /home/student/git/PreyPath_RS1/41068_ws/install/robot_description/share/robot_description//meshes/DAE/shin/shin.dae
[4.564s] -- Symlinking: /home/student/git/PreyPath_RS1/41068_ws/install/robot_description/share/robot_description//meshes/DAE/wheel/wheel.dae
[4.572s] -- Symlinking: /home/student/git/PreyPath_RS1/41068_ws/install/robot_description/share/robot_description//meshes/STL/base/base_link.stl
[4.581s] -- Symlinking: /home/student/git/PreyPath_RS1/41068_ws/install/robot_description/share/robot_description//meshes/STL/base/base_link_old.stl
[4.592s] -- Symlinking: /home/student/git/PreyPath_RS1/41068_ws/install/robot_description/share/robot_description//meshes/STL/knuckle/knuckle.stl
[4.601s] -- Symlinking: /home/student/git/PreyPath_RS1/41068_ws/install/robot_description/share/robot_description//meshes/STL/left_thigh/left_thigh.stl
[4.610s] -- Symlinking: /home/student/git/PreyPath_RS1/41068_ws/install/robot_description/share/robot_description//meshes/STL/leg_joint/leg_joint.stl
[4.619s] -- Symlinking: /home/student/git/PreyPath_RS1/41068_ws/install/robot_description/share/robot_description//meshes/STL/right_thigh/right_thigh.stl
[4.627s] -- Symlinking: /home/student/git/PreyPath_RS1/41068_ws/install/robot_description/share/robot_description//meshes/STL/shin/shin.stl
[4.636s] -- Symlinking: /home/student/git/PreyPath_RS1/41068_ws/install/robot_description/share/robot_description//config/robot_controller.yaml
[4.645s] -- Symlinking: /home/student/git/PreyPath_RS1/41068_ws/install/robot_description/share/ament_index/resource_index/package_run_dependencies/robot_description
[4.654s] -- Symlinking: /home/student/git/PreyPath_RS1/41068_ws/install/robot_description/share/ament_index/resource_index/parent_prefix_path/robot_description
[4.662s] -- Symlinking: /home/student/git/PreyPath_RS1/41068_ws/install/robot_description/share/robot_description/environment/ament_prefix_path.sh
[4.670s] -- Symlinking: /home/student/git/PreyPath_RS1/41068_ws/install/robot_description/share/robot_description/environment/ament_prefix_path.dsv
[4.679s] -- Symlinking: /home/student/git/PreyPath_RS1/41068_ws/install/robot_description/share/robot_description/environment/path.sh
[4.690s] -- Symlinking: /home/student/git/PreyPath_RS1/41068_ws/install/robot_description/share/robot_description/environment/path.dsv
[4.699s] -- Symlinking: /home/student/git/PreyPath_RS1/41068_ws/install/robot_description/share/robot_description/local_setup.bash
[4.708s] -- Symlinking: /home/student/git/PreyPath_RS1/41068_ws/install/robot_description/share/robot_description/local_setup.sh
[4.717s] -- Symlinking: /home/student/git/PreyPath_RS1/41068_ws/install/robot_description/share/robot_description/local_setup.zsh
[4.725s] -- Symlinking: /home/student/git/PreyPath_RS1/41068_ws/install/robot_description/share/robot_description/local_setup.dsv
[4.734s] -- Symlinking: /home/student/git/PreyPath_RS1/41068_ws/install/robot_description/share/robot_description/package.dsv
[4.743s] -- Symlinking: /home/student/git/PreyPath_RS1/41068_ws/install/robot_description/share/ament_index/resource_index/packages/robot_description
[4.752s] -- Symlinking: /home/student/git/PreyPath_RS1/41068_ws/install/robot_description/share/robot_description/cmake/robot_descriptionConfig.cmake
[4.761s] -- Symlinking: /home/student/git/PreyPath_RS1/41068_ws/install/robot_description/share/robot_description/cmake/robot_descriptionConfig-version.cmake
[4.769s] -- Symlinking: /home/student/git/PreyPath_RS1/41068_ws/install/robot_description/share/robot_description/package.xml
[4.780s] Invoked command in '/home/student/git/PreyPath_RS1/41068_ws/build/robot_description' returned '0': CMAKE_PREFIX_PATH=${CMAKE_PREFIX_PATH}:/opt/ros/humble /usr/bin/cmake --install /home/student/git/PreyPath_RS1/41068_ws/build/robot_description
