[0.319s] DEBUG:colcon:Command line arguments: ['/usr/bin/colcon', 'build', '--symlink-install']
[0.319s] DEBUG:colcon:Parsed command line arguments: Namespace(log_base=None, log_level=None, verb_name='build', build_base='build', install_base='install', merge_install=False, symlink_install=True, test_result_base=None, continue_on_error=False, executor='parallel', parallel_workers=8, event_handlers=None, ignore_user_meta=False, metas=['./colcon.meta'], base_paths=['.'], packages_ignore=None, packages_ignore_regex=None, paths=None, packages_up_to=None, packages_up_to_regex=None, packages_above=None, packages_above_and_dependencies=None, packages_above_depth=None, packages_select_by_dep=None, packages_skip_by_dep=None, packages_skip_up_to=None, packages_select_build_failed=False, packages_skip_build_finished=False, packages_select_test_failures=False, packages_skip_test_passed=False, packages_select=None, packages_skip=None, packages_select_regex=None, packages_skip_regex=None, packages_start=None, packages_end=None, allow_overriding=[], cmake_args=None, cmake_target=None, cmake_target_skip_unavailable=False, cmake_clean_cache=False, cmake_clean_first=False, cmake_force_configure=False, ament_cmake_args=None, catkin_cmake_args=None, catkin_skip_building_tests=False, mixin_files=None, mixin=None, verb_parser=<colcon_mixin.mixin.mixin_argument.MixinArgumentDecorator object at 0x76448143a020>, verb_extension=<colcon_core.verb.build.BuildVerb object at 0x764481439300>, main=<bound method BuildVerb.main of <colcon_core.verb.build.BuildVerb object at 0x764481439300>>, mixin_verb=('build',))
[0.826s] Level 1:colcon.colcon_core.package_discovery:discover_packages(colcon_meta) check parameters
[0.826s] Level 1:colcon.colcon_core.package_discovery:discover_packages(recursive) check parameters
[0.826s] Level 1:colcon.colcon_core.package_discovery:discover_packages(ignore) check parameters
[0.826s] Level 1:colcon.colcon_core.package_discovery:discover_packages(path) check parameters
[0.827s] Level 1:colcon.colcon_core.package_discovery:discover_packages(colcon_meta) discover
[0.827s] Level 1:colcon.colcon_core.package_discovery:discover_packages(recursive) discover
[0.827s] INFO:colcon.colcon_core.package_discovery:Crawling recursively for packages in '/home/jonathan/git/PreyPath_RS1/41068_ignition_bringup'
[0.827s] Level 1:colcon.colcon_core.package_identification:_identify(.) by extensions ['ignore', 'ignore_ament_install']
[0.827s] Level 1:colcon.colcon_core.package_identification:_identify(.) by extension 'ignore'
[0.827s] Level 1:colcon.colcon_core.package_identification:_identify(.) by extension 'ignore_ament_install'
[0.827s] Level 1:colcon.colcon_core.package_identification:_identify(.) by extensions ['colcon_pkg']
[0.827s] Level 1:colcon.colcon_core.package_identification:_identify(.) by extension 'colcon_pkg'
[0.827s] Level 1:colcon.colcon_core.package_identification:_identify(.) by extensions ['colcon_meta']
[0.827s] Level 1:colcon.colcon_core.package_identification:_identify(.) by extension 'colcon_meta'
[0.827s] Level 1:colcon.colcon_core.package_identification:_identify(.) by extensions ['ros']
[0.827s] Level 1:colcon.colcon_core.package_identification:_identify(.) by extension 'ros'
[0.861s] DEBUG:colcon.colcon_core.package_identification:Package '.' with type 'ros.ament_cmake' and name '41068_ignition_bringup'
[0.861s] Level 1:colcon.colcon_core.package_discovery:discover_packages(recursive) using defaults
[0.861s] Level 1:colcon.colcon_core.package_discovery:discover_packages(ignore) discover
[0.861s] Level 1:colcon.colcon_core.package_discovery:discover_packages(ignore) using defaults
[0.861s] Level 1:colcon.colcon_core.package_discovery:discover_packages(path) discover
[0.862s] Level 1:colcon.colcon_core.package_discovery:discover_packages(path) using defaults
[0.935s] Level 1:colcon.colcon_core.package_discovery:discover_packages(prefix_path) check parameters
[0.935s] Level 1:colcon.colcon_core.package_discovery:discover_packages(prefix_path) discover
[0.944s] DEBUG:colcon.colcon_installed_package_information.package_discovery:Found 1 installed packages in /home/jonathan/41068_ws/install
[0.945s] DEBUG:colcon.colcon_installed_package_information.package_discovery:Found 4 installed packages in /home/jonathan/ros_ws/install
[0.949s] DEBUG:colcon.colcon_installed_package_information.package_discovery:Found 428 installed packages in /opt/ros/humble
[0.953s] Level 1:colcon.colcon_core.package_discovery:discover_packages(prefix_path) using defaults
[1.058s] Level 5:colcon.colcon_core.verb:set package '41068_ignition_bringup' build argument 'cmake_args' from command line to 'None'
[1.058s] Level 5:colcon.colcon_core.verb:set package '41068_ignition_bringup' build argument 'cmake_target' from command line to 'None'
[1.058s] Level 5:colcon.colcon_core.verb:set package '41068_ignition_bringup' build argument 'cmake_target_skip_unavailable' from command line to 'False'
[1.058s] Level 5:colcon.colcon_core.verb:set package '41068_ignition_bringup' build argument 'cmake_clean_cache' from command line to 'False'
[1.058s] Level 5:colcon.colcon_core.verb:set package '41068_ignition_bringup' build argument 'cmake_clean_first' from command line to 'False'
[1.058s] Level 5:colcon.colcon_core.verb:set package '41068_ignition_bringup' build argument 'cmake_force_configure' from command line to 'False'
[1.058s] Level 5:colcon.colcon_core.verb:set package '41068_ignition_bringup' build argument 'ament_cmake_args' from command line to 'None'
[1.058s] Level 5:colcon.colcon_core.verb:set package '41068_ignition_bringup' build argument 'catkin_cmake_args' from command line to 'None'
[1.058s] Level 5:colcon.colcon_core.verb:set package '41068_ignition_bringup' build argument 'catkin_skip_building_tests' from command line to 'False'
[1.058s] DEBUG:colcon.colcon_core.verb:Building package '41068_ignition_bringup' with the following arguments: {'ament_cmake_args': None, 'build_base': '/home/jonathan/git/PreyPath_RS1/41068_ignition_bringup/build/41068_ignition_bringup', 'catkin_cmake_args': None, 'catkin_skip_building_tests': False, 'cmake_args': None, 'cmake_clean_cache': False, 'cmake_clean_first': False, 'cmake_force_configure': False, 'cmake_target': None, 'cmake_target_skip_unavailable': False, 'install_base': '/home/jonathan/git/PreyPath_RS1/41068_ignition_bringup/install/41068_ignition_bringup', 'merge_install': False, 'path': '/home/jonathan/git/PreyPath_RS1/41068_ignition_bringup', 'symlink_install': True, 'test_result_base': None}
[1.058s] INFO:colcon.colcon_core.executor:Executing jobs using 'parallel' executor
[1.060s] DEBUG:colcon.colcon_parallel_executor.executor.parallel:run_until_complete
[1.061s] INFO:colcon.colcon_ros.task.ament_cmake.build:Building ROS package in '/home/jonathan/git/PreyPath_RS1/41068_ignition_bringup' with build type 'ament_cmake'
[1.061s] INFO:colcon.colcon_cmake.task.cmake.build:Building CMake package in '/home/jonathan/git/PreyPath_RS1/41068_ignition_bringup'
[1.068s] INFO:colcon.colcon_core.plugin_system:Skipping extension 'colcon_core.shell.bat': Not used on non-Windows systems
[1.068s] INFO:colcon.colcon_core.shell:Skip shell extension 'powershell' for command environment: Not usable outside of PowerShell
[1.069s] DEBUG:colcon.colcon_core.shell:Skip shell extension 'dsv' for command environment
[1.089s] DEBUG:colcon.colcon_core.event_handler.log_command:Invoking command in '/home/jonathan/git/PreyPath_RS1/41068_ignition_bringup/build/41068_ignition_bringup': CMAKE_PREFIX_PATH=/home/jonathan/ros_ws/install/stage_ros2:/home/jonathan/ros_ws/install/path_planner:/home/jonathan/ros_ws/install/particle_filter_localisation:/opt/ros/humble:/home/jonathan/ros_ws/install/stage:/home/jonathan/41068_ws/install/41068_ignition_bringup /usr/bin/cmake /home/jonathan/git/PreyPath_RS1/41068_ignition_bringup -DAMENT_CMAKE_SYMLINK_INSTALL=1 -DCMAKE_INSTALL_PREFIX=/home/jonathan/git/PreyPath_RS1/41068_ignition_bringup/install/41068_ignition_bringup
[3.689s] DEBUG:colcon.colcon_core.event_handler.log_command:Invoked command in '/home/jonathan/git/PreyPath_RS1/41068_ignition_bringup/build/41068_ignition_bringup' returned '0': CMAKE_PREFIX_PATH=/home/jonathan/ros_ws/install/stage_ros2:/home/jonathan/ros_ws/install/path_planner:/home/jonathan/ros_ws/install/particle_filter_localisation:/opt/ros/humble:/home/jonathan/ros_ws/install/stage:/home/jonathan/41068_ws/install/41068_ignition_bringup /usr/bin/cmake /home/jonathan/git/PreyPath_RS1/41068_ignition_bringup -DAMENT_CMAKE_SYMLINK_INSTALL=1 -DCMAKE_INSTALL_PREFIX=/home/jonathan/git/PreyPath_RS1/41068_ignition_bringup/install/41068_ignition_bringup
[3.693s] DEBUG:colcon.colcon_core.event_handler.log_command:Invoking command in '/home/jonathan/git/PreyPath_RS1/41068_ignition_bringup/build/41068_ignition_bringup': CMAKE_PREFIX_PATH=/home/jonathan/ros_ws/install/stage_ros2:/home/jonathan/ros_ws/install/path_planner:/home/jonathan/ros_ws/install/particle_filter_localisation:/opt/ros/humble:/home/jonathan/ros_ws/install/stage:/home/jonathan/41068_ws/install/41068_ignition_bringup /usr/bin/cmake --build /home/jonathan/git/PreyPath_RS1/41068_ignition_bringup/build/41068_ignition_bringup -- -j8 -l8
[3.777s] DEBUG:colcon.colcon_core.event_handler.log_command:Invoked command in '/home/jonathan/git/PreyPath_RS1/41068_ignition_bringup/build/41068_ignition_bringup' returned '0': CMAKE_PREFIX_PATH=/home/jonathan/ros_ws/install/stage_ros2:/home/jonathan/ros_ws/install/path_planner:/home/jonathan/ros_ws/install/particle_filter_localisation:/opt/ros/humble:/home/jonathan/ros_ws/install/stage:/home/jonathan/41068_ws/install/41068_ignition_bringup /usr/bin/cmake --build /home/jonathan/git/PreyPath_RS1/41068_ignition_bringup/build/41068_ignition_bringup -- -j8 -l8
[3.798s] DEBUG:colcon.colcon_core.event_handler.log_command:Invoking command in '/home/jonathan/git/PreyPath_RS1/41068_ignition_bringup/build/41068_ignition_bringup': CMAKE_PREFIX_PATH=/home/jonathan/ros_ws/install/stage_ros2:/home/jonathan/ros_ws/install/path_planner:/home/jonathan/ros_ws/install/particle_filter_localisation:/opt/ros/humble:/home/jonathan/ros_ws/install/stage:/home/jonathan/41068_ws/install/41068_ignition_bringup /usr/bin/cmake --install /home/jonathan/git/PreyPath_RS1/41068_ignition_bringup/build/41068_ignition_bringup
[4.624s] Level 1:colcon.colcon_core.environment:create_environment_scripts_only(41068_ignition_bringup)
[4.625s] DEBUG:colcon.colcon_core.event_handler.log_command:Invoked command in '/home/jonathan/git/PreyPath_RS1/41068_ignition_bringup/build/41068_ignition_bringup' returned '0': CMAKE_PREFIX_PATH=/home/jonathan/ros_ws/install/stage_ros2:/home/jonathan/ros_ws/install/path_planner:/home/jonathan/ros_ws/install/particle_filter_localisation:/opt/ros/humble:/home/jonathan/ros_ws/install/stage:/home/jonathan/41068_ws/install/41068_ignition_bringup /usr/bin/cmake --install /home/jonathan/git/PreyPath_RS1/41068_ignition_bringup/build/41068_ignition_bringup
[4.632s] Level 1:colcon.colcon_core.environment:checking '/home/jonathan/git/PreyPath_RS1/41068_ignition_bringup/install/41068_ignition_bringup' for CMake module files
[4.632s] Level 1:colcon.colcon_core.environment:checking '/home/jonathan/git/PreyPath_RS1/41068_ignition_bringup/install/41068_ignition_bringup' for CMake config files
[4.633s] Level 1:colcon.colcon_core.shell:create_environment_hook('41068_ignition_bringup', 'cmake_prefix_path')
[4.633s] INFO:colcon.colcon_core.shell:Creating environment hook '/home/jonathan/git/PreyPath_RS1/41068_ignition_bringup/install/41068_ignition_bringup/share/41068_ignition_bringup/hook/cmake_prefix_path.ps1'
[4.634s] INFO:colcon.colcon_core.shell:Creating environment descriptor '/home/jonathan/git/PreyPath_RS1/41068_ignition_bringup/install/41068_ignition_bringup/share/41068_ignition_bringup/hook/cmake_prefix_path.dsv'
[4.634s] INFO:colcon.colcon_core.shell:Creating environment hook '/home/jonathan/git/PreyPath_RS1/41068_ignition_bringup/install/41068_ignition_bringup/share/41068_ignition_bringup/hook/cmake_prefix_path.sh'
[4.636s] Level 1:colcon.colcon_core.environment:checking '/home/jonathan/git/PreyPath_RS1/41068_ignition_bringup/install/41068_ignition_bringup/bin'
[4.636s] Level 1:colcon.colcon_core.environment:checking '/home/jonathan/git/PreyPath_RS1/41068_ignition_bringup/install/41068_ignition_bringup/lib/pkgconfig/41068_ignition_bringup.pc'
[4.636s] Level 1:colcon.colcon_core.environment:checking '/home/jonathan/git/PreyPath_RS1/41068_ignition_bringup/install/41068_ignition_bringup/lib/python3.10/site-packages'
[4.636s] Level 1:colcon.colcon_core.environment:checking '/home/jonathan/git/PreyPath_RS1/41068_ignition_bringup/install/41068_ignition_bringup/bin'
[4.636s] INFO:colcon.colcon_core.shell:Creating package script '/home/jonathan/git/PreyPath_RS1/41068_ignition_bringup/install/41068_ignition_bringup/share/41068_ignition_bringup/package.ps1'
[4.637s] INFO:colcon.colcon_core.shell:Creating package descriptor '/home/jonathan/git/PreyPath_RS1/41068_ignition_bringup/install/41068_ignition_bringup/share/41068_ignition_bringup/package.dsv'
[4.638s] INFO:colcon.colcon_core.shell:Creating package script '/home/jonathan/git/PreyPath_RS1/41068_ignition_bringup/install/41068_ignition_bringup/share/41068_ignition_bringup/package.sh'
[4.639s] INFO:colcon.colcon_core.shell:Creating package script '/home/jonathan/git/PreyPath_RS1/41068_ignition_bringup/install/41068_ignition_bringup/share/41068_ignition_bringup/package.bash'
[4.640s] INFO:colcon.colcon_core.shell:Creating package script '/home/jonathan/git/PreyPath_RS1/41068_ignition_bringup/install/41068_ignition_bringup/share/41068_ignition_bringup/package.zsh'
[4.641s] Level 1:colcon.colcon_core.environment:create_file_with_runtime_dependencies(/home/jonathan/git/PreyPath_RS1/41068_ignition_bringup/install/41068_ignition_bringup/share/colcon-core/packages/41068_ignition_bringup)
[4.641s] Level 1:colcon.colcon_core.environment:create_environment_scripts_only(41068_ignition_bringup)
[4.642s] Level 1:colcon.colcon_core.environment:checking '/home/jonathan/git/PreyPath_RS1/41068_ignition_bringup/install/41068_ignition_bringup' for CMake module files
[4.642s] Level 1:colcon.colcon_core.environment:checking '/home/jonathan/git/PreyPath_RS1/41068_ignition_bringup/install/41068_ignition_bringup' for CMake config files
[4.642s] Level 1:colcon.colcon_core.shell:create_environment_hook('41068_ignition_bringup', 'cmake_prefix_path')
[4.642s] INFO:colcon.colcon_core.shell:Creating environment hook '/home/jonathan/git/PreyPath_RS1/41068_ignition_bringup/install/41068_ignition_bringup/share/41068_ignition_bringup/hook/cmake_prefix_path.ps1'
[4.643s] INFO:colcon.colcon_core.shell:Creating environment descriptor '/home/jonathan/git/PreyPath_RS1/41068_ignition_bringup/install/41068_ignition_bringup/share/41068_ignition_bringup/hook/cmake_prefix_path.dsv'
[4.643s] INFO:colcon.colcon_core.shell:Creating environment hook '/home/jonathan/git/PreyPath_RS1/41068_ignition_bringup/install/41068_ignition_bringup/share/41068_ignition_bringup/hook/cmake_prefix_path.sh'
[4.644s] Level 1:colcon.colcon_core.environment:checking '/home/jonathan/git/PreyPath_RS1/41068_ignition_bringup/install/41068_ignition_bringup/bin'
[4.644s] Level 1:colcon.colcon_core.environment:checking '/home/jonathan/git/PreyPath_RS1/41068_ignition_bringup/install/41068_ignition_bringup/lib/pkgconfig/41068_ignition_bringup.pc'
[4.644s] Level 1:colcon.colcon_core.environment:checking '/home/jonathan/git/PreyPath_RS1/41068_ignition_bringup/install/41068_ignition_bringup/lib/python3.10/site-packages'
[4.645s] Level 1:colcon.colcon_core.environment:checking '/home/jonathan/git/PreyPath_RS1/41068_ignition_bringup/install/41068_ignition_bringup/bin'
[4.645s] INFO:colcon.colcon_core.shell:Creating package script '/home/jonathan/git/PreyPath_RS1/41068_ignition_bringup/install/41068_ignition_bringup/share/41068_ignition_bringup/package.ps1'
[4.646s] INFO:colcon.colcon_core.shell:Creating package descriptor '/home/jonathan/git/PreyPath_RS1/41068_ignition_bringup/install/41068_ignition_bringup/share/41068_ignition_bringup/package.dsv'
[4.646s] INFO:colcon.colcon_core.shell:Creating package script '/home/jonathan/git/PreyPath_RS1/41068_ignition_bringup/install/41068_ignition_bringup/share/41068_ignition_bringup/package.sh'
[4.646s] INFO:colcon.colcon_core.shell:Creating package script '/home/jonathan/git/PreyPath_RS1/41068_ignition_bringup/install/41068_ignition_bringup/share/41068_ignition_bringup/package.bash'
[4.647s] INFO:colcon.colcon_core.shell:Creating package script '/home/jonathan/git/PreyPath_RS1/41068_ignition_bringup/install/41068_ignition_bringup/share/41068_ignition_bringup/package.zsh'
[4.647s] Level 1:colcon.colcon_core.environment:create_file_with_runtime_dependencies(/home/jonathan/git/PreyPath_RS1/41068_ignition_bringup/install/41068_ignition_bringup/share/colcon-core/packages/41068_ignition_bringup)
[4.648s] DEBUG:colcon.colcon_parallel_executor.executor.parallel:closing loop
[4.648s] DEBUG:colcon.colcon_parallel_executor.executor.parallel:loop closed
[4.648s] DEBUG:colcon.colcon_parallel_executor.executor.parallel:run_until_complete finished with '0'
[4.648s] DEBUG:colcon.colcon_core.event_reactor:joining thread
[4.659s] INFO:colcon.colcon_core.plugin_system:Skipping extension 'colcon_notification.desktop_notification.terminal_notifier': Not used on non-Darwin systems
[4.660s] INFO:colcon.colcon_core.plugin_system:Skipping extension 'colcon_notification.desktop_notification.win32': Not used on non-Windows systems
[4.660s] INFO:colcon.colcon_notification.desktop_notification:Sending desktop notification using 'notify2'
[4.676s] DEBUG:colcon.colcon_core.event_reactor:joined thread
[4.677s] INFO:colcon.colcon_core.shell:Creating prefix script '/home/jonathan/git/PreyPath_RS1/41068_ignition_bringup/install/local_setup.ps1'
[4.678s] INFO:colcon.colcon_core.shell:Creating prefix util module '/home/jonathan/git/PreyPath_RS1/41068_ignition_bringup/install/_local_setup_util_ps1.py'
[4.680s] INFO:colcon.colcon_core.shell:Creating prefix chain script '/home/jonathan/git/PreyPath_RS1/41068_ignition_bringup/install/setup.ps1'
[4.682s] INFO:colcon.colcon_core.shell:Creating prefix script '/home/jonathan/git/PreyPath_RS1/41068_ignition_bringup/install/local_setup.sh'
[4.684s] INFO:colcon.colcon_core.shell:Creating prefix util module '/home/jonathan/git/PreyPath_RS1/41068_ignition_bringup/install/_local_setup_util_sh.py'
[4.685s] INFO:colcon.colcon_core.shell:Creating prefix chain script '/home/jonathan/git/PreyPath_RS1/41068_ignition_bringup/install/setup.sh'
[4.687s] INFO:colcon.colcon_core.shell:Creating prefix script '/home/jonathan/git/PreyPath_RS1/41068_ignition_bringup/install/local_setup.bash'
[4.688s] INFO:colcon.colcon_core.shell:Creating prefix chain script '/home/jonathan/git/PreyPath_RS1/41068_ignition_bringup/install/setup.bash'
[4.690s] INFO:colcon.colcon_core.shell:Creating prefix script '/home/jonathan/git/PreyPath_RS1/41068_ignition_bringup/install/local_setup.zsh'
[4.691s] INFO:colcon.colcon_core.shell:Creating prefix chain script '/home/jonathan/git/PreyPath_RS1/41068_ignition_bringup/install/setup.zsh'
