running develop
running egg_info
creating preypath_sensors.egg-info
writing preypath_sensors.egg-info/PKG-INFO
writing dependency_links to preypath_sensors.egg-info/dependency_links.txt
writing entry points to preypath_sensors.egg-info/entry_points.txt
writing requirements to preypath_sensors.egg-info/requires.txt
writing top-level names to preypath_sensors.egg-info/top_level.txt
writing manifest file 'preypath_sensors.egg-info/SOURCES.txt'
reading manifest file 'preypath_sensors.egg-info/SOURCES.txt'
writing manifest file 'preypath_sensors.egg-info/SOURCES.txt'
running build_ext
Creating /home/jonathan/git/PreyPath_RS1/sensor/install/preypath_sensors/lib/python3.10/site-packages/preypath-sensors.egg-link (link to .)
Installing heartbeat script to /home/jonathan/git/PreyPath_RS1/sensor/install/preypath_sensors/lib/preypath_sensors

Installed /home/jonathan/git/PreyPath_RS1/sensor/build/preypath_sensors
running symlink_data
creating /home/jonathan/git/PreyPath_RS1/sensor/install/preypath_sensors/share/ament_index
creating /home/jonathan/git/PreyPath_RS1/sensor/install/preypath_sensors/share/ament_index/resource_index
creating /home/jonathan/git/PreyPath_RS1/sensor/install/preypath_sensors/share/ament_index/resource_index/packages
symbolically linking /home/jonathan/git/PreyPath_RS1/sensor/build/preypath_sensors/resource/preypath_sensors -> /home/jonathan/git/PreyPath_RS1/sensor/install/preypath_sensors/share/ament_index/resource_index/packages
symbolically linking /home/jonathan/git/PreyPath_RS1/sensor/build/preypath_sensors/package.xml -> /home/jonathan/git/PreyPath_RS1/sensor/install/preypath_sensors/share/preypath_sensors
creating /home/jonathan/git/PreyPath_RS1/sensor/install/preypath_sensors/share/preypath_sensors/launch
symbolically linking /home/jonathan/git/PreyPath_RS1/sensor/build/preypath_sensors/launch/sensors_minimal.launch.py -> /home/jonathan/git/PreyPath_RS1/sensor/install/preypath_sensors/share/preypath_sensors/launch
creating /home/jonathan/git/PreyPath_RS1/sensor/install/preypath_sensors/share/preypath_sensors/config
