[0.144s] DEBUG:colcon:Command line arguments: ['/usr/bin/colcon', 'build', '--symlink-install']
[0.144s] DEBUG:colcon:Parsed command line arguments: Namespace(log_base=None, log_level=None, verb_name='build', build_base='build', install_base='install', merge_install=False, symlink_install=True, test_result_base=None, continue_on_error=False, executor='parallel', parallel_workers=8, event_handlers=None, ignore_user_meta=False, metas=['./colcon.meta'], base_paths=['.'], packages_ignore=None, packages_ignore_regex=None, paths=None, packages_up_to=None, packages_up_to_regex=None, packages_above=None, packages_above_and_dependencies=None, packages_above_depth=None, packages_select_by_dep=None, packages_skip_by_dep=None, packages_skip_up_to=None, packages_select_build_failed=False, packages_skip_build_finished=False, packages_select_test_failures=False, packages_skip_test_passed=False, packages_select=None, packages_skip=None, packages_select_regex=None, packages_skip_regex=None, packages_start=None, packages_end=None, allow_overriding=[], cmake_args=None, cmake_target=None, cmake_target_skip_unavailable=False, cmake_clean_cache=False, cmake_clean_first=False, cmake_force_configure=False, ament_cmake_args=None, catkin_cmake_args=None, catkin_skip_building_tests=False, mixin_files=None, mixin=None, verb_parser=<colcon_mixin.mixin.mixin_argument.MixinArgumentDecorator object at 0x774ab737a320>, verb_extension=<colcon_core.verb.build.BuildVerb object at 0x774ab7379900>, main=<bound method BuildVerb.main of <colcon_core.verb.build.BuildVerb object at 0x774ab7379900>>, mixin_verb=('build',))
[0.335s] Level 1:colcon.colcon_core.package_discovery:discover_packages(colcon_meta) check parameters
[0.335s] Level 1:colcon.colcon_core.package_discovery:discover_packages(recursive) check parameters
[0.335s] Level 1:colcon.colcon_core.package_discovery:discover_packages(ignore) check parameters
[0.335s] Level 1:colcon.colcon_core.package_discovery:discover_packages(path) check parameters
[0.335s] Level 1:colcon.colcon_core.package_discovery:discover_packages(colcon_meta) discover
[0.335s] Level 1:colcon.colcon_core.package_discovery:discover_packages(recursive) discover
[0.335s] INFO:colcon.colcon_core.package_discovery:Crawling recursively for packages in '/home/student/git/PreyPath_RS1/41068_ws'
[0.336s] Level 1:colcon.colcon_core.package_identification:_identify(.) by extensions ['ignore', 'ignore_ament_install']
[0.336s] Level 1:colcon.colcon_core.package_identification:_identify(.) by extension 'ignore'
[0.336s] Level 1:colcon.colcon_core.package_identification:_identify(.) by extension 'ignore_ament_install'
[0.336s] Level 1:colcon.colcon_core.package_identification:_identify(.) by extensions ['colcon_pkg']
[0.336s] Level 1:colcon.colcon_core.package_identification:_identify(.) by extension 'colcon_pkg'
[0.336s] Level 1:colcon.colcon_core.package_identification:_identify(.) by extensions ['colcon_meta']
[0.336s] Level 1:colcon.colcon_core.package_identification:_identify(.) by extension 'colcon_meta'
[0.336s] Level 1:colcon.colcon_core.package_identification:_identify(.) by extensions ['ros']
[0.336s] Level 1:colcon.colcon_core.package_identification:_identify(.) by extension 'ros'
[0.348s] Level 1:colcon.colcon_core.package_identification:_identify(.) by extensions ['cmake', 'python']
[0.348s] Level 1:colcon.colcon_core.package_identification:_identify(.) by extension 'cmake'
[0.348s] Level 1:colcon.colcon_core.package_identification:_identify(.) by extension 'python'
[0.348s] Level 1:colcon.colcon_core.package_identification:_identify(.) by extensions ['python_setup_py']
[0.348s] Level 1:colcon.colcon_core.package_identification:_identify(.) by extension 'python_setup_py'
[0.348s] Level 1:colcon.colcon_core.package_identification:_identify(build) by extensions ['ignore', 'ignore_ament_install']
[0.348s] Level 1:colcon.colcon_core.package_identification:_identify(build) by extension 'ignore'
[0.348s] Level 1:colcon.colcon_core.package_identification:_identify(build) ignored
[0.348s] Level 1:colcon.colcon_core.package_identification:_identify(install) by extensions ['ignore', 'ignore_ament_install']
[0.348s] Level 1:colcon.colcon_core.package_identification:_identify(install) by extension 'ignore'
[0.349s] Level 1:colcon.colcon_core.package_identification:_identify(install) ignored
[0.349s] Level 1:colcon.colcon_core.package_identification:_identify(log) by extensions ['ignore', 'ignore_ament_install']
[0.349s] Level 1:colcon.colcon_core.package_identification:_identify(log) by extension 'ignore'
[0.349s] Level 1:colcon.colcon_core.package_identification:_identify(log) ignored
[0.349s] Level 1:colcon.colcon_core.package_identification:_identify(src) by extensions ['ignore', 'ignore_ament_install']
[0.349s] Level 1:colcon.colcon_core.package_identification:_identify(src) by extension 'ignore'
[0.349s] Level 1:colcon.colcon_core.package_identification:_identify(src) by extension 'ignore_ament_install'
[0.349s] Level 1:colcon.colcon_core.package_identification:_identify(src) by extensions ['colcon_pkg']
[0.349s] Level 1:colcon.colcon_core.package_identification:_identify(src) by extension 'colcon_pkg'
[0.349s] Level 1:colcon.colcon_core.package_identification:_identify(src) by extensions ['colcon_meta']
[0.349s] Level 1:colcon.colcon_core.package_identification:_identify(src) by extension 'colcon_meta'
[0.349s] Level 1:colcon.colcon_core.package_identification:_identify(src) by extensions ['ros']
[0.349s] Level 1:colcon.colcon_core.package_identification:_identify(src) by extension 'ros'
[0.349s] Level 1:colcon.colcon_core.package_identification:_identify(src) by extensions ['cmake', 'python']
[0.349s] Level 1:colcon.colcon_core.package_identification:_identify(src) by extension 'cmake'
[0.349s] Level 1:colcon.colcon_core.package_identification:_identify(src) by extension 'python'
[0.349s] Level 1:colcon.colcon_core.package_identification:_identify(src) by extensions ['python_setup_py']
[0.349s] Level 1:colcon.colcon_core.package_identification:_identify(src) by extension 'python_setup_py'
[0.350s] Level 1:colcon.colcon_core.package_identification:_identify(src/41068_ignition_bringup) by extensions ['ignore', 'ignore_ament_install']
[0.350s] Level 1:colcon.colcon_core.package_identification:_identify(src/41068_ignition_bringup) by extension 'ignore'
[0.350s] Level 1:colcon.colcon_core.package_identification:_identify(src/41068_ignition_bringup) by extension 'ignore_ament_install'
[0.350s] Level 1:colcon.colcon_core.package_identification:_identify(src/41068_ignition_bringup) by extensions ['colcon_pkg']
[0.350s] Level 1:colcon.colcon_core.package_identification:_identify(src/41068_ignition_bringup) by extension 'colcon_pkg'
[0.350s] Level 1:colcon.colcon_core.package_identification:_identify(src/41068_ignition_bringup) by extensions ['colcon_meta']
[0.350s] Level 1:colcon.colcon_core.package_identification:_identify(src/41068_ignition_bringup) by extension 'colcon_meta'
[0.350s] Level 1:colcon.colcon_core.package_identification:_identify(src/41068_ignition_bringup) by extensions ['ros']
[0.350s] Level 1:colcon.colcon_core.package_identification:_identify(src/41068_ignition_bringup) by extension 'ros'
[0.354s] DEBUG:colcon.colcon_core.package_identification:Package 'src/41068_ignition_bringup' with type 'ros.ament_cmake' and name '41068_ignition_bringup'
[0.354s] Level 1:colcon.colcon_core.package_identification:_identify(src/UI) by extensions ['ignore', 'ignore_ament_install']
[0.354s] Level 1:colcon.colcon_core.package_identification:_identify(src/UI) by extension 'ignore'
[0.355s] Level 1:colcon.colcon_core.package_identification:_identify(src/UI) by extension 'ignore_ament_install'
[0.355s] Level 1:colcon.colcon_core.package_identification:_identify(src/UI) by extensions ['colcon_pkg']
[0.355s] Level 1:colcon.colcon_core.package_identification:_identify(src/UI) by extension 'colcon_pkg'
[0.355s] Level 1:colcon.colcon_core.package_identification:_identify(src/UI) by extensions ['colcon_meta']
[0.355s] Level 1:colcon.colcon_core.package_identification:_identify(src/UI) by extension 'colcon_meta'
[0.355s] Level 1:colcon.colcon_core.package_identification:_identify(src/UI) by extensions ['ros']
[0.355s] Level 1:colcon.colcon_core.package_identification:_identify(src/UI) by extension 'ros'
[0.355s] Level 1:colcon.colcon_core.package_identification:_identify(src/UI) by extensions ['cmake', 'python']
[0.355s] Level 1:colcon.colcon_core.package_identification:_identify(src/UI) by extension 'cmake'
[0.355s] Level 1:colcon.colcon_core.package_identification:_identify(src/UI) by extension 'python'
[0.355s] Level 1:colcon.colcon_core.package_identification:_identify(src/UI) by extensions ['python_setup_py']
[0.355s] Level 1:colcon.colcon_core.package_identification:_identify(src/UI) by extension 'python_setup_py'
[0.355s] Level 1:colcon.colcon_core.package_identification:_identify(src/UI/__pycache__) by extensions ['ignore', 'ignore_ament_install']
[0.355s] Level 1:colcon.colcon_core.package_identification:_identify(src/UI/__pycache__) by extension 'ignore'
[0.355s] Level 1:colcon.colcon_core.package_identification:_identify(src/UI/__pycache__) by extension 'ignore_ament_install'
[0.355s] Level 1:colcon.colcon_core.package_identification:_identify(src/UI/__pycache__) by extensions ['colcon_pkg']
[0.355s] Level 1:colcon.colcon_core.package_identification:_identify(src/UI/__pycache__) by extension 'colcon_pkg'
[0.355s] Level 1:colcon.colcon_core.package_identification:_identify(src/UI/__pycache__) by extensions ['colcon_meta']
[0.355s] Level 1:colcon.colcon_core.package_identification:_identify(src/UI/__pycache__) by extension 'colcon_meta'
[0.355s] Level 1:colcon.colcon_core.package_identification:_identify(src/UI/__pycache__) by extensions ['ros']
[0.355s] Level 1:colcon.colcon_core.package_identification:_identify(src/UI/__pycache__) by extension 'ros'
[0.356s] Level 1:colcon.colcon_core.package_identification:_identify(src/UI/__pycache__) by extensions ['cmake', 'python']
[0.356s] Level 1:colcon.colcon_core.package_identification:_identify(src/UI/__pycache__) by extension 'cmake'
[0.356s] Level 1:colcon.colcon_core.package_identification:_identify(src/UI/__pycache__) by extension 'python'
[0.356s] Level 1:colcon.colcon_core.package_identification:_identify(src/UI/__pycache__) by extensions ['python_setup_py']
[0.356s] Level 1:colcon.colcon_core.package_identification:_identify(src/UI/__pycache__) by extension 'python_setup_py'
[0.356s] Level 1:colcon.colcon_core.package_identification:_identify(src/robot_control) by extensions ['ignore', 'ignore_ament_install']
[0.356s] Level 1:colcon.colcon_core.package_identification:_identify(src/robot_control) by extension 'ignore'
[0.356s] Level 1:colcon.colcon_core.package_identification:_identify(src/robot_control) by extension 'ignore_ament_install'
[0.356s] Level 1:colcon.colcon_core.package_identification:_identify(src/robot_control) by extensions ['colcon_pkg']
[0.356s] Level 1:colcon.colcon_core.package_identification:_identify(src/robot_control) by extension 'colcon_pkg'
[0.356s] Level 1:colcon.colcon_core.package_identification:_identify(src/robot_control) by extensions ['colcon_meta']
[0.356s] Level 1:colcon.colcon_core.package_identification:_identify(src/robot_control) by extension 'colcon_meta'
[0.356s] Level 1:colcon.colcon_core.package_identification:_identify(src/robot_control) by extensions ['ros']
[0.356s] Level 1:colcon.colcon_core.package_identification:_identify(src/robot_control) by extension 'ros'
[0.357s] DEBUG:colcon.colcon_core.package_identification:Package 'src/robot_control' with type 'ros.ament_cmake' and name 'robot_control'
[0.357s] Level 1:colcon.colcon_core.package_identification:_identify(src/robot_description) by extensions ['ignore', 'ignore_ament_install']
[0.357s] Level 1:colcon.colcon_core.package_identification:_identify(src/robot_description) by extension 'ignore'
[0.357s] Level 1:colcon.colcon_core.package_identification:_identify(src/robot_description) by extension 'ignore_ament_install'
[0.357s] Level 1:colcon.colcon_core.package_identification:_identify(src/robot_description) by extensions ['colcon_pkg']
[0.357s] Level 1:colcon.colcon_core.package_identification:_identify(src/robot_description) by extension 'colcon_pkg'
[0.357s] Level 1:colcon.colcon_core.package_identification:_identify(src/robot_description) by extensions ['colcon_meta']
[0.357s] Level 1:colcon.colcon_core.package_identification:_identify(src/robot_description) by extension 'colcon_meta'
[0.357s] Level 1:colcon.colcon_core.package_identification:_identify(src/robot_description) by extensions ['ros']
[0.357s] Level 1:colcon.colcon_core.package_identification:_identify(src/robot_description) by extension 'ros'
[0.358s] DEBUG:colcon.colcon_core.package_identification:Package 'src/robot_description' with type 'ros.ament_cmake' and name 'robot_description'
[0.358s] Level 1:colcon.colcon_core.package_identification:_identify(src/robot_gazebo) by extensions ['ignore', 'ignore_ament_install']
[0.358s] Level 1:colcon.colcon_core.package_identification:_identify(src/robot_gazebo) by extension 'ignore'
[0.358s] Level 1:colcon.colcon_core.package_identification:_identify(src/robot_gazebo) by extension 'ignore_ament_install'
[0.358s] Level 1:colcon.colcon_core.package_identification:_identify(src/robot_gazebo) by extensions ['colcon_pkg']
[0.358s] Level 1:colcon.colcon_core.package_identification:_identify(src/robot_gazebo) by extension 'colcon_pkg'
[0.358s] Level 1:colcon.colcon_core.package_identification:_identify(src/robot_gazebo) by extensions ['colcon_meta']
[0.358s] Level 1:colcon.colcon_core.package_identification:_identify(src/robot_gazebo) by extension 'colcon_meta'
[0.358s] Level 1:colcon.colcon_core.package_identification:_identify(src/robot_gazebo) by extensions ['ros']
[0.358s] Level 1:colcon.colcon_core.package_identification:_identify(src/robot_gazebo) by extension 'ros'
[0.371s] DEBUG:colcon.colcon_core.package_identification:Package 'src/robot_gazebo' with type 'ros.ament_cmake' and name 'robot_gazebo'
[0.371s] Level 1:colcon.colcon_core.package_discovery:discover_packages(recursive) using defaults
[0.371s] Level 1:colcon.colcon_core.package_discovery:discover_packages(ignore) discover
[0.371s] Level 1:colcon.colcon_core.package_discovery:discover_packages(ignore) using defaults
[0.371s] Level 1:colcon.colcon_core.package_discovery:discover_packages(path) discover
[0.371s] Level 1:colcon.colcon_core.package_discovery:discover_packages(path) using defaults
[0.396s] Level 1:colcon.colcon_core.package_discovery:discover_packages(prefix_path) check parameters
[0.396s] Level 1:colcon.colcon_core.package_discovery:discover_packages(prefix_path) discover
[0.398s] DEBUG:colcon.colcon_installed_package_information.package_discovery:Found 4 installed packages in /home/student/git/PreyPath_RS1/41068_ws/install
[0.398s] DEBUG:colcon.colcon_installed_package_information.package_discovery:Found 0 installed packages in /home/student/ros2_ws/install
[0.400s] DEBUG:colcon.colcon_installed_package_information.package_discovery:Found 434 installed packages in /opt/ros/humble
[0.403s] Level 1:colcon.colcon_core.package_discovery:discover_packages(prefix_path) using defaults
[0.477s] Level 5:colcon.colcon_core.verb:set package '41068_ignition_bringup' build argument 'cmake_args' from command line to 'None'
[0.477s] Level 5:colcon.colcon_core.verb:set package '41068_ignition_bringup' build argument 'cmake_target' from command line to 'None'
[0.477s] Level 5:colcon.colcon_core.verb:set package '41068_ignition_bringup' build argument 'cmake_target_skip_unavailable' from command line to 'False'
[0.477s] Level 5:colcon.colcon_core.verb:set package '41068_ignition_bringup' build argument 'cmake_clean_cache' from command line to 'False'
[0.477s] Level 5:colcon.colcon_core.verb:set package '41068_ignition_bringup' build argument 'cmake_clean_first' from command line to 'False'
[0.477s] Level 5:colcon.colcon_core.verb:set package '41068_ignition_bringup' build argument 'cmake_force_configure' from command line to 'False'
[0.478s] Level 5:colcon.colcon_core.verb:set package '41068_ignition_bringup' build argument 'ament_cmake_args' from command line to 'None'
[0.478s] Level 5:colcon.colcon_core.verb:set package '41068_ignition_bringup' build argument 'catkin_cmake_args' from command line to 'None'
[0.478s] Level 5:colcon.colcon_core.verb:set package '41068_ignition_bringup' build argument 'catkin_skip_building_tests' from command line to 'False'
[0.478s] DEBUG:colcon.colcon_core.verb:Building package '41068_ignition_bringup' with the following arguments: {'ament_cmake_args': None, 'build_base': '/home/student/git/PreyPath_RS1/41068_ws/build/41068_ignition_bringup', 'catkin_cmake_args': None, 'catkin_skip_building_tests': False, 'cmake_args': None, 'cmake_clean_cache': False, 'cmake_clean_first': False, 'cmake_force_configure': False, 'cmake_target': None, 'cmake_target_skip_unavailable': False, 'install_base': '/home/student/git/PreyPath_RS1/41068_ws/install/41068_ignition_bringup', 'merge_install': False, 'path': '/home/student/git/PreyPath_RS1/41068_ws/src/41068_ignition_bringup', 'symlink_install': True, 'test_result_base': None}
[0.478s] Level 5:colcon.colcon_core.verb:set package 'robot_control' build argument 'cmake_args' from command line to 'None'
[0.478s] Level 5:colcon.colcon_core.verb:set package 'robot_control' build argument 'cmake_target' from command line to 'None'
[0.479s] Level 5:colcon.colcon_core.verb:set package 'robot_control' build argument 'cmake_target_skip_unavailable' from command line to 'False'
[0.479s] Level 5:colcon.colcon_core.verb:set package 'robot_control' build argument 'cmake_clean_cache' from command line to 'False'
[0.479s] Level 5:colcon.colcon_core.verb:set package 'robot_control' build argument 'cmake_clean_first' from command line to 'False'
[0.479s] Level 5:colcon.colcon_core.verb:set package 'robot_control' build argument 'cmake_force_configure' from command line to 'False'
[0.479s] Level 5:colcon.colcon_core.verb:set package 'robot_control' build argument 'ament_cmake_args' from command line to 'None'
[0.479s] Level 5:colcon.colcon_core.verb:set package 'robot_control' build argument 'catkin_cmake_args' from command line to 'None'
[0.479s] Level 5:colcon.colcon_core.verb:set package 'robot_control' build argument 'catkin_skip_building_tests' from command line to 'False'
[0.479s] DEBUG:colcon.colcon_core.verb:Building package 'robot_control' with the following arguments: {'ament_cmake_args': None, 'build_base': '/home/student/git/PreyPath_RS1/41068_ws/build/robot_control', 'catkin_cmake_args': None, 'catkin_skip_building_tests': False, 'cmake_args': None, 'cmake_clean_cache': False, 'cmake_clean_first': False, 'cmake_force_configure': False, 'cmake_target': None, 'cmake_target_skip_unavailable': False, 'install_base': '/home/student/git/PreyPath_RS1/41068_ws/install/robot_control', 'merge_install': False, 'path': '/home/student/git/PreyPath_RS1/41068_ws/src/robot_control', 'symlink_install': True, 'test_result_base': None}
[0.479s] Level 5:colcon.colcon_core.verb:set package 'robot_description' build argument 'cmake_args' from command line to 'None'
[0.479s] Level 5:colcon.colcon_core.verb:set package 'robot_description' build argument 'cmake_target' from command line to 'None'
[0.479s] Level 5:colcon.colcon_core.verb:set package 'robot_description' build argument 'cmake_target_skip_unavailable' from command line to 'False'
[0.479s] Level 5:colcon.colcon_core.verb:set package 'robot_description' build argument 'cmake_clean_cache' from command line to 'False'
[0.479s] Level 5:colcon.colcon_core.verb:set package 'robot_description' build argument 'cmake_clean_first' from command line to 'False'
[0.479s] Level 5:colcon.colcon_core.verb:set package 'robot_description' build argument 'cmake_force_configure' from command line to 'False'
[0.479s] Level 5:colcon.colcon_core.verb:set package 'robot_description' build argument 'ament_cmake_args' from command line to 'None'
[0.479s] Level 5:colcon.colcon_core.verb:set package 'robot_description' build argument 'catkin_cmake_args' from command line to 'None'
[0.480s] Level 5:colcon.colcon_core.verb:set package 'robot_description' build argument 'catkin_skip_building_tests' from command line to 'False'
[0.480s] DEBUG:colcon.colcon_core.verb:Building package 'robot_description' with the following arguments: {'ament_cmake_args': None, 'build_base': '/home/student/git/PreyPath_RS1/41068_ws/build/robot_description', 'catkin_cmake_args': None, 'catkin_skip_building_tests': False, 'cmake_args': None, 'cmake_clean_cache': False, 'cmake_clean_first': False, 'cmake_force_configure': False, 'cmake_target': None, 'cmake_target_skip_unavailable': False, 'install_base': '/home/student/git/PreyPath_RS1/41068_ws/install/robot_description', 'merge_install': False, 'path': '/home/student/git/PreyPath_RS1/41068_ws/src/robot_description', 'symlink_install': True, 'test_result_base': None}
[0.480s] Level 5:colcon.colcon_core.verb:set package 'robot_gazebo' build argument 'cmake_args' from command line to 'None'
[0.480s] Level 5:colcon.colcon_core.verb:set package 'robot_gazebo' build argument 'cmake_target' from command line to 'None'
[0.480s] Level 5:colcon.colcon_core.verb:set package 'robot_gazebo' build argument 'cmake_target_skip_unavailable' from command line to 'False'
[0.480s] Level 5:colcon.colcon_core.verb:set package 'robot_gazebo' build argument 'cmake_clean_cache' from command line to 'False'
[0.480s] Level 5:colcon.colcon_core.verb:set package 'robot_gazebo' build argument 'cmake_clean_first' from command line to 'False'
[0.480s] Level 5:colcon.colcon_core.verb:set package 'robot_gazebo' build argument 'cmake_force_configure' from command line to 'False'
[0.480s] Level 5:colcon.colcon_core.verb:set package 'robot_gazebo' build argument 'ament_cmake_args' from command line to 'None'
[0.480s] Level 5:colcon.colcon_core.verb:set package 'robot_gazebo' build argument 'catkin_cmake_args' from command line to 'None'
[0.480s] Level 5:colcon.colcon_core.verb:set package 'robot_gazebo' build argument 'catkin_skip_building_tests' from command line to 'False'
[0.480s] DEBUG:colcon.colcon_core.verb:Building package 'robot_gazebo' with the following arguments: {'ament_cmake_args': None, 'build_base': '/home/student/git/PreyPath_RS1/41068_ws/build/robot_gazebo', 'catkin_cmake_args': None, 'catkin_skip_building_tests': False, 'cmake_args': None, 'cmake_clean_cache': False, 'cmake_clean_first': False, 'cmake_force_configure': False, 'cmake_target': None, 'cmake_target_skip_unavailable': False, 'install_base': '/home/student/git/PreyPath_RS1/41068_ws/install/robot_gazebo', 'merge_install': False, 'path': '/home/student/git/PreyPath_RS1/41068_ws/src/robot_gazebo', 'symlink_install': True, 'test_result_base': None}
[0.480s] INFO:colcon.colcon_core.executor:Executing jobs using 'parallel' executor
[0.482s] DEBUG:colcon.colcon_parallel_executor.executor.parallel:run_until_complete
[0.482s] INFO:colcon.colcon_ros.task.ament_cmake.build:Building ROS package in '/home/student/git/PreyPath_RS1/41068_ws/src/41068_ignition_bringup' with build type 'ament_cmake'
[0.482s] INFO:colcon.colcon_cmake.task.cmake.build:Building CMake package in '/home/student/git/PreyPath_RS1/41068_ws/src/41068_ignition_bringup'
[0.484s] INFO:colcon.colcon_core.plugin_system:Skipping extension 'colcon_core.shell.bat': Not used on non-Windows systems
[0.484s] INFO:colcon.colcon_core.shell:Skip shell extension 'powershell' for command environment: Not usable outside of PowerShell
[0.484s] DEBUG:colcon.colcon_core.shell:Skip shell extension 'dsv' for command environment
[0.517s] INFO:colcon.colcon_ros.task.ament_cmake.build:Building ROS package in '/home/student/git/PreyPath_RS1/41068_ws/src/robot_control' with build type 'ament_cmake'
[0.517s] INFO:colcon.colcon_cmake.task.cmake.build:Building CMake package in '/home/student/git/PreyPath_RS1/41068_ws/src/robot_control'
[0.518s] INFO:colcon.colcon_core.shell:Skip shell extension 'powershell' for command environment: Not usable outside of PowerShell
[0.518s] DEBUG:colcon.colcon_core.shell:Skip shell extension 'dsv' for command environment
[0.532s] INFO:colcon.colcon_ros.task.ament_cmake.build:Building ROS package in '/home/student/git/PreyPath_RS1/41068_ws/src/robot_description' with build type 'ament_cmake'
[0.532s] INFO:colcon.colcon_cmake.task.cmake.build:Building CMake package in '/home/student/git/PreyPath_RS1/41068_ws/src/robot_description'
[0.533s] INFO:colcon.colcon_core.shell:Skip shell extension 'powershell' for command environment: Not usable outside of PowerShell
[0.533s] DEBUG:colcon.colcon_core.shell:Skip shell extension 'dsv' for command environment
[0.579s] INFO:colcon.colcon_ros.task.ament_cmake.build:Building ROS package in '/home/student/git/PreyPath_RS1/41068_ws/src/robot_gazebo' with build type 'ament_cmake'
[0.580s] INFO:colcon.colcon_cmake.task.cmake.build:Building CMake package in '/home/student/git/PreyPath_RS1/41068_ws/src/robot_gazebo'
[0.581s] INFO:colcon.colcon_core.shell:Skip shell extension 'powershell' for command environment: Not usable outside of PowerShell
[0.581s] DEBUG:colcon.colcon_core.shell:Skip shell extension 'dsv' for command environment
[0.641s] DEBUG:colcon.colcon_core.event_handler.log_command:Invoking command in '/home/student/git/PreyPath_RS1/41068_ws/build/41068_ignition_bringup': CMAKE_PREFIX_PATH=${CMAKE_PREFIX_PATH}:/opt/ros/humble /usr/bin/cmake --build /home/student/git/PreyPath_RS1/41068_ws/build/41068_ignition_bringup -- -j8 -l8
[0.724s] DEBUG:colcon.colcon_core.event_handler.log_command:Invoking command in '/home/student/git/PreyPath_RS1/41068_ws/build/robot_control': CMAKE_PREFIX_PATH=${CMAKE_PREFIX_PATH}:/opt/ros/humble /usr/bin/cmake --build /home/student/git/PreyPath_RS1/41068_ws/build/robot_control -- -j8 -l8
[0.743s] DEBUG:colcon.colcon_core.event_handler.log_command:Invoking command in '/home/student/git/PreyPath_RS1/41068_ws/build/robot_description': CMAKE_PREFIX_PATH=${CMAKE_PREFIX_PATH}:/opt/ros/humble /usr/bin/cmake --build /home/student/git/PreyPath_RS1/41068_ws/build/robot_description -- -j8 -l8
[0.747s] DEBUG:colcon.colcon_core.event_handler.log_command:Invoking command in '/home/student/git/PreyPath_RS1/41068_ws/build/robot_gazebo': CMAKE_PREFIX_PATH=${CMAKE_PREFIX_PATH}:/opt/ros/humble /usr/bin/cmake --build /home/student/git/PreyPath_RS1/41068_ws/build/robot_gazebo -- -j8 -l8
[0.750s] DEBUG:colcon.colcon_core.event_handler.log_command:Invoked command in '/home/student/git/PreyPath_RS1/41068_ws/build/41068_ignition_bringup' returned '0': CMAKE_PREFIX_PATH=${CMAKE_PREFIX_PATH}:/opt/ros/humble /usr/bin/cmake --build /home/student/git/PreyPath_RS1/41068_ws/build/41068_ignition_bringup -- -j8 -l8
[0.765s] DEBUG:colcon.colcon_core.event_handler.log_command:Invoking command in '/home/student/git/PreyPath_RS1/41068_ws/build/41068_ignition_bringup': CMAKE_PREFIX_PATH=${CMAKE_PREFIX_PATH}:/opt/ros/humble /usr/bin/cmake --install /home/student/git/PreyPath_RS1/41068_ws/build/41068_ignition_bringup
[0.770s] DEBUG:colcon.colcon_core.event_handler.log_command:Invoked command in '/home/student/git/PreyPath_RS1/41068_ws/build/robot_control' returned '0': CMAKE_PREFIX_PATH=${CMAKE_PREFIX_PATH}:/opt/ros/humble /usr/bin/cmake --build /home/student/git/PreyPath_RS1/41068_ws/build/robot_control -- -j8 -l8
[0.774s] DEBUG:colcon.colcon_core.event_handler.log_command:Invoking command in '/home/student/git/PreyPath_RS1/41068_ws/build/robot_control': CMAKE_PREFIX_PATH=${CMAKE_PREFIX_PATH}:/opt/ros/humble /usr/bin/cmake --install /home/student/git/PreyPath_RS1/41068_ws/build/robot_control
[0.794s] DEBUG:colcon.colcon_core.event_handler.log_command:Invoked command in '/home/student/git/PreyPath_RS1/41068_ws/build/robot_description' returned '0': CMAKE_PREFIX_PATH=${CMAKE_PREFIX_PATH}:/opt/ros/humble /usr/bin/cmake --build /home/student/git/PreyPath_RS1/41068_ws/build/robot_description -- -j8 -l8
[0.796s] DEBUG:colcon.colcon_core.event_handler.log_command:Invoking command in '/home/student/git/PreyPath_RS1/41068_ws/build/robot_description': CMAKE_PREFIX_PATH=${CMAKE_PREFIX_PATH}:/opt/ros/humble /usr/bin/cmake --install /home/student/git/PreyPath_RS1/41068_ws/build/robot_description
[0.799s] Level 1:colcon.colcon_core.environment:create_environment_scripts_only(41068_ignition_bringup)
[0.800s] DEBUG:colcon.colcon_core.event_handler.log_command:Invoked command in '/home/student/git/PreyPath_RS1/41068_ws/build/robot_gazebo' returned '0': CMAKE_PREFIX_PATH=${CMAKE_PREFIX_PATH}:/opt/ros/humble /usr/bin/cmake --build /home/student/git/PreyPath_RS1/41068_ws/build/robot_gazebo -- -j8 -l8
[0.804s] DEBUG:colcon.colcon_core.event_handler.log_command:Invoking command in '/home/student/git/PreyPath_RS1/41068_ws/build/robot_gazebo': CMAKE_PREFIX_PATH=${CMAKE_PREFIX_PATH}:/opt/ros/humble /usr/bin/cmake --install /home/student/git/PreyPath_RS1/41068_ws/build/robot_gazebo
[0.804s] DEBUG:colcon.colcon_core.event_handler.log_command:Invoked command in '/home/student/git/PreyPath_RS1/41068_ws/build/41068_ignition_bringup' returned '0': CMAKE_PREFIX_PATH=${CMAKE_PREFIX_PATH}:/opt/ros/humble /usr/bin/cmake --install /home/student/git/PreyPath_RS1/41068_ws/build/41068_ignition_bringup
[0.812s] Level 1:colcon.colcon_core.environment:checking '/home/student/git/PreyPath_RS1/41068_ws/install/41068_ignition_bringup' for CMake module files
[0.815s] Level 1:colcon.colcon_core.environment:checking '/home/student/git/PreyPath_RS1/41068_ws/install/41068_ignition_bringup' for CMake config files
[0.817s] Level 1:colcon.colcon_core.shell:create_environment_hook('41068_ignition_bringup', 'cmake_prefix_path')
[0.818s] INFO:colcon.colcon_core.shell:Creating environment hook '/home/student/git/PreyPath_RS1/41068_ws/install/41068_ignition_bringup/share/41068_ignition_bringup/hook/cmake_prefix_path.ps1'
[0.925s] INFO:colcon.colcon_core.shell:Creating environment descriptor '/home/student/git/PreyPath_RS1/41068_ws/install/41068_ignition_bringup/share/41068_ignition_bringup/hook/cmake_prefix_path.dsv'
[0.926s] INFO:colcon.colcon_core.shell:Creating environment hook '/home/student/git/PreyPath_RS1/41068_ws/install/41068_ignition_bringup/share/41068_ignition_bringup/hook/cmake_prefix_path.sh'
[0.973s] Level 1:colcon.colcon_core.environment:checking '/home/student/git/PreyPath_RS1/41068_ws/install/41068_ignition_bringup/bin'
[0.973s] Level 1:colcon.colcon_core.environment:checking '/home/student/git/PreyPath_RS1/41068_ws/install/41068_ignition_bringup/lib/pkgconfig/41068_ignition_bringup.pc'
[0.973s] Level 1:colcon.colcon_core.environment:checking '/home/student/git/PreyPath_RS1/41068_ws/install/41068_ignition_bringup/lib/python3.10/site-packages'
[0.974s] Level 1:colcon.colcon_core.environment:checking '/home/student/git/PreyPath_RS1/41068_ws/install/41068_ignition_bringup/bin'
[0.974s] INFO:colcon.colcon_core.shell:Creating package script '/home/student/git/PreyPath_RS1/41068_ws/install/41068_ignition_bringup/share/41068_ignition_bringup/package.ps1'
[0.975s] INFO:colcon.colcon_core.shell:Creating package descriptor '/home/student/git/PreyPath_RS1/41068_ws/install/41068_ignition_bringup/share/41068_ignition_bringup/package.dsv'
[0.976s] INFO:colcon.colcon_core.shell:Creating package script '/home/student/git/PreyPath_RS1/41068_ws/install/41068_ignition_bringup/share/41068_ignition_bringup/package.sh'
[1.020s] INFO:colcon.colcon_core.shell:Creating package script '/home/student/git/PreyPath_RS1/41068_ws/install/41068_ignition_bringup/share/41068_ignition_bringup/package.bash'
[1.022s] INFO:colcon.colcon_core.shell:Creating package script '/home/student/git/PreyPath_RS1/41068_ws/install/41068_ignition_bringup/share/41068_ignition_bringup/package.zsh'
[1.023s] Level 1:colcon.colcon_core.environment:create_file_with_runtime_dependencies(/home/student/git/PreyPath_RS1/41068_ws/install/41068_ignition_bringup/share/colcon-core/packages/41068_ignition_bringup)
[1.024s] Level 1:colcon.colcon_core.environment:create_environment_scripts_only(41068_ignition_bringup)
[1.024s] Level 1:colcon.colcon_core.environment:checking '/home/student/git/PreyPath_RS1/41068_ws/install/41068_ignition_bringup' for CMake module files
[1.025s] Level 1:colcon.colcon_core.environment:checking '/home/student/git/PreyPath_RS1/41068_ws/install/41068_ignition_bringup' for CMake config files
[1.025s] Level 1:colcon.colcon_core.shell:create_environment_hook('41068_ignition_bringup', 'cmake_prefix_path')
[1.026s] INFO:colcon.colcon_core.shell:Creating environment hook '/home/student/git/PreyPath_RS1/41068_ws/install/41068_ignition_bringup/share/41068_ignition_bringup/hook/cmake_prefix_path.ps1'
[1.027s] INFO:colcon.colcon_core.shell:Creating environment descriptor '/home/student/git/PreyPath_RS1/41068_ws/install/41068_ignition_bringup/share/41068_ignition_bringup/hook/cmake_prefix_path.dsv'
[1.067s] INFO:colcon.colcon_core.shell:Creating environment hook '/home/student/git/PreyPath_RS1/41068_ws/install/41068_ignition_bringup/share/41068_ignition_bringup/hook/cmake_prefix_path.sh'
[1.068s] Level 1:colcon.colcon_core.environment:checking '/home/student/git/PreyPath_RS1/41068_ws/install/41068_ignition_bringup/bin'
[1.068s] Level 1:colcon.colcon_core.environment:checking '/home/student/git/PreyPath_RS1/41068_ws/install/41068_ignition_bringup/lib/pkgconfig/41068_ignition_bringup.pc'
[1.069s] Level 1:colcon.colcon_core.environment:checking '/home/student/git/PreyPath_RS1/41068_ws/install/41068_ignition_bringup/lib/python3.10/site-packages'
[1.069s] Level 1:colcon.colcon_core.environment:checking '/home/student/git/PreyPath_RS1/41068_ws/install/41068_ignition_bringup/bin'
[1.070s] INFO:colcon.colcon_core.shell:Creating package script '/home/student/git/PreyPath_RS1/41068_ws/install/41068_ignition_bringup/share/41068_ignition_bringup/package.ps1'
[1.071s] INFO:colcon.colcon_core.shell:Creating package descriptor '/home/student/git/PreyPath_RS1/41068_ws/install/41068_ignition_bringup/share/41068_ignition_bringup/package.dsv'
[1.114s] INFO:colcon.colcon_core.shell:Creating package script '/home/student/git/PreyPath_RS1/41068_ws/install/41068_ignition_bringup/share/41068_ignition_bringup/package.sh'
[1.115s] INFO:colcon.colcon_core.shell:Creating package script '/home/student/git/PreyPath_RS1/41068_ws/install/41068_ignition_bringup/share/41068_ignition_bringup/package.bash'
[1.116s] INFO:colcon.colcon_core.shell:Creating package script '/home/student/git/PreyPath_RS1/41068_ws/install/41068_ignition_bringup/share/41068_ignition_bringup/package.zsh'
[1.117s] Level 1:colcon.colcon_core.environment:create_file_with_runtime_dependencies(/home/student/git/PreyPath_RS1/41068_ws/install/41068_ignition_bringup/share/colcon-core/packages/41068_ignition_bringup)
[1.119s] Level 1:colcon.colcon_core.environment:create_environment_scripts_only(robot_control)
[1.120s] Level 1:colcon.colcon_core.environment:checking '/home/student/git/PreyPath_RS1/41068_ws/install/robot_control' for CMake module files
[1.121s] Level 1:colcon.colcon_core.environment:checking '/home/student/git/PreyPath_RS1/41068_ws/install/robot_control' for CMake config files
[1.121s] Level 1:colcon.colcon_core.shell:create_environment_hook('robot_control', 'cmake_prefix_path')
[1.121s] INFO:colcon.colcon_core.shell:Creating environment hook '/home/student/git/PreyPath_RS1/41068_ws/install/robot_control/share/robot_control/hook/cmake_prefix_path.ps1'
[1.131s] INFO:colcon.colcon_core.shell:Creating environment descriptor '/home/student/git/PreyPath_RS1/41068_ws/install/robot_control/share/robot_control/hook/cmake_prefix_path.dsv'
[1.132s] DEBUG:colcon.colcon_core.event_handler.log_command:Invoked command in '/home/student/git/PreyPath_RS1/41068_ws/build/robot_control' returned '0': CMAKE_PREFIX_PATH=${CMAKE_PREFIX_PATH}:/opt/ros/humble /usr/bin/cmake --install /home/student/git/PreyPath_RS1/41068_ws/build/robot_control
[1.178s] INFO:colcon.colcon_core.shell:Creating environment hook '/home/student/git/PreyPath_RS1/41068_ws/install/robot_control/share/robot_control/hook/cmake_prefix_path.sh'
[1.179s] Level 1:colcon.colcon_core.environment:checking '/home/student/git/PreyPath_RS1/41068_ws/install/robot_control/lib'
[1.179s] Level 1:colcon.colcon_core.environment:checking '/home/student/git/PreyPath_RS1/41068_ws/install/robot_control/bin'
[1.180s] Level 1:colcon.colcon_core.environment:checking '/home/student/git/PreyPath_RS1/41068_ws/install/robot_control/lib/pkgconfig/robot_control.pc'
[1.180s] Level 1:colcon.colcon_core.environment:checking '/home/student/git/PreyPath_RS1/41068_ws/install/robot_control/lib/python3.10/site-packages'
[1.180s] Level 1:colcon.colcon_core.environment:checking '/home/student/git/PreyPath_RS1/41068_ws/install/robot_control/bin'
[1.181s] INFO:colcon.colcon_core.shell:Creating package script '/home/student/git/PreyPath_RS1/41068_ws/install/robot_control/share/robot_control/package.ps1'
[1.224s] INFO:colcon.colcon_core.shell:Creating package descriptor '/home/student/git/PreyPath_RS1/41068_ws/install/robot_control/share/robot_control/package.dsv'
[1.225s] INFO:colcon.colcon_core.shell:Creating package script '/home/student/git/PreyPath_RS1/41068_ws/install/robot_control/share/robot_control/package.sh'
[1.225s] INFO:colcon.colcon_core.shell:Creating package script '/home/student/git/PreyPath_RS1/41068_ws/install/robot_control/share/robot_control/package.bash'
[1.226s] INFO:colcon.colcon_core.shell:Creating package script '/home/student/git/PreyPath_RS1/41068_ws/install/robot_control/share/robot_control/package.zsh'
[1.226s] Level 1:colcon.colcon_core.environment:create_file_with_runtime_dependencies(/home/student/git/PreyPath_RS1/41068_ws/install/robot_control/share/colcon-core/packages/robot_control)
[1.227s] Level 1:colcon.colcon_core.environment:create_environment_scripts_only(robot_control)
[1.227s] Level 1:colcon.colcon_core.environment:checking '/home/student/git/PreyPath_RS1/41068_ws/install/robot_control' for CMake module files
[1.227s] Level 1:colcon.colcon_core.environment:checking '/home/student/git/PreyPath_RS1/41068_ws/install/robot_control' for CMake config files
[1.228s] Level 1:colcon.colcon_core.shell:create_environment_hook('robot_control', 'cmake_prefix_path')
[1.228s] INFO:colcon.colcon_core.shell:Creating environment hook '/home/student/git/PreyPath_RS1/41068_ws/install/robot_control/share/robot_control/hook/cmake_prefix_path.ps1'
[1.235s] INFO:colcon.colcon_core.shell:Creating environment descriptor '/home/student/git/PreyPath_RS1/41068_ws/install/robot_control/share/robot_control/hook/cmake_prefix_path.dsv'
[1.236s] INFO:colcon.colcon_core.shell:Creating environment hook '/home/student/git/PreyPath_RS1/41068_ws/install/robot_control/share/robot_control/hook/cmake_prefix_path.sh'
[1.236s] Level 1:colcon.colcon_core.environment:checking '/home/student/git/PreyPath_RS1/41068_ws/install/robot_control/lib'
[1.236s] Level 1:colcon.colcon_core.environment:checking '/home/student/git/PreyPath_RS1/41068_ws/install/robot_control/bin'
[1.236s] Level 1:colcon.colcon_core.environment:checking '/home/student/git/PreyPath_RS1/41068_ws/install/robot_control/lib/pkgconfig/robot_control.pc'
[1.237s] Level 1:colcon.colcon_core.environment:checking '/home/student/git/PreyPath_RS1/41068_ws/install/robot_control/lib/python3.10/site-packages'
[1.237s] Level 1:colcon.colcon_core.environment:checking '/home/student/git/PreyPath_RS1/41068_ws/install/robot_control/bin'
[1.237s] INFO:colcon.colcon_core.shell:Creating package script '/home/student/git/PreyPath_RS1/41068_ws/install/robot_control/share/robot_control/package.ps1'
[1.272s] INFO:colcon.colcon_core.shell:Creating package descriptor '/home/student/git/PreyPath_RS1/41068_ws/install/robot_control/share/robot_control/package.dsv'
[1.273s] INFO:colcon.colcon_core.shell:Creating package script '/home/student/git/PreyPath_RS1/41068_ws/install/robot_control/share/robot_control/package.sh'
[1.274s] INFO:colcon.colcon_core.shell:Creating package script '/home/student/git/PreyPath_RS1/41068_ws/install/robot_control/share/robot_control/package.bash'
[1.315s] INFO:colcon.colcon_core.shell:Creating package script '/home/student/git/PreyPath_RS1/41068_ws/install/robot_control/share/robot_control/package.zsh'
[1.316s] Level 1:colcon.colcon_core.environment:create_file_with_runtime_dependencies(/home/student/git/PreyPath_RS1/41068_ws/install/robot_control/share/colcon-core/packages/robot_control)
[1.317s] Level 1:colcon.colcon_core.environment:create_environment_scripts_only(robot_gazebo)
[1.317s] Level 1:colcon.colcon_core.environment:checking '/home/student/git/PreyPath_RS1/41068_ws/install/robot_gazebo' for CMake module files
[1.318s] DEBUG:colcon.colcon_core.event_handler.log_command:Invoked command in '/home/student/git/PreyPath_RS1/41068_ws/build/robot_gazebo' returned '0': CMAKE_PREFIX_PATH=${CMAKE_PREFIX_PATH}:/opt/ros/humble /usr/bin/cmake --install /home/student/git/PreyPath_RS1/41068_ws/build/robot_gazebo
[1.319s] Level 1:colcon.colcon_core.environment:checking '/home/student/git/PreyPath_RS1/41068_ws/install/robot_gazebo' for CMake config files
[1.319s] Level 1:colcon.colcon_core.shell:create_environment_hook('robot_gazebo', 'cmake_prefix_path')
[1.319s] INFO:colcon.colcon_core.shell:Creating environment hook '/home/student/git/PreyPath_RS1/41068_ws/install/robot_gazebo/share/robot_gazebo/hook/cmake_prefix_path.ps1'
[1.339s] INFO:colcon.colcon_core.shell:Creating environment descriptor '/home/student/git/PreyPath_RS1/41068_ws/install/robot_gazebo/share/robot_gazebo/hook/cmake_prefix_path.dsv'
[1.340s] INFO:colcon.colcon_core.shell:Creating environment hook '/home/student/git/PreyPath_RS1/41068_ws/install/robot_gazebo/share/robot_gazebo/hook/cmake_prefix_path.sh'
[1.366s] Level 1:colcon.colcon_core.environment:checking '/home/student/git/PreyPath_RS1/41068_ws/install/robot_gazebo/bin'
[1.367s] Level 1:colcon.colcon_core.environment:checking '/home/student/git/PreyPath_RS1/41068_ws/install/robot_gazebo/lib/pkgconfig/robot_gazebo.pc'
[1.367s] Level 1:colcon.colcon_core.environment:checking '/home/student/git/PreyPath_RS1/41068_ws/install/robot_gazebo/lib/python3.10/site-packages'
[1.367s] Level 1:colcon.colcon_core.environment:checking '/home/student/git/PreyPath_RS1/41068_ws/install/robot_gazebo/bin'
[1.368s] INFO:colcon.colcon_core.shell:Creating package script '/home/student/git/PreyPath_RS1/41068_ws/install/robot_gazebo/share/robot_gazebo/package.ps1'
[1.369s] INFO:colcon.colcon_core.shell:Creating package descriptor '/home/student/git/PreyPath_RS1/41068_ws/install/robot_gazebo/share/robot_gazebo/package.dsv'
[1.371s] INFO:colcon.colcon_core.shell:Creating package script '/home/student/git/PreyPath_RS1/41068_ws/install/robot_gazebo/share/robot_gazebo/package.sh'
[1.372s] INFO:colcon.colcon_core.shell:Creating package script '/home/student/git/PreyPath_RS1/41068_ws/install/robot_gazebo/share/robot_gazebo/package.bash'
[1.372s] INFO:colcon.colcon_core.shell:Creating package script '/home/student/git/PreyPath_RS1/41068_ws/install/robot_gazebo/share/robot_gazebo/package.zsh'
[1.446s] Level 1:colcon.colcon_core.environment:create_file_with_runtime_dependencies(/home/student/git/PreyPath_RS1/41068_ws/install/robot_gazebo/share/colcon-core/packages/robot_gazebo)
[1.448s] Level 1:colcon.colcon_core.environment:create_environment_scripts_only(robot_gazebo)
[1.448s] Level 1:colcon.colcon_core.environment:checking '/home/student/git/PreyPath_RS1/41068_ws/install/robot_gazebo' for CMake module files
[1.449s] Level 1:colcon.colcon_core.environment:checking '/home/student/git/PreyPath_RS1/41068_ws/install/robot_gazebo' for CMake config files
[1.449s] Level 1:colcon.colcon_core.shell:create_environment_hook('robot_gazebo', 'cmake_prefix_path')
[1.450s] INFO:colcon.colcon_core.shell:Creating environment hook '/home/student/git/PreyPath_RS1/41068_ws/install/robot_gazebo/share/robot_gazebo/hook/cmake_prefix_path.ps1'
[1.453s] INFO:colcon.colcon_core.shell:Creating environment descriptor '/home/student/git/PreyPath_RS1/41068_ws/install/robot_gazebo/share/robot_gazebo/hook/cmake_prefix_path.dsv'
[1.453s] INFO:colcon.colcon_core.shell:Creating environment hook '/home/student/git/PreyPath_RS1/41068_ws/install/robot_gazebo/share/robot_gazebo/hook/cmake_prefix_path.sh'
[1.454s] Level 1:colcon.colcon_core.environment:checking '/home/student/git/PreyPath_RS1/41068_ws/install/robot_gazebo/bin'
[1.454s] Level 1:colcon.colcon_core.environment:checking '/home/student/git/PreyPath_RS1/41068_ws/install/robot_gazebo/lib/pkgconfig/robot_gazebo.pc'
[1.454s] Level 1:colcon.colcon_core.environment:checking '/home/student/git/PreyPath_RS1/41068_ws/install/robot_gazebo/lib/python3.10/site-packages'
[1.455s] Level 1:colcon.colcon_core.environment:checking '/home/student/git/PreyPath_RS1/41068_ws/install/robot_gazebo/bin'
[1.455s] INFO:colcon.colcon_core.shell:Creating package script '/home/student/git/PreyPath_RS1/41068_ws/install/robot_gazebo/share/robot_gazebo/package.ps1'
[1.525s] INFO:colcon.colcon_core.shell:Creating package descriptor '/home/student/git/PreyPath_RS1/41068_ws/install/robot_gazebo/share/robot_gazebo/package.dsv'
[1.526s] INFO:colcon.colcon_core.shell:Creating package script '/home/student/git/PreyPath_RS1/41068_ws/install/robot_gazebo/share/robot_gazebo/package.sh'
[1.527s] INFO:colcon.colcon_core.shell:Creating package script '/home/student/git/PreyPath_RS1/41068_ws/install/robot_gazebo/share/robot_gazebo/package.bash'
[1.528s] INFO:colcon.colcon_core.shell:Creating package script '/home/student/git/PreyPath_RS1/41068_ws/install/robot_gazebo/share/robot_gazebo/package.zsh'
[1.529s] Level 1:colcon.colcon_core.environment:create_file_with_runtime_dependencies(/home/student/git/PreyPath_RS1/41068_ws/install/robot_gazebo/share/colcon-core/packages/robot_gazebo)
[1.530s] Level 1:colcon.colcon_core.environment:create_environment_scripts_only(robot_description)
[1.530s] Level 1:colcon.colcon_core.environment:checking '/home/student/git/PreyPath_RS1/41068_ws/install/robot_description' for CMake module files
[1.532s] DEBUG:colcon.colcon_core.event_handler.log_command:Invoked command in '/home/student/git/PreyPath_RS1/41068_ws/build/robot_description' returned '0': CMAKE_PREFIX_PATH=${CMAKE_PREFIX_PATH}:/opt/ros/humble /usr/bin/cmake --install /home/student/git/PreyPath_RS1/41068_ws/build/robot_description
[1.532s] Level 1:colcon.colcon_core.environment:checking '/home/student/git/PreyPath_RS1/41068_ws/install/robot_description' for CMake config files
[1.532s] Level 1:colcon.colcon_core.shell:create_environment_hook('robot_description', 'cmake_prefix_path')
[1.533s] INFO:colcon.colcon_core.shell:Creating environment hook '/home/student/git/PreyPath_RS1/41068_ws/install/robot_description/share/robot_description/hook/cmake_prefix_path.ps1'
[1.533s] INFO:colcon.colcon_core.shell:Creating environment descriptor '/home/student/git/PreyPath_RS1/41068_ws/install/robot_description/share/robot_description/hook/cmake_prefix_path.dsv'
[1.533s] INFO:colcon.colcon_core.shell:Creating environment hook '/home/student/git/PreyPath_RS1/41068_ws/install/robot_description/share/robot_description/hook/cmake_prefix_path.sh'
[1.534s] Level 1:colcon.colcon_core.environment:checking '/home/student/git/PreyPath_RS1/41068_ws/install/robot_description/bin'
[1.534s] Level 1:colcon.colcon_core.environment:checking '/home/student/git/PreyPath_RS1/41068_ws/install/robot_description/lib/pkgconfig/robot_description.pc'
[1.534s] Level 1:colcon.colcon_core.environment:checking '/home/student/git/PreyPath_RS1/41068_ws/install/robot_description/lib/python3.10/site-packages'
[1.535s] Level 1:colcon.colcon_core.environment:checking '/home/student/git/PreyPath_RS1/41068_ws/install/robot_description/bin'
[1.535s] INFO:colcon.colcon_core.shell:Creating package script '/home/student/git/PreyPath_RS1/41068_ws/install/robot_description/share/robot_description/package.ps1'
[1.535s] INFO:colcon.colcon_core.shell:Creating package descriptor '/home/student/git/PreyPath_RS1/41068_ws/install/robot_description/share/robot_description/package.dsv'
[1.536s] INFO:colcon.colcon_core.shell:Creating package script '/home/student/git/PreyPath_RS1/41068_ws/install/robot_description/share/robot_description/package.sh'
[1.619s] INFO:colcon.colcon_core.shell:Creating package script '/home/student/git/PreyPath_RS1/41068_ws/install/robot_description/share/robot_description/package.bash'
[1.620s] INFO:colcon.colcon_core.shell:Creating package script '/home/student/git/PreyPath_RS1/41068_ws/install/robot_description/share/robot_description/package.zsh'
[1.620s] Level 1:colcon.colcon_core.environment:create_file_with_runtime_dependencies(/home/student/git/PreyPath_RS1/41068_ws/install/robot_description/share/colcon-core/packages/robot_description)
[1.621s] Level 1:colcon.colcon_core.environment:create_environment_scripts_only(robot_description)
[1.621s] Level 1:colcon.colcon_core.environment:checking '/home/student/git/PreyPath_RS1/41068_ws/install/robot_description' for CMake module files
[1.622s] Level 1:colcon.colcon_core.environment:checking '/home/student/git/PreyPath_RS1/41068_ws/install/robot_description' for CMake config files
[1.622s] Level 1:colcon.colcon_core.shell:create_environment_hook('robot_description', 'cmake_prefix_path')
[1.622s] INFO:colcon.colcon_core.shell:Creating environment hook '/home/student/git/PreyPath_RS1/41068_ws/install/robot_description/share/robot_description/hook/cmake_prefix_path.ps1'
[1.623s] INFO:colcon.colcon_core.shell:Creating environment descriptor '/home/student/git/PreyPath_RS1/41068_ws/install/robot_description/share/robot_description/hook/cmake_prefix_path.dsv'
[1.623s] INFO:colcon.colcon_core.shell:Creating environment hook '/home/student/git/PreyPath_RS1/41068_ws/install/robot_description/share/robot_description/hook/cmake_prefix_path.sh'
[1.624s] Level 1:colcon.colcon_core.environment:checking '/home/student/git/PreyPath_RS1/41068_ws/install/robot_description/bin'
[1.624s] Level 1:colcon.colcon_core.environment:checking '/home/student/git/PreyPath_RS1/41068_ws/install/robot_description/lib/pkgconfig/robot_description.pc'
[1.624s] Level 1:colcon.colcon_core.environment:checking '/home/student/git/PreyPath_RS1/41068_ws/install/robot_description/lib/python3.10/site-packages'
[1.624s] Level 1:colcon.colcon_core.environment:checking '/home/student/git/PreyPath_RS1/41068_ws/install/robot_description/bin'
[1.624s] INFO:colcon.colcon_core.shell:Creating package script '/home/student/git/PreyPath_RS1/41068_ws/install/robot_description/share/robot_description/package.ps1'
[1.715s] INFO:colcon.colcon_core.shell:Creating package descriptor '/home/student/git/PreyPath_RS1/41068_ws/install/robot_description/share/robot_description/package.dsv'
[1.716s] INFO:colcon.colcon_core.shell:Creating package script '/home/student/git/PreyPath_RS1/41068_ws/install/robot_description/share/robot_description/package.sh'
[1.716s] INFO:colcon.colcon_core.shell:Creating package script '/home/student/git/PreyPath_RS1/41068_ws/install/robot_description/share/robot_description/package.bash'
[1.717s] INFO:colcon.colcon_core.shell:Creating package script '/home/student/git/PreyPath_RS1/41068_ws/install/robot_description/share/robot_description/package.zsh'
[1.717s] Level 1:colcon.colcon_core.environment:create_file_with_runtime_dependencies(/home/student/git/PreyPath_RS1/41068_ws/install/robot_description/share/colcon-core/packages/robot_description)
[1.718s] DEBUG:colcon.colcon_parallel_executor.executor.parallel:closing loop
[1.718s] DEBUG:colcon.colcon_parallel_executor.executor.parallel:loop closed
[1.718s] DEBUG:colcon.colcon_parallel_executor.executor.parallel:run_until_complete finished with '0'
[1.718s] DEBUG:colcon.colcon_core.event_reactor:joining thread
[1.725s] INFO:colcon.colcon_core.plugin_system:Skipping extension 'colcon_notification.desktop_notification.terminal_notifier': Not used on non-Darwin systems
[1.725s] INFO:colcon.colcon_core.plugin_system:Skipping extension 'colcon_notification.desktop_notification.win32': Not used on non-Windows systems
[1.726s] INFO:colcon.colcon_notification.desktop_notification:Sending desktop notification using 'notify2'
[1.753s] DEBUG:colcon.colcon_core.event_reactor:joined thread
[1.754s] INFO:colcon.colcon_core.shell:Creating prefix script '/home/student/git/PreyPath_RS1/41068_ws/install/local_setup.ps1'
[1.824s] INFO:colcon.colcon_core.shell:Creating prefix util module '/home/student/git/PreyPath_RS1/41068_ws/install/_local_setup_util_ps1.py'
[1.826s] INFO:colcon.colcon_core.shell:Creating prefix chain script '/home/student/git/PreyPath_RS1/41068_ws/install/setup.ps1'
[1.827s] INFO:colcon.colcon_core.shell:Creating prefix script '/home/student/git/PreyPath_RS1/41068_ws/install/local_setup.sh'
[1.828s] INFO:colcon.colcon_core.shell:Creating prefix util module '/home/student/git/PreyPath_RS1/41068_ws/install/_local_setup_util_sh.py'
[1.829s] INFO:colcon.colcon_core.shell:Creating prefix chain script '/home/student/git/PreyPath_RS1/41068_ws/install/setup.sh'
[1.830s] INFO:colcon.colcon_core.shell:Creating prefix script '/home/student/git/PreyPath_RS1/41068_ws/install/local_setup.bash'
[1.920s] INFO:colcon.colcon_core.shell:Creating prefix chain script '/home/student/git/PreyPath_RS1/41068_ws/install/setup.bash'
[1.921s] INFO:colcon.colcon_core.shell:Creating prefix script '/home/student/git/PreyPath_RS1/41068_ws/install/local_setup.zsh'
[1.922s] INFO:colcon.colcon_core.shell:Creating prefix chain script '/home/student/git/PreyPath_RS1/41068_ws/install/setup.zsh'
