[0.023s] Invoking command in '/home/student/git/PreyPath_RS1/41068_ws/build/robot_gazebo': CMAKE_PREFIX_PATH=${CMAKE_PREFIX_PATH}:/opt/ros/humble /usr/bin/cmake /home/student/git/PreyPath_RS1/41068_ws/src/robot_gazebo -DAMENT_CMAKE_SYMLINK_INSTALL=1 -DCMAKE_INSTALL_PREFIX=/home/student/git/PreyPath_RS1/41068_ws/install/robot_gazebo
[0.085s] -- The C compiler identification is GNU 11.4.0
[0.156s] -- The CXX compiler identification is GNU 11.4.0
[0.164s] -- Detecting C compiler ABI info
[0.242s] -- Detecting C compiler ABI info - done
[0.250s] -- Check for working C compiler: /usr/bin/cc - skipped
[0.250s] -- Detecting C compile features
[0.250s] -- Detecting C compile features - done
[0.253s] -- Detecting CXX compiler ABI info
[0.341s] -- Detecting CXX compiler ABI info - done
[0.352s] -- Check for working CXX compiler: /usr/bin/c++ - skipped
[0.352s] -- Detecting CXX compile features
[0.352s] -- Detecting CXX compile features - done
[0.355s] -- Found ament_cmake: 1.3.12 (/opt/ros/humble/share/ament_cmake/cmake)
[0.515s] -- Found Python3: /usr/bin/python3 (found version "3.10.12") found components: Interpreter 
[0.586s] -- Override CMake install command with custom implementation using symlinks instead of copying resources
[0.630s] -- Found xacro: 2.0.13 (/opt/ros/humble/share/xacro/cmake)
[0.643s] -- Found rclpy: 3.3.17 (/opt/ros/humble/share/rclpy/cmake)
[0.645s] -- Found ament_lint_auto: 0.12.14 (/opt/ros/humble/share/ament_lint_auto/cmake)
[0.742s] -- Added test 'copyright' to check source files copyright and LICENSE
[0.745s] -- Added test 'flake8' to check Python code syntax and style conventions
[0.746s] -- Added test 'lint_cmake' to check CMake code style
[0.746s] -- Added test 'pep257' to check Python code against some of the docstring style conventions in PEP 257
[0.748s] -- Added test 'xmllint' to check XML markup files
[0.750s] -- Configuring done
[0.753s] -- Generating done
[0.754s] -- Build files have been written to: /home/student/git/PreyPath_RS1/41068_ws/build/robot_gazebo
[0.759s] Invoked command in '/home/student/git/PreyPath_RS1/41068_ws/build/robot_gazebo' returned '0': CMAKE_PREFIX_PATH=${CMAKE_PREFIX_PATH}:/opt/ros/humble /usr/bin/cmake /home/student/git/PreyPath_RS1/41068_ws/src/robot_gazebo -DAMENT_CMAKE_SYMLINK_INSTALL=1 -DCMAKE_INSTALL_PREFIX=/home/student/git/PreyPath_RS1/41068_ws/install/robot_gazebo
[0.761s] Invoking command in '/home/student/git/PreyPath_RS1/41068_ws/build/robot_gazebo': CMAKE_PREFIX_PATH=${CMAKE_PREFIX_PATH}:/opt/ros/humble /usr/bin/cmake --build /home/student/git/PreyPath_RS1/41068_ws/build/robot_gazebo -- -j8 -l8
[0.798s] Invoked command in '/home/student/git/PreyPath_RS1/41068_ws/build/robot_gazebo' returned '0': CMAKE_PREFIX_PATH=${CMAKE_PREFIX_PATH}:/opt/ros/humble /usr/bin/cmake --build /home/student/git/PreyPath_RS1/41068_ws/build/robot_gazebo -- -j8 -l8
[0.800s] Invoking command in '/home/student/git/PreyPath_RS1/41068_ws/build/robot_gazebo': CMAKE_PREFIX_PATH=${CMAKE_PREFIX_PATH}:/opt/ros/humble /usr/bin/cmake --install /home/student/git/PreyPath_RS1/41068_ws/build/robot_gazebo
[0.807s] -- Install configuration: ""
[0.807s] -- Execute custom install script
[0.808s] -- Symlinking: /home/student/git/PreyPath_RS1/41068_ws/install/robot_gazebo/share/robot_gazebo/launch/main.launch.py
[0.817s] -- Symlinking: /home/student/git/PreyPath_RS1/41068_ws/install/robot_gazebo/share/robot_gazebo/worlds/ground_plane/model-1_2.sdf
[0.827s] -- Symlinking: /home/student/git/PreyPath_RS1/41068_ws/install/robot_gazebo/share/robot_gazebo/worlds/ground_plane/model-1_3.sdf
[0.836s] -- Symlinking: /home/student/git/PreyPath_RS1/41068_ws/install/robot_gazebo/share/robot_gazebo/worlds/ground_plane/model-1_4.sdf
[0.844s] -- Symlinking: /home/student/git/PreyPath_RS1/41068_ws/install/robot_gazebo/share/robot_gazebo/worlds/ground_plane/model.config
[0.852s] -- Symlinking: /home/student/git/PreyPath_RS1/41068_ws/install/robot_gazebo/share/robot_gazebo/worlds/ground_plane/model.sdf
[0.860s] -- Symlinking: /home/student/git/PreyPath_RS1/41068_ws/install/robot_gazebo/share/robot_gazebo/worlds/obstacles.sdf
[0.868s] -- Symlinking: /home/student/git/PreyPath_RS1/41068_ws/install/robot_gazebo/share/robot_gazebo/worlds/obstacles_stage/meshes/spot_stage.dae
[0.876s] -- Symlinking: /home/student/git/PreyPath_RS1/41068_ws/install/robot_gazebo/share/robot_gazebo/worlds/obstacles_stage/meshes/spot_stage.stl
[0.884s] -- Symlinking: /home/student/git/PreyPath_RS1/41068_ws/install/robot_gazebo/share/robot_gazebo/worlds/obstacles_stage/model.config
[0.893s] -- Symlinking: /home/student/git/PreyPath_RS1/41068_ws/install/robot_gazebo/share/robot_gazebo/worlds/obstacles_stage/model.sdf
[0.901s] -- Symlinking: /home/student/git/PreyPath_RS1/41068_ws/install/robot_gazebo/share/robot_gazebo/worlds/path_tracking.sdf
[0.909s] -- Symlinking: /home/student/git/PreyPath_RS1/41068_ws/install/robot_gazebo/share/robot_gazebo/worlds/path_tracking_stage/meshes/path_tracking_stage.dae
[0.917s] -- Symlinking: /home/student/git/PreyPath_RS1/41068_ws/install/robot_gazebo/share/robot_gazebo/worlds/path_tracking_stage/meshes/path_tracking_stage.stl
[0.928s] -- Symlinking: /home/student/git/PreyPath_RS1/41068_ws/install/robot_gazebo/share/robot_gazebo/worlds/path_tracking_stage/meshes/stage.png
[0.937s] -- Symlinking: /home/student/git/PreyPath_RS1/41068_ws/install/robot_gazebo/share/robot_gazebo/worlds/path_tracking_stage/model.config
[0.947s] -- Symlinking: /home/student/git/PreyPath_RS1/41068_ws/install/robot_gazebo/share/robot_gazebo/worlds/path_tracking_stage/model.sdf
[0.956s] -- Symlinking: /home/student/git/PreyPath_RS1/41068_ws/install/robot_gazebo/share/robot_gazebo/worlds/sun/model-1_2.sdf
[0.965s] -- Symlinking: /home/student/git/PreyPath_RS1/41068_ws/install/robot_gazebo/share/robot_gazebo/worlds/sun/model-1_3.sdf
[0.974s] -- Symlinking: /home/student/git/PreyPath_RS1/41068_ws/install/robot_gazebo/share/robot_gazebo/worlds/sun/model-1_4.sdf
[0.983s] -- Symlinking: /home/student/git/PreyPath_RS1/41068_ws/install/robot_gazebo/share/robot_gazebo/worlds/sun/model.config
[0.991s] -- Symlinking: /home/student/git/PreyPath_RS1/41068_ws/install/robot_gazebo/share/robot_gazebo/worlds/sun/model.sdf
[1.000s] -- Symlinking: /home/student/git/PreyPath_RS1/41068_ws/install/robot_gazebo/share/ament_index/resource_index/package_run_dependencies/robot_gazebo
[1.010s] -- Symlinking: /home/student/git/PreyPath_RS1/41068_ws/install/robot_gazebo/share/ament_index/resource_index/parent_prefix_path/robot_gazebo
[1.019s] -- Symlinking: /home/student/git/PreyPath_RS1/41068_ws/install/robot_gazebo/share/robot_gazebo/environment/ament_prefix_path.sh
[1.030s] -- Symlinking: /home/student/git/PreyPath_RS1/41068_ws/install/robot_gazebo/share/robot_gazebo/environment/ament_prefix_path.dsv
[1.040s] -- Symlinking: /home/student/git/PreyPath_RS1/41068_ws/install/robot_gazebo/share/robot_gazebo/environment/path.sh
[1.049s] -- Symlinking: /home/student/git/PreyPath_RS1/41068_ws/install/robot_gazebo/share/robot_gazebo/environment/path.dsv
[1.057s] -- Symlinking: /home/student/git/PreyPath_RS1/41068_ws/install/robot_gazebo/share/robot_gazebo/local_setup.bash
[1.066s] -- Symlinking: /home/student/git/PreyPath_RS1/41068_ws/install/robot_gazebo/share/robot_gazebo/local_setup.sh
[1.075s] -- Symlinking: /home/student/git/PreyPath_RS1/41068_ws/install/robot_gazebo/share/robot_gazebo/local_setup.zsh
[1.084s] -- Symlinking: /home/student/git/PreyPath_RS1/41068_ws/install/robot_gazebo/share/robot_gazebo/local_setup.dsv
[1.093s] -- Symlinking: /home/student/git/PreyPath_RS1/41068_ws/install/robot_gazebo/share/robot_gazebo/package.dsv
[1.102s] -- Symlinking: /home/student/git/PreyPath_RS1/41068_ws/install/robot_gazebo/share/ament_index/resource_index/packages/robot_gazebo
[1.110s] -- Symlinking: /home/student/git/PreyPath_RS1/41068_ws/install/robot_gazebo/share/robot_gazebo/cmake/robot_gazeboConfig.cmake
[1.119s] -- Symlinking: /home/student/git/PreyPath_RS1/41068_ws/install/robot_gazebo/share/robot_gazebo/cmake/robot_gazeboConfig-version.cmake
[1.132s] -- Symlinking: /home/student/git/PreyPath_RS1/41068_ws/install/robot_gazebo/share/robot_gazebo/package.xml
[1.159s] Invoked command in '/home/student/git/PreyPath_RS1/41068_ws/build/robot_gazebo' returned '0': CMAKE_PREFIX_PATH=${CMAKE_PREFIX_PATH}:/opt/ros/humble /usr/bin/cmake --install /home/student/git/PreyPath_RS1/41068_ws/build/robot_gazebo
