[0.061s] Invoking command in '/home/student/git/PreyPath_RS1/41068_ws/build/41068_ignition_bringup': CMAKE_PREFIX_PATH=/opt/ros/humble /usr/bin/cmake /home/student/git/PreyPath_RS1/41068_ws/src/41068_ignition_bringup -DAMENT_CMAKE_SYMLINK_INSTALL=1 -DCMAKE_INSTALL_PREFIX=/home/student/git/PreyPath_RS1/41068_ws/install/41068_ignition_bringup
[0.152s] -- The C compiler identification is GNU 11.4.0
[0.224s] -- The CXX compiler identification is GNU 11.4.0
[0.233s] -- Detecting C compiler ABI info
[0.324s] -- Detecting C compiler ABI info - done
[0.338s] -- Check for working C compiler: /usr/bin/cc - skipped
[0.338s] -- Detecting C compile features
[0.338s] -- Detecting C compile features - done
[0.344s] -- Detecting CXX compiler ABI info
[0.449s] -- Detecting CXX compiler ABI info - done
[0.459s] -- Check for working CXX compiler: /usr/bin/c++ - skipped
[0.460s] -- Detecting CXX compile features
[0.460s] -- Detecting CXX compile features - done
[0.464s] -- Found ament_cmake: 1.3.12 (/opt/ros/humble/share/ament_cmake/cmake)
[0.658s] -- Found Python3: /usr/bin/python3 (found version "3.10.12") found components: Interpreter 
[0.756s] -- Override CMake install command with custom implementation using symlinks instead of copying resources
[0.799s] -- Found ros_ign_interfaces: 0.244.20 (/opt/ros/humble/share/ros_ign_interfaces/cmake)
[0.846s] -- Found rosidl_generator_c: 3.1.7 (/opt/ros/humble/share/rosidl_generator_c/cmake)
[0.851s] -- Found rosidl_adapter: 3.1.7 (/opt/ros/humble/share/rosidl_adapter/cmake)
[0.861s] -- Found rosidl_generator_cpp: 3.1.7 (/opt/ros/humble/share/rosidl_generator_cpp/cmake)
[0.875s] -- Using all available rosidl_typesupport_c: rosidl_typesupport_fastrtps_c;rosidl_typesupport_introspection_c
[0.898s] -- Using all available rosidl_typesupport_cpp: rosidl_typesupport_fastrtps_cpp;rosidl_typesupport_introspection_cpp
[1.014s] -- Found ament_lint_auto: 0.12.14 (/opt/ros/humble/share/ament_lint_auto/cmake)
[1.086s] WARNING: Package name "41068_ignition_bringup" does not follow the naming conventions. It should start with a lower case letter and only contain lower case letters, digits, underscores, and dashes.
[1.124s] -- Added test 'copyright' to check source files copyright and LICENSE
[1.138s] -- Added test 'cppcheck' to perform static code analysis on C / C++ code
[1.139s] -- Configured cppcheck include dirs: 
[1.139s] -- Configured cppcheck exclude dirs and/or files: 
[1.149s] -- Added test 'cpplint' to check C / C++ code against the Google style
[1.149s] -- Configured cpplint exclude dirs and/or files: 
[1.151s] -- Added test 'flake8' to check Python code syntax and style conventions
[1.155s] -- Added test 'lint_cmake' to check CMake code style
[1.157s] -- Added test 'pep257' to check Python code against some of the docstring style conventions in PEP 257
[1.166s] -- Added test 'uncrustify' to check C / C++ code style
[1.166s] -- Configured uncrustify additional arguments: 
[1.168s] -- Added test 'xmllint' to check XML markup files
[1.170s] -- Configuring done
[1.176s] -- Generating done
[1.179s] -- Build files have been written to: /home/student/git/PreyPath_RS1/41068_ws/build/41068_ignition_bringup
[1.193s] Invoked command in '/home/student/git/PreyPath_RS1/41068_ws/build/41068_ignition_bringup' returned '0': CMAKE_PREFIX_PATH=/opt/ros/humble /usr/bin/cmake /home/student/git/PreyPath_RS1/41068_ws/src/41068_ignition_bringup -DAMENT_CMAKE_SYMLINK_INSTALL=1 -DCMAKE_INSTALL_PREFIX=/home/student/git/PreyPath_RS1/41068_ws/install/41068_ignition_bringup
[1.196s] Invoking command in '/home/student/git/PreyPath_RS1/41068_ws/build/41068_ignition_bringup': CMAKE_PREFIX_PATH=/opt/ros/humble /usr/bin/cmake --build /home/student/git/PreyPath_RS1/41068_ws/build/41068_ignition_bringup -- -j8 -l8
[1.247s] Invoked command in '/home/student/git/PreyPath_RS1/41068_ws/build/41068_ignition_bringup' returned '0': CMAKE_PREFIX_PATH=/opt/ros/humble /usr/bin/cmake --build /home/student/git/PreyPath_RS1/41068_ws/build/41068_ignition_bringup -- -j8 -l8
[1.249s] Invoking command in '/home/student/git/PreyPath_RS1/41068_ws/build/41068_ignition_bringup': CMAKE_PREFIX_PATH=/opt/ros/humble /usr/bin/cmake --install /home/student/git/PreyPath_RS1/41068_ws/build/41068_ignition_bringup
[1.257s] -- Install configuration: ""
[1.258s] -- Execute custom install script
[1.261s] -- Symlinking: /home/student/git/PreyPath_RS1/41068_ws/install/41068_ignition_bringup/share/41068_ignition_bringup/config/41068.rviz
[1.269s] -- Symlinking: /home/student/git/PreyPath_RS1/41068_ws/install/41068_ignition_bringup/share/41068_ignition_bringup/config/gazebo_bridge.yaml
[1.282s] -- Symlinking: /home/student/git/PreyPath_RS1/41068_ws/install/41068_ignition_bringup/share/41068_ignition_bringup/config/nav2_params.yaml
[1.292s] -- Symlinking: /home/student/git/PreyPath_RS1/41068_ws/install/41068_ignition_bringup/share/41068_ignition_bringup/config/robot_controller.yaml
[1.304s] -- Symlinking: /home/student/git/PreyPath_RS1/41068_ws/install/41068_ignition_bringup/share/41068_ignition_bringup/config/robot_localization.yaml
[1.316s] -- Symlinking: /home/student/git/PreyPath_RS1/41068_ws/install/41068_ignition_bringup/share/41068_ignition_bringup/config/slam_params.yaml
[1.326s] -- Symlinking: /home/student/git/PreyPath_RS1/41068_ws/install/41068_ignition_bringup/share/41068_ignition_bringup/launch/41068_ignition.launch.py
[1.338s] -- Symlinking: /home/student/git/PreyPath_RS1/41068_ws/install/41068_ignition_bringup/share/41068_ignition_bringup/launch/41068_navigation.launch.py
[1.349s] -- Symlinking: /home/student/git/PreyPath_RS1/41068_ws/install/41068_ignition_bringup/share/41068_ignition_bringup/models/forest_plane/materials/textures/empty_grass.png
[1.361s] -- Symlinking: /home/student/git/PreyPath_RS1/41068_ws/install/41068_ignition_bringup/share/41068_ignition_bringup/models/forest_plane/materials/textures/forest_overhead.png
[1.372s] -- Symlinking: /home/student/git/PreyPath_RS1/41068_ws/install/41068_ignition_bringup/share/41068_ignition_bringup/models/forest_plane/materials/textures/leaf_litter.png
[1.381s] -- Symlinking: /home/student/git/PreyPath_RS1/41068_ws/install/41068_ignition_bringup/share/41068_ignition_bringup/models/forest_plane/model.config
[1.391s] -- Symlinking: /home/student/git/PreyPath_RS1/41068_ws/install/41068_ignition_bringup/share/41068_ignition_bringup/models/forest_plane/model.sdf
[1.402s] -- Symlinking: /home/student/git/PreyPath_RS1/41068_ws/install/41068_ignition_bringup/share/41068_ignition_bringup/models/forest_wall/materials/textures/forest_wall.png
[1.413s] -- Symlinking: /home/student/git/PreyPath_RS1/41068_ws/install/41068_ignition_bringup/share/41068_ignition_bringup/models/forest_wall/materials/textures/forest_wall_transparent.png
[1.424s] -- Symlinking: /home/student/git/PreyPath_RS1/41068_ws/install/41068_ignition_bringup/share/41068_ignition_bringup/models/forest_wall/materials/textures/forest_wall_transparent_small.png
[1.436s] -- Symlinking: /home/student/git/PreyPath_RS1/41068_ws/install/41068_ignition_bringup/share/41068_ignition_bringup/models/forest_wall/model.config
[1.447s] -- Symlinking: /home/student/git/PreyPath_RS1/41068_ws/install/41068_ignition_bringup/share/41068_ignition_bringup/models/forest_wall/model.sdf
[1.458s] -- Symlinking: /home/student/git/PreyPath_RS1/41068_ws/install/41068_ignition_bringup/share/41068_ignition_bringup/models/grass_plane/materials/textures/empty_grass.png
[1.468s] -- Symlinking: /home/student/git/PreyPath_RS1/41068_ws/install/41068_ignition_bringup/share/41068_ignition_bringup/models/grass_plane/model.config
[1.478s] -- Symlinking: /home/student/git/PreyPath_RS1/41068_ws/install/41068_ignition_bringup/share/41068_ignition_bringup/models/grass_plane/model.sdf
[1.488s] -- Symlinking: /home/student/git/PreyPath_RS1/41068_ws/install/41068_ignition_bringup/share/41068_ignition_bringup/urdf/Husky_URDF/common_properties.urdf.xacro
[1.499s] -- Symlinking: /home/student/git/PreyPath_RS1/41068_ws/install/41068_ignition_bringup/share/41068_ignition_bringup/urdf/Husky_URDF/husky.gazebo.xacro
[1.509s] -- Symlinking: /home/student/git/PreyPath_RS1/41068_ws/install/41068_ignition_bringup/share/41068_ignition_bringup/urdf/Husky_URDF/husky.urdf.xacro
[1.520s] -- Symlinking: /home/student/git/PreyPath_RS1/41068_ws/install/41068_ignition_bringup/share/41068_ignition_bringup/urdf/Husky_URDF/wheel.urdf.xacro
[1.530s] -- Symlinking: /home/student/git/PreyPath_RS1/41068_ws/install/41068_ignition_bringup/share/41068_ignition_bringup/urdf/Quadruped_URDF/base.gazebo
[1.543s] -- Symlinking: /home/student/git/PreyPath_RS1/41068_ws/install/41068_ignition_bringup/share/41068_ignition_bringup/urdf/Quadruped_URDF/base.xacro
[1.552s] -- Symlinking: /home/student/git/PreyPath_RS1/41068_ws/install/41068_ignition_bringup/share/41068_ignition_bringup/urdf/Quadruped_URDF/left_thigh.gazebo
[1.564s] -- Symlinking: /home/student/git/PreyPath_RS1/41068_ws/install/41068_ignition_bringup/share/41068_ignition_bringup/urdf/Quadruped_URDF/left_thigh.xacro
[1.574s] -- Symlinking: /home/student/git/PreyPath_RS1/41068_ws/install/41068_ignition_bringup/share/41068_ignition_bringup/urdf/Quadruped_URDF/leg_joint.gazebo
[1.585s] -- Symlinking: /home/student/git/PreyPath_RS1/41068_ws/install/41068_ignition_bringup/share/41068_ignition_bringup/urdf/Quadruped_URDF/leg_joint.xacro
[1.597s] -- Symlinking: /home/student/git/PreyPath_RS1/41068_ws/install/41068_ignition_bringup/share/41068_ignition_bringup/urdf/Quadruped_URDF/right_thigh.gazebo
[1.608s] -- Symlinking: /home/student/git/PreyPath_RS1/41068_ws/install/41068_ignition_bringup/share/41068_ignition_bringup/urdf/Quadruped_URDF/right_thigh.xacro
[1.617s] -- Symlinking: /home/student/git/PreyPath_RS1/41068_ws/install/41068_ignition_bringup/share/41068_ignition_bringup/urdf/Quadruped_URDF/robot.xacro
[1.630s] -- Symlinking: /home/student/git/PreyPath_RS1/41068_ws/install/41068_ignition_bringup/share/41068_ignition_bringup/urdf/Quadruped_URDF/robot_control_gazebo.xacro
[1.639s] -- Symlinking: /home/student/git/PreyPath_RS1/41068_ws/install/41068_ignition_bringup/share/41068_ignition_bringup/urdf/Quadruped_URDF/shin.gazebo
[1.648s] -- Symlinking: /home/student/git/PreyPath_RS1/41068_ws/install/41068_ignition_bringup/share/41068_ignition_bringup/urdf/Quadruped_URDF/shin.xacro
[1.658s] -- Symlinking: /home/student/git/PreyPath_RS1/41068_ws/install/41068_ignition_bringup/share/41068_ignition_bringup/urdf/meshes/Husky/base_link.dae
[1.668s] -- Symlinking: /home/student/git/PreyPath_RS1/41068_ws/install/41068_ignition_bringup/share/41068_ignition_bringup/urdf/meshes/Husky/bumper.dae
[1.677s] -- Symlinking: /home/student/git/PreyPath_RS1/41068_ws/install/41068_ignition_bringup/share/41068_ignition_bringup/urdf/meshes/Husky/jpl04_arch_nosensor.stl
[1.687s] -- Symlinking: /home/student/git/PreyPath_RS1/41068_ws/install/41068_ignition_bringup/share/41068_ignition_bringup/urdf/meshes/Husky/top_chassis.dae
[1.696s] -- Symlinking: /home/student/git/PreyPath_RS1/41068_ws/install/41068_ignition_bringup/share/41068_ignition_bringup/urdf/meshes/Husky/top_plate.dae
[1.707s] -- Symlinking: /home/student/git/PreyPath_RS1/41068_ws/install/41068_ignition_bringup/share/41068_ignition_bringup/urdf/meshes/Husky/wheel.dae
[1.717s] -- Symlinking: /home/student/git/PreyPath_RS1/41068_ws/install/41068_ignition_bringup/share/41068_ignition_bringup/urdf/meshes/Quadruped/base_link.dae
[1.726s] -- Symlinking: /home/student/git/PreyPath_RS1/41068_ws/install/41068_ignition_bringup/share/41068_ignition_bringup/urdf/meshes/Quadruped/base_link.stl
[1.736s] -- Symlinking: /home/student/git/PreyPath_RS1/41068_ws/install/41068_ignition_bringup/share/41068_ignition_bringup/urdf/meshes/Quadruped/base_link_old.stl
[1.747s] -- Symlinking: /home/student/git/PreyPath_RS1/41068_ws/install/41068_ignition_bringup/share/41068_ignition_bringup/urdf/meshes/Quadruped/knuckle.dae
[1.755s] -- Symlinking: /home/student/git/PreyPath_RS1/41068_ws/install/41068_ignition_bringup/share/41068_ignition_bringup/urdf/meshes/Quadruped/knuckle.stl
[1.765s] -- Symlinking: /home/student/git/PreyPath_RS1/41068_ws/install/41068_ignition_bringup/share/41068_ignition_bringup/urdf/meshes/Quadruped/left_thigh.dae
[1.773s] -- Symlinking: /home/student/git/PreyPath_RS1/41068_ws/install/41068_ignition_bringup/share/41068_ignition_bringup/urdf/meshes/Quadruped/left_thigh.stl
[1.783s] -- Symlinking: /home/student/git/PreyPath_RS1/41068_ws/install/41068_ignition_bringup/share/41068_ignition_bringup/urdf/meshes/Quadruped/leg_joint.dae
[1.793s] -- Symlinking: /home/student/git/PreyPath_RS1/41068_ws/install/41068_ignition_bringup/share/41068_ignition_bringup/urdf/meshes/Quadruped/leg_joint.stl
[1.803s] -- Symlinking: /home/student/git/PreyPath_RS1/41068_ws/install/41068_ignition_bringup/share/41068_ignition_bringup/urdf/meshes/Quadruped/right_thigh.dae
[1.813s] -- Symlinking: /home/student/git/PreyPath_RS1/41068_ws/install/41068_ignition_bringup/share/41068_ignition_bringup/urdf/meshes/Quadruped/right_thigh.stl
[1.824s] -- Symlinking: /home/student/git/PreyPath_RS1/41068_ws/install/41068_ignition_bringup/share/41068_ignition_bringup/urdf/meshes/Quadruped/shin.dae
[1.836s] -- Symlinking: /home/student/git/PreyPath_RS1/41068_ws/install/41068_ignition_bringup/share/41068_ignition_bringup/urdf/meshes/Quadruped/shin.stl
[1.847s] -- Symlinking: /home/student/git/PreyPath_RS1/41068_ws/install/41068_ignition_bringup/share/41068_ignition_bringup/urdf/meshes/Quadruped/wheel.dae
[1.858s] -- Symlinking: /home/student/git/PreyPath_RS1/41068_ws/install/41068_ignition_bringup/share/41068_ignition_bringup/worlds/large_demo.sdf
[1.867s] -- Symlinking: /home/student/git/PreyPath_RS1/41068_ws/install/41068_ignition_bringup/share/41068_ignition_bringup/worlds/simple_trees.sdf
[1.877s] -- Symlinking: /home/student/git/PreyPath_RS1/41068_ws/install/41068_ignition_bringup/share/ament_index/resource_index/package_run_dependencies/41068_ignition_bringup
[1.887s] -- Symlinking: /home/student/git/PreyPath_RS1/41068_ws/install/41068_ignition_bringup/share/ament_index/resource_index/parent_prefix_path/41068_ignition_bringup
[1.896s] -- Symlinking: /home/student/git/PreyPath_RS1/41068_ws/install/41068_ignition_bringup/share/41068_ignition_bringup/environment/ament_prefix_path.sh
[1.906s] -- Symlinking: /home/student/git/PreyPath_RS1/41068_ws/install/41068_ignition_bringup/share/41068_ignition_bringup/environment/ament_prefix_path.dsv
[1.916s] -- Symlinking: /home/student/git/PreyPath_RS1/41068_ws/install/41068_ignition_bringup/share/41068_ignition_bringup/environment/path.sh
[1.925s] -- Symlinking: /home/student/git/PreyPath_RS1/41068_ws/install/41068_ignition_bringup/share/41068_ignition_bringup/environment/path.dsv
[1.935s] -- Symlinking: /home/student/git/PreyPath_RS1/41068_ws/install/41068_ignition_bringup/share/41068_ignition_bringup/local_setup.bash
[1.944s] -- Symlinking: /home/student/git/PreyPath_RS1/41068_ws/install/41068_ignition_bringup/share/41068_ignition_bringup/local_setup.sh
[1.954s] -- Symlinking: /home/student/git/PreyPath_RS1/41068_ws/install/41068_ignition_bringup/share/41068_ignition_bringup/local_setup.zsh
[1.965s] -- Symlinking: /home/student/git/PreyPath_RS1/41068_ws/install/41068_ignition_bringup/share/41068_ignition_bringup/local_setup.dsv
[1.974s] -- Symlinking: /home/student/git/PreyPath_RS1/41068_ws/install/41068_ignition_bringup/share/41068_ignition_bringup/package.dsv
[1.983s] -- Symlinking: /home/student/git/PreyPath_RS1/41068_ws/install/41068_ignition_bringup/share/ament_index/resource_index/packages/41068_ignition_bringup
[1.994s] -- Symlinking: /home/student/git/PreyPath_RS1/41068_ws/install/41068_ignition_bringup/share/41068_ignition_bringup/cmake/41068_ignition_bringupConfig.cmake
[2.004s] -- Symlinking: /home/student/git/PreyPath_RS1/41068_ws/install/41068_ignition_bringup/share/41068_ignition_bringup/cmake/41068_ignition_bringupConfig-version.cmake
[2.014s] -- Symlinking: /home/student/git/PreyPath_RS1/41068_ws/install/41068_ignition_bringup/share/41068_ignition_bringup/package.xml
[2.026s] Invoked command in '/home/student/git/PreyPath_RS1/41068_ws/build/41068_ignition_bringup' returned '0': CMAKE_PREFIX_PATH=/opt/ros/humble /usr/bin/cmake --install /home/student/git/PreyPath_RS1/41068_ws/build/41068_ignition_bringup
