[0.254s] DEBUG:colcon:Command line arguments: ['/usr/bin/colcon', 'build', '--symlink-install']
[0.254s] DEBUG:colcon:Parsed command line arguments: Namespace(log_base=None, log_level=None, verb_name='build', build_base='build', install_base='install', merge_install=False, symlink_install=True, test_result_base=None, continue_on_error=False, executor='parallel', parallel_workers=8, event_handlers=None, ignore_user_meta=False, metas=['./colcon.meta'], base_paths=['.'], packages_ignore=None, packages_ignore_regex=None, paths=None, packages_up_to=None, packages_up_to_regex=None, packages_above=None, packages_above_and_dependencies=None, packages_above_depth=None, packages_select_by_dep=None, packages_skip_by_dep=None, packages_skip_up_to=None, packages_select_build_failed=False, packages_skip_build_finished=False, packages_select_test_failures=False, packages_skip_test_passed=False, packages_select=None, packages_skip=None, packages_select_regex=None, packages_skip_regex=None, packages_start=None, packages_end=None, allow_overriding=[], cmake_args=None, cmake_target=None, cmake_target_skip_unavailable=False, cmake_clean_cache=False, cmake_clean_first=False, cmake_force_configure=False, ament_cmake_args=None, catkin_cmake_args=None, catkin_skip_building_tests=False, mixin_files=None, mixin=None, verb_parser=<colcon_mixin.mixin.mixin_argument.MixinArgumentDecorator object at 0x72e826556380>, verb_extension=<colcon_core.verb.build.BuildVerb object at 0x72e826555660>, main=<bound method BuildVerb.main of <colcon_core.verb.build.BuildVerb object at 0x72e826555660>>, mixin_verb=('build',))
[0.652s] Level 1:colcon.colcon_core.package_discovery:discover_packages(colcon_meta) check parameters
[0.652s] Level 1:colcon.colcon_core.package_discovery:discover_packages(recursive) check parameters
[0.652s] Level 1:colcon.colcon_core.package_discovery:discover_packages(ignore) check parameters
[0.652s] Level 1:colcon.colcon_core.package_discovery:discover_packages(path) check parameters
[0.652s] Level 1:colcon.colcon_core.package_discovery:discover_packages(colcon_meta) discover
[0.652s] Level 1:colcon.colcon_core.package_discovery:discover_packages(recursive) discover
[0.652s] INFO:colcon.colcon_core.package_discovery:Crawling recursively for packages in '/home/jonathan/git/PreyPath_RS1/sensor'
[0.653s] Level 1:colcon.colcon_core.package_identification:_identify(.) by extensions ['ignore', 'ignore_ament_install']
[0.653s] Level 1:colcon.colcon_core.package_identification:_identify(.) by extension 'ignore'
[0.653s] Level 1:colcon.colcon_core.package_identification:_identify(.) by extension 'ignore_ament_install'
[0.653s] Level 1:colcon.colcon_core.package_identification:_identify(.) by extensions ['colcon_pkg']
[0.653s] Level 1:colcon.colcon_core.package_identification:_identify(.) by extension 'colcon_pkg'
[0.653s] Level 1:colcon.colcon_core.package_identification:_identify(.) by extensions ['colcon_meta']
[0.653s] Level 1:colcon.colcon_core.package_identification:_identify(.) by extension 'colcon_meta'
[0.653s] Level 1:colcon.colcon_core.package_identification:_identify(.) by extensions ['ros']
[0.653s] Level 1:colcon.colcon_core.package_identification:_identify(.) by extension 'ros'
[0.676s] Level 1:colcon.colcon_core.package_identification:_identify(.) by extensions ['cmake', 'python']
[0.676s] Level 1:colcon.colcon_core.package_identification:_identify(.) by extension 'cmake'
[0.676s] Level 1:colcon.colcon_core.package_identification:_identify(.) by extension 'python'
[0.676s] Level 1:colcon.colcon_core.package_identification:_identify(.) by extensions ['python_setup_py']
[0.676s] Level 1:colcon.colcon_core.package_identification:_identify(.) by extension 'python_setup_py'
[0.677s] Level 1:colcon.colcon_core.package_identification:_identify(build) by extensions ['ignore', 'ignore_ament_install']
[0.677s] Level 1:colcon.colcon_core.package_identification:_identify(build) by extension 'ignore'
[0.677s] Level 1:colcon.colcon_core.package_identification:_identify(build) ignored
[0.677s] Level 1:colcon.colcon_core.package_identification:_identify(install) by extensions ['ignore', 'ignore_ament_install']
[0.677s] Level 1:colcon.colcon_core.package_identification:_identify(install) by extension 'ignore'
[0.678s] Level 1:colcon.colcon_core.package_identification:_identify(install) ignored
[0.678s] Level 1:colcon.colcon_core.package_identification:_identify(log) by extensions ['ignore', 'ignore_ament_install']
[0.678s] Level 1:colcon.colcon_core.package_identification:_identify(log) by extension 'ignore'
[0.678s] Level 1:colcon.colcon_core.package_identification:_identify(log) ignored
[0.678s] Level 1:colcon.colcon_core.package_identification:_identify(src) by extensions ['ignore', 'ignore_ament_install']
[0.678s] Level 1:colcon.colcon_core.package_identification:_identify(src) by extension 'ignore'
[0.678s] Level 1:colcon.colcon_core.package_identification:_identify(src) by extension 'ignore_ament_install'
[0.678s] Level 1:colcon.colcon_core.package_identification:_identify(src) by extensions ['colcon_pkg']
[0.678s] Level 1:colcon.colcon_core.package_identification:_identify(src) by extension 'colcon_pkg'
[0.679s] Level 1:colcon.colcon_core.package_identification:_identify(src) by extensions ['colcon_meta']
[0.679s] Level 1:colcon.colcon_core.package_identification:_identify(src) by extension 'colcon_meta'
[0.679s] Level 1:colcon.colcon_core.package_identification:_identify(src) by extensions ['ros']
[0.679s] Level 1:colcon.colcon_core.package_identification:_identify(src) by extension 'ros'
[0.679s] Level 1:colcon.colcon_core.package_identification:_identify(src) by extensions ['cmake', 'python']
[0.679s] Level 1:colcon.colcon_core.package_identification:_identify(src) by extension 'cmake'
[0.679s] Level 1:colcon.colcon_core.package_identification:_identify(src) by extension 'python'
[0.679s] Level 1:colcon.colcon_core.package_identification:_identify(src) by extensions ['python_setup_py']
[0.679s] Level 1:colcon.colcon_core.package_identification:_identify(src) by extension 'python_setup_py'
[0.679s] Level 1:colcon.colcon_core.package_identification:_identify(src/preypath_bringup) by extensions ['ignore', 'ignore_ament_install']
[0.680s] Level 1:colcon.colcon_core.package_identification:_identify(src/preypath_bringup) by extension 'ignore'
[0.680s] Level 1:colcon.colcon_core.package_identification:_identify(src/preypath_bringup) by extension 'ignore_ament_install'
[0.680s] Level 1:colcon.colcon_core.package_identification:_identify(src/preypath_bringup) by extensions ['colcon_pkg']
[0.680s] Level 1:colcon.colcon_core.package_identification:_identify(src/preypath_bringup) by extension 'colcon_pkg'
[0.680s] Level 1:colcon.colcon_core.package_identification:_identify(src/preypath_bringup) by extensions ['colcon_meta']
[0.680s] Level 1:colcon.colcon_core.package_identification:_identify(src/preypath_bringup) by extension 'colcon_meta'
[0.680s] Level 1:colcon.colcon_core.package_identification:_identify(src/preypath_bringup) by extensions ['ros']
[0.680s] Level 1:colcon.colcon_core.package_identification:_identify(src/preypath_bringup) by extension 'ros'
[0.685s] DEBUG:colcon.colcon_core.package_identification:Package 'src/preypath_bringup' with type 'ros.catkin' and name 'preypath_bringup'
[0.686s] Level 1:colcon.colcon_core.package_identification:_identify(src/preypath_sensors) by extensions ['ignore', 'ignore_ament_install']
[0.686s] Level 1:colcon.colcon_core.package_identification:_identify(src/preypath_sensors) by extension 'ignore'
[0.686s] Level 1:colcon.colcon_core.package_identification:_identify(src/preypath_sensors) by extension 'ignore_ament_install'
[0.686s] Level 1:colcon.colcon_core.package_identification:_identify(src/preypath_sensors) by extensions ['colcon_pkg']
[0.686s] Level 1:colcon.colcon_core.package_identification:_identify(src/preypath_sensors) by extension 'colcon_pkg'
[0.686s] Level 1:colcon.colcon_core.package_identification:_identify(src/preypath_sensors) by extensions ['colcon_meta']
[0.686s] Level 1:colcon.colcon_core.package_identification:_identify(src/preypath_sensors) by extension 'colcon_meta'
[0.686s] Level 1:colcon.colcon_core.package_identification:_identify(src/preypath_sensors) by extensions ['ros']
[0.686s] Level 1:colcon.colcon_core.package_identification:_identify(src/preypath_sensors) by extension 'ros'
[0.688s] DEBUG:colcon.colcon_core.package_identification:Package 'src/preypath_sensors' with type 'ros.ament_python' and name 'preypath_sensors'
[0.688s] Level 1:colcon.colcon_core.package_identification:_identify(src/preypath_slam) by extensions ['ignore', 'ignore_ament_install']
[0.689s] Level 1:colcon.colcon_core.package_identification:_identify(src/preypath_slam) by extension 'ignore'
[0.689s] Level 1:colcon.colcon_core.package_identification:_identify(src/preypath_slam) by extension 'ignore_ament_install'
[0.689s] Level 1:colcon.colcon_core.package_identification:_identify(src/preypath_slam) by extensions ['colcon_pkg']
[0.689s] Level 1:colcon.colcon_core.package_identification:_identify(src/preypath_slam) by extension 'colcon_pkg'
[0.689s] Level 1:colcon.colcon_core.package_identification:_identify(src/preypath_slam) by extensions ['colcon_meta']
[0.689s] Level 1:colcon.colcon_core.package_identification:_identify(src/preypath_slam) by extension 'colcon_meta'
[0.689s] Level 1:colcon.colcon_core.package_identification:_identify(src/preypath_slam) by extensions ['ros']
[0.689s] Level 1:colcon.colcon_core.package_identification:_identify(src/preypath_slam) by extension 'ros'
[0.690s] DEBUG:colcon.colcon_core.package_identification:Package 'src/preypath_slam' with type 'ros.catkin' and name 'preypath_slam'
[0.690s] Level 1:colcon.colcon_core.package_discovery:discover_packages(recursive) using defaults
[0.690s] Level 1:colcon.colcon_core.package_discovery:discover_packages(ignore) discover
[0.690s] Level 1:colcon.colcon_core.package_discovery:discover_packages(ignore) using defaults
[0.690s] Level 1:colcon.colcon_core.package_discovery:discover_packages(path) discover
[0.690s] Level 1:colcon.colcon_core.package_discovery:discover_packages(path) using defaults
[0.751s] Level 1:colcon.colcon_core.package_discovery:discover_packages(prefix_path) check parameters
[0.751s] Level 1:colcon.colcon_core.package_discovery:discover_packages(prefix_path) discover
[0.756s] WARNING:colcon.colcon_ros.prefix_path.ament:The path '/home/jonathan/git/PreyPath_RS1/sensor/install/preypath_sensors' in the environment variable AMENT_PREFIX_PATH doesn't exist
[0.756s] WARNING:colcon.colcon_ros.prefix_path.catkin:The path '/home/jonathan/git/PreyPath_RS1/sensor/install/preypath_bringup' in the environment variable CMAKE_PREFIX_PATH doesn't exist
[0.756s] WARNING:colcon.colcon_ros.prefix_path.catkin:The path '/home/jonathan/git/PreyPath_RS1/sensor/install/preypath_slam' in the environment variable CMAKE_PREFIX_PATH doesn't exist
[0.757s] DEBUG:colcon.colcon_installed_package_information.package_discovery:Found 0 installed packages in /home/jonathan/git/PreyPath_RS1/sensor/install
[0.758s] DEBUG:colcon.colcon_installed_package_information.package_discovery:Found 1 installed packages in /home/jonathan/41068_ws/install
[0.759s] DEBUG:colcon.colcon_installed_package_information.package_discovery:Found 3 installed packages in /home/jonathan/ros_ws/install
[0.764s] DEBUG:colcon.colcon_installed_package_information.package_discovery:Found 428 installed packages in /opt/ros/humble
[0.768s] Level 1:colcon.colcon_core.package_discovery:discover_packages(prefix_path) using defaults
[0.869s] Level 5:colcon.colcon_core.verb:set package 'preypath_sensors' build argument 'cmake_args' from command line to 'None'
[0.869s] Level 5:colcon.colcon_core.verb:set package 'preypath_sensors' build argument 'cmake_target' from command line to 'None'
[0.869s] Level 5:colcon.colcon_core.verb:set package 'preypath_sensors' build argument 'cmake_target_skip_unavailable' from command line to 'False'
[0.869s] Level 5:colcon.colcon_core.verb:set package 'preypath_sensors' build argument 'cmake_clean_cache' from command line to 'False'
[0.869s] Level 5:colcon.colcon_core.verb:set package 'preypath_sensors' build argument 'cmake_clean_first' from command line to 'False'
[0.869s] Level 5:colcon.colcon_core.verb:set package 'preypath_sensors' build argument 'cmake_force_configure' from command line to 'False'
[0.869s] Level 5:colcon.colcon_core.verb:set package 'preypath_sensors' build argument 'ament_cmake_args' from command line to 'None'
[0.869s] Level 5:colcon.colcon_core.verb:set package 'preypath_sensors' build argument 'catkin_cmake_args' from command line to 'None'
[0.869s] Level 5:colcon.colcon_core.verb:set package 'preypath_sensors' build argument 'catkin_skip_building_tests' from command line to 'False'
[0.869s] DEBUG:colcon.colcon_core.verb:Building package 'preypath_sensors' with the following arguments: {'ament_cmake_args': None, 'build_base': '/home/jonathan/git/PreyPath_RS1/sensor/build/preypath_sensors', 'catkin_cmake_args': None, 'catkin_skip_building_tests': False, 'cmake_args': None, 'cmake_clean_cache': False, 'cmake_clean_first': False, 'cmake_force_configure': False, 'cmake_target': None, 'cmake_target_skip_unavailable': False, 'install_base': '/home/jonathan/git/PreyPath_RS1/sensor/install/preypath_sensors', 'merge_install': False, 'path': '/home/jonathan/git/PreyPath_RS1/sensor/src/preypath_sensors', 'symlink_install': True, 'test_result_base': None}
[0.870s] Level 5:colcon.colcon_core.verb:set package 'preypath_slam' build argument 'cmake_args' from command line to 'None'
[0.870s] Level 5:colcon.colcon_core.verb:set package 'preypath_slam' build argument 'cmake_target' from command line to 'None'
[0.870s] Level 5:colcon.colcon_core.verb:set package 'preypath_slam' build argument 'cmake_target_skip_unavailable' from command line to 'False'
[0.870s] Level 5:colcon.colcon_core.verb:set package 'preypath_slam' build argument 'cmake_clean_cache' from command line to 'False'
[0.870s] Level 5:colcon.colcon_core.verb:set package 'preypath_slam' build argument 'cmake_clean_first' from command line to 'False'
[0.870s] Level 5:colcon.colcon_core.verb:set package 'preypath_slam' build argument 'cmake_force_configure' from command line to 'False'
[0.870s] Level 5:colcon.colcon_core.verb:set package 'preypath_slam' build argument 'ament_cmake_args' from command line to 'None'
[0.870s] Level 5:colcon.colcon_core.verb:set package 'preypath_slam' build argument 'catkin_cmake_args' from command line to 'None'
[0.870s] Level 5:colcon.colcon_core.verb:set package 'preypath_slam' build argument 'catkin_skip_building_tests' from command line to 'False'
[0.871s] DEBUG:colcon.colcon_core.verb:Building package 'preypath_slam' with the following arguments: {'ament_cmake_args': None, 'build_base': '/home/jonathan/git/PreyPath_RS1/sensor/build/preypath_slam', 'catkin_cmake_args': None, 'catkin_skip_building_tests': False, 'cmake_args': None, 'cmake_clean_cache': False, 'cmake_clean_first': False, 'cmake_force_configure': False, 'cmake_target': None, 'cmake_target_skip_unavailable': False, 'install_base': '/home/jonathan/git/PreyPath_RS1/sensor/install/preypath_slam', 'merge_install': False, 'path': '/home/jonathan/git/PreyPath_RS1/sensor/src/preypath_slam', 'symlink_install': True, 'test_result_base': None}
[0.871s] Level 5:colcon.colcon_core.verb:set package 'preypath_bringup' build argument 'cmake_args' from command line to 'None'
[0.871s] Level 5:colcon.colcon_core.verb:set package 'preypath_bringup' build argument 'cmake_target' from command line to 'None'
[0.871s] Level 5:colcon.colcon_core.verb:set package 'preypath_bringup' build argument 'cmake_target_skip_unavailable' from command line to 'False'
[0.871s] Level 5:colcon.colcon_core.verb:set package 'preypath_bringup' build argument 'cmake_clean_cache' from command line to 'False'
[0.871s] Level 5:colcon.colcon_core.verb:set package 'preypath_bringup' build argument 'cmake_clean_first' from command line to 'False'
[0.871s] Level 5:colcon.colcon_core.verb:set package 'preypath_bringup' build argument 'cmake_force_configure' from command line to 'False'
[0.872s] Level 5:colcon.colcon_core.verb:set package 'preypath_bringup' build argument 'ament_cmake_args' from command line to 'None'
[0.872s] Level 5:colcon.colcon_core.verb:set package 'preypath_bringup' build argument 'catkin_cmake_args' from command line to 'None'
[0.872s] Level 5:colcon.colcon_core.verb:set package 'preypath_bringup' build argument 'catkin_skip_building_tests' from command line to 'False'
[0.872s] DEBUG:colcon.colcon_core.verb:Building package 'preypath_bringup' with the following arguments: {'ament_cmake_args': None, 'build_base': '/home/jonathan/git/PreyPath_RS1/sensor/build/preypath_bringup', 'catkin_cmake_args': None, 'catkin_skip_building_tests': False, 'cmake_args': None, 'cmake_clean_cache': False, 'cmake_clean_first': False, 'cmake_force_configure': False, 'cmake_target': None, 'cmake_target_skip_unavailable': False, 'install_base': '/home/jonathan/git/PreyPath_RS1/sensor/install/preypath_bringup', 'merge_install': False, 'path': '/home/jonathan/git/PreyPath_RS1/sensor/src/preypath_bringup', 'symlink_install': True, 'test_result_base': None}
[0.872s] INFO:colcon.colcon_core.executor:Executing jobs using 'parallel' executor
[0.874s] DEBUG:colcon.colcon_parallel_executor.executor.parallel:run_until_complete
[0.874s] INFO:colcon.colcon_ros.task.ament_python.build:Building ROS package in '/home/jonathan/git/PreyPath_RS1/sensor/src/preypath_sensors' with build type 'ament_python'
[0.874s] Level 1:colcon.colcon_core.shell:create_environment_hook('preypath_sensors', 'ament_prefix_path')
[0.879s] INFO:colcon.colcon_core.plugin_system:Skipping extension 'colcon_core.shell.bat': Not used on non-Windows systems
[0.879s] INFO:colcon.colcon_core.shell:Creating environment hook '/home/jonathan/git/PreyPath_RS1/sensor/install/preypath_sensors/share/preypath_sensors/hook/ament_prefix_path.ps1'
[0.881s] INFO:colcon.colcon_core.shell:Creating environment descriptor '/home/jonathan/git/PreyPath_RS1/sensor/install/preypath_sensors/share/preypath_sensors/hook/ament_prefix_path.dsv'
[0.882s] INFO:colcon.colcon_core.shell:Creating environment hook '/home/jonathan/git/PreyPath_RS1/sensor/install/preypath_sensors/share/preypath_sensors/hook/ament_prefix_path.sh'
[0.883s] INFO:colcon.colcon_core.shell:Skip shell extension 'powershell' for command environment: Not usable outside of PowerShell
[0.883s] DEBUG:colcon.colcon_core.shell:Skip shell extension 'dsv' for command environment
[0.893s] INFO:colcon.colcon_ros.task.catkin.build:Building ROS package in '/home/jonathan/git/PreyPath_RS1/sensor/src/preypath_slam' with build type 'catkin'
[0.894s] INFO:colcon.colcon_cmake.task.cmake.build:Building CMake package in '/home/jonathan/git/PreyPath_RS1/sensor/src/preypath_slam'
[0.894s] INFO:colcon.colcon_core.shell:Skip shell extension 'powershell' for command environment: Not usable outside of PowerShell
[0.894s] DEBUG:colcon.colcon_core.shell:Skip shell extension 'dsv' for command environment
[1.368s] INFO:colcon.colcon_core.task.python.build:Building Python package in '/home/jonathan/git/PreyPath_RS1/sensor/src/preypath_sensors'
[1.369s] INFO:colcon.colcon_core.shell:Skip shell extension 'powershell' for command environment: Not usable outside of PowerShell
[1.369s] DEBUG:colcon.colcon_core.shell:Skip shell extension 'dsv' for command environment
[1.380s] DEBUG:colcon.colcon_core.event_handler.log_command:Invoking command in '/home/jonathan/git/PreyPath_RS1/sensor/build/preypath_slam': /usr/bin/cmake /home/jonathan/git/PreyPath_RS1/sensor/src/preypath_slam -DCATKIN_INSTALL_INTO_PREFIX_ROOT=0 -DCATKIN_SYMLINK_INSTALL=ON -DCMAKE_INSTALL_PREFIX=/home/jonathan/git/PreyPath_RS1/sensor/install/preypath_slam
[1.963s] DEBUG:colcon.colcon_core.event_handler.log_command:Invoking command in '/home/jonathan/git/PreyPath_RS1/sensor/build/preypath_sensors': PYTHONPATH=/home/jonathan/git/PreyPath_RS1/sensor/build/preypath_sensors/prefix_override:/usr/lib/python3/dist-packages/colcon_core/task/python/colcon_distutils_commands:/home/jonathan/git/PreyPath_RS1/sensor/install/preypath_sensors/lib/python3.10/site-packages:${PYTHONPATH} /usr/bin/python3 -W ignore:setup.py install is deprecated -W ignore:easy_install command is deprecated setup.py develop --editable --build-directory /home/jonathan/git/PreyPath_RS1/sensor/build/preypath_sensors/build --no-deps symlink_data
[2.329s] DEBUG:colcon.colcon_core.event_handler.log_command:Invoked command in '/home/jonathan/git/PreyPath_RS1/sensor/build/preypath_slam' returned '0': /usr/bin/cmake /home/jonathan/git/PreyPath_RS1/sensor/src/preypath_slam -DCATKIN_INSTALL_INTO_PREFIX_ROOT=0 -DCATKIN_SYMLINK_INSTALL=ON -DCMAKE_INSTALL_PREFIX=/home/jonathan/git/PreyPath_RS1/sensor/install/preypath_slam
[2.330s] DEBUG:colcon.colcon_core.event_handler.log_command:Invoking command in '/home/jonathan/git/PreyPath_RS1/sensor/build/preypath_slam': /usr/bin/cmake --build /home/jonathan/git/PreyPath_RS1/sensor/build/preypath_slam -- -j8 -l8
[2.380s] DEBUG:colcon.colcon_core.event_handler.log_command:Invoked command in '/home/jonathan/git/PreyPath_RS1/sensor/build/preypath_slam' returned '0': /usr/bin/cmake --build /home/jonathan/git/PreyPath_RS1/sensor/build/preypath_slam -- -j8 -l8
[2.394s] DEBUG:colcon.colcon_core.event_handler.log_command:Invoking command in '/home/jonathan/git/PreyPath_RS1/sensor/build/preypath_slam': /usr/bin/cmake --install /home/jonathan/git/PreyPath_RS1/sensor/build/preypath_slam
[2.411s] DEBUG:colcon.colcon_core.event_handler.log_command:Invoked command in '/home/jonathan/git/PreyPath_RS1/sensor/build/preypath_slam' returned '0': /usr/bin/cmake --install /home/jonathan/git/PreyPath_RS1/sensor/build/preypath_slam
[2.411s] Level 1:colcon.colcon_core.shell:create_environment_hook('preypath_slam', 'ros_package_path')
[2.411s] INFO:colcon.colcon_core.shell:Creating environment hook '/home/jonathan/git/PreyPath_RS1/sensor/install/preypath_slam/share/preypath_slam/hook/ros_package_path.ps1'
[2.412s] INFO:colcon.colcon_core.shell:Creating environment descriptor '/home/jonathan/git/PreyPath_RS1/sensor/install/preypath_slam/share/preypath_slam/hook/ros_package_path.dsv'
[2.412s] INFO:colcon.colcon_core.shell:Creating environment hook '/home/jonathan/git/PreyPath_RS1/sensor/install/preypath_slam/share/preypath_slam/hook/ros_package_path.sh'
[2.413s] Level 1:colcon.colcon_core.shell:create_environment_hook('preypath_slam', 'pkg_config_path')
[2.414s] INFO:colcon.colcon_core.shell:Creating environment hook '/home/jonathan/git/PreyPath_RS1/sensor/install/preypath_slam/share/preypath_slam/hook/pkg_config_path.ps1'
[2.414s] INFO:colcon.colcon_core.shell:Creating environment descriptor '/home/jonathan/git/PreyPath_RS1/sensor/install/preypath_slam/share/preypath_slam/hook/pkg_config_path.dsv'
[2.414s] INFO:colcon.colcon_core.shell:Creating environment hook '/home/jonathan/git/PreyPath_RS1/sensor/install/preypath_slam/share/preypath_slam/hook/pkg_config_path.sh'
[2.417s] Level 1:colcon.colcon_core.shell:create_environment_hook('preypath_slam', 'pkg_config_path_multiarch')
[2.417s] INFO:colcon.colcon_core.shell:Creating environment hook '/home/jonathan/git/PreyPath_RS1/sensor/install/preypath_slam/share/preypath_slam/hook/pkg_config_path_multiarch.ps1'
[2.418s] INFO:colcon.colcon_core.shell:Creating environment descriptor '/home/jonathan/git/PreyPath_RS1/sensor/install/preypath_slam/share/preypath_slam/hook/pkg_config_path_multiarch.dsv'
[2.418s] INFO:colcon.colcon_core.shell:Creating environment hook '/home/jonathan/git/PreyPath_RS1/sensor/install/preypath_slam/share/preypath_slam/hook/pkg_config_path_multiarch.sh'
[2.419s] Level 1:colcon.colcon_core.environment:create_environment_scripts_only(preypath_slam)
[2.423s] Level 1:colcon.colcon_core.environment:checking '/home/jonathan/git/PreyPath_RS1/sensor/install/preypath_slam' for CMake module files
[2.424s] Level 1:colcon.colcon_core.environment:checking '/home/jonathan/git/PreyPath_RS1/sensor/install/preypath_slam' for CMake config files
[2.424s] Level 1:colcon.colcon_core.shell:create_environment_hook('preypath_slam', 'cmake_prefix_path')
[2.424s] INFO:colcon.colcon_core.shell:Creating environment hook '/home/jonathan/git/PreyPath_RS1/sensor/install/preypath_slam/share/preypath_slam/hook/cmake_prefix_path.ps1'
[2.425s] INFO:colcon.colcon_core.shell:Creating environment descriptor '/home/jonathan/git/PreyPath_RS1/sensor/install/preypath_slam/share/preypath_slam/hook/cmake_prefix_path.dsv'
[2.425s] INFO:colcon.colcon_core.shell:Creating environment hook '/home/jonathan/git/PreyPath_RS1/sensor/install/preypath_slam/share/preypath_slam/hook/cmake_prefix_path.sh'
[2.426s] Level 1:colcon.colcon_core.environment:checking '/home/jonathan/git/PreyPath_RS1/sensor/install/preypath_slam/bin'
[2.426s] Level 1:colcon.colcon_core.environment:checking '/home/jonathan/git/PreyPath_RS1/sensor/install/preypath_slam/lib/pkgconfig/preypath_slam.pc'
[2.427s] Level 1:colcon.colcon_core.environment:checking '/home/jonathan/git/PreyPath_RS1/sensor/install/preypath_slam/lib/python3.10/site-packages'
[2.427s] Level 1:colcon.colcon_core.environment:checking '/home/jonathan/git/PreyPath_RS1/sensor/install/preypath_slam/bin'
[2.427s] INFO:colcon.colcon_core.shell:Creating package script '/home/jonathan/git/PreyPath_RS1/sensor/install/preypath_slam/share/preypath_slam/package.ps1'
[2.429s] INFO:colcon.colcon_core.shell:Creating package descriptor '/home/jonathan/git/PreyPath_RS1/sensor/install/preypath_slam/share/preypath_slam/package.dsv'
[2.430s] INFO:colcon.colcon_core.shell:Creating package script '/home/jonathan/git/PreyPath_RS1/sensor/install/preypath_slam/share/preypath_slam/package.sh'
[2.431s] INFO:colcon.colcon_core.shell:Creating package script '/home/jonathan/git/PreyPath_RS1/sensor/install/preypath_slam/share/preypath_slam/package.bash'
[2.432s] INFO:colcon.colcon_core.shell:Creating package script '/home/jonathan/git/PreyPath_RS1/sensor/install/preypath_slam/share/preypath_slam/package.zsh'
[2.433s] Level 1:colcon.colcon_core.environment:create_file_with_runtime_dependencies(/home/jonathan/git/PreyPath_RS1/sensor/install/preypath_slam/share/colcon-core/packages/preypath_slam)
[2.479s] Level 1:colcon.colcon_core.shell:create_environment_hook('preypath_sensors', 'pythonpath_develop')
[2.479s] INFO:colcon.colcon_core.shell:Creating environment hook '/home/jonathan/git/PreyPath_RS1/sensor/build/preypath_sensors/share/preypath_sensors/hook/pythonpath_develop.ps1'
[2.480s] DEBUG:colcon.colcon_core.event_handler.log_command:Invoked command in '/home/jonathan/git/PreyPath_RS1/sensor/build/preypath_sensors' returned '0': PYTHONPATH=/home/jonathan/git/PreyPath_RS1/sensor/build/preypath_sensors/prefix_override:/usr/lib/python3/dist-packages/colcon_core/task/python/colcon_distutils_commands:/home/jonathan/git/PreyPath_RS1/sensor/install/preypath_sensors/lib/python3.10/site-packages:${PYTHONPATH} /usr/bin/python3 -W ignore:setup.py install is deprecated -W ignore:easy_install command is deprecated setup.py develop --editable --build-directory /home/jonathan/git/PreyPath_RS1/sensor/build/preypath_sensors/build --no-deps symlink_data
[2.481s] INFO:colcon.colcon_core.shell:Creating environment descriptor '/home/jonathan/git/PreyPath_RS1/sensor/build/preypath_sensors/share/preypath_sensors/hook/pythonpath_develop.dsv'
[2.481s] INFO:colcon.colcon_core.shell:Creating environment hook '/home/jonathan/git/PreyPath_RS1/sensor/build/preypath_sensors/share/preypath_sensors/hook/pythonpath_develop.sh'
[2.481s] Level 1:colcon.colcon_core.environment:checking '/home/jonathan/git/PreyPath_RS1/sensor/install/preypath_sensors' for CMake module files
[2.482s] Level 1:colcon.colcon_core.environment:checking '/home/jonathan/git/PreyPath_RS1/sensor/install/preypath_sensors' for CMake config files
[2.482s] Level 1:colcon.colcon_core.environment:checking '/home/jonathan/git/PreyPath_RS1/sensor/install/preypath_sensors/lib'
[2.483s] Level 1:colcon.colcon_core.environment:checking '/home/jonathan/git/PreyPath_RS1/sensor/install/preypath_sensors/bin'
[2.483s] Level 1:colcon.colcon_core.environment:checking '/home/jonathan/git/PreyPath_RS1/sensor/install/preypath_sensors/lib/pkgconfig/preypath_sensors.pc'
[2.483s] Level 1:colcon.colcon_core.environment:checking '/home/jonathan/git/PreyPath_RS1/sensor/install/preypath_sensors/lib/python3.10/site-packages'
[2.483s] Level 1:colcon.colcon_core.shell:create_environment_hook('preypath_sensors', 'pythonpath')
[2.483s] INFO:colcon.colcon_core.shell:Creating environment hook '/home/jonathan/git/PreyPath_RS1/sensor/install/preypath_sensors/share/preypath_sensors/hook/pythonpath.ps1'
[2.484s] INFO:colcon.colcon_core.shell:Creating environment descriptor '/home/jonathan/git/PreyPath_RS1/sensor/install/preypath_sensors/share/preypath_sensors/hook/pythonpath.dsv'
[2.484s] INFO:colcon.colcon_core.shell:Creating environment hook '/home/jonathan/git/PreyPath_RS1/sensor/install/preypath_sensors/share/preypath_sensors/hook/pythonpath.sh'
[2.484s] Level 1:colcon.colcon_core.environment:checking '/home/jonathan/git/PreyPath_RS1/sensor/install/preypath_sensors/bin'
[2.484s] Level 1:colcon.colcon_core.environment:create_environment_scripts_only(preypath_sensors)
[2.485s] INFO:colcon.colcon_core.shell:Creating package script '/home/jonathan/git/PreyPath_RS1/sensor/install/preypath_sensors/share/preypath_sensors/package.ps1'
[2.485s] INFO:colcon.colcon_core.shell:Creating package descriptor '/home/jonathan/git/PreyPath_RS1/sensor/install/preypath_sensors/share/preypath_sensors/package.dsv'
[2.485s] INFO:colcon.colcon_core.shell:Creating package script '/home/jonathan/git/PreyPath_RS1/sensor/install/preypath_sensors/share/preypath_sensors/package.sh'
[2.486s] INFO:colcon.colcon_core.shell:Creating package script '/home/jonathan/git/PreyPath_RS1/sensor/install/preypath_sensors/share/preypath_sensors/package.bash'
[2.486s] INFO:colcon.colcon_core.shell:Creating package script '/home/jonathan/git/PreyPath_RS1/sensor/install/preypath_sensors/share/preypath_sensors/package.zsh'
[2.486s] Level 1:colcon.colcon_core.environment:create_file_with_runtime_dependencies(/home/jonathan/git/PreyPath_RS1/sensor/install/preypath_sensors/share/colcon-core/packages/preypath_sensors)
[2.487s] INFO:colcon.colcon_ros.task.catkin.build:Building ROS package in '/home/jonathan/git/PreyPath_RS1/sensor/src/preypath_bringup' with build type 'catkin'
[2.487s] INFO:colcon.colcon_cmake.task.cmake.build:Building CMake package in '/home/jonathan/git/PreyPath_RS1/sensor/src/preypath_bringup'
[2.487s] INFO:colcon.colcon_core.shell:Skip shell extension 'powershell' for command environment: Not usable outside of PowerShell
[2.487s] DEBUG:colcon.colcon_core.shell:Skip shell extension 'dsv' for command environment
[2.501s] DEBUG:colcon.colcon_core.event_handler.log_command:Invoking command in '/home/jonathan/git/PreyPath_RS1/sensor/build/preypath_bringup': CMAKE_PREFIX_PATH=/home/jonathan/git/PreyPath_RS1/sensor/install/preypath_slam:/home/jonathan/git/PreyPath_RS1/sensor/install/preypath_bringup:/home/jonathan/41068_ws/install/41068_ignition_bringup:/home/jonathan/ros_ws/install/stage_ros2:/home/jonathan/ros_ws/install/stage PKG_CONFIG_PATH=/home/jonathan/git/PreyPath_RS1/sensor/install/preypath_slam/lib/x86_64-linux-gnu/pkgconfig:/home/jonathan/git/PreyPath_RS1/sensor/install/preypath_slam/lib/pkgconfig:/home/jonathan/git/PreyPath_RS1/sensor/install/preypath_bringup/lib/x86_64-linux-gnu/pkgconfig:/home/jonathan/git/PreyPath_RS1/sensor/install/preypath_bringup/lib/pkgconfig:/home/jonathan/ros_ws/install/stage/lib/x86_64-linux-gnu/pkgconfig:/home/jonathan/ros_ws/install/stage/lib/pkgconfig ROS_PACKAGE_PATH=/home/jonathan/git/PreyPath_RS1/sensor/install/preypath_slam/share:/home/jonathan/git/PreyPath_RS1/sensor/install/preypath_bringup/share:/home/jonathan/ros_ws/install/stage/share /usr/bin/cmake /home/jonathan/git/PreyPath_RS1/sensor/src/preypath_bringup -DCATKIN_INSTALL_INTO_PREFIX_ROOT=0 -DCATKIN_SYMLINK_INSTALL=ON -DCMAKE_INSTALL_PREFIX=/home/jonathan/git/PreyPath_RS1/sensor/install/preypath_bringup
[3.152s] DEBUG:colcon.colcon_core.event_handler.log_command:Invoked command in '/home/jonathan/git/PreyPath_RS1/sensor/build/preypath_bringup' returned '0': CMAKE_PREFIX_PATH=/home/jonathan/git/PreyPath_RS1/sensor/install/preypath_slam:/home/jonathan/git/PreyPath_RS1/sensor/install/preypath_bringup:/home/jonathan/41068_ws/install/41068_ignition_bringup:/home/jonathan/ros_ws/install/stage_ros2:/home/jonathan/ros_ws/install/stage PKG_CONFIG_PATH=/home/jonathan/git/PreyPath_RS1/sensor/install/preypath_slam/lib/x86_64-linux-gnu/pkgconfig:/home/jonathan/git/PreyPath_RS1/sensor/install/preypath_slam/lib/pkgconfig:/home/jonathan/git/PreyPath_RS1/sensor/install/preypath_bringup/lib/x86_64-linux-gnu/pkgconfig:/home/jonathan/git/PreyPath_RS1/sensor/install/preypath_bringup/lib/pkgconfig:/home/jonathan/ros_ws/install/stage/lib/x86_64-linux-gnu/pkgconfig:/home/jonathan/ros_ws/install/stage/lib/pkgconfig ROS_PACKAGE_PATH=/home/jonathan/git/PreyPath_RS1/sensor/install/preypath_slam/share:/home/jonathan/git/PreyPath_RS1/sensor/install/preypath_bringup/share:/home/jonathan/ros_ws/install/stage/share /usr/bin/cmake /home/jonathan/git/PreyPath_RS1/sensor/src/preypath_bringup -DCATKIN_INSTALL_INTO_PREFIX_ROOT=0 -DCATKIN_SYMLINK_INSTALL=ON -DCMAKE_INSTALL_PREFIX=/home/jonathan/git/PreyPath_RS1/sensor/install/preypath_bringup
[3.154s] DEBUG:colcon.colcon_core.event_handler.log_command:Invoking command in '/home/jonathan/git/PreyPath_RS1/sensor/build/preypath_bringup': CMAKE_PREFIX_PATH=/home/jonathan/git/PreyPath_RS1/sensor/install/preypath_slam:/home/jonathan/git/PreyPath_RS1/sensor/install/preypath_bringup:/home/jonathan/41068_ws/install/41068_ignition_bringup:/home/jonathan/ros_ws/install/stage_ros2:/home/jonathan/ros_ws/install/stage PKG_CONFIG_PATH=/home/jonathan/git/PreyPath_RS1/sensor/install/preypath_slam/lib/x86_64-linux-gnu/pkgconfig:/home/jonathan/git/PreyPath_RS1/sensor/install/preypath_slam/lib/pkgconfig:/home/jonathan/git/PreyPath_RS1/sensor/install/preypath_bringup/lib/x86_64-linux-gnu/pkgconfig:/home/jonathan/git/PreyPath_RS1/sensor/install/preypath_bringup/lib/pkgconfig:/home/jonathan/ros_ws/install/stage/lib/x86_64-linux-gnu/pkgconfig:/home/jonathan/ros_ws/install/stage/lib/pkgconfig ROS_PACKAGE_PATH=/home/jonathan/git/PreyPath_RS1/sensor/install/preypath_slam/share:/home/jonathan/git/PreyPath_RS1/sensor/install/preypath_bringup/share:/home/jonathan/ros_ws/install/stage/share /usr/bin/cmake --build /home/jonathan/git/PreyPath_RS1/sensor/build/preypath_bringup -- -j8 -l8
[3.202s] DEBUG:colcon.colcon_core.event_handler.log_command:Invoked command in '/home/jonathan/git/PreyPath_RS1/sensor/build/preypath_bringup' returned '0': CMAKE_PREFIX_PATH=/home/jonathan/git/PreyPath_RS1/sensor/install/preypath_slam:/home/jonathan/git/PreyPath_RS1/sensor/install/preypath_bringup:/home/jonathan/41068_ws/install/41068_ignition_bringup:/home/jonathan/ros_ws/install/stage_ros2:/home/jonathan/ros_ws/install/stage PKG_CONFIG_PATH=/home/jonathan/git/PreyPath_RS1/sensor/install/preypath_slam/lib/x86_64-linux-gnu/pkgconfig:/home/jonathan/git/PreyPath_RS1/sensor/install/preypath_slam/lib/pkgconfig:/home/jonathan/git/PreyPath_RS1/sensor/install/preypath_bringup/lib/x86_64-linux-gnu/pkgconfig:/home/jonathan/git/PreyPath_RS1/sensor/install/preypath_bringup/lib/pkgconfig:/home/jonathan/ros_ws/install/stage/lib/x86_64-linux-gnu/pkgconfig:/home/jonathan/ros_ws/install/stage/lib/pkgconfig ROS_PACKAGE_PATH=/home/jonathan/git/PreyPath_RS1/sensor/install/preypath_slam/share:/home/jonathan/git/PreyPath_RS1/sensor/install/preypath_bringup/share:/home/jonathan/ros_ws/install/stage/share /usr/bin/cmake --build /home/jonathan/git/PreyPath_RS1/sensor/build/preypath_bringup -- -j8 -l8
[3.204s] DEBUG:colcon.colcon_core.event_handler.log_command:Invoking command in '/home/jonathan/git/PreyPath_RS1/sensor/build/preypath_bringup': CMAKE_PREFIX_PATH=/home/jonathan/git/PreyPath_RS1/sensor/install/preypath_slam:/home/jonathan/git/PreyPath_RS1/sensor/install/preypath_bringup:/home/jonathan/41068_ws/install/41068_ignition_bringup:/home/jonathan/ros_ws/install/stage_ros2:/home/jonathan/ros_ws/install/stage PKG_CONFIG_PATH=/home/jonathan/git/PreyPath_RS1/sensor/install/preypath_slam/lib/x86_64-linux-gnu/pkgconfig:/home/jonathan/git/PreyPath_RS1/sensor/install/preypath_slam/lib/pkgconfig:/home/jonathan/git/PreyPath_RS1/sensor/install/preypath_bringup/lib/x86_64-linux-gnu/pkgconfig:/home/jonathan/git/PreyPath_RS1/sensor/install/preypath_bringup/lib/pkgconfig:/home/jonathan/ros_ws/install/stage/lib/x86_64-linux-gnu/pkgconfig:/home/jonathan/ros_ws/install/stage/lib/pkgconfig ROS_PACKAGE_PATH=/home/jonathan/git/PreyPath_RS1/sensor/install/preypath_slam/share:/home/jonathan/git/PreyPath_RS1/sensor/install/preypath_bringup/share:/home/jonathan/ros_ws/install/stage/share /usr/bin/cmake --install /home/jonathan/git/PreyPath_RS1/sensor/build/preypath_bringup
[3.218s] DEBUG:colcon.colcon_core.event_handler.log_command:Invoked command in '/home/jonathan/git/PreyPath_RS1/sensor/build/preypath_bringup' returned '0': CMAKE_PREFIX_PATH=/home/jonathan/git/PreyPath_RS1/sensor/install/preypath_slam:/home/jonathan/git/PreyPath_RS1/sensor/install/preypath_bringup:/home/jonathan/41068_ws/install/41068_ignition_bringup:/home/jonathan/ros_ws/install/stage_ros2:/home/jonathan/ros_ws/install/stage PKG_CONFIG_PATH=/home/jonathan/git/PreyPath_RS1/sensor/install/preypath_slam/lib/x86_64-linux-gnu/pkgconfig:/home/jonathan/git/PreyPath_RS1/sensor/install/preypath_slam/lib/pkgconfig:/home/jonathan/git/PreyPath_RS1/sensor/install/preypath_bringup/lib/x86_64-linux-gnu/pkgconfig:/home/jonathan/git/PreyPath_RS1/sensor/install/preypath_bringup/lib/pkgconfig:/home/jonathan/ros_ws/install/stage/lib/x86_64-linux-gnu/pkgconfig:/home/jonathan/ros_ws/install/stage/lib/pkgconfig ROS_PACKAGE_PATH=/home/jonathan/git/PreyPath_RS1/sensor/install/preypath_slam/share:/home/jonathan/git/PreyPath_RS1/sensor/install/preypath_bringup/share:/home/jonathan/ros_ws/install/stage/share /usr/bin/cmake --install /home/jonathan/git/PreyPath_RS1/sensor/build/preypath_bringup
[3.219s] Level 1:colcon.colcon_core.shell:create_environment_hook('preypath_bringup', 'ros_package_path')
[3.219s] INFO:colcon.colcon_core.shell:Creating environment hook '/home/jonathan/git/PreyPath_RS1/sensor/install/preypath_bringup/share/preypath_bringup/hook/ros_package_path.ps1'
[3.220s] INFO:colcon.colcon_core.shell:Creating environment descriptor '/home/jonathan/git/PreyPath_RS1/sensor/install/preypath_bringup/share/preypath_bringup/hook/ros_package_path.dsv'
[3.220s] INFO:colcon.colcon_core.shell:Creating environment hook '/home/jonathan/git/PreyPath_RS1/sensor/install/preypath_bringup/share/preypath_bringup/hook/ros_package_path.sh'
[3.220s] Level 1:colcon.colcon_core.shell:create_environment_hook('preypath_bringup', 'pkg_config_path')
[3.220s] INFO:colcon.colcon_core.shell:Creating environment hook '/home/jonathan/git/PreyPath_RS1/sensor/install/preypath_bringup/share/preypath_bringup/hook/pkg_config_path.ps1'
[3.221s] INFO:colcon.colcon_core.shell:Creating environment descriptor '/home/jonathan/git/PreyPath_RS1/sensor/install/preypath_bringup/share/preypath_bringup/hook/pkg_config_path.dsv'
[3.221s] INFO:colcon.colcon_core.shell:Creating environment hook '/home/jonathan/git/PreyPath_RS1/sensor/install/preypath_bringup/share/preypath_bringup/hook/pkg_config_path.sh'
[3.221s] Level 1:colcon.colcon_core.shell:create_environment_hook('preypath_bringup', 'pkg_config_path_multiarch')
[3.221s] INFO:colcon.colcon_core.shell:Creating environment hook '/home/jonathan/git/PreyPath_RS1/sensor/install/preypath_bringup/share/preypath_bringup/hook/pkg_config_path_multiarch.ps1'
[3.221s] INFO:colcon.colcon_core.shell:Creating environment descriptor '/home/jonathan/git/PreyPath_RS1/sensor/install/preypath_bringup/share/preypath_bringup/hook/pkg_config_path_multiarch.dsv'
[3.222s] INFO:colcon.colcon_core.shell:Creating environment hook '/home/jonathan/git/PreyPath_RS1/sensor/install/preypath_bringup/share/preypath_bringup/hook/pkg_config_path_multiarch.sh'
[3.222s] Level 1:colcon.colcon_core.environment:create_environment_scripts_only(preypath_bringup)
[3.222s] Level 1:colcon.colcon_core.environment:checking '/home/jonathan/git/PreyPath_RS1/sensor/install/preypath_bringup' for CMake module files
[3.222s] Level 1:colcon.colcon_core.environment:checking '/home/jonathan/git/PreyPath_RS1/sensor/install/preypath_bringup' for CMake config files
[3.223s] Level 1:colcon.colcon_core.shell:create_environment_hook('preypath_bringup', 'cmake_prefix_path')
[3.223s] INFO:colcon.colcon_core.shell:Creating environment hook '/home/jonathan/git/PreyPath_RS1/sensor/install/preypath_bringup/share/preypath_bringup/hook/cmake_prefix_path.ps1'
[3.223s] INFO:colcon.colcon_core.shell:Creating environment descriptor '/home/jonathan/git/PreyPath_RS1/sensor/install/preypath_bringup/share/preypath_bringup/hook/cmake_prefix_path.dsv'
[3.223s] INFO:colcon.colcon_core.shell:Creating environment hook '/home/jonathan/git/PreyPath_RS1/sensor/install/preypath_bringup/share/preypath_bringup/hook/cmake_prefix_path.sh'
[3.224s] Level 1:colcon.colcon_core.environment:checking '/home/jonathan/git/PreyPath_RS1/sensor/install/preypath_bringup/bin'
[3.224s] Level 1:colcon.colcon_core.environment:checking '/home/jonathan/git/PreyPath_RS1/sensor/install/preypath_bringup/lib/pkgconfig/preypath_bringup.pc'
[3.224s] Level 1:colcon.colcon_core.environment:checking '/home/jonathan/git/PreyPath_RS1/sensor/install/preypath_bringup/lib/python3.10/site-packages'
[3.224s] Level 1:colcon.colcon_core.environment:checking '/home/jonathan/git/PreyPath_RS1/sensor/install/preypath_bringup/bin'
[3.224s] INFO:colcon.colcon_core.shell:Creating package script '/home/jonathan/git/PreyPath_RS1/sensor/install/preypath_bringup/share/preypath_bringup/package.ps1'
[3.225s] INFO:colcon.colcon_core.shell:Creating package descriptor '/home/jonathan/git/PreyPath_RS1/sensor/install/preypath_bringup/share/preypath_bringup/package.dsv'
[3.225s] INFO:colcon.colcon_core.shell:Creating package script '/home/jonathan/git/PreyPath_RS1/sensor/install/preypath_bringup/share/preypath_bringup/package.sh'
[3.226s] INFO:colcon.colcon_core.shell:Creating package script '/home/jonathan/git/PreyPath_RS1/sensor/install/preypath_bringup/share/preypath_bringup/package.bash'
[3.226s] INFO:colcon.colcon_core.shell:Creating package script '/home/jonathan/git/PreyPath_RS1/sensor/install/preypath_bringup/share/preypath_bringup/package.zsh'
[3.226s] Level 1:colcon.colcon_core.environment:create_file_with_runtime_dependencies(/home/jonathan/git/PreyPath_RS1/sensor/install/preypath_bringup/share/colcon-core/packages/preypath_bringup)
[3.227s] DEBUG:colcon.colcon_parallel_executor.executor.parallel:closing loop
[3.227s] DEBUG:colcon.colcon_parallel_executor.executor.parallel:loop closed
[3.227s] DEBUG:colcon.colcon_parallel_executor.executor.parallel:run_until_complete finished with '0'
[3.227s] DEBUG:colcon.colcon_core.event_reactor:joining thread
[3.232s] INFO:colcon.colcon_core.plugin_system:Skipping extension 'colcon_notification.desktop_notification.terminal_notifier': Not used on non-Darwin systems
[3.232s] INFO:colcon.colcon_core.plugin_system:Skipping extension 'colcon_notification.desktop_notification.win32': Not used on non-Windows systems
[3.232s] INFO:colcon.colcon_notification.desktop_notification:Sending desktop notification using 'notify2'
[3.244s] DEBUG:colcon.colcon_core.event_reactor:joined thread
[3.245s] INFO:colcon.colcon_core.shell:Creating prefix script '/home/jonathan/git/PreyPath_RS1/sensor/install/local_setup.ps1'
[3.246s] INFO:colcon.colcon_core.shell:Creating prefix util module '/home/jonathan/git/PreyPath_RS1/sensor/install/_local_setup_util_ps1.py'
[3.247s] INFO:colcon.colcon_core.shell:Creating prefix chain script '/home/jonathan/git/PreyPath_RS1/sensor/install/setup.ps1'
[3.249s] INFO:colcon.colcon_core.shell:Creating prefix script '/home/jonathan/git/PreyPath_RS1/sensor/install/local_setup.sh'
[3.249s] INFO:colcon.colcon_core.shell:Creating prefix util module '/home/jonathan/git/PreyPath_RS1/sensor/install/_local_setup_util_sh.py'
[3.250s] INFO:colcon.colcon_core.shell:Creating prefix chain script '/home/jonathan/git/PreyPath_RS1/sensor/install/setup.sh'
[3.251s] INFO:colcon.colcon_core.shell:Creating prefix script '/home/jonathan/git/PreyPath_RS1/sensor/install/local_setup.bash'
[3.251s] INFO:colcon.colcon_core.shell:Creating prefix chain script '/home/jonathan/git/PreyPath_RS1/sensor/install/setup.bash'
[3.252s] INFO:colcon.colcon_core.shell:Creating prefix script '/home/jonathan/git/PreyPath_RS1/sensor/install/local_setup.zsh'
[3.252s] INFO:colcon.colcon_core.shell:Creating prefix chain script '/home/jonathan/git/PreyPath_RS1/sensor/install/setup.zsh'
