[0.158s] DEBUG:colcon:Command line arguments: ['/usr/bin/colcon', 'build', '--symlink-install']
[0.158s] DEBUG:colcon:Parsed command line arguments: Namespace(log_base=None, log_level=None, verb_name='build', build_base='build', install_base='install', merge_install=False, symlink_install=True, test_result_base=None, continue_on_error=False, executor='parallel', parallel_workers=8, event_handlers=None, ignore_user_meta=False, metas=['./colcon.meta'], base_paths=['.'], packages_ignore=None, packages_ignore_regex=None, paths=None, packages_up_to=None, packages_up_to_regex=None, packages_above=None, packages_above_and_dependencies=None, packages_above_depth=None, packages_select_by_dep=None, packages_skip_by_dep=None, packages_skip_up_to=None, packages_select_build_failed=False, packages_skip_build_finished=False, packages_select_test_failures=False, packages_skip_test_passed=False, packages_select=None, packages_skip=None, packages_select_regex=None, packages_skip_regex=None, packages_start=None, packages_end=None, allow_overriding=[], cmake_args=None, cmake_target=None, cmake_target_skip_unavailable=False, cmake_clean_cache=False, cmake_clean_first=False, cmake_force_configure=False, ament_cmake_args=None, catkin_cmake_args=None, catkin_skip_building_tests=False, mixin_files=None, mixin=None, verb_parser=<colcon_mixin.mixin.mixin_argument.MixinArgumentDecorator object at 0x7e904bf62320>, verb_extension=<colcon_core.verb.build.BuildVerb object at 0x7e904bf61900>, main=<bound method BuildVerb.main of <colcon_core.verb.build.BuildVerb object at 0x7e904bf61900>>, mixin_verb=('build',))
[0.368s] Level 1:colcon.colcon_core.package_discovery:discover_packages(colcon_meta) check parameters
[0.369s] Level 1:colcon.colcon_core.package_discovery:discover_packages(recursive) check parameters
[0.369s] Level 1:colcon.colcon_core.package_discovery:discover_packages(ignore) check parameters
[0.369s] Level 1:colcon.colcon_core.package_discovery:discover_packages(path) check parameters
[0.369s] Level 1:colcon.colcon_core.package_discovery:discover_packages(colcon_meta) discover
[0.369s] Level 1:colcon.colcon_core.package_discovery:discover_packages(recursive) discover
[0.369s] INFO:colcon.colcon_core.package_discovery:Crawling recursively for packages in '/home/student/git/PreyPath_RS1/41068_ws'
[0.369s] Level 1:colcon.colcon_core.package_identification:_identify(.) by extensions ['ignore', 'ignore_ament_install']
[0.369s] Level 1:colcon.colcon_core.package_identification:_identify(.) by extension 'ignore'
[0.369s] Level 1:colcon.colcon_core.package_identification:_identify(.) by extension 'ignore_ament_install'
[0.369s] Level 1:colcon.colcon_core.package_identification:_identify(.) by extensions ['colcon_pkg']
[0.369s] Level 1:colcon.colcon_core.package_identification:_identify(.) by extension 'colcon_pkg'
[0.369s] Level 1:colcon.colcon_core.package_identification:_identify(.) by extensions ['colcon_meta']
[0.369s] Level 1:colcon.colcon_core.package_identification:_identify(.) by extension 'colcon_meta'
[0.369s] Level 1:colcon.colcon_core.package_identification:_identify(.) by extensions ['ros']
[0.369s] Level 1:colcon.colcon_core.package_identification:_identify(.) by extension 'ros'
[0.384s] Level 1:colcon.colcon_core.package_identification:_identify(.) by extensions ['cmake', 'python']
[0.384s] Level 1:colcon.colcon_core.package_identification:_identify(.) by extension 'cmake'
[0.384s] Level 1:colcon.colcon_core.package_identification:_identify(.) by extension 'python'
[0.384s] Level 1:colcon.colcon_core.package_identification:_identify(.) by extensions ['python_setup_py']
[0.384s] Level 1:colcon.colcon_core.package_identification:_identify(.) by extension 'python_setup_py'
[0.385s] Level 1:colcon.colcon_core.package_identification:_identify(build) by extensions ['ignore', 'ignore_ament_install']
[0.385s] Level 1:colcon.colcon_core.package_identification:_identify(build) by extension 'ignore'
[0.385s] Level 1:colcon.colcon_core.package_identification:_identify(build) ignored
[0.385s] Level 1:colcon.colcon_core.package_identification:_identify(install) by extensions ['ignore', 'ignore_ament_install']
[0.385s] Level 1:colcon.colcon_core.package_identification:_identify(install) by extension 'ignore'
[0.385s] Level 1:colcon.colcon_core.package_identification:_identify(install) ignored
[0.386s] Level 1:colcon.colcon_core.package_identification:_identify(log) by extensions ['ignore', 'ignore_ament_install']
[0.386s] Level 1:colcon.colcon_core.package_identification:_identify(log) by extension 'ignore'
[0.386s] Level 1:colcon.colcon_core.package_identification:_identify(log) ignored
[0.386s] Level 1:colcon.colcon_core.package_identification:_identify(src) by extensions ['ignore', 'ignore_ament_install']
[0.386s] Level 1:colcon.colcon_core.package_identification:_identify(src) by extension 'ignore'
[0.386s] Level 1:colcon.colcon_core.package_identification:_identify(src) by extension 'ignore_ament_install'
[0.386s] Level 1:colcon.colcon_core.package_identification:_identify(src) by extensions ['colcon_pkg']
[0.386s] Level 1:colcon.colcon_core.package_identification:_identify(src) by extension 'colcon_pkg'
[0.386s] Level 1:colcon.colcon_core.package_identification:_identify(src) by extensions ['colcon_meta']
[0.386s] Level 1:colcon.colcon_core.package_identification:_identify(src) by extension 'colcon_meta'
[0.387s] Level 1:colcon.colcon_core.package_identification:_identify(src) by extensions ['ros']
[0.387s] Level 1:colcon.colcon_core.package_identification:_identify(src) by extension 'ros'
[0.387s] Level 1:colcon.colcon_core.package_identification:_identify(src) by extensions ['cmake', 'python']
[0.387s] Level 1:colcon.colcon_core.package_identification:_identify(src) by extension 'cmake'
[0.387s] Level 1:colcon.colcon_core.package_identification:_identify(src) by extension 'python'
[0.387s] Level 1:colcon.colcon_core.package_identification:_identify(src) by extensions ['python_setup_py']
[0.387s] Level 1:colcon.colcon_core.package_identification:_identify(src) by extension 'python_setup_py'
[0.387s] Level 1:colcon.colcon_core.package_identification:_identify(src/41068_ignition_bringup) by extensions ['ignore', 'ignore_ament_install']
[0.387s] Level 1:colcon.colcon_core.package_identification:_identify(src/41068_ignition_bringup) by extension 'ignore'
[0.387s] Level 1:colcon.colcon_core.package_identification:_identify(src/41068_ignition_bringup) by extension 'ignore_ament_install'
[0.387s] Level 1:colcon.colcon_core.package_identification:_identify(src/41068_ignition_bringup) by extensions ['colcon_pkg']
[0.388s] Level 1:colcon.colcon_core.package_identification:_identify(src/41068_ignition_bringup) by extension 'colcon_pkg'
[0.388s] Level 1:colcon.colcon_core.package_identification:_identify(src/41068_ignition_bringup) by extensions ['colcon_meta']
[0.388s] Level 1:colcon.colcon_core.package_identification:_identify(src/41068_ignition_bringup) by extension 'colcon_meta'
[0.388s] Level 1:colcon.colcon_core.package_identification:_identify(src/41068_ignition_bringup) by extensions ['ros']
[0.388s] Level 1:colcon.colcon_core.package_identification:_identify(src/41068_ignition_bringup) by extension 'ros'
[0.395s] DEBUG:colcon.colcon_core.package_identification:Package 'src/41068_ignition_bringup' with type 'ros.ament_cmake' and name '41068_ignition_bringup'
[0.395s] Level 1:colcon.colcon_core.package_identification:_identify(src/UI) by extensions ['ignore', 'ignore_ament_install']
[0.395s] Level 1:colcon.colcon_core.package_identification:_identify(src/UI) by extension 'ignore'
[0.396s] Level 1:colcon.colcon_core.package_identification:_identify(src/UI) by extension 'ignore_ament_install'
[0.396s] Level 1:colcon.colcon_core.package_identification:_identify(src/UI) by extensions ['colcon_pkg']
[0.396s] Level 1:colcon.colcon_core.package_identification:_identify(src/UI) by extension 'colcon_pkg'
[0.396s] Level 1:colcon.colcon_core.package_identification:_identify(src/UI) by extensions ['colcon_meta']
[0.396s] Level 1:colcon.colcon_core.package_identification:_identify(src/UI) by extension 'colcon_meta'
[0.396s] Level 1:colcon.colcon_core.package_identification:_identify(src/UI) by extensions ['ros']
[0.396s] Level 1:colcon.colcon_core.package_identification:_identify(src/UI) by extension 'ros'
[0.396s] Level 1:colcon.colcon_core.package_identification:_identify(src/UI) by extensions ['cmake', 'python']
[0.396s] Level 1:colcon.colcon_core.package_identification:_identify(src/UI) by extension 'cmake'
[0.396s] Level 1:colcon.colcon_core.package_identification:_identify(src/UI) by extension 'python'
[0.396s] Level 1:colcon.colcon_core.package_identification:_identify(src/UI) by extensions ['python_setup_py']
[0.396s] Level 1:colcon.colcon_core.package_identification:_identify(src/UI) by extension 'python_setup_py'
[0.397s] Level 1:colcon.colcon_core.package_identification:_identify(src/UI/__pycache__) by extensions ['ignore', 'ignore_ament_install']
[0.397s] Level 1:colcon.colcon_core.package_identification:_identify(src/UI/__pycache__) by extension 'ignore'
[0.397s] Level 1:colcon.colcon_core.package_identification:_identify(src/UI/__pycache__) by extension 'ignore_ament_install'
[0.397s] Level 1:colcon.colcon_core.package_identification:_identify(src/UI/__pycache__) by extensions ['colcon_pkg']
[0.397s] Level 1:colcon.colcon_core.package_identification:_identify(src/UI/__pycache__) by extension 'colcon_pkg'
[0.397s] Level 1:colcon.colcon_core.package_identification:_identify(src/UI/__pycache__) by extensions ['colcon_meta']
[0.397s] Level 1:colcon.colcon_core.package_identification:_identify(src/UI/__pycache__) by extension 'colcon_meta'
[0.397s] Level 1:colcon.colcon_core.package_identification:_identify(src/UI/__pycache__) by extensions ['ros']
[0.397s] Level 1:colcon.colcon_core.package_identification:_identify(src/UI/__pycache__) by extension 'ros'
[0.397s] Level 1:colcon.colcon_core.package_identification:_identify(src/UI/__pycache__) by extensions ['cmake', 'python']
[0.397s] Level 1:colcon.colcon_core.package_identification:_identify(src/UI/__pycache__) by extension 'cmake'
[0.397s] Level 1:colcon.colcon_core.package_identification:_identify(src/UI/__pycache__) by extension 'python'
[0.398s] Level 1:colcon.colcon_core.package_identification:_identify(src/UI/__pycache__) by extensions ['python_setup_py']
[0.398s] Level 1:colcon.colcon_core.package_identification:_identify(src/UI/__pycache__) by extension 'python_setup_py'
[0.398s] Level 1:colcon.colcon_core.package_identification:_identify(src/robot_control) by extensions ['ignore', 'ignore_ament_install']
[0.398s] Level 1:colcon.colcon_core.package_identification:_identify(src/robot_control) by extension 'ignore'
[0.398s] Level 1:colcon.colcon_core.package_identification:_identify(src/robot_control) by extension 'ignore_ament_install'
[0.398s] Level 1:colcon.colcon_core.package_identification:_identify(src/robot_control) by extensions ['colcon_pkg']
[0.398s] Level 1:colcon.colcon_core.package_identification:_identify(src/robot_control) by extension 'colcon_pkg'
[0.398s] Level 1:colcon.colcon_core.package_identification:_identify(src/robot_control) by extensions ['colcon_meta']
[0.398s] Level 1:colcon.colcon_core.package_identification:_identify(src/robot_control) by extension 'colcon_meta'
[0.398s] Level 1:colcon.colcon_core.package_identification:_identify(src/robot_control) by extensions ['ros']
[0.398s] Level 1:colcon.colcon_core.package_identification:_identify(src/robot_control) by extension 'ros'
[0.399s] DEBUG:colcon.colcon_core.package_identification:Package 'src/robot_control' with type 'ros.ament_cmake' and name 'robot_control'
[0.399s] Level 1:colcon.colcon_core.package_identification:_identify(src/robot_description) by extensions ['ignore', 'ignore_ament_install']
[0.399s] Level 1:colcon.colcon_core.package_identification:_identify(src/robot_description) by extension 'ignore'
[0.399s] Level 1:colcon.colcon_core.package_identification:_identify(src/robot_description) by extension 'ignore_ament_install'
[0.399s] Level 1:colcon.colcon_core.package_identification:_identify(src/robot_description) by extensions ['colcon_pkg']
[0.399s] Level 1:colcon.colcon_core.package_identification:_identify(src/robot_description) by extension 'colcon_pkg'
[0.399s] Level 1:colcon.colcon_core.package_identification:_identify(src/robot_description) by extensions ['colcon_meta']
[0.399s] Level 1:colcon.colcon_core.package_identification:_identify(src/robot_description) by extension 'colcon_meta'
[0.399s] Level 1:colcon.colcon_core.package_identification:_identify(src/robot_description) by extensions ['ros']
[0.399s] Level 1:colcon.colcon_core.package_identification:_identify(src/robot_description) by extension 'ros'
[0.401s] DEBUG:colcon.colcon_core.package_identification:Package 'src/robot_description' with type 'ros.ament_cmake' and name 'robot_description'
[0.401s] Level 1:colcon.colcon_core.package_identification:_identify(src/robot_gazebo) by extensions ['ignore', 'ignore_ament_install']
[0.401s] Level 1:colcon.colcon_core.package_identification:_identify(src/robot_gazebo) by extension 'ignore'
[0.401s] Level 1:colcon.colcon_core.package_identification:_identify(src/robot_gazebo) by extension 'ignore_ament_install'
[0.401s] Level 1:colcon.colcon_core.package_identification:_identify(src/robot_gazebo) by extensions ['colcon_pkg']
[0.401s] Level 1:colcon.colcon_core.package_identification:_identify(src/robot_gazebo) by extension 'colcon_pkg'
[0.401s] Level 1:colcon.colcon_core.package_identification:_identify(src/robot_gazebo) by extensions ['colcon_meta']
[0.401s] Level 1:colcon.colcon_core.package_identification:_identify(src/robot_gazebo) by extension 'colcon_meta'
[0.401s] Level 1:colcon.colcon_core.package_identification:_identify(src/robot_gazebo) by extensions ['ros']
[0.401s] Level 1:colcon.colcon_core.package_identification:_identify(src/robot_gazebo) by extension 'ros'
[0.426s] DEBUG:colcon.colcon_core.package_identification:Package 'src/robot_gazebo' with type 'ros.ament_cmake' and name 'robot_gazebo'
[0.426s] Level 1:colcon.colcon_core.package_discovery:discover_packages(recursive) using defaults
[0.426s] Level 1:colcon.colcon_core.package_discovery:discover_packages(ignore) discover
[0.426s] Level 1:colcon.colcon_core.package_discovery:discover_packages(ignore) using defaults
[0.426s] Level 1:colcon.colcon_core.package_discovery:discover_packages(path) discover
[0.426s] Level 1:colcon.colcon_core.package_discovery:discover_packages(path) using defaults
[0.465s] Level 1:colcon.colcon_core.package_discovery:discover_packages(prefix_path) check parameters
[0.465s] Level 1:colcon.colcon_core.package_discovery:discover_packages(prefix_path) discover
[0.469s] DEBUG:colcon.colcon_installed_package_information.package_discovery:Found 4 installed packages in /home/student/git/PreyPath_RS1/41068_ws/install
[0.469s] DEBUG:colcon.colcon_installed_package_information.package_discovery:Found 0 installed packages in /home/student/ros2_ws/install
[0.473s] DEBUG:colcon.colcon_installed_package_information.package_discovery:Found 429 installed packages in /opt/ros/humble
[0.477s] Level 1:colcon.colcon_core.package_discovery:discover_packages(prefix_path) using defaults
[0.574s] Level 5:colcon.colcon_core.verb:set package '41068_ignition_bringup' build argument 'cmake_args' from command line to 'None'
[0.574s] Level 5:colcon.colcon_core.verb:set package '41068_ignition_bringup' build argument 'cmake_target' from command line to 'None'
[0.574s] Level 5:colcon.colcon_core.verb:set package '41068_ignition_bringup' build argument 'cmake_target_skip_unavailable' from command line to 'False'
[0.574s] Level 5:colcon.colcon_core.verb:set package '41068_ignition_bringup' build argument 'cmake_clean_cache' from command line to 'False'
[0.574s] Level 5:colcon.colcon_core.verb:set package '41068_ignition_bringup' build argument 'cmake_clean_first' from command line to 'False'
[0.574s] Level 5:colcon.colcon_core.verb:set package '41068_ignition_bringup' build argument 'cmake_force_configure' from command line to 'False'
[0.574s] Level 5:colcon.colcon_core.verb:set package '41068_ignition_bringup' build argument 'ament_cmake_args' from command line to 'None'
[0.574s] Level 5:colcon.colcon_core.verb:set package '41068_ignition_bringup' build argument 'catkin_cmake_args' from command line to 'None'
[0.574s] Level 5:colcon.colcon_core.verb:set package '41068_ignition_bringup' build argument 'catkin_skip_building_tests' from command line to 'False'
[0.574s] DEBUG:colcon.colcon_core.verb:Building package '41068_ignition_bringup' with the following arguments: {'ament_cmake_args': None, 'build_base': '/home/student/git/PreyPath_RS1/41068_ws/build/41068_ignition_bringup', 'catkin_cmake_args': None, 'catkin_skip_building_tests': False, 'cmake_args': None, 'cmake_clean_cache': False, 'cmake_clean_first': False, 'cmake_force_configure': False, 'cmake_target': None, 'cmake_target_skip_unavailable': False, 'install_base': '/home/student/git/PreyPath_RS1/41068_ws/install/41068_ignition_bringup', 'merge_install': False, 'path': '/home/student/git/PreyPath_RS1/41068_ws/src/41068_ignition_bringup', 'symlink_install': True, 'test_result_base': None}
[0.575s] Level 5:colcon.colcon_core.verb:set package 'robot_control' build argument 'cmake_args' from command line to 'None'
[0.575s] Level 5:colcon.colcon_core.verb:set package 'robot_control' build argument 'cmake_target' from command line to 'None'
[0.575s] Level 5:colcon.colcon_core.verb:set package 'robot_control' build argument 'cmake_target_skip_unavailable' from command line to 'False'
[0.575s] Level 5:colcon.colcon_core.verb:set package 'robot_control' build argument 'cmake_clean_cache' from command line to 'False'
[0.575s] Level 5:colcon.colcon_core.verb:set package 'robot_control' build argument 'cmake_clean_first' from command line to 'False'
[0.575s] Level 5:colcon.colcon_core.verb:set package 'robot_control' build argument 'cmake_force_configure' from command line to 'False'
[0.575s] Level 5:colcon.colcon_core.verb:set package 'robot_control' build argument 'ament_cmake_args' from command line to 'None'
[0.575s] Level 5:colcon.colcon_core.verb:set package 'robot_control' build argument 'catkin_cmake_args' from command line to 'None'
[0.575s] Level 5:colcon.colcon_core.verb:set package 'robot_control' build argument 'catkin_skip_building_tests' from command line to 'False'
[0.575s] DEBUG:colcon.colcon_core.verb:Building package 'robot_control' with the following arguments: {'ament_cmake_args': None, 'build_base': '/home/student/git/PreyPath_RS1/41068_ws/build/robot_control', 'catkin_cmake_args': None, 'catkin_skip_building_tests': False, 'cmake_args': None, 'cmake_clean_cache': False, 'cmake_clean_first': False, 'cmake_force_configure': False, 'cmake_target': None, 'cmake_target_skip_unavailable': False, 'install_base': '/home/student/git/PreyPath_RS1/41068_ws/install/robot_control', 'merge_install': False, 'path': '/home/student/git/PreyPath_RS1/41068_ws/src/robot_control', 'symlink_install': True, 'test_result_base': None}
[0.575s] Level 5:colcon.colcon_core.verb:set package 'robot_description' build argument 'cmake_args' from command line to 'None'
[0.575s] Level 5:colcon.colcon_core.verb:set package 'robot_description' build argument 'cmake_target' from command line to 'None'
[0.575s] Level 5:colcon.colcon_core.verb:set package 'robot_description' build argument 'cmake_target_skip_unavailable' from command line to 'False'
[0.575s] Level 5:colcon.colcon_core.verb:set package 'robot_description' build argument 'cmake_clean_cache' from command line to 'False'
[0.575s] Level 5:colcon.colcon_core.verb:set package 'robot_description' build argument 'cmake_clean_first' from command line to 'False'
[0.575s] Level 5:colcon.colcon_core.verb:set package 'robot_description' build argument 'cmake_force_configure' from command line to 'False'
[0.576s] Level 5:colcon.colcon_core.verb:set package 'robot_description' build argument 'ament_cmake_args' from command line to 'None'
[0.576s] Level 5:colcon.colcon_core.verb:set package 'robot_description' build argument 'catkin_cmake_args' from command line to 'None'
[0.576s] Level 5:colcon.colcon_core.verb:set package 'robot_description' build argument 'catkin_skip_building_tests' from command line to 'False'
[0.576s] DEBUG:colcon.colcon_core.verb:Building package 'robot_description' with the following arguments: {'ament_cmake_args': None, 'build_base': '/home/student/git/PreyPath_RS1/41068_ws/build/robot_description', 'catkin_cmake_args': None, 'catkin_skip_building_tests': False, 'cmake_args': None, 'cmake_clean_cache': False, 'cmake_clean_first': False, 'cmake_force_configure': False, 'cmake_target': None, 'cmake_target_skip_unavailable': False, 'install_base': '/home/student/git/PreyPath_RS1/41068_ws/install/robot_description', 'merge_install': False, 'path': '/home/student/git/PreyPath_RS1/41068_ws/src/robot_description', 'symlink_install': True, 'test_result_base': None}
[0.576s] Level 5:colcon.colcon_core.verb:set package 'robot_gazebo' build argument 'cmake_args' from command line to 'None'
[0.576s] Level 5:colcon.colcon_core.verb:set package 'robot_gazebo' build argument 'cmake_target' from command line to 'None'
[0.576s] Level 5:colcon.colcon_core.verb:set package 'robot_gazebo' build argument 'cmake_target_skip_unavailable' from command line to 'False'
[0.576s] Level 5:colcon.colcon_core.verb:set package 'robot_gazebo' build argument 'cmake_clean_cache' from command line to 'False'
[0.576s] Level 5:colcon.colcon_core.verb:set package 'robot_gazebo' build argument 'cmake_clean_first' from command line to 'False'
[0.576s] Level 5:colcon.colcon_core.verb:set package 'robot_gazebo' build argument 'cmake_force_configure' from command line to 'False'
[0.576s] Level 5:colcon.colcon_core.verb:set package 'robot_gazebo' build argument 'ament_cmake_args' from command line to 'None'
[0.576s] Level 5:colcon.colcon_core.verb:set package 'robot_gazebo' build argument 'catkin_cmake_args' from command line to 'None'
[0.576s] Level 5:colcon.colcon_core.verb:set package 'robot_gazebo' build argument 'catkin_skip_building_tests' from command line to 'False'
[0.576s] DEBUG:colcon.colcon_core.verb:Building package 'robot_gazebo' with the following arguments: {'ament_cmake_args': None, 'build_base': '/home/student/git/PreyPath_RS1/41068_ws/build/robot_gazebo', 'catkin_cmake_args': None, 'catkin_skip_building_tests': False, 'cmake_args': None, 'cmake_clean_cache': False, 'cmake_clean_first': False, 'cmake_force_configure': False, 'cmake_target': None, 'cmake_target_skip_unavailable': False, 'install_base': '/home/student/git/PreyPath_RS1/41068_ws/install/robot_gazebo', 'merge_install': False, 'path': '/home/student/git/PreyPath_RS1/41068_ws/src/robot_gazebo', 'symlink_install': True, 'test_result_base': None}
[0.576s] INFO:colcon.colcon_core.executor:Executing jobs using 'parallel' executor
[0.578s] DEBUG:colcon.colcon_parallel_executor.executor.parallel:run_until_complete
[0.578s] INFO:colcon.colcon_ros.task.ament_cmake.build:Building ROS package in '/home/student/git/PreyPath_RS1/41068_ws/src/41068_ignition_bringup' with build type 'ament_cmake'
[0.578s] INFO:colcon.colcon_cmake.task.cmake.build:Building CMake package in '/home/student/git/PreyPath_RS1/41068_ws/src/41068_ignition_bringup'
[0.581s] INFO:colcon.colcon_core.plugin_system:Skipping extension 'colcon_core.shell.bat': Not used on non-Windows systems
[0.581s] INFO:colcon.colcon_core.shell:Skip shell extension 'powershell' for command environment: Not usable outside of PowerShell
[0.581s] DEBUG:colcon.colcon_core.shell:Skip shell extension 'dsv' for command environment
[0.588s] INFO:colcon.colcon_ros.task.ament_cmake.build:Building ROS package in '/home/student/git/PreyPath_RS1/41068_ws/src/robot_control' with build type 'ament_cmake'
[0.588s] INFO:colcon.colcon_cmake.task.cmake.build:Building CMake package in '/home/student/git/PreyPath_RS1/41068_ws/src/robot_control'
[0.589s] INFO:colcon.colcon_core.shell:Skip shell extension 'powershell' for command environment: Not usable outside of PowerShell
[0.589s] DEBUG:colcon.colcon_core.shell:Skip shell extension 'dsv' for command environment
[0.597s] INFO:colcon.colcon_ros.task.ament_cmake.build:Building ROS package in '/home/student/git/PreyPath_RS1/41068_ws/src/robot_description' with build type 'ament_cmake'
[0.598s] INFO:colcon.colcon_cmake.task.cmake.build:Building CMake package in '/home/student/git/PreyPath_RS1/41068_ws/src/robot_description'
[0.598s] INFO:colcon.colcon_core.shell:Skip shell extension 'powershell' for command environment: Not usable outside of PowerShell
[0.598s] DEBUG:colcon.colcon_core.shell:Skip shell extension 'dsv' for command environment
[0.613s] INFO:colcon.colcon_ros.task.ament_cmake.build:Building ROS package in '/home/student/git/PreyPath_RS1/41068_ws/src/robot_gazebo' with build type 'ament_cmake'
[0.613s] INFO:colcon.colcon_cmake.task.cmake.build:Building CMake package in '/home/student/git/PreyPath_RS1/41068_ws/src/robot_gazebo'
[0.615s] INFO:colcon.colcon_core.shell:Skip shell extension 'powershell' for command environment: Not usable outside of PowerShell
[0.615s] DEBUG:colcon.colcon_core.shell:Skip shell extension 'dsv' for command environment
[0.632s] DEBUG:colcon.colcon_core.event_handler.log_command:Invoking command in '/home/student/git/PreyPath_RS1/41068_ws/build/41068_ignition_bringup': CMAKE_PREFIX_PATH=${CMAKE_PREFIX_PATH}:/opt/ros/humble /usr/bin/cmake /home/student/git/PreyPath_RS1/41068_ws/src/41068_ignition_bringup -DAMENT_CMAKE_SYMLINK_INSTALL=1 -DCMAKE_INSTALL_PREFIX=/home/student/git/PreyPath_RS1/41068_ws/install/41068_ignition_bringup
[0.638s] DEBUG:colcon.colcon_core.event_handler.log_command:Invoking command in '/home/student/git/PreyPath_RS1/41068_ws/build/robot_control': CMAKE_PREFIX_PATH=${CMAKE_PREFIX_PATH}:/opt/ros/humble /usr/bin/cmake --build /home/student/git/PreyPath_RS1/41068_ws/build/robot_control -- -j8 -l8
[0.641s] DEBUG:colcon.colcon_core.event_handler.log_command:Invoking command in '/home/student/git/PreyPath_RS1/41068_ws/build/robot_description': CMAKE_PREFIX_PATH=${CMAKE_PREFIX_PATH}:/opt/ros/humble /usr/bin/cmake --build /home/student/git/PreyPath_RS1/41068_ws/build/robot_description -- -j8 -l8
[0.644s] DEBUG:colcon.colcon_core.event_handler.log_command:Invoking command in '/home/student/git/PreyPath_RS1/41068_ws/build/robot_gazebo': CMAKE_PREFIX_PATH=${CMAKE_PREFIX_PATH}:/opt/ros/humble /usr/bin/cmake --build /home/student/git/PreyPath_RS1/41068_ws/build/robot_gazebo -- -j8 -l8
[0.722s] DEBUG:colcon.colcon_core.event_handler.log_command:Invoked command in '/home/student/git/PreyPath_RS1/41068_ws/build/robot_control' returned '0': CMAKE_PREFIX_PATH=${CMAKE_PREFIX_PATH}:/opt/ros/humble /usr/bin/cmake --build /home/student/git/PreyPath_RS1/41068_ws/build/robot_control -- -j8 -l8
[0.743s] DEBUG:colcon.colcon_core.event_handler.log_command:Invoking command in '/home/student/git/PreyPath_RS1/41068_ws/build/robot_control': CMAKE_PREFIX_PATH=${CMAKE_PREFIX_PATH}:/opt/ros/humble /usr/bin/cmake --install /home/student/git/PreyPath_RS1/41068_ws/build/robot_control
[0.749s] DEBUG:colcon.colcon_core.event_handler.log_command:Invoked command in '/home/student/git/PreyPath_RS1/41068_ws/build/robot_gazebo' returned '0': CMAKE_PREFIX_PATH=${CMAKE_PREFIX_PATH}:/opt/ros/humble /usr/bin/cmake --build /home/student/git/PreyPath_RS1/41068_ws/build/robot_gazebo -- -j8 -l8
[0.750s] DEBUG:colcon.colcon_core.event_handler.log_command:Invoking command in '/home/student/git/PreyPath_RS1/41068_ws/build/robot_gazebo': CMAKE_PREFIX_PATH=${CMAKE_PREFIX_PATH}:/opt/ros/humble /usr/bin/cmake --install /home/student/git/PreyPath_RS1/41068_ws/build/robot_gazebo
[0.755s] DEBUG:colcon.colcon_core.event_handler.log_command:Invoked command in '/home/student/git/PreyPath_RS1/41068_ws/build/robot_description' returned '0': CMAKE_PREFIX_PATH=${CMAKE_PREFIX_PATH}:/opt/ros/humble /usr/bin/cmake --build /home/student/git/PreyPath_RS1/41068_ws/build/robot_description -- -j8 -l8
[0.755s] DEBUG:colcon.colcon_core.event_handler.log_command:Invoking command in '/home/student/git/PreyPath_RS1/41068_ws/build/robot_description': CMAKE_PREFIX_PATH=${CMAKE_PREFIX_PATH}:/opt/ros/humble /usr/bin/cmake --install /home/student/git/PreyPath_RS1/41068_ws/build/robot_description
[0.805s] Level 1:colcon.colcon_core.environment:create_environment_scripts_only(robot_gazebo)
[0.815s] Level 1:colcon.colcon_core.environment:checking '/home/student/git/PreyPath_RS1/41068_ws/install/robot_gazebo' for CMake module files
[0.816s] Level 1:colcon.colcon_core.environment:checking '/home/student/git/PreyPath_RS1/41068_ws/install/robot_gazebo' for CMake config files
[0.816s] Level 1:colcon.colcon_core.shell:create_environment_hook('robot_gazebo', 'cmake_prefix_path')
[0.817s] INFO:colcon.colcon_core.shell:Creating environment hook '/home/student/git/PreyPath_RS1/41068_ws/install/robot_gazebo/share/robot_gazebo/hook/cmake_prefix_path.ps1'
[0.819s] INFO:colcon.colcon_core.shell:Creating environment descriptor '/home/student/git/PreyPath_RS1/41068_ws/install/robot_gazebo/share/robot_gazebo/hook/cmake_prefix_path.dsv'
[0.820s] INFO:colcon.colcon_core.shell:Creating environment hook '/home/student/git/PreyPath_RS1/41068_ws/install/robot_gazebo/share/robot_gazebo/hook/cmake_prefix_path.sh'
[0.822s] DEBUG:colcon.colcon_core.event_handler.log_command:Invoked command in '/home/student/git/PreyPath_RS1/41068_ws/build/robot_gazebo' returned '0': CMAKE_PREFIX_PATH=${CMAKE_PREFIX_PATH}:/opt/ros/humble /usr/bin/cmake --install /home/student/git/PreyPath_RS1/41068_ws/build/robot_gazebo
[0.826s] Level 1:colcon.colcon_core.environment:checking '/home/student/git/PreyPath_RS1/41068_ws/install/robot_gazebo/bin'
[0.826s] Level 1:colcon.colcon_core.environment:checking '/home/student/git/PreyPath_RS1/41068_ws/install/robot_gazebo/lib/pkgconfig/robot_gazebo.pc'
[0.827s] Level 1:colcon.colcon_core.environment:checking '/home/student/git/PreyPath_RS1/41068_ws/install/robot_gazebo/lib/python3.10/site-packages'
[0.827s] Level 1:colcon.colcon_core.environment:checking '/home/student/git/PreyPath_RS1/41068_ws/install/robot_gazebo/bin'
[0.828s] INFO:colcon.colcon_core.shell:Creating package script '/home/student/git/PreyPath_RS1/41068_ws/install/robot_gazebo/share/robot_gazebo/package.ps1'
[0.829s] INFO:colcon.colcon_core.shell:Creating package descriptor '/home/student/git/PreyPath_RS1/41068_ws/install/robot_gazebo/share/robot_gazebo/package.dsv'
[0.831s] INFO:colcon.colcon_core.shell:Creating package script '/home/student/git/PreyPath_RS1/41068_ws/install/robot_gazebo/share/robot_gazebo/package.sh'
[0.832s] INFO:colcon.colcon_core.shell:Creating package script '/home/student/git/PreyPath_RS1/41068_ws/install/robot_gazebo/share/robot_gazebo/package.bash'
[0.835s] INFO:colcon.colcon_core.shell:Creating package script '/home/student/git/PreyPath_RS1/41068_ws/install/robot_gazebo/share/robot_gazebo/package.zsh'
[0.837s] Level 1:colcon.colcon_core.environment:create_file_with_runtime_dependencies(/home/student/git/PreyPath_RS1/41068_ws/install/robot_gazebo/share/colcon-core/packages/robot_gazebo)
[0.845s] Level 1:colcon.colcon_core.environment:create_environment_scripts_only(robot_gazebo)
[0.845s] Level 1:colcon.colcon_core.environment:checking '/home/student/git/PreyPath_RS1/41068_ws/install/robot_gazebo' for CMake module files
[0.846s] Level 1:colcon.colcon_core.environment:checking '/home/student/git/PreyPath_RS1/41068_ws/install/robot_gazebo' for CMake config files
[0.847s] Level 1:colcon.colcon_core.shell:create_environment_hook('robot_gazebo', 'cmake_prefix_path')
[0.847s] INFO:colcon.colcon_core.shell:Creating environment hook '/home/student/git/PreyPath_RS1/41068_ws/install/robot_gazebo/share/robot_gazebo/hook/cmake_prefix_path.ps1'
[0.848s] INFO:colcon.colcon_core.shell:Creating environment descriptor '/home/student/git/PreyPath_RS1/41068_ws/install/robot_gazebo/share/robot_gazebo/hook/cmake_prefix_path.dsv'
[0.848s] INFO:colcon.colcon_core.shell:Creating environment hook '/home/student/git/PreyPath_RS1/41068_ws/install/robot_gazebo/share/robot_gazebo/hook/cmake_prefix_path.sh'
[0.849s] Level 1:colcon.colcon_core.environment:checking '/home/student/git/PreyPath_RS1/41068_ws/install/robot_gazebo/bin'
[0.849s] Level 1:colcon.colcon_core.environment:checking '/home/student/git/PreyPath_RS1/41068_ws/install/robot_gazebo/lib/pkgconfig/robot_gazebo.pc'
[0.850s] Level 1:colcon.colcon_core.environment:checking '/home/student/git/PreyPath_RS1/41068_ws/install/robot_gazebo/lib/python3.10/site-packages'
[0.850s] Level 1:colcon.colcon_core.environment:checking '/home/student/git/PreyPath_RS1/41068_ws/install/robot_gazebo/bin'
[0.851s] INFO:colcon.colcon_core.shell:Creating package script '/home/student/git/PreyPath_RS1/41068_ws/install/robot_gazebo/share/robot_gazebo/package.ps1'
[0.851s] INFO:colcon.colcon_core.shell:Creating package descriptor '/home/student/git/PreyPath_RS1/41068_ws/install/robot_gazebo/share/robot_gazebo/package.dsv'
[0.852s] INFO:colcon.colcon_core.shell:Creating package script '/home/student/git/PreyPath_RS1/41068_ws/install/robot_gazebo/share/robot_gazebo/package.sh'
[0.853s] INFO:colcon.colcon_core.shell:Creating package script '/home/student/git/PreyPath_RS1/41068_ws/install/robot_gazebo/share/robot_gazebo/package.bash'
[0.853s] INFO:colcon.colcon_core.shell:Creating package script '/home/student/git/PreyPath_RS1/41068_ws/install/robot_gazebo/share/robot_gazebo/package.zsh'
[0.854s] Level 1:colcon.colcon_core.environment:create_file_with_runtime_dependencies(/home/student/git/PreyPath_RS1/41068_ws/install/robot_gazebo/share/colcon-core/packages/robot_gazebo)
[0.854s] Level 1:colcon.colcon_core.environment:create_environment_scripts_only(robot_description)
[0.855s] Level 1:colcon.colcon_core.environment:checking '/home/student/git/PreyPath_RS1/41068_ws/install/robot_description' for CMake module files
[0.857s] DEBUG:colcon.colcon_core.event_handler.log_command:Invoked command in '/home/student/git/PreyPath_RS1/41068_ws/build/robot_description' returned '0': CMAKE_PREFIX_PATH=${CMAKE_PREFIX_PATH}:/opt/ros/humble /usr/bin/cmake --install /home/student/git/PreyPath_RS1/41068_ws/build/robot_description
[0.857s] Level 1:colcon.colcon_core.environment:checking '/home/student/git/PreyPath_RS1/41068_ws/install/robot_description' for CMake config files
[0.858s] Level 1:colcon.colcon_core.shell:create_environment_hook('robot_description', 'cmake_prefix_path')
[0.858s] INFO:colcon.colcon_core.shell:Creating environment hook '/home/student/git/PreyPath_RS1/41068_ws/install/robot_description/share/robot_description/hook/cmake_prefix_path.ps1'
[0.859s] INFO:colcon.colcon_core.shell:Creating environment descriptor '/home/student/git/PreyPath_RS1/41068_ws/install/robot_description/share/robot_description/hook/cmake_prefix_path.dsv'
[0.860s] INFO:colcon.colcon_core.shell:Creating environment hook '/home/student/git/PreyPath_RS1/41068_ws/install/robot_description/share/robot_description/hook/cmake_prefix_path.sh'
[0.861s] Level 1:colcon.colcon_core.environment:checking '/home/student/git/PreyPath_RS1/41068_ws/install/robot_description/bin'
[0.861s] Level 1:colcon.colcon_core.environment:checking '/home/student/git/PreyPath_RS1/41068_ws/install/robot_description/lib/pkgconfig/robot_description.pc'
[0.862s] Level 1:colcon.colcon_core.environment:checking '/home/student/git/PreyPath_RS1/41068_ws/install/robot_description/lib/python3.10/site-packages'
[0.862s] Level 1:colcon.colcon_core.environment:checking '/home/student/git/PreyPath_RS1/41068_ws/install/robot_description/bin'
[0.863s] INFO:colcon.colcon_core.shell:Creating package script '/home/student/git/PreyPath_RS1/41068_ws/install/robot_description/share/robot_description/package.ps1'
[0.863s] INFO:colcon.colcon_core.shell:Creating package descriptor '/home/student/git/PreyPath_RS1/41068_ws/install/robot_description/share/robot_description/package.dsv'
[0.865s] INFO:colcon.colcon_core.shell:Creating package script '/home/student/git/PreyPath_RS1/41068_ws/install/robot_description/share/robot_description/package.sh'
[0.865s] INFO:colcon.colcon_core.shell:Creating package script '/home/student/git/PreyPath_RS1/41068_ws/install/robot_description/share/robot_description/package.bash'
[0.866s] INFO:colcon.colcon_core.shell:Creating package script '/home/student/git/PreyPath_RS1/41068_ws/install/robot_description/share/robot_description/package.zsh'
[0.867s] Level 1:colcon.colcon_core.environment:create_file_with_runtime_dependencies(/home/student/git/PreyPath_RS1/41068_ws/install/robot_description/share/colcon-core/packages/robot_description)
[0.868s] Level 1:colcon.colcon_core.environment:create_environment_scripts_only(robot_description)
[0.869s] Level 1:colcon.colcon_core.environment:checking '/home/student/git/PreyPath_RS1/41068_ws/install/robot_description' for CMake module files
[0.869s] Level 1:colcon.colcon_core.environment:checking '/home/student/git/PreyPath_RS1/41068_ws/install/robot_description' for CMake config files
[0.870s] Level 1:colcon.colcon_core.shell:create_environment_hook('robot_description', 'cmake_prefix_path')
[0.870s] INFO:colcon.colcon_core.shell:Creating environment hook '/home/student/git/PreyPath_RS1/41068_ws/install/robot_description/share/robot_description/hook/cmake_prefix_path.ps1'
[0.871s] INFO:colcon.colcon_core.shell:Creating environment descriptor '/home/student/git/PreyPath_RS1/41068_ws/install/robot_description/share/robot_description/hook/cmake_prefix_path.dsv'
[0.873s] INFO:colcon.colcon_core.shell:Creating environment hook '/home/student/git/PreyPath_RS1/41068_ws/install/robot_description/share/robot_description/hook/cmake_prefix_path.sh'
[0.874s] Level 1:colcon.colcon_core.environment:checking '/home/student/git/PreyPath_RS1/41068_ws/install/robot_description/bin'
[0.874s] Level 1:colcon.colcon_core.environment:checking '/home/student/git/PreyPath_RS1/41068_ws/install/robot_description/lib/pkgconfig/robot_description.pc'
[0.874s] Level 1:colcon.colcon_core.environment:checking '/home/student/git/PreyPath_RS1/41068_ws/install/robot_description/lib/python3.10/site-packages'
[0.875s] Level 1:colcon.colcon_core.environment:checking '/home/student/git/PreyPath_RS1/41068_ws/install/robot_description/bin'
[0.875s] INFO:colcon.colcon_core.shell:Creating package script '/home/student/git/PreyPath_RS1/41068_ws/install/robot_description/share/robot_description/package.ps1'
[0.876s] INFO:colcon.colcon_core.shell:Creating package descriptor '/home/student/git/PreyPath_RS1/41068_ws/install/robot_description/share/robot_description/package.dsv'
[0.877s] INFO:colcon.colcon_core.shell:Creating package script '/home/student/git/PreyPath_RS1/41068_ws/install/robot_description/share/robot_description/package.sh'
[0.878s] INFO:colcon.colcon_core.shell:Creating package script '/home/student/git/PreyPath_RS1/41068_ws/install/robot_description/share/robot_description/package.bash'
[0.878s] INFO:colcon.colcon_core.shell:Creating package script '/home/student/git/PreyPath_RS1/41068_ws/install/robot_description/share/robot_description/package.zsh'
[0.879s] Level 1:colcon.colcon_core.environment:create_file_with_runtime_dependencies(/home/student/git/PreyPath_RS1/41068_ws/install/robot_description/share/colcon-core/packages/robot_description)
[0.880s] Level 1:colcon.colcon_core.environment:create_environment_scripts_only(robot_control)
[0.880s] Level 1:colcon.colcon_core.environment:checking '/home/student/git/PreyPath_RS1/41068_ws/install/robot_control' for CMake module files
[0.881s] Level 1:colcon.colcon_core.environment:checking '/home/student/git/PreyPath_RS1/41068_ws/install/robot_control' for CMake config files
[0.881s] Level 1:colcon.colcon_core.shell:create_environment_hook('robot_control', 'cmake_prefix_path')
[0.882s] INFO:colcon.colcon_core.shell:Creating environment hook '/home/student/git/PreyPath_RS1/41068_ws/install/robot_control/share/robot_control/hook/cmake_prefix_path.ps1'
[0.883s] DEBUG:colcon.colcon_core.event_handler.log_command:Invoked command in '/home/student/git/PreyPath_RS1/41068_ws/build/robot_control' returned '0': CMAKE_PREFIX_PATH=${CMAKE_PREFIX_PATH}:/opt/ros/humble /usr/bin/cmake --install /home/student/git/PreyPath_RS1/41068_ws/build/robot_control
[0.884s] INFO:colcon.colcon_core.shell:Creating environment descriptor '/home/student/git/PreyPath_RS1/41068_ws/install/robot_control/share/robot_control/hook/cmake_prefix_path.dsv'
[0.885s] INFO:colcon.colcon_core.shell:Creating environment hook '/home/student/git/PreyPath_RS1/41068_ws/install/robot_control/share/robot_control/hook/cmake_prefix_path.sh'
[0.886s] Level 1:colcon.colcon_core.environment:checking '/home/student/git/PreyPath_RS1/41068_ws/install/robot_control/lib'
[0.886s] Level 1:colcon.colcon_core.environment:checking '/home/student/git/PreyPath_RS1/41068_ws/install/robot_control/bin'
[0.886s] Level 1:colcon.colcon_core.environment:checking '/home/student/git/PreyPath_RS1/41068_ws/install/robot_control/lib/pkgconfig/robot_control.pc'
[0.887s] Level 1:colcon.colcon_core.environment:checking '/home/student/git/PreyPath_RS1/41068_ws/install/robot_control/lib/python3.10/site-packages'
[0.887s] Level 1:colcon.colcon_core.environment:checking '/home/student/git/PreyPath_RS1/41068_ws/install/robot_control/bin'
[0.890s] INFO:colcon.colcon_core.shell:Creating package script '/home/student/git/PreyPath_RS1/41068_ws/install/robot_control/share/robot_control/package.ps1'
[0.890s] INFO:colcon.colcon_core.shell:Creating package descriptor '/home/student/git/PreyPath_RS1/41068_ws/install/robot_control/share/robot_control/package.dsv'
[0.891s] INFO:colcon.colcon_core.shell:Creating package script '/home/student/git/PreyPath_RS1/41068_ws/install/robot_control/share/robot_control/package.sh'
[0.892s] INFO:colcon.colcon_core.shell:Creating package script '/home/student/git/PreyPath_RS1/41068_ws/install/robot_control/share/robot_control/package.bash'
[0.893s] INFO:colcon.colcon_core.shell:Creating package script '/home/student/git/PreyPath_RS1/41068_ws/install/robot_control/share/robot_control/package.zsh'
[0.893s] Level 1:colcon.colcon_core.environment:create_file_with_runtime_dependencies(/home/student/git/PreyPath_RS1/41068_ws/install/robot_control/share/colcon-core/packages/robot_control)
[0.894s] Level 1:colcon.colcon_core.environment:create_environment_scripts_only(robot_control)
[0.895s] Level 1:colcon.colcon_core.environment:checking '/home/student/git/PreyPath_RS1/41068_ws/install/robot_control' for CMake module files
[0.896s] Level 1:colcon.colcon_core.environment:checking '/home/student/git/PreyPath_RS1/41068_ws/install/robot_control' for CMake config files
[0.896s] Level 1:colcon.colcon_core.shell:create_environment_hook('robot_control', 'cmake_prefix_path')
[0.897s] INFO:colcon.colcon_core.shell:Creating environment hook '/home/student/git/PreyPath_RS1/41068_ws/install/robot_control/share/robot_control/hook/cmake_prefix_path.ps1'
[0.898s] INFO:colcon.colcon_core.shell:Creating environment descriptor '/home/student/git/PreyPath_RS1/41068_ws/install/robot_control/share/robot_control/hook/cmake_prefix_path.dsv'
[0.898s] INFO:colcon.colcon_core.shell:Creating environment hook '/home/student/git/PreyPath_RS1/41068_ws/install/robot_control/share/robot_control/hook/cmake_prefix_path.sh'
[0.899s] Level 1:colcon.colcon_core.environment:checking '/home/student/git/PreyPath_RS1/41068_ws/install/robot_control/lib'
[0.899s] Level 1:colcon.colcon_core.environment:checking '/home/student/git/PreyPath_RS1/41068_ws/install/robot_control/bin'
[0.899s] Level 1:colcon.colcon_core.environment:checking '/home/student/git/PreyPath_RS1/41068_ws/install/robot_control/lib/pkgconfig/robot_control.pc'
[0.900s] Level 1:colcon.colcon_core.environment:checking '/home/student/git/PreyPath_RS1/41068_ws/install/robot_control/lib/python3.10/site-packages'
[0.900s] Level 1:colcon.colcon_core.environment:checking '/home/student/git/PreyPath_RS1/41068_ws/install/robot_control/bin'
[0.901s] INFO:colcon.colcon_core.shell:Creating package script '/home/student/git/PreyPath_RS1/41068_ws/install/robot_control/share/robot_control/package.ps1'
[0.902s] INFO:colcon.colcon_core.shell:Creating package descriptor '/home/student/git/PreyPath_RS1/41068_ws/install/robot_control/share/robot_control/package.dsv'
[0.903s] INFO:colcon.colcon_core.shell:Creating package script '/home/student/git/PreyPath_RS1/41068_ws/install/robot_control/share/robot_control/package.sh'
[0.904s] INFO:colcon.colcon_core.shell:Creating package script '/home/student/git/PreyPath_RS1/41068_ws/install/robot_control/share/robot_control/package.bash'
[0.904s] INFO:colcon.colcon_core.shell:Creating package script '/home/student/git/PreyPath_RS1/41068_ws/install/robot_control/share/robot_control/package.zsh'
[0.905s] Level 1:colcon.colcon_core.environment:create_file_with_runtime_dependencies(/home/student/git/PreyPath_RS1/41068_ws/install/robot_control/share/colcon-core/packages/robot_control)
[1.272s] DEBUG:colcon.colcon_core.event_handler.log_command:Invoked command in '/home/student/git/PreyPath_RS1/41068_ws/build/41068_ignition_bringup' returned '0': CMAKE_PREFIX_PATH=${CMAKE_PREFIX_PATH}:/opt/ros/humble /usr/bin/cmake /home/student/git/PreyPath_RS1/41068_ws/src/41068_ignition_bringup -DAMENT_CMAKE_SYMLINK_INSTALL=1 -DCMAKE_INSTALL_PREFIX=/home/student/git/PreyPath_RS1/41068_ws/install/41068_ignition_bringup
[1.275s] DEBUG:colcon.colcon_core.event_handler.log_command:Invoking command in '/home/student/git/PreyPath_RS1/41068_ws/build/41068_ignition_bringup': CMAKE_PREFIX_PATH=${CMAKE_PREFIX_PATH}:/opt/ros/humble /usr/bin/cmake --build /home/student/git/PreyPath_RS1/41068_ws/build/41068_ignition_bringup -- -j8 -l8
[1.334s] DEBUG:colcon.colcon_core.event_handler.log_command:Invoked command in '/home/student/git/PreyPath_RS1/41068_ws/build/41068_ignition_bringup' returned '0': CMAKE_PREFIX_PATH=${CMAKE_PREFIX_PATH}:/opt/ros/humble /usr/bin/cmake --build /home/student/git/PreyPath_RS1/41068_ws/build/41068_ignition_bringup -- -j8 -l8
[1.341s] DEBUG:colcon.colcon_core.event_handler.log_command:Invoking command in '/home/student/git/PreyPath_RS1/41068_ws/build/41068_ignition_bringup': CMAKE_PREFIX_PATH=${CMAKE_PREFIX_PATH}:/opt/ros/humble /usr/bin/cmake --install /home/student/git/PreyPath_RS1/41068_ws/build/41068_ignition_bringup
[1.377s] Level 1:colcon.colcon_core.environment:create_environment_scripts_only(41068_ignition_bringup)
[1.378s] Level 1:colcon.colcon_core.environment:checking '/home/student/git/PreyPath_RS1/41068_ws/install/41068_ignition_bringup' for CMake module files
[1.378s] DEBUG:colcon.colcon_core.event_handler.log_command:Invoked command in '/home/student/git/PreyPath_RS1/41068_ws/build/41068_ignition_bringup' returned '0': CMAKE_PREFIX_PATH=${CMAKE_PREFIX_PATH}:/opt/ros/humble /usr/bin/cmake --install /home/student/git/PreyPath_RS1/41068_ws/build/41068_ignition_bringup
[1.379s] Level 1:colcon.colcon_core.environment:checking '/home/student/git/PreyPath_RS1/41068_ws/install/41068_ignition_bringup' for CMake config files
[1.379s] Level 1:colcon.colcon_core.shell:create_environment_hook('41068_ignition_bringup', 'cmake_prefix_path')
[1.379s] INFO:colcon.colcon_core.shell:Creating environment hook '/home/student/git/PreyPath_RS1/41068_ws/install/41068_ignition_bringup/share/41068_ignition_bringup/hook/cmake_prefix_path.ps1'
[1.380s] INFO:colcon.colcon_core.shell:Creating environment descriptor '/home/student/git/PreyPath_RS1/41068_ws/install/41068_ignition_bringup/share/41068_ignition_bringup/hook/cmake_prefix_path.dsv'
[1.380s] INFO:colcon.colcon_core.shell:Creating environment hook '/home/student/git/PreyPath_RS1/41068_ws/install/41068_ignition_bringup/share/41068_ignition_bringup/hook/cmake_prefix_path.sh'
[1.381s] Level 1:colcon.colcon_core.environment:checking '/home/student/git/PreyPath_RS1/41068_ws/install/41068_ignition_bringup/bin'
[1.381s] Level 1:colcon.colcon_core.environment:checking '/home/student/git/PreyPath_RS1/41068_ws/install/41068_ignition_bringup/lib/pkgconfig/41068_ignition_bringup.pc'
[1.381s] Level 1:colcon.colcon_core.environment:checking '/home/student/git/PreyPath_RS1/41068_ws/install/41068_ignition_bringup/lib/python3.10/site-packages'
[1.381s] Level 1:colcon.colcon_core.environment:checking '/home/student/git/PreyPath_RS1/41068_ws/install/41068_ignition_bringup/bin'
[1.382s] INFO:colcon.colcon_core.shell:Creating package script '/home/student/git/PreyPath_RS1/41068_ws/install/41068_ignition_bringup/share/41068_ignition_bringup/package.ps1'
[1.382s] INFO:colcon.colcon_core.shell:Creating package descriptor '/home/student/git/PreyPath_RS1/41068_ws/install/41068_ignition_bringup/share/41068_ignition_bringup/package.dsv'
[1.383s] INFO:colcon.colcon_core.shell:Creating package script '/home/student/git/PreyPath_RS1/41068_ws/install/41068_ignition_bringup/share/41068_ignition_bringup/package.sh'
[1.383s] INFO:colcon.colcon_core.shell:Creating package script '/home/student/git/PreyPath_RS1/41068_ws/install/41068_ignition_bringup/share/41068_ignition_bringup/package.bash'
[1.384s] INFO:colcon.colcon_core.shell:Creating package script '/home/student/git/PreyPath_RS1/41068_ws/install/41068_ignition_bringup/share/41068_ignition_bringup/package.zsh'
[1.384s] Level 1:colcon.colcon_core.environment:create_file_with_runtime_dependencies(/home/student/git/PreyPath_RS1/41068_ws/install/41068_ignition_bringup/share/colcon-core/packages/41068_ignition_bringup)
[1.385s] Level 1:colcon.colcon_core.environment:create_environment_scripts_only(41068_ignition_bringup)
[1.385s] Level 1:colcon.colcon_core.environment:checking '/home/student/git/PreyPath_RS1/41068_ws/install/41068_ignition_bringup' for CMake module files
[1.385s] Level 1:colcon.colcon_core.environment:checking '/home/student/git/PreyPath_RS1/41068_ws/install/41068_ignition_bringup' for CMake config files
[1.386s] Level 1:colcon.colcon_core.shell:create_environment_hook('41068_ignition_bringup', 'cmake_prefix_path')
[1.386s] INFO:colcon.colcon_core.shell:Creating environment hook '/home/student/git/PreyPath_RS1/41068_ws/install/41068_ignition_bringup/share/41068_ignition_bringup/hook/cmake_prefix_path.ps1'
[1.387s] INFO:colcon.colcon_core.shell:Creating environment descriptor '/home/student/git/PreyPath_RS1/41068_ws/install/41068_ignition_bringup/share/41068_ignition_bringup/hook/cmake_prefix_path.dsv'
[1.387s] INFO:colcon.colcon_core.shell:Creating environment hook '/home/student/git/PreyPath_RS1/41068_ws/install/41068_ignition_bringup/share/41068_ignition_bringup/hook/cmake_prefix_path.sh'
[1.388s] Level 1:colcon.colcon_core.environment:checking '/home/student/git/PreyPath_RS1/41068_ws/install/41068_ignition_bringup/bin'
[1.388s] Level 1:colcon.colcon_core.environment:checking '/home/student/git/PreyPath_RS1/41068_ws/install/41068_ignition_bringup/lib/pkgconfig/41068_ignition_bringup.pc'
[1.388s] Level 1:colcon.colcon_core.environment:checking '/home/student/git/PreyPath_RS1/41068_ws/install/41068_ignition_bringup/lib/python3.10/site-packages'
[1.388s] Level 1:colcon.colcon_core.environment:checking '/home/student/git/PreyPath_RS1/41068_ws/install/41068_ignition_bringup/bin'
[1.389s] INFO:colcon.colcon_core.shell:Creating package script '/home/student/git/PreyPath_RS1/41068_ws/install/41068_ignition_bringup/share/41068_ignition_bringup/package.ps1'
[1.389s] INFO:colcon.colcon_core.shell:Creating package descriptor '/home/student/git/PreyPath_RS1/41068_ws/install/41068_ignition_bringup/share/41068_ignition_bringup/package.dsv'
[1.390s] INFO:colcon.colcon_core.shell:Creating package script '/home/student/git/PreyPath_RS1/41068_ws/install/41068_ignition_bringup/share/41068_ignition_bringup/package.sh'
[1.390s] INFO:colcon.colcon_core.shell:Creating package script '/home/student/git/PreyPath_RS1/41068_ws/install/41068_ignition_bringup/share/41068_ignition_bringup/package.bash'
[1.391s] INFO:colcon.colcon_core.shell:Creating package script '/home/student/git/PreyPath_RS1/41068_ws/install/41068_ignition_bringup/share/41068_ignition_bringup/package.zsh'
[1.391s] Level 1:colcon.colcon_core.environment:create_file_with_runtime_dependencies(/home/student/git/PreyPath_RS1/41068_ws/install/41068_ignition_bringup/share/colcon-core/packages/41068_ignition_bringup)
[1.391s] DEBUG:colcon.colcon_parallel_executor.executor.parallel:closing loop
[1.392s] DEBUG:colcon.colcon_parallel_executor.executor.parallel:loop closed
[1.392s] DEBUG:colcon.colcon_parallel_executor.executor.parallel:run_until_complete finished with '0'
[1.392s] DEBUG:colcon.colcon_core.event_reactor:joining thread
[1.398s] INFO:colcon.colcon_core.plugin_system:Skipping extension 'colcon_notification.desktop_notification.terminal_notifier': Not used on non-Darwin systems
[1.399s] INFO:colcon.colcon_core.plugin_system:Skipping extension 'colcon_notification.desktop_notification.win32': Not used on non-Windows systems
[1.399s] INFO:colcon.colcon_notification.desktop_notification:Sending desktop notification using 'notify2'
[1.415s] DEBUG:colcon.colcon_core.event_reactor:joined thread
[1.416s] INFO:colcon.colcon_core.shell:Creating prefix script '/home/student/git/PreyPath_RS1/41068_ws/install/local_setup.ps1'
[1.417s] INFO:colcon.colcon_core.shell:Creating prefix util module '/home/student/git/PreyPath_RS1/41068_ws/install/_local_setup_util_ps1.py'
[1.419s] INFO:colcon.colcon_core.shell:Creating prefix chain script '/home/student/git/PreyPath_RS1/41068_ws/install/setup.ps1'
[1.420s] INFO:colcon.colcon_core.shell:Creating prefix script '/home/student/git/PreyPath_RS1/41068_ws/install/local_setup.sh'
[1.421s] INFO:colcon.colcon_core.shell:Creating prefix util module '/home/student/git/PreyPath_RS1/41068_ws/install/_local_setup_util_sh.py'
[1.422s] INFO:colcon.colcon_core.shell:Creating prefix chain script '/home/student/git/PreyPath_RS1/41068_ws/install/setup.sh'
[1.424s] INFO:colcon.colcon_core.shell:Creating prefix script '/home/student/git/PreyPath_RS1/41068_ws/install/local_setup.bash'
[1.425s] INFO:colcon.colcon_core.shell:Creating prefix chain script '/home/student/git/PreyPath_RS1/41068_ws/install/setup.bash'
[1.427s] INFO:colcon.colcon_core.shell:Creating prefix script '/home/student/git/PreyPath_RS1/41068_ws/install/local_setup.zsh'
[1.428s] INFO:colcon.colcon_core.shell:Creating prefix chain script '/home/student/git/PreyPath_RS1/41068_ws/install/setup.zsh'
