[0.117s] DEBUG:colcon:Command line arguments: ['/usr/bin/colcon', 'build']
[0.117s] DEBUG:colcon:Parsed command line arguments: Namespace(log_base=None, log_level=None, verb_name='build', build_base='build', install_base='install', merge_install=False, symlink_install=False, test_result_base=None, continue_on_error=False, executor='parallel', parallel_workers=8, event_handlers=None, ignore_user_meta=False, metas=['./colcon.meta'], base_paths=['.'], packages_ignore=None, packages_ignore_regex=None, paths=None, packages_up_to=None, packages_up_to_regex=None, packages_above=None, packages_above_and_dependencies=None, packages_above_depth=None, packages_select_by_dep=None, packages_skip_by_dep=None, packages_skip_up_to=None, packages_select_build_failed=False, packages_skip_build_finished=False, packages_select_test_failures=False, packages_skip_test_passed=False, packages_select=None, packages_skip=None, packages_select_regex=None, packages_skip_regex=None, packages_start=None, packages_end=None, allow_overriding=[], cmake_args=None, cmake_target=None, cmake_target_skip_unavailable=False, cmake_clean_cache=False, cmake_clean_first=False, cmake_force_configure=False, ament_cmake_args=None, catkin_cmake_args=None, catkin_skip_building_tests=False, mixin_files=None, mixin=None, verb_parser=<colcon_mixin.mixin.mixin_argument.MixinArgumentDecorator object at 0x7b3ea6f5a290>, verb_extension=<colcon_core.verb.build.BuildVerb object at 0x7b3ea6f59870>, main=<bound method BuildVerb.main of <colcon_core.verb.build.BuildVerb object at 0x7b3ea6f59870>>, mixin_verb=('build',))
[0.302s] Level 1:colcon.colcon_core.package_discovery:discover_packages(colcon_meta) check parameters
[0.303s] Level 1:colcon.colcon_core.package_discovery:discover_packages(recursive) check parameters
[0.303s] Level 1:colcon.colcon_core.package_discovery:discover_packages(ignore) check parameters
[0.303s] Level 1:colcon.colcon_core.package_discovery:discover_packages(path) check parameters
[0.303s] Level 1:colcon.colcon_core.package_discovery:discover_packages(colcon_meta) discover
[0.303s] Level 1:colcon.colcon_core.package_discovery:discover_packages(recursive) discover
[0.303s] INFO:colcon.colcon_core.package_discovery:Crawling recursively for packages in '/home/student/git/PreyPath_RS1/41068_ws'
[0.303s] Level 1:colcon.colcon_core.package_identification:_identify(.) by extensions ['ignore', 'ignore_ament_install']
[0.303s] Level 1:colcon.colcon_core.package_identification:_identify(.) by extension 'ignore'
[0.303s] Level 1:colcon.colcon_core.package_identification:_identify(.) by extension 'ignore_ament_install'
[0.303s] Level 1:colcon.colcon_core.package_identification:_identify(.) by extensions ['colcon_pkg']
[0.303s] Level 1:colcon.colcon_core.package_identification:_identify(.) by extension 'colcon_pkg'
[0.303s] Level 1:colcon.colcon_core.package_identification:_identify(.) by extensions ['colcon_meta']
[0.303s] Level 1:colcon.colcon_core.package_identification:_identify(.) by extension 'colcon_meta'
[0.303s] Level 1:colcon.colcon_core.package_identification:_identify(.) by extensions ['ros']
[0.303s] Level 1:colcon.colcon_core.package_identification:_identify(.) by extension 'ros'
[0.315s] Level 1:colcon.colcon_core.package_identification:_identify(.) by extensions ['cmake', 'python']
[0.315s] Level 1:colcon.colcon_core.package_identification:_identify(.) by extension 'cmake'
[0.315s] Level 1:colcon.colcon_core.package_identification:_identify(.) by extension 'python'
[0.315s] Level 1:colcon.colcon_core.package_identification:_identify(.) by extensions ['python_setup_py']
[0.315s] Level 1:colcon.colcon_core.package_identification:_identify(.) by extension 'python_setup_py'
[0.315s] Level 1:colcon.colcon_core.package_identification:_identify(build) by extensions ['ignore', 'ignore_ament_install']
[0.315s] Level 1:colcon.colcon_core.package_identification:_identify(build) by extension 'ignore'
[0.316s] Level 1:colcon.colcon_core.package_identification:_identify(build) ignored
[0.316s] Level 1:colcon.colcon_core.package_identification:_identify(install) by extensions ['ignore', 'ignore_ament_install']
[0.316s] Level 1:colcon.colcon_core.package_identification:_identify(install) by extension 'ignore'
[0.316s] Level 1:colcon.colcon_core.package_identification:_identify(install) ignored
[0.316s] Level 1:colcon.colcon_core.package_identification:_identify(log) by extensions ['ignore', 'ignore_ament_install']
[0.316s] Level 1:colcon.colcon_core.package_identification:_identify(log) by extension 'ignore'
[0.316s] Level 1:colcon.colcon_core.package_identification:_identify(log) ignored
[0.316s] Level 1:colcon.colcon_core.package_identification:_identify(src) by extensions ['ignore', 'ignore_ament_install']
[0.316s] Level 1:colcon.colcon_core.package_identification:_identify(src) by extension 'ignore'
[0.316s] Level 1:colcon.colcon_core.package_identification:_identify(src) by extension 'ignore_ament_install'
[0.316s] Level 1:colcon.colcon_core.package_identification:_identify(src) by extensions ['colcon_pkg']
[0.317s] Level 1:colcon.colcon_core.package_identification:_identify(src) by extension 'colcon_pkg'
[0.317s] Level 1:colcon.colcon_core.package_identification:_identify(src) by extensions ['colcon_meta']
[0.317s] Level 1:colcon.colcon_core.package_identification:_identify(src) by extension 'colcon_meta'
[0.317s] Level 1:colcon.colcon_core.package_identification:_identify(src) by extensions ['ros']
[0.317s] Level 1:colcon.colcon_core.package_identification:_identify(src) by extension 'ros'
[0.317s] Level 1:colcon.colcon_core.package_identification:_identify(src) by extensions ['cmake', 'python']
[0.317s] Level 1:colcon.colcon_core.package_identification:_identify(src) by extension 'cmake'
[0.317s] Level 1:colcon.colcon_core.package_identification:_identify(src) by extension 'python'
[0.317s] Level 1:colcon.colcon_core.package_identification:_identify(src) by extensions ['python_setup_py']
[0.317s] Level 1:colcon.colcon_core.package_identification:_identify(src) by extension 'python_setup_py'
[0.317s] Level 1:colcon.colcon_core.package_identification:_identify(src/41068_ignition_bringup) by extensions ['ignore', 'ignore_ament_install']
[0.317s] Level 1:colcon.colcon_core.package_identification:_identify(src/41068_ignition_bringup) by extension 'ignore'
[0.317s] Level 1:colcon.colcon_core.package_identification:_identify(src/41068_ignition_bringup) by extension 'ignore_ament_install'
[0.317s] Level 1:colcon.colcon_core.package_identification:_identify(src/41068_ignition_bringup) by extensions ['colcon_pkg']
[0.317s] Level 1:colcon.colcon_core.package_identification:_identify(src/41068_ignition_bringup) by extension 'colcon_pkg'
[0.317s] Level 1:colcon.colcon_core.package_identification:_identify(src/41068_ignition_bringup) by extensions ['colcon_meta']
[0.318s] Level 1:colcon.colcon_core.package_identification:_identify(src/41068_ignition_bringup) by extension 'colcon_meta'
[0.318s] Level 1:colcon.colcon_core.package_identification:_identify(src/41068_ignition_bringup) by extensions ['ros']
[0.318s] Level 1:colcon.colcon_core.package_identification:_identify(src/41068_ignition_bringup) by extension 'ros'
[0.321s] DEBUG:colcon.colcon_core.package_identification:Package 'src/41068_ignition_bringup' with type 'ros.ament_cmake' and name '41068_ignition_bringup'
[0.321s] Level 1:colcon.colcon_core.package_identification:_identify(src/UI) by extensions ['ignore', 'ignore_ament_install']
[0.322s] Level 1:colcon.colcon_core.package_identification:_identify(src/UI) by extension 'ignore'
[0.322s] Level 1:colcon.colcon_core.package_identification:_identify(src/UI) by extension 'ignore_ament_install'
[0.322s] Level 1:colcon.colcon_core.package_identification:_identify(src/UI) by extensions ['colcon_pkg']
[0.322s] Level 1:colcon.colcon_core.package_identification:_identify(src/UI) by extension 'colcon_pkg'
[0.322s] Level 1:colcon.colcon_core.package_identification:_identify(src/UI) by extensions ['colcon_meta']
[0.322s] Level 1:colcon.colcon_core.package_identification:_identify(src/UI) by extension 'colcon_meta'
[0.322s] Level 1:colcon.colcon_core.package_identification:_identify(src/UI) by extensions ['ros']
[0.322s] Level 1:colcon.colcon_core.package_identification:_identify(src/UI) by extension 'ros'
[0.322s] Level 1:colcon.colcon_core.package_identification:_identify(src/UI) by extensions ['cmake', 'python']
[0.322s] Level 1:colcon.colcon_core.package_identification:_identify(src/UI) by extension 'cmake'
[0.322s] Level 1:colcon.colcon_core.package_identification:_identify(src/UI) by extension 'python'
[0.322s] Level 1:colcon.colcon_core.package_identification:_identify(src/UI) by extensions ['python_setup_py']
[0.322s] Level 1:colcon.colcon_core.package_identification:_identify(src/UI) by extension 'python_setup_py'
[0.322s] Level 1:colcon.colcon_core.package_identification:_identify(src/robot_control) by extensions ['ignore', 'ignore_ament_install']
[0.322s] Level 1:colcon.colcon_core.package_identification:_identify(src/robot_control) by extension 'ignore'
[0.323s] Level 1:colcon.colcon_core.package_identification:_identify(src/robot_control) by extension 'ignore_ament_install'
[0.323s] Level 1:colcon.colcon_core.package_identification:_identify(src/robot_control) by extensions ['colcon_pkg']
[0.323s] Level 1:colcon.colcon_core.package_identification:_identify(src/robot_control) by extension 'colcon_pkg'
[0.323s] Level 1:colcon.colcon_core.package_identification:_identify(src/robot_control) by extensions ['colcon_meta']
[0.323s] Level 1:colcon.colcon_core.package_identification:_identify(src/robot_control) by extension 'colcon_meta'
[0.323s] Level 1:colcon.colcon_core.package_identification:_identify(src/robot_control) by extensions ['ros']
[0.323s] Level 1:colcon.colcon_core.package_identification:_identify(src/robot_control) by extension 'ros'
[0.323s] DEBUG:colcon.colcon_core.package_identification:Package 'src/robot_control' with type 'ros.ament_cmake' and name 'robot_control'
[0.323s] Level 1:colcon.colcon_core.package_identification:_identify(src/robot_description) by extensions ['ignore', 'ignore_ament_install']
[0.324s] Level 1:colcon.colcon_core.package_identification:_identify(src/robot_description) by extension 'ignore'
[0.324s] Level 1:colcon.colcon_core.package_identification:_identify(src/robot_description) by extension 'ignore_ament_install'
[0.324s] Level 1:colcon.colcon_core.package_identification:_identify(src/robot_description) by extensions ['colcon_pkg']
[0.324s] Level 1:colcon.colcon_core.package_identification:_identify(src/robot_description) by extension 'colcon_pkg'
[0.324s] Level 1:colcon.colcon_core.package_identification:_identify(src/robot_description) by extensions ['colcon_meta']
[0.324s] Level 1:colcon.colcon_core.package_identification:_identify(src/robot_description) by extension 'colcon_meta'
[0.324s] Level 1:colcon.colcon_core.package_identification:_identify(src/robot_description) by extensions ['ros']
[0.324s] Level 1:colcon.colcon_core.package_identification:_identify(src/robot_description) by extension 'ros'
[0.325s] DEBUG:colcon.colcon_core.package_identification:Package 'src/robot_description' with type 'ros.ament_cmake' and name 'robot_description'
[0.325s] Level 1:colcon.colcon_core.package_identification:_identify(src/robot_gazebo) by extensions ['ignore', 'ignore_ament_install']
[0.325s] Level 1:colcon.colcon_core.package_identification:_identify(src/robot_gazebo) by extension 'ignore'
[0.325s] Level 1:colcon.colcon_core.package_identification:_identify(src/robot_gazebo) by extension 'ignore_ament_install'
[0.325s] Level 1:colcon.colcon_core.package_identification:_identify(src/robot_gazebo) by extensions ['colcon_pkg']
[0.325s] Level 1:colcon.colcon_core.package_identification:_identify(src/robot_gazebo) by extension 'colcon_pkg'
[0.325s] Level 1:colcon.colcon_core.package_identification:_identify(src/robot_gazebo) by extensions ['colcon_meta']
[0.325s] Level 1:colcon.colcon_core.package_identification:_identify(src/robot_gazebo) by extension 'colcon_meta'
[0.325s] Level 1:colcon.colcon_core.package_identification:_identify(src/robot_gazebo) by extensions ['ros']
[0.325s] Level 1:colcon.colcon_core.package_identification:_identify(src/robot_gazebo) by extension 'ros'
[0.336s] DEBUG:colcon.colcon_core.package_identification:Package 'src/robot_gazebo' with type 'ros.ament_cmake' and name 'robot_gazebo'
[0.336s] Level 1:colcon.colcon_core.package_discovery:discover_packages(recursive) using defaults
[0.337s] Level 1:colcon.colcon_core.package_discovery:discover_packages(ignore) discover
[0.337s] Level 1:colcon.colcon_core.package_discovery:discover_packages(ignore) using defaults
[0.337s] Level 1:colcon.colcon_core.package_discovery:discover_packages(path) discover
[0.337s] Level 1:colcon.colcon_core.package_discovery:discover_packages(path) using defaults
[0.360s] Level 1:colcon.colcon_core.package_discovery:discover_packages(prefix_path) check parameters
[0.361s] Level 1:colcon.colcon_core.package_discovery:discover_packages(prefix_path) discover
[0.363s] DEBUG:colcon.colcon_installed_package_information.package_discovery:Found 4 installed packages in /home/student/git/PreyPath_RS1/41068_ws/install
[0.363s] DEBUG:colcon.colcon_installed_package_information.package_discovery:Found 0 installed packages in /home/student/ros2_ws/install
[0.366s] DEBUG:colcon.colcon_installed_package_information.package_discovery:Found 429 installed packages in /opt/ros/humble
[0.369s] Level 1:colcon.colcon_core.package_discovery:discover_packages(prefix_path) using defaults
[0.422s] Level 5:colcon.colcon_core.verb:set package '41068_ignition_bringup' build argument 'cmake_args' from command line to 'None'
[0.422s] Level 5:colcon.colcon_core.verb:set package '41068_ignition_bringup' build argument 'cmake_target' from command line to 'None'
[0.422s] Level 5:colcon.colcon_core.verb:set package '41068_ignition_bringup' build argument 'cmake_target_skip_unavailable' from command line to 'False'
[0.422s] Level 5:colcon.colcon_core.verb:set package '41068_ignition_bringup' build argument 'cmake_clean_cache' from command line to 'False'
[0.422s] Level 5:colcon.colcon_core.verb:set package '41068_ignition_bringup' build argument 'cmake_clean_first' from command line to 'False'
[0.422s] Level 5:colcon.colcon_core.verb:set package '41068_ignition_bringup' build argument 'cmake_force_configure' from command line to 'False'
[0.423s] Level 5:colcon.colcon_core.verb:set package '41068_ignition_bringup' build argument 'ament_cmake_args' from command line to 'None'
[0.423s] Level 5:colcon.colcon_core.verb:set package '41068_ignition_bringup' build argument 'catkin_cmake_args' from command line to 'None'
[0.423s] Level 5:colcon.colcon_core.verb:set package '41068_ignition_bringup' build argument 'catkin_skip_building_tests' from command line to 'False'
[0.423s] DEBUG:colcon.colcon_core.verb:Building package '41068_ignition_bringup' with the following arguments: {'ament_cmake_args': None, 'build_base': '/home/student/git/PreyPath_RS1/41068_ws/build/41068_ignition_bringup', 'catkin_cmake_args': None, 'catkin_skip_building_tests': False, 'cmake_args': None, 'cmake_clean_cache': False, 'cmake_clean_first': False, 'cmake_force_configure': False, 'cmake_target': None, 'cmake_target_skip_unavailable': False, 'install_base': '/home/student/git/PreyPath_RS1/41068_ws/install/41068_ignition_bringup', 'merge_install': False, 'path': '/home/student/git/PreyPath_RS1/41068_ws/src/41068_ignition_bringup', 'symlink_install': False, 'test_result_base': None}
[0.423s] Level 5:colcon.colcon_core.verb:set package 'robot_control' build argument 'cmake_args' from command line to 'None'
[0.423s] Level 5:colcon.colcon_core.verb:set package 'robot_control' build argument 'cmake_target' from command line to 'None'
[0.423s] Level 5:colcon.colcon_core.verb:set package 'robot_control' build argument 'cmake_target_skip_unavailable' from command line to 'False'
[0.423s] Level 5:colcon.colcon_core.verb:set package 'robot_control' build argument 'cmake_clean_cache' from command line to 'False'
[0.423s] Level 5:colcon.colcon_core.verb:set package 'robot_control' build argument 'cmake_clean_first' from command line to 'False'
[0.423s] Level 5:colcon.colcon_core.verb:set package 'robot_control' build argument 'cmake_force_configure' from command line to 'False'
[0.423s] Level 5:colcon.colcon_core.verb:set package 'robot_control' build argument 'ament_cmake_args' from command line to 'None'
[0.423s] Level 5:colcon.colcon_core.verb:set package 'robot_control' build argument 'catkin_cmake_args' from command line to 'None'
[0.423s] Level 5:colcon.colcon_core.verb:set package 'robot_control' build argument 'catkin_skip_building_tests' from command line to 'False'
[0.423s] DEBUG:colcon.colcon_core.verb:Building package 'robot_control' with the following arguments: {'ament_cmake_args': None, 'build_base': '/home/student/git/PreyPath_RS1/41068_ws/build/robot_control', 'catkin_cmake_args': None, 'catkin_skip_building_tests': False, 'cmake_args': None, 'cmake_clean_cache': False, 'cmake_clean_first': False, 'cmake_force_configure': False, 'cmake_target': None, 'cmake_target_skip_unavailable': False, 'install_base': '/home/student/git/PreyPath_RS1/41068_ws/install/robot_control', 'merge_install': False, 'path': '/home/student/git/PreyPath_RS1/41068_ws/src/robot_control', 'symlink_install': False, 'test_result_base': None}
[0.424s] Level 5:colcon.colcon_core.verb:set package 'robot_description' build argument 'cmake_args' from command line to 'None'
[0.424s] Level 5:colcon.colcon_core.verb:set package 'robot_description' build argument 'cmake_target' from command line to 'None'
[0.424s] Level 5:colcon.colcon_core.verb:set package 'robot_description' build argument 'cmake_target_skip_unavailable' from command line to 'False'
[0.424s] Level 5:colcon.colcon_core.verb:set package 'robot_description' build argument 'cmake_clean_cache' from command line to 'False'
[0.424s] Level 5:colcon.colcon_core.verb:set package 'robot_description' build argument 'cmake_clean_first' from command line to 'False'
[0.424s] Level 5:colcon.colcon_core.verb:set package 'robot_description' build argument 'cmake_force_configure' from command line to 'False'
[0.424s] Level 5:colcon.colcon_core.verb:set package 'robot_description' build argument 'ament_cmake_args' from command line to 'None'
[0.424s] Level 5:colcon.colcon_core.verb:set package 'robot_description' build argument 'catkin_cmake_args' from command line to 'None'
[0.424s] Level 5:colcon.colcon_core.verb:set package 'robot_description' build argument 'catkin_skip_building_tests' from command line to 'False'
[0.424s] DEBUG:colcon.colcon_core.verb:Building package 'robot_description' with the following arguments: {'ament_cmake_args': None, 'build_base': '/home/student/git/PreyPath_RS1/41068_ws/build/robot_description', 'catkin_cmake_args': None, 'catkin_skip_building_tests': False, 'cmake_args': None, 'cmake_clean_cache': False, 'cmake_clean_first': False, 'cmake_force_configure': False, 'cmake_target': None, 'cmake_target_skip_unavailable': False, 'install_base': '/home/student/git/PreyPath_RS1/41068_ws/install/robot_description', 'merge_install': False, 'path': '/home/student/git/PreyPath_RS1/41068_ws/src/robot_description', 'symlink_install': False, 'test_result_base': None}
[0.425s] Level 5:colcon.colcon_core.verb:set package 'robot_gazebo' build argument 'cmake_args' from command line to 'None'
[0.425s] Level 5:colcon.colcon_core.verb:set package 'robot_gazebo' build argument 'cmake_target' from command line to 'None'
[0.425s] Level 5:colcon.colcon_core.verb:set package 'robot_gazebo' build argument 'cmake_target_skip_unavailable' from command line to 'False'
[0.425s] Level 5:colcon.colcon_core.verb:set package 'robot_gazebo' build argument 'cmake_clean_cache' from command line to 'False'
[0.425s] Level 5:colcon.colcon_core.verb:set package 'robot_gazebo' build argument 'cmake_clean_first' from command line to 'False'
[0.425s] Level 5:colcon.colcon_core.verb:set package 'robot_gazebo' build argument 'cmake_force_configure' from command line to 'False'
[0.425s] Level 5:colcon.colcon_core.verb:set package 'robot_gazebo' build argument 'ament_cmake_args' from command line to 'None'
[0.425s] Level 5:colcon.colcon_core.verb:set package 'robot_gazebo' build argument 'catkin_cmake_args' from command line to 'None'
[0.425s] Level 5:colcon.colcon_core.verb:set package 'robot_gazebo' build argument 'catkin_skip_building_tests' from command line to 'False'
[0.425s] DEBUG:colcon.colcon_core.verb:Building package 'robot_gazebo' with the following arguments: {'ament_cmake_args': None, 'build_base': '/home/student/git/PreyPath_RS1/41068_ws/build/robot_gazebo', 'catkin_cmake_args': None, 'catkin_skip_building_tests': False, 'cmake_args': None, 'cmake_clean_cache': False, 'cmake_clean_first': False, 'cmake_force_configure': False, 'cmake_target': None, 'cmake_target_skip_unavailable': False, 'install_base': '/home/student/git/PreyPath_RS1/41068_ws/install/robot_gazebo', 'merge_install': False, 'path': '/home/student/git/PreyPath_RS1/41068_ws/src/robot_gazebo', 'symlink_install': False, 'test_result_base': None}
[0.425s] INFO:colcon.colcon_core.executor:Executing jobs using 'parallel' executor
[0.426s] DEBUG:colcon.colcon_parallel_executor.executor.parallel:run_until_complete
[0.427s] INFO:colcon.colcon_ros.task.ament_cmake.build:Building ROS package in '/home/student/git/PreyPath_RS1/41068_ws/src/41068_ignition_bringup' with build type 'ament_cmake'
[0.427s] INFO:colcon.colcon_cmake.task.cmake.build:Building CMake package in '/home/student/git/PreyPath_RS1/41068_ws/src/41068_ignition_bringup'
[0.429s] INFO:colcon.colcon_core.plugin_system:Skipping extension 'colcon_core.shell.bat': Not used on non-Windows systems
[0.429s] INFO:colcon.colcon_core.shell:Skip shell extension 'powershell' for command environment: Not usable outside of PowerShell
[0.429s] DEBUG:colcon.colcon_core.shell:Skip shell extension 'dsv' for command environment
[0.434s] INFO:colcon.colcon_ros.task.ament_cmake.build:Building ROS package in '/home/student/git/PreyPath_RS1/41068_ws/src/robot_control' with build type 'ament_cmake'
[0.434s] INFO:colcon.colcon_cmake.task.cmake.build:Building CMake package in '/home/student/git/PreyPath_RS1/41068_ws/src/robot_control'
[0.434s] INFO:colcon.colcon_core.shell:Skip shell extension 'powershell' for command environment: Not usable outside of PowerShell
[0.434s] DEBUG:colcon.colcon_core.shell:Skip shell extension 'dsv' for command environment
[0.438s] INFO:colcon.colcon_ros.task.ament_cmake.build:Building ROS package in '/home/student/git/PreyPath_RS1/41068_ws/src/robot_description' with build type 'ament_cmake'
[0.438s] INFO:colcon.colcon_cmake.task.cmake.build:Building CMake package in '/home/student/git/PreyPath_RS1/41068_ws/src/robot_description'
[0.439s] INFO:colcon.colcon_core.shell:Skip shell extension 'powershell' for command environment: Not usable outside of PowerShell
[0.439s] DEBUG:colcon.colcon_core.shell:Skip shell extension 'dsv' for command environment
[0.443s] INFO:colcon.colcon_ros.task.ament_cmake.build:Building ROS package in '/home/student/git/PreyPath_RS1/41068_ws/src/robot_gazebo' with build type 'ament_cmake'
[0.443s] INFO:colcon.colcon_cmake.task.cmake.build:Building CMake package in '/home/student/git/PreyPath_RS1/41068_ws/src/robot_gazebo'
[0.443s] INFO:colcon.colcon_core.shell:Skip shell extension 'powershell' for command environment: Not usable outside of PowerShell
[0.443s] DEBUG:colcon.colcon_core.shell:Skip shell extension 'dsv' for command environment
[0.458s] DEBUG:colcon.colcon_core.event_handler.log_command:Invoking command in '/home/student/git/PreyPath_RS1/41068_ws/build/41068_ignition_bringup': CMAKE_PREFIX_PATH=${CMAKE_PREFIX_PATH}:/opt/ros/humble /usr/bin/cmake /home/student/git/PreyPath_RS1/41068_ws/src/41068_ignition_bringup -DCMAKE_INSTALL_PREFIX=/home/student/git/PreyPath_RS1/41068_ws/install/41068_ignition_bringup
[0.461s] DEBUG:colcon.colcon_core.event_handler.log_command:Invoking command in '/home/student/git/PreyPath_RS1/41068_ws/build/robot_control': CMAKE_PREFIX_PATH=${CMAKE_PREFIX_PATH}:/opt/ros/humble /usr/bin/cmake /home/student/git/PreyPath_RS1/41068_ws/src/robot_control -DCMAKE_INSTALL_PREFIX=/home/student/git/PreyPath_RS1/41068_ws/install/robot_control
[0.465s] DEBUG:colcon.colcon_core.event_handler.log_command:Invoking command in '/home/student/git/PreyPath_RS1/41068_ws/build/robot_description': CMAKE_PREFIX_PATH=${CMAKE_PREFIX_PATH}:/opt/ros/humble /usr/bin/cmake /home/student/git/PreyPath_RS1/41068_ws/src/robot_description -DCMAKE_INSTALL_PREFIX=/home/student/git/PreyPath_RS1/41068_ws/install/robot_description
[0.470s] DEBUG:colcon.colcon_core.event_handler.log_command:Invoking command in '/home/student/git/PreyPath_RS1/41068_ws/build/robot_gazebo': CMAKE_PREFIX_PATH=${CMAKE_PREFIX_PATH}:/opt/ros/humble /usr/bin/cmake /home/student/git/PreyPath_RS1/41068_ws/src/robot_gazebo -DCMAKE_INSTALL_PREFIX=/home/student/git/PreyPath_RS1/41068_ws/install/robot_gazebo
[0.729s] DEBUG:colcon.colcon_core.event_handler.log_command:Invoked command in '/home/student/git/PreyPath_RS1/41068_ws/build/robot_control' returned '0': CMAKE_PREFIX_PATH=${CMAKE_PREFIX_PATH}:/opt/ros/humble /usr/bin/cmake /home/student/git/PreyPath_RS1/41068_ws/src/robot_control -DCMAKE_INSTALL_PREFIX=/home/student/git/PreyPath_RS1/41068_ws/install/robot_control
[0.732s] DEBUG:colcon.colcon_core.event_handler.log_command:Invoking command in '/home/student/git/PreyPath_RS1/41068_ws/build/robot_control': CMAKE_PREFIX_PATH=${CMAKE_PREFIX_PATH}:/opt/ros/humble /usr/bin/cmake --build /home/student/git/PreyPath_RS1/41068_ws/build/robot_control -- -j8 -l8
[0.774s] DEBUG:colcon.colcon_core.event_handler.log_command:Invoked command in '/home/student/git/PreyPath_RS1/41068_ws/build/robot_gazebo' returned '0': CMAKE_PREFIX_PATH=${CMAKE_PREFIX_PATH}:/opt/ros/humble /usr/bin/cmake /home/student/git/PreyPath_RS1/41068_ws/src/robot_gazebo -DCMAKE_INSTALL_PREFIX=/home/student/git/PreyPath_RS1/41068_ws/install/robot_gazebo
[0.776s] DEBUG:colcon.colcon_core.event_handler.log_command:Invoking command in '/home/student/git/PreyPath_RS1/41068_ws/build/robot_gazebo': CMAKE_PREFIX_PATH=${CMAKE_PREFIX_PATH}:/opt/ros/humble /usr/bin/cmake --build /home/student/git/PreyPath_RS1/41068_ws/build/robot_gazebo -- -j8 -l8
[0.778s] DEBUG:colcon.colcon_core.event_handler.log_command:Invoked command in '/home/student/git/PreyPath_RS1/41068_ws/build/robot_control' returned '0': CMAKE_PREFIX_PATH=${CMAKE_PREFIX_PATH}:/opt/ros/humble /usr/bin/cmake --build /home/student/git/PreyPath_RS1/41068_ws/build/robot_control -- -j8 -l8
[0.789s] DEBUG:colcon.colcon_core.event_handler.log_command:Invoking command in '/home/student/git/PreyPath_RS1/41068_ws/build/robot_control': CMAKE_PREFIX_PATH=${CMAKE_PREFIX_PATH}:/opt/ros/humble /usr/bin/cmake --install /home/student/git/PreyPath_RS1/41068_ws/build/robot_control
[0.814s] Level 1:colcon.colcon_core.environment:create_environment_scripts_only(robot_control)
[0.815s] DEBUG:colcon.colcon_core.event_handler.log_command:Invoked command in '/home/student/git/PreyPath_RS1/41068_ws/build/robot_control' returned '0': CMAKE_PREFIX_PATH=${CMAKE_PREFIX_PATH}:/opt/ros/humble /usr/bin/cmake --install /home/student/git/PreyPath_RS1/41068_ws/build/robot_control
[0.817s] Level 1:colcon.colcon_core.environment:checking '/home/student/git/PreyPath_RS1/41068_ws/install/robot_control' for CMake module files
[0.818s] Level 1:colcon.colcon_core.environment:checking '/home/student/git/PreyPath_RS1/41068_ws/install/robot_control' for CMake config files
[0.818s] Level 1:colcon.colcon_core.shell:create_environment_hook('robot_control', 'cmake_prefix_path')
[0.818s] INFO:colcon.colcon_core.shell:Creating environment hook '/home/student/git/PreyPath_RS1/41068_ws/install/robot_control/share/robot_control/hook/cmake_prefix_path.ps1'
[0.819s] INFO:colcon.colcon_core.shell:Creating environment descriptor '/home/student/git/PreyPath_RS1/41068_ws/install/robot_control/share/robot_control/hook/cmake_prefix_path.dsv'
[0.820s] INFO:colcon.colcon_core.shell:Creating environment hook '/home/student/git/PreyPath_RS1/41068_ws/install/robot_control/share/robot_control/hook/cmake_prefix_path.sh'
[0.821s] Level 1:colcon.colcon_core.environment:checking '/home/student/git/PreyPath_RS1/41068_ws/install/robot_control/lib'
[0.821s] Level 1:colcon.colcon_core.environment:checking '/home/student/git/PreyPath_RS1/41068_ws/install/robot_control/bin'
[0.821s] Level 1:colcon.colcon_core.environment:checking '/home/student/git/PreyPath_RS1/41068_ws/install/robot_control/lib/pkgconfig/robot_control.pc'
[0.822s] Level 1:colcon.colcon_core.environment:checking '/home/student/git/PreyPath_RS1/41068_ws/install/robot_control/lib/python3.10/site-packages'
[0.822s] Level 1:colcon.colcon_core.environment:checking '/home/student/git/PreyPath_RS1/41068_ws/install/robot_control/bin'
[0.822s] INFO:colcon.colcon_core.shell:Creating package script '/home/student/git/PreyPath_RS1/41068_ws/install/robot_control/share/robot_control/package.ps1'
[0.823s] INFO:colcon.colcon_core.shell:Creating package descriptor '/home/student/git/PreyPath_RS1/41068_ws/install/robot_control/share/robot_control/package.dsv'
[0.824s] INFO:colcon.colcon_core.shell:Creating package script '/home/student/git/PreyPath_RS1/41068_ws/install/robot_control/share/robot_control/package.sh'
[0.824s] INFO:colcon.colcon_core.shell:Creating package script '/home/student/git/PreyPath_RS1/41068_ws/install/robot_control/share/robot_control/package.bash'
[0.825s] INFO:colcon.colcon_core.shell:Creating package script '/home/student/git/PreyPath_RS1/41068_ws/install/robot_control/share/robot_control/package.zsh'
[0.826s] Level 1:colcon.colcon_core.environment:create_file_with_runtime_dependencies(/home/student/git/PreyPath_RS1/41068_ws/install/robot_control/share/colcon-core/packages/robot_control)
[0.827s] Level 1:colcon.colcon_core.environment:create_environment_scripts_only(robot_control)
[0.827s] Level 1:colcon.colcon_core.environment:checking '/home/student/git/PreyPath_RS1/41068_ws/install/robot_control' for CMake module files
[0.828s] Level 1:colcon.colcon_core.environment:checking '/home/student/git/PreyPath_RS1/41068_ws/install/robot_control' for CMake config files
[0.828s] Level 1:colcon.colcon_core.shell:create_environment_hook('robot_control', 'cmake_prefix_path')
[0.828s] INFO:colcon.colcon_core.shell:Creating environment hook '/home/student/git/PreyPath_RS1/41068_ws/install/robot_control/share/robot_control/hook/cmake_prefix_path.ps1'
[0.828s] INFO:colcon.colcon_core.shell:Creating environment descriptor '/home/student/git/PreyPath_RS1/41068_ws/install/robot_control/share/robot_control/hook/cmake_prefix_path.dsv'
[0.829s] INFO:colcon.colcon_core.shell:Creating environment hook '/home/student/git/PreyPath_RS1/41068_ws/install/robot_control/share/robot_control/hook/cmake_prefix_path.sh'
[0.829s] Level 1:colcon.colcon_core.environment:checking '/home/student/git/PreyPath_RS1/41068_ws/install/robot_control/lib'
[0.829s] Level 1:colcon.colcon_core.environment:checking '/home/student/git/PreyPath_RS1/41068_ws/install/robot_control/bin'
[0.829s] Level 1:colcon.colcon_core.environment:checking '/home/student/git/PreyPath_RS1/41068_ws/install/robot_control/lib/pkgconfig/robot_control.pc'
[0.830s] Level 1:colcon.colcon_core.environment:checking '/home/student/git/PreyPath_RS1/41068_ws/install/robot_control/lib/python3.10/site-packages'
[0.830s] Level 1:colcon.colcon_core.environment:checking '/home/student/git/PreyPath_RS1/41068_ws/install/robot_control/bin'
[0.830s] INFO:colcon.colcon_core.shell:Creating package script '/home/student/git/PreyPath_RS1/41068_ws/install/robot_control/share/robot_control/package.ps1'
[0.831s] INFO:colcon.colcon_core.shell:Creating package descriptor '/home/student/git/PreyPath_RS1/41068_ws/install/robot_control/share/robot_control/package.dsv'
[0.831s] INFO:colcon.colcon_core.shell:Creating package script '/home/student/git/PreyPath_RS1/41068_ws/install/robot_control/share/robot_control/package.sh'
[0.832s] INFO:colcon.colcon_core.shell:Creating package script '/home/student/git/PreyPath_RS1/41068_ws/install/robot_control/share/robot_control/package.bash'
[0.833s] INFO:colcon.colcon_core.shell:Creating package script '/home/student/git/PreyPath_RS1/41068_ws/install/robot_control/share/robot_control/package.zsh'
[0.833s] Level 1:colcon.colcon_core.environment:create_file_with_runtime_dependencies(/home/student/git/PreyPath_RS1/41068_ws/install/robot_control/share/colcon-core/packages/robot_control)
[0.835s] DEBUG:colcon.colcon_core.event_handler.log_command:Invoked command in '/home/student/git/PreyPath_RS1/41068_ws/build/robot_gazebo' returned '0': CMAKE_PREFIX_PATH=${CMAKE_PREFIX_PATH}:/opt/ros/humble /usr/bin/cmake --build /home/student/git/PreyPath_RS1/41068_ws/build/robot_gazebo -- -j8 -l8
[0.837s] DEBUG:colcon.colcon_core.event_handler.log_command:Invoking command in '/home/student/git/PreyPath_RS1/41068_ws/build/robot_gazebo': CMAKE_PREFIX_PATH=${CMAKE_PREFIX_PATH}:/opt/ros/humble /usr/bin/cmake --install /home/student/git/PreyPath_RS1/41068_ws/build/robot_gazebo
[0.863s] DEBUG:colcon.colcon_core.event_handler.log_command:Invoked command in '/home/student/git/PreyPath_RS1/41068_ws/build/robot_description' returned '0': CMAKE_PREFIX_PATH=${CMAKE_PREFIX_PATH}:/opt/ros/humble /usr/bin/cmake /home/student/git/PreyPath_RS1/41068_ws/src/robot_description -DCMAKE_INSTALL_PREFIX=/home/student/git/PreyPath_RS1/41068_ws/install/robot_description
[0.865s] DEBUG:colcon.colcon_core.event_handler.log_command:Invoking command in '/home/student/git/PreyPath_RS1/41068_ws/build/robot_description': CMAKE_PREFIX_PATH=${CMAKE_PREFIX_PATH}:/opt/ros/humble /usr/bin/cmake --build /home/student/git/PreyPath_RS1/41068_ws/build/robot_description -- -j8 -l8
[0.880s] Level 1:colcon.colcon_core.environment:create_environment_scripts_only(robot_gazebo)
[0.880s] Level 1:colcon.colcon_core.environment:checking '/home/student/git/PreyPath_RS1/41068_ws/install/robot_gazebo' for CMake module files
[0.881s] DEBUG:colcon.colcon_core.event_handler.log_command:Invoked command in '/home/student/git/PreyPath_RS1/41068_ws/build/robot_gazebo' returned '0': CMAKE_PREFIX_PATH=${CMAKE_PREFIX_PATH}:/opt/ros/humble /usr/bin/cmake --install /home/student/git/PreyPath_RS1/41068_ws/build/robot_gazebo
[0.882s] Level 1:colcon.colcon_core.environment:checking '/home/student/git/PreyPath_RS1/41068_ws/install/robot_gazebo' for CMake config files
[0.882s] Level 1:colcon.colcon_core.shell:create_environment_hook('robot_gazebo', 'cmake_prefix_path')
[0.883s] INFO:colcon.colcon_core.shell:Creating environment hook '/home/student/git/PreyPath_RS1/41068_ws/install/robot_gazebo/share/robot_gazebo/hook/cmake_prefix_path.ps1'
[0.883s] INFO:colcon.colcon_core.shell:Creating environment descriptor '/home/student/git/PreyPath_RS1/41068_ws/install/robot_gazebo/share/robot_gazebo/hook/cmake_prefix_path.dsv'
[0.884s] INFO:colcon.colcon_core.shell:Creating environment hook '/home/student/git/PreyPath_RS1/41068_ws/install/robot_gazebo/share/robot_gazebo/hook/cmake_prefix_path.sh'
[0.885s] Level 1:colcon.colcon_core.environment:checking '/home/student/git/PreyPath_RS1/41068_ws/install/robot_gazebo/bin'
[0.885s] Level 1:colcon.colcon_core.environment:checking '/home/student/git/PreyPath_RS1/41068_ws/install/robot_gazebo/lib/pkgconfig/robot_gazebo.pc'
[0.885s] Level 1:colcon.colcon_core.environment:checking '/home/student/git/PreyPath_RS1/41068_ws/install/robot_gazebo/lib/python3.10/site-packages'
[0.886s] Level 1:colcon.colcon_core.environment:checking '/home/student/git/PreyPath_RS1/41068_ws/install/robot_gazebo/bin'
[0.886s] INFO:colcon.colcon_core.shell:Creating package script '/home/student/git/PreyPath_RS1/41068_ws/install/robot_gazebo/share/robot_gazebo/package.ps1'
[0.887s] INFO:colcon.colcon_core.shell:Creating package descriptor '/home/student/git/PreyPath_RS1/41068_ws/install/robot_gazebo/share/robot_gazebo/package.dsv'
[0.888s] INFO:colcon.colcon_core.shell:Creating package script '/home/student/git/PreyPath_RS1/41068_ws/install/robot_gazebo/share/robot_gazebo/package.sh'
[0.888s] INFO:colcon.colcon_core.shell:Creating package script '/home/student/git/PreyPath_RS1/41068_ws/install/robot_gazebo/share/robot_gazebo/package.bash'
[0.889s] INFO:colcon.colcon_core.shell:Creating package script '/home/student/git/PreyPath_RS1/41068_ws/install/robot_gazebo/share/robot_gazebo/package.zsh'
[0.889s] Level 1:colcon.colcon_core.environment:create_file_with_runtime_dependencies(/home/student/git/PreyPath_RS1/41068_ws/install/robot_gazebo/share/colcon-core/packages/robot_gazebo)
[0.890s] Level 1:colcon.colcon_core.environment:create_environment_scripts_only(robot_gazebo)
[0.890s] Level 1:colcon.colcon_core.environment:checking '/home/student/git/PreyPath_RS1/41068_ws/install/robot_gazebo' for CMake module files
[0.891s] Level 1:colcon.colcon_core.environment:checking '/home/student/git/PreyPath_RS1/41068_ws/install/robot_gazebo' for CMake config files
[0.891s] Level 1:colcon.colcon_core.shell:create_environment_hook('robot_gazebo', 'cmake_prefix_path')
[0.891s] INFO:colcon.colcon_core.shell:Creating environment hook '/home/student/git/PreyPath_RS1/41068_ws/install/robot_gazebo/share/robot_gazebo/hook/cmake_prefix_path.ps1'
[0.892s] INFO:colcon.colcon_core.shell:Creating environment descriptor '/home/student/git/PreyPath_RS1/41068_ws/install/robot_gazebo/share/robot_gazebo/hook/cmake_prefix_path.dsv'
[0.892s] INFO:colcon.colcon_core.shell:Creating environment hook '/home/student/git/PreyPath_RS1/41068_ws/install/robot_gazebo/share/robot_gazebo/hook/cmake_prefix_path.sh'
[0.893s] Level 1:colcon.colcon_core.environment:checking '/home/student/git/PreyPath_RS1/41068_ws/install/robot_gazebo/bin'
[0.893s] Level 1:colcon.colcon_core.environment:checking '/home/student/git/PreyPath_RS1/41068_ws/install/robot_gazebo/lib/pkgconfig/robot_gazebo.pc'
[0.893s] Level 1:colcon.colcon_core.environment:checking '/home/student/git/PreyPath_RS1/41068_ws/install/robot_gazebo/lib/python3.10/site-packages'
[0.893s] Level 1:colcon.colcon_core.environment:checking '/home/student/git/PreyPath_RS1/41068_ws/install/robot_gazebo/bin'
[0.894s] INFO:colcon.colcon_core.shell:Creating package script '/home/student/git/PreyPath_RS1/41068_ws/install/robot_gazebo/share/robot_gazebo/package.ps1'
[0.894s] INFO:colcon.colcon_core.shell:Creating package descriptor '/home/student/git/PreyPath_RS1/41068_ws/install/robot_gazebo/share/robot_gazebo/package.dsv'
[0.895s] INFO:colcon.colcon_core.shell:Creating package script '/home/student/git/PreyPath_RS1/41068_ws/install/robot_gazebo/share/robot_gazebo/package.sh'
[0.895s] INFO:colcon.colcon_core.shell:Creating package script '/home/student/git/PreyPath_RS1/41068_ws/install/robot_gazebo/share/robot_gazebo/package.bash'
[0.896s] INFO:colcon.colcon_core.shell:Creating package script '/home/student/git/PreyPath_RS1/41068_ws/install/robot_gazebo/share/robot_gazebo/package.zsh'
[0.896s] Level 1:colcon.colcon_core.environment:create_file_with_runtime_dependencies(/home/student/git/PreyPath_RS1/41068_ws/install/robot_gazebo/share/colcon-core/packages/robot_gazebo)
[0.911s] DEBUG:colcon.colcon_core.event_handler.log_command:Invoked command in '/home/student/git/PreyPath_RS1/41068_ws/build/robot_description' returned '0': CMAKE_PREFIX_PATH=${CMAKE_PREFIX_PATH}:/opt/ros/humble /usr/bin/cmake --build /home/student/git/PreyPath_RS1/41068_ws/build/robot_description -- -j8 -l8
[0.914s] DEBUG:colcon.colcon_core.event_handler.log_command:Invoking command in '/home/student/git/PreyPath_RS1/41068_ws/build/robot_description': CMAKE_PREFIX_PATH=${CMAKE_PREFIX_PATH}:/opt/ros/humble /usr/bin/cmake --install /home/student/git/PreyPath_RS1/41068_ws/build/robot_description
[0.950s] Level 1:colcon.colcon_core.environment:create_environment_scripts_only(robot_description)
[0.951s] Level 1:colcon.colcon_core.environment:checking '/home/student/git/PreyPath_RS1/41068_ws/install/robot_description' for CMake module files
[0.951s] DEBUG:colcon.colcon_core.event_handler.log_command:Invoked command in '/home/student/git/PreyPath_RS1/41068_ws/build/robot_description' returned '0': CMAKE_PREFIX_PATH=${CMAKE_PREFIX_PATH}:/opt/ros/humble /usr/bin/cmake --install /home/student/git/PreyPath_RS1/41068_ws/build/robot_description
[0.952s] Level 1:colcon.colcon_core.environment:checking '/home/student/git/PreyPath_RS1/41068_ws/install/robot_description' for CMake config files
[0.952s] Level 1:colcon.colcon_core.shell:create_environment_hook('robot_description', 'cmake_prefix_path')
[0.953s] INFO:colcon.colcon_core.shell:Creating environment hook '/home/student/git/PreyPath_RS1/41068_ws/install/robot_description/share/robot_description/hook/cmake_prefix_path.ps1'
[0.953s] INFO:colcon.colcon_core.shell:Creating environment descriptor '/home/student/git/PreyPath_RS1/41068_ws/install/robot_description/share/robot_description/hook/cmake_prefix_path.dsv'
[0.954s] INFO:colcon.colcon_core.shell:Creating environment hook '/home/student/git/PreyPath_RS1/41068_ws/install/robot_description/share/robot_description/hook/cmake_prefix_path.sh'
[0.954s] Level 1:colcon.colcon_core.environment:checking '/home/student/git/PreyPath_RS1/41068_ws/install/robot_description/bin'
[0.954s] Level 1:colcon.colcon_core.environment:checking '/home/student/git/PreyPath_RS1/41068_ws/install/robot_description/lib/pkgconfig/robot_description.pc'
[0.955s] Level 1:colcon.colcon_core.environment:checking '/home/student/git/PreyPath_RS1/41068_ws/install/robot_description/lib/python3.10/site-packages'
[0.955s] Level 1:colcon.colcon_core.environment:checking '/home/student/git/PreyPath_RS1/41068_ws/install/robot_description/bin'
[0.956s] INFO:colcon.colcon_core.shell:Creating package script '/home/student/git/PreyPath_RS1/41068_ws/install/robot_description/share/robot_description/package.ps1'
[0.956s] INFO:colcon.colcon_core.shell:Creating package descriptor '/home/student/git/PreyPath_RS1/41068_ws/install/robot_description/share/robot_description/package.dsv'
[0.957s] INFO:colcon.colcon_core.shell:Creating package script '/home/student/git/PreyPath_RS1/41068_ws/install/robot_description/share/robot_description/package.sh'
[0.957s] INFO:colcon.colcon_core.shell:Creating package script '/home/student/git/PreyPath_RS1/41068_ws/install/robot_description/share/robot_description/package.bash'
[0.957s] INFO:colcon.colcon_core.shell:Creating package script '/home/student/git/PreyPath_RS1/41068_ws/install/robot_description/share/robot_description/package.zsh'
[0.958s] Level 1:colcon.colcon_core.environment:create_file_with_runtime_dependencies(/home/student/git/PreyPath_RS1/41068_ws/install/robot_description/share/colcon-core/packages/robot_description)
[0.959s] Level 1:colcon.colcon_core.environment:create_environment_scripts_only(robot_description)
[0.959s] Level 1:colcon.colcon_core.environment:checking '/home/student/git/PreyPath_RS1/41068_ws/install/robot_description' for CMake module files
[0.960s] Level 1:colcon.colcon_core.environment:checking '/home/student/git/PreyPath_RS1/41068_ws/install/robot_description' for CMake config files
[0.960s] Level 1:colcon.colcon_core.shell:create_environment_hook('robot_description', 'cmake_prefix_path')
[0.960s] INFO:colcon.colcon_core.shell:Creating environment hook '/home/student/git/PreyPath_RS1/41068_ws/install/robot_description/share/robot_description/hook/cmake_prefix_path.ps1'
[0.961s] INFO:colcon.colcon_core.shell:Creating environment descriptor '/home/student/git/PreyPath_RS1/41068_ws/install/robot_description/share/robot_description/hook/cmake_prefix_path.dsv'
[0.962s] INFO:colcon.colcon_core.shell:Creating environment hook '/home/student/git/PreyPath_RS1/41068_ws/install/robot_description/share/robot_description/hook/cmake_prefix_path.sh'
[0.963s] Level 1:colcon.colcon_core.environment:checking '/home/student/git/PreyPath_RS1/41068_ws/install/robot_description/bin'
[0.963s] Level 1:colcon.colcon_core.environment:checking '/home/student/git/PreyPath_RS1/41068_ws/install/robot_description/lib/pkgconfig/robot_description.pc'
[0.963s] Level 1:colcon.colcon_core.environment:checking '/home/student/git/PreyPath_RS1/41068_ws/install/robot_description/lib/python3.10/site-packages'
[0.963s] Level 1:colcon.colcon_core.environment:checking '/home/student/git/PreyPath_RS1/41068_ws/install/robot_description/bin'
[0.963s] INFO:colcon.colcon_core.shell:Creating package script '/home/student/git/PreyPath_RS1/41068_ws/install/robot_description/share/robot_description/package.ps1'
[0.964s] INFO:colcon.colcon_core.shell:Creating package descriptor '/home/student/git/PreyPath_RS1/41068_ws/install/robot_description/share/robot_description/package.dsv'
[0.965s] INFO:colcon.colcon_core.shell:Creating package script '/home/student/git/PreyPath_RS1/41068_ws/install/robot_description/share/robot_description/package.sh'
[0.965s] INFO:colcon.colcon_core.shell:Creating package script '/home/student/git/PreyPath_RS1/41068_ws/install/robot_description/share/robot_description/package.bash'
[0.966s] INFO:colcon.colcon_core.shell:Creating package script '/home/student/git/PreyPath_RS1/41068_ws/install/robot_description/share/robot_description/package.zsh'
[0.966s] Level 1:colcon.colcon_core.environment:create_file_with_runtime_dependencies(/home/student/git/PreyPath_RS1/41068_ws/install/robot_description/share/colcon-core/packages/robot_description)
[0.982s] DEBUG:colcon.colcon_core.event_handler.log_command:Invoked command in '/home/student/git/PreyPath_RS1/41068_ws/build/41068_ignition_bringup' returned '0': CMAKE_PREFIX_PATH=${CMAKE_PREFIX_PATH}:/opt/ros/humble /usr/bin/cmake /home/student/git/PreyPath_RS1/41068_ws/src/41068_ignition_bringup -DCMAKE_INSTALL_PREFIX=/home/student/git/PreyPath_RS1/41068_ws/install/41068_ignition_bringup
[0.983s] DEBUG:colcon.colcon_core.event_handler.log_command:Invoking command in '/home/student/git/PreyPath_RS1/41068_ws/build/41068_ignition_bringup': CMAKE_PREFIX_PATH=${CMAKE_PREFIX_PATH}:/opt/ros/humble /usr/bin/cmake --build /home/student/git/PreyPath_RS1/41068_ws/build/41068_ignition_bringup -- -j8 -l8
[1.026s] DEBUG:colcon.colcon_core.event_handler.log_command:Invoked command in '/home/student/git/PreyPath_RS1/41068_ws/build/41068_ignition_bringup' returned '0': CMAKE_PREFIX_PATH=${CMAKE_PREFIX_PATH}:/opt/ros/humble /usr/bin/cmake --build /home/student/git/PreyPath_RS1/41068_ws/build/41068_ignition_bringup -- -j8 -l8
[1.028s] DEBUG:colcon.colcon_core.event_handler.log_command:Invoking command in '/home/student/git/PreyPath_RS1/41068_ws/build/41068_ignition_bringup': CMAKE_PREFIX_PATH=${CMAKE_PREFIX_PATH}:/opt/ros/humble /usr/bin/cmake --install /home/student/git/PreyPath_RS1/41068_ws/build/41068_ignition_bringup
[1.059s] Level 1:colcon.colcon_core.environment:create_environment_scripts_only(41068_ignition_bringup)
[1.060s] Level 1:colcon.colcon_core.environment:checking '/home/student/git/PreyPath_RS1/41068_ws/install/41068_ignition_bringup' for CMake module files
[1.060s] DEBUG:colcon.colcon_core.event_handler.log_command:Invoked command in '/home/student/git/PreyPath_RS1/41068_ws/build/41068_ignition_bringup' returned '0': CMAKE_PREFIX_PATH=${CMAKE_PREFIX_PATH}:/opt/ros/humble /usr/bin/cmake --install /home/student/git/PreyPath_RS1/41068_ws/build/41068_ignition_bringup
[1.061s] Level 1:colcon.colcon_core.environment:checking '/home/student/git/PreyPath_RS1/41068_ws/install/41068_ignition_bringup' for CMake config files
[1.062s] Level 1:colcon.colcon_core.shell:create_environment_hook('41068_ignition_bringup', 'cmake_prefix_path')
[1.062s] INFO:colcon.colcon_core.shell:Creating environment hook '/home/student/git/PreyPath_RS1/41068_ws/install/41068_ignition_bringup/share/41068_ignition_bringup/hook/cmake_prefix_path.ps1'
[1.063s] INFO:colcon.colcon_core.shell:Creating environment descriptor '/home/student/git/PreyPath_RS1/41068_ws/install/41068_ignition_bringup/share/41068_ignition_bringup/hook/cmake_prefix_path.dsv'
[1.064s] INFO:colcon.colcon_core.shell:Creating environment hook '/home/student/git/PreyPath_RS1/41068_ws/install/41068_ignition_bringup/share/41068_ignition_bringup/hook/cmake_prefix_path.sh'
[1.065s] Level 1:colcon.colcon_core.environment:checking '/home/student/git/PreyPath_RS1/41068_ws/install/41068_ignition_bringup/bin'
[1.065s] Level 1:colcon.colcon_core.environment:checking '/home/student/git/PreyPath_RS1/41068_ws/install/41068_ignition_bringup/lib/pkgconfig/41068_ignition_bringup.pc'
[1.065s] Level 1:colcon.colcon_core.environment:checking '/home/student/git/PreyPath_RS1/41068_ws/install/41068_ignition_bringup/lib/python3.10/site-packages'
[1.065s] Level 1:colcon.colcon_core.environment:checking '/home/student/git/PreyPath_RS1/41068_ws/install/41068_ignition_bringup/bin'
[1.066s] INFO:colcon.colcon_core.shell:Creating package script '/home/student/git/PreyPath_RS1/41068_ws/install/41068_ignition_bringup/share/41068_ignition_bringup/package.ps1'
[1.066s] INFO:colcon.colcon_core.shell:Creating package descriptor '/home/student/git/PreyPath_RS1/41068_ws/install/41068_ignition_bringup/share/41068_ignition_bringup/package.dsv'
[1.067s] INFO:colcon.colcon_core.shell:Creating package script '/home/student/git/PreyPath_RS1/41068_ws/install/41068_ignition_bringup/share/41068_ignition_bringup/package.sh'
[1.067s] INFO:colcon.colcon_core.shell:Creating package script '/home/student/git/PreyPath_RS1/41068_ws/install/41068_ignition_bringup/share/41068_ignition_bringup/package.bash'
[1.067s] INFO:colcon.colcon_core.shell:Creating package script '/home/student/git/PreyPath_RS1/41068_ws/install/41068_ignition_bringup/share/41068_ignition_bringup/package.zsh'
[1.068s] Level 1:colcon.colcon_core.environment:create_file_with_runtime_dependencies(/home/student/git/PreyPath_RS1/41068_ws/install/41068_ignition_bringup/share/colcon-core/packages/41068_ignition_bringup)
[1.068s] Level 1:colcon.colcon_core.environment:create_environment_scripts_only(41068_ignition_bringup)
[1.069s] Level 1:colcon.colcon_core.environment:checking '/home/student/git/PreyPath_RS1/41068_ws/install/41068_ignition_bringup' for CMake module files
[1.070s] Level 1:colcon.colcon_core.environment:checking '/home/student/git/PreyPath_RS1/41068_ws/install/41068_ignition_bringup' for CMake config files
[1.070s] Level 1:colcon.colcon_core.shell:create_environment_hook('41068_ignition_bringup', 'cmake_prefix_path')
[1.071s] INFO:colcon.colcon_core.shell:Creating environment hook '/home/student/git/PreyPath_RS1/41068_ws/install/41068_ignition_bringup/share/41068_ignition_bringup/hook/cmake_prefix_path.ps1'
[1.071s] INFO:colcon.colcon_core.shell:Creating environment descriptor '/home/student/git/PreyPath_RS1/41068_ws/install/41068_ignition_bringup/share/41068_ignition_bringup/hook/cmake_prefix_path.dsv'
[1.071s] INFO:colcon.colcon_core.shell:Creating environment hook '/home/student/git/PreyPath_RS1/41068_ws/install/41068_ignition_bringup/share/41068_ignition_bringup/hook/cmake_prefix_path.sh'
[1.072s] Level 1:colcon.colcon_core.environment:checking '/home/student/git/PreyPath_RS1/41068_ws/install/41068_ignition_bringup/bin'
[1.072s] Level 1:colcon.colcon_core.environment:checking '/home/student/git/PreyPath_RS1/41068_ws/install/41068_ignition_bringup/lib/pkgconfig/41068_ignition_bringup.pc'
[1.073s] Level 1:colcon.colcon_core.environment:checking '/home/student/git/PreyPath_RS1/41068_ws/install/41068_ignition_bringup/lib/python3.10/site-packages'
[1.073s] Level 1:colcon.colcon_core.environment:checking '/home/student/git/PreyPath_RS1/41068_ws/install/41068_ignition_bringup/bin'
[1.073s] INFO:colcon.colcon_core.shell:Creating package script '/home/student/git/PreyPath_RS1/41068_ws/install/41068_ignition_bringup/share/41068_ignition_bringup/package.ps1'
[1.074s] INFO:colcon.colcon_core.shell:Creating package descriptor '/home/student/git/PreyPath_RS1/41068_ws/install/41068_ignition_bringup/share/41068_ignition_bringup/package.dsv'
[1.075s] INFO:colcon.colcon_core.shell:Creating package script '/home/student/git/PreyPath_RS1/41068_ws/install/41068_ignition_bringup/share/41068_ignition_bringup/package.sh'
[1.076s] INFO:colcon.colcon_core.shell:Creating package script '/home/student/git/PreyPath_RS1/41068_ws/install/41068_ignition_bringup/share/41068_ignition_bringup/package.bash'
[1.076s] INFO:colcon.colcon_core.shell:Creating package script '/home/student/git/PreyPath_RS1/41068_ws/install/41068_ignition_bringup/share/41068_ignition_bringup/package.zsh'
[1.077s] Level 1:colcon.colcon_core.environment:create_file_with_runtime_dependencies(/home/student/git/PreyPath_RS1/41068_ws/install/41068_ignition_bringup/share/colcon-core/packages/41068_ignition_bringup)
[1.077s] DEBUG:colcon.colcon_parallel_executor.executor.parallel:closing loop
[1.077s] DEBUG:colcon.colcon_parallel_executor.executor.parallel:loop closed
[1.077s] DEBUG:colcon.colcon_parallel_executor.executor.parallel:run_until_complete finished with '0'
[1.077s] DEBUG:colcon.colcon_core.event_reactor:joining thread
[1.084s] INFO:colcon.colcon_core.plugin_system:Skipping extension 'colcon_notification.desktop_notification.terminal_notifier': Not used on non-Darwin systems
[1.084s] INFO:colcon.colcon_core.plugin_system:Skipping extension 'colcon_notification.desktop_notification.win32': Not used on non-Windows systems
[1.084s] INFO:colcon.colcon_notification.desktop_notification:Sending desktop notification using 'notify2'
[1.097s] DEBUG:colcon.colcon_core.event_reactor:joined thread
[1.097s] INFO:colcon.colcon_core.shell:Creating prefix script '/home/student/git/PreyPath_RS1/41068_ws/install/local_setup.ps1'
[1.098s] INFO:colcon.colcon_core.shell:Creating prefix util module '/home/student/git/PreyPath_RS1/41068_ws/install/_local_setup_util_ps1.py'
[1.100s] INFO:colcon.colcon_core.shell:Creating prefix chain script '/home/student/git/PreyPath_RS1/41068_ws/install/setup.ps1'
[1.101s] INFO:colcon.colcon_core.shell:Creating prefix script '/home/student/git/PreyPath_RS1/41068_ws/install/local_setup.sh'
[1.102s] INFO:colcon.colcon_core.shell:Creating prefix util module '/home/student/git/PreyPath_RS1/41068_ws/install/_local_setup_util_sh.py'
[1.103s] INFO:colcon.colcon_core.shell:Creating prefix chain script '/home/student/git/PreyPath_RS1/41068_ws/install/setup.sh'
[1.105s] INFO:colcon.colcon_core.shell:Creating prefix script '/home/student/git/PreyPath_RS1/41068_ws/install/local_setup.bash'
[1.105s] INFO:colcon.colcon_core.shell:Creating prefix chain script '/home/student/git/PreyPath_RS1/41068_ws/install/setup.bash'
[1.107s] INFO:colcon.colcon_core.shell:Creating prefix script '/home/student/git/PreyPath_RS1/41068_ws/install/local_setup.zsh'
[1.108s] INFO:colcon.colcon_core.shell:Creating prefix chain script '/home/student/git/PreyPath_RS1/41068_ws/install/setup.zsh'
