[0.024s] Invoking command in '/home/student/git/PreyPath_RS1/41068_ws/build/robot_description': CMAKE_PREFIX_PATH=${CMAKE_PREFIX_PATH}:/opt/ros/humble /usr/bin/cmake /home/student/git/PreyPath_RS1/41068_ws/src/robot_description -DAMENT_CMAKE_SYMLINK_INSTALL=1 -DCMAKE_INSTALL_PREFIX=/home/student/git/PreyPath_RS1/41068_ws/install/robot_description
[0.094s] -- The C compiler identification is GNU 11.4.0
[0.171s] -- The CXX compiler identification is GNU 11.4.0
[0.178s] -- Detecting C compiler ABI info
[0.253s] -- Detecting C compiler ABI info - done
[0.260s] -- Check for working C compiler: /usr/bin/cc - skipped
[0.261s] -- Detecting C compile features
[0.261s] -- Detecting C compile features - done
[0.264s] -- Detecting CXX compiler ABI info
[0.355s] -- Detecting CXX compiler ABI info - done
[0.363s] -- Check for working CXX compiler: /usr/bin/c++ - skipped
[0.364s] -- Detecting CXX compile features
[0.364s] -- Detecting CXX compile features - done
[0.367s] -- Found ament_cmake: 1.3.12 (/opt/ros/humble/share/ament_cmake/cmake)
[0.531s] -- Found Python3: /usr/bin/python3 (found version "3.10.12") found components: Interpreter 
[0.596s] -- Override CMake install command with custom implementation using symlinks instead of copying resources
[0.651s] -- Found urdf: 2.6.1 (/opt/ros/humble/share/urdf/cmake)
[0.911s] -- Found ament_lint_auto: 0.12.14 (/opt/ros/humble/share/ament_lint_auto/cmake)
[1.010s] -- Added test 'copyright' to check source files copyright and LICENSE
[1.019s] -- Added test 'lint_cmake' to check CMake code style
[1.032s] -- Added test 'xmllint' to check XML markup files
[1.032s] -- Configuring done
[1.032s] -- Generating done
[1.034s] -- Build files have been written to: /home/student/git/PreyPath_RS1/41068_ws/build/robot_description
[1.042s] Invoked command in '/home/student/git/PreyPath_RS1/41068_ws/build/robot_description' returned '0': CMAKE_PREFIX_PATH=${CMAKE_PREFIX_PATH}:/opt/ros/humble /usr/bin/cmake /home/student/git/PreyPath_RS1/41068_ws/src/robot_description -DAMENT_CMAKE_SYMLINK_INSTALL=1 -DCMAKE_INSTALL_PREFIX=/home/student/git/PreyPath_RS1/41068_ws/install/robot_description
[1.045s] Invoking command in '/home/student/git/PreyPath_RS1/41068_ws/build/robot_description': CMAKE_PREFIX_PATH=${CMAKE_PREFIX_PATH}:/opt/ros/humble /usr/bin/cmake --build /home/student/git/PreyPath_RS1/41068_ws/build/robot_description -- -j8 -l8
[1.082s] Invoked command in '/home/student/git/PreyPath_RS1/41068_ws/build/robot_description' returned '0': CMAKE_PREFIX_PATH=${CMAKE_PREFIX_PATH}:/opt/ros/humble /usr/bin/cmake --build /home/student/git/PreyPath_RS1/41068_ws/build/robot_description -- -j8 -l8
[1.085s] Invoking command in '/home/student/git/PreyPath_RS1/41068_ws/build/robot_description': CMAKE_PREFIX_PATH=${CMAKE_PREFIX_PATH}:/opt/ros/humble /usr/bin/cmake --install /home/student/git/PreyPath_RS1/41068_ws/build/robot_description
[1.091s] -- Install configuration: ""
[1.092s] -- Execute custom install script
[1.093s] -- Symlinking: /home/student/git/PreyPath_RS1/41068_ws/install/robot_description/share/robot_description//robot/parts/base/base.gazebo
[1.102s] -- Symlinking: /home/student/git/PreyPath_RS1/41068_ws/install/robot_description/share/robot_description//robot/parts/base/base.xacro
[1.110s] -- Symlinking: /home/student/git/PreyPath_RS1/41068_ws/install/robot_description/share/robot_description//robot/parts/left_thigh/left_thigh.gazebo
[1.121s] -- Symlinking: /home/student/git/PreyPath_RS1/41068_ws/install/robot_description/share/robot_description//robot/parts/left_thigh/left_thigh.xacro
[1.133s] -- Symlinking: /home/student/git/PreyPath_RS1/41068_ws/install/robot_description/share/robot_description//robot/parts/leg_joint/leg_joint.gazebo
[1.141s] -- Symlinking: /home/student/git/PreyPath_RS1/41068_ws/install/robot_description/share/robot_description//robot/parts/leg_joint/leg_joint.xacro
[1.150s] -- Symlinking: /home/student/git/PreyPath_RS1/41068_ws/install/robot_description/share/robot_description//robot/parts/right_thigh/right_thigh.gazebo
[1.160s] -- Symlinking: /home/student/git/PreyPath_RS1/41068_ws/install/robot_description/share/robot_description//robot/parts/right_thigh/right_thigh.xacro
[1.168s] -- Symlinking: /home/student/git/PreyPath_RS1/41068_ws/install/robot_description/share/robot_description//robot/parts/shin/shin.gazebo
[1.177s] -- Symlinking: /home/student/git/PreyPath_RS1/41068_ws/install/robot_description/share/robot_description//robot/parts/shin/shin.xacro
[1.186s] -- Symlinking: /home/student/git/PreyPath_RS1/41068_ws/install/robot_description/share/robot_description//robot/robot.xacro
[1.195s] -- Symlinking: /home/student/git/PreyPath_RS1/41068_ws/install/robot_description/share/robot_description//robot/robot_control_gazebo.xacro
[1.207s] -- Symlinking: /home/student/git/PreyPath_RS1/41068_ws/install/robot_description/share/robot_description//meshes/DAE/base/base_link.dae
[1.216s] -- Symlinking: /home/student/git/PreyPath_RS1/41068_ws/install/robot_description/share/robot_description//meshes/DAE/left_thigh/left_thigh.dae
[1.225s] -- Symlinking: /home/student/git/PreyPath_RS1/41068_ws/install/robot_description/share/robot_description//meshes/DAE/leg_joint/leg_joint.dae
[1.233s] -- Symlinking: /home/student/git/PreyPath_RS1/41068_ws/install/robot_description/share/robot_description//meshes/DAE/nuckle/knuckle.dae
[1.242s] -- Symlinking: /home/student/git/PreyPath_RS1/41068_ws/install/robot_description/share/robot_description//meshes/DAE/right_thigh/right_thigh.dae
[1.250s] -- Symlinking: /home/student/git/PreyPath_RS1/41068_ws/install/robot_description/share/robot_description//meshes/DAE/shin/shin.dae
[1.260s] -- Symlinking: /home/student/git/PreyPath_RS1/41068_ws/install/robot_description/share/robot_description//meshes/DAE/wheel/wheel.dae
[1.269s] -- Symlinking: /home/student/git/PreyPath_RS1/41068_ws/install/robot_description/share/robot_description//meshes/STL/base/base_link.stl
[1.277s] -- Symlinking: /home/student/git/PreyPath_RS1/41068_ws/install/robot_description/share/robot_description//meshes/STL/base/base_link_old.stl
[1.285s] -- Symlinking: /home/student/git/PreyPath_RS1/41068_ws/install/robot_description/share/robot_description//meshes/STL/knuckle/knuckle.stl
[1.293s] -- Symlinking: /home/student/git/PreyPath_RS1/41068_ws/install/robot_description/share/robot_description//meshes/STL/left_thigh/left_thigh.stl
[1.302s] -- Symlinking: /home/student/git/PreyPath_RS1/41068_ws/install/robot_description/share/robot_description//meshes/STL/leg_joint/leg_joint.stl
[1.310s] -- Symlinking: /home/student/git/PreyPath_RS1/41068_ws/install/robot_description/share/robot_description//meshes/STL/right_thigh/right_thigh.stl
[1.318s] -- Symlinking: /home/student/git/PreyPath_RS1/41068_ws/install/robot_description/share/robot_description//meshes/STL/shin/shin.stl
[1.330s] -- Symlinking: /home/student/git/PreyPath_RS1/41068_ws/install/robot_description/share/robot_description//config/robot_controller.yaml
[1.339s] -- Symlinking: /home/student/git/PreyPath_RS1/41068_ws/install/robot_description/share/ament_index/resource_index/package_run_dependencies/robot_description
[1.348s] -- Symlinking: /home/student/git/PreyPath_RS1/41068_ws/install/robot_description/share/ament_index/resource_index/parent_prefix_path/robot_description
[1.356s] -- Symlinking: /home/student/git/PreyPath_RS1/41068_ws/install/robot_description/share/robot_description/environment/ament_prefix_path.sh
[1.365s] -- Symlinking: /home/student/git/PreyPath_RS1/41068_ws/install/robot_description/share/robot_description/environment/ament_prefix_path.dsv
[1.374s] -- Symlinking: /home/student/git/PreyPath_RS1/41068_ws/install/robot_description/share/robot_description/environment/path.sh
[1.383s] -- Symlinking: /home/student/git/PreyPath_RS1/41068_ws/install/robot_description/share/robot_description/environment/path.dsv
[1.391s] -- Symlinking: /home/student/git/PreyPath_RS1/41068_ws/install/robot_description/share/robot_description/local_setup.bash
[1.400s] -- Symlinking: /home/student/git/PreyPath_RS1/41068_ws/install/robot_description/share/robot_description/local_setup.sh
[1.408s] -- Symlinking: /home/student/git/PreyPath_RS1/41068_ws/install/robot_description/share/robot_description/local_setup.zsh
[1.417s] -- Symlinking: /home/student/git/PreyPath_RS1/41068_ws/install/robot_description/share/robot_description/local_setup.dsv
[1.429s] -- Symlinking: /home/student/git/PreyPath_RS1/41068_ws/install/robot_description/share/robot_description/package.dsv
[1.437s] -- Symlinking: /home/student/git/PreyPath_RS1/41068_ws/install/robot_description/share/ament_index/resource_index/packages/robot_description
[1.446s] -- Symlinking: /home/student/git/PreyPath_RS1/41068_ws/install/robot_description/share/robot_description/cmake/robot_descriptionConfig.cmake
[1.455s] -- Symlinking: /home/student/git/PreyPath_RS1/41068_ws/install/robot_description/share/robot_description/cmake/robot_descriptionConfig-version.cmake
[1.463s] -- Symlinking: /home/student/git/PreyPath_RS1/41068_ws/install/robot_description/share/robot_description/package.xml
[1.475s] Invoked command in '/home/student/git/PreyPath_RS1/41068_ws/build/robot_description' returned '0': CMAKE_PREFIX_PATH=${CMAKE_PREFIX_PATH}:/opt/ros/humble /usr/bin/cmake --install /home/student/git/PreyPath_RS1/41068_ws/build/robot_description
