[0.116s] DEBUG:colcon:Command line arguments: ['/usr/bin/colcon', 'build', '--symlink-install']
[0.116s] DEBUG:colcon:Parsed command line arguments: Namespace(log_base=None, log_level=None, verb_name='build', build_base='build', install_base='install', merge_install=False, symlink_install=True, test_result_base=None, continue_on_error=False, executor='parallel', parallel_workers=8, event_handlers=None, ignore_user_meta=False, metas=['./colcon.meta'], base_paths=['.'], packages_ignore=None, packages_ignore_regex=None, paths=None, packages_up_to=None, packages_up_to_regex=None, packages_above=None, packages_above_and_dependencies=None, packages_above_depth=None, packages_select_by_dep=None, packages_skip_by_dep=None, packages_skip_up_to=None, packages_select_build_failed=False, packages_skip_build_finished=False, packages_select_test_failures=False, packages_skip_test_passed=False, packages_select=None, packages_skip=None, packages_select_regex=None, packages_skip_regex=None, packages_start=None, packages_end=None, allow_overriding=[], cmake_args=None, cmake_target=None, cmake_target_skip_unavailable=False, cmake_clean_cache=False, cmake_clean_first=False, cmake_force_configure=False, ament_cmake_args=None, catkin_cmake_args=None, catkin_skip_building_tests=False, mixin_files=None, mixin=None, verb_parser=<colcon_mixin.mixin.mixin_argument.MixinArgumentDecorator object at 0x76d32d83e290>, verb_extension=<colcon_core.verb.build.BuildVerb object at 0x76d32d83d870>, main=<bound method BuildVerb.main of <colcon_core.verb.build.BuildVerb object at 0x76d32d83d870>>, mixin_verb=('build',))
[0.305s] Level 1:colcon.colcon_core.package_discovery:discover_packages(colcon_meta) check parameters
[0.306s] Level 1:colcon.colcon_core.package_discovery:discover_packages(recursive) check parameters
[0.306s] Level 1:colcon.colcon_core.package_discovery:discover_packages(ignore) check parameters
[0.306s] Level 1:colcon.colcon_core.package_discovery:discover_packages(path) check parameters
[0.306s] Level 1:colcon.colcon_core.package_discovery:discover_packages(colcon_meta) discover
[0.306s] Level 1:colcon.colcon_core.package_discovery:discover_packages(recursive) discover
[0.306s] INFO:colcon.colcon_core.package_discovery:Crawling recursively for packages in '/home/student/git/PreyPath_RS1/41068_ws'
[0.306s] Level 1:colcon.colcon_core.package_identification:_identify(.) by extensions ['ignore', 'ignore_ament_install']
[0.306s] Level 1:colcon.colcon_core.package_identification:_identify(.) by extension 'ignore'
[0.306s] Level 1:colcon.colcon_core.package_identification:_identify(.) by extension 'ignore_ament_install'
[0.306s] Level 1:colcon.colcon_core.package_identification:_identify(.) by extensions ['colcon_pkg']
[0.306s] Level 1:colcon.colcon_core.package_identification:_identify(.) by extension 'colcon_pkg'
[0.306s] Level 1:colcon.colcon_core.package_identification:_identify(.) by extensions ['colcon_meta']
[0.306s] Level 1:colcon.colcon_core.package_identification:_identify(.) by extension 'colcon_meta'
[0.306s] Level 1:colcon.colcon_core.package_identification:_identify(.) by extensions ['ros']
[0.306s] Level 1:colcon.colcon_core.package_identification:_identify(.) by extension 'ros'
[0.318s] Level 1:colcon.colcon_core.package_identification:_identify(.) by extensions ['cmake', 'python']
[0.318s] Level 1:colcon.colcon_core.package_identification:_identify(.) by extension 'cmake'
[0.318s] Level 1:colcon.colcon_core.package_identification:_identify(.) by extension 'python'
[0.318s] Level 1:colcon.colcon_core.package_identification:_identify(.) by extensions ['python_setup_py']
[0.318s] Level 1:colcon.colcon_core.package_identification:_identify(.) by extension 'python_setup_py'
[0.318s] Level 1:colcon.colcon_core.package_identification:_identify(build) by extensions ['ignore', 'ignore_ament_install']
[0.318s] Level 1:colcon.colcon_core.package_identification:_identify(build) by extension 'ignore'
[0.318s] Level 1:colcon.colcon_core.package_identification:_identify(build) ignored
[0.319s] Level 1:colcon.colcon_core.package_identification:_identify(install) by extensions ['ignore', 'ignore_ament_install']
[0.319s] Level 1:colcon.colcon_core.package_identification:_identify(install) by extension 'ignore'
[0.319s] Level 1:colcon.colcon_core.package_identification:_identify(install) ignored
[0.319s] Level 1:colcon.colcon_core.package_identification:_identify(log) by extensions ['ignore', 'ignore_ament_install']
[0.319s] Level 1:colcon.colcon_core.package_identification:_identify(log) by extension 'ignore'
[0.319s] Level 1:colcon.colcon_core.package_identification:_identify(log) ignored
[0.319s] Level 1:colcon.colcon_core.package_identification:_identify(src) by extensions ['ignore', 'ignore_ament_install']
[0.319s] Level 1:colcon.colcon_core.package_identification:_identify(src) by extension 'ignore'
[0.319s] Level 1:colcon.colcon_core.package_identification:_identify(src) by extension 'ignore_ament_install'
[0.319s] Level 1:colcon.colcon_core.package_identification:_identify(src) by extensions ['colcon_pkg']
[0.319s] Level 1:colcon.colcon_core.package_identification:_identify(src) by extension 'colcon_pkg'
[0.319s] Level 1:colcon.colcon_core.package_identification:_identify(src) by extensions ['colcon_meta']
[0.319s] Level 1:colcon.colcon_core.package_identification:_identify(src) by extension 'colcon_meta'
[0.319s] Level 1:colcon.colcon_core.package_identification:_identify(src) by extensions ['ros']
[0.319s] Level 1:colcon.colcon_core.package_identification:_identify(src) by extension 'ros'
[0.320s] Level 1:colcon.colcon_core.package_identification:_identify(src) by extensions ['cmake', 'python']
[0.320s] Level 1:colcon.colcon_core.package_identification:_identify(src) by extension 'cmake'
[0.320s] Level 1:colcon.colcon_core.package_identification:_identify(src) by extension 'python'
[0.320s] Level 1:colcon.colcon_core.package_identification:_identify(src) by extensions ['python_setup_py']
[0.320s] Level 1:colcon.colcon_core.package_identification:_identify(src) by extension 'python_setup_py'
[0.320s] Level 1:colcon.colcon_core.package_identification:_identify(src/41068_ignition_bringup) by extensions ['ignore', 'ignore_ament_install']
[0.320s] Level 1:colcon.colcon_core.package_identification:_identify(src/41068_ignition_bringup) by extension 'ignore'
[0.320s] Level 1:colcon.colcon_core.package_identification:_identify(src/41068_ignition_bringup) by extension 'ignore_ament_install'
[0.320s] Level 1:colcon.colcon_core.package_identification:_identify(src/41068_ignition_bringup) by extensions ['colcon_pkg']
[0.320s] Level 1:colcon.colcon_core.package_identification:_identify(src/41068_ignition_bringup) by extension 'colcon_pkg'
[0.320s] Level 1:colcon.colcon_core.package_identification:_identify(src/41068_ignition_bringup) by extensions ['colcon_meta']
[0.320s] Level 1:colcon.colcon_core.package_identification:_identify(src/41068_ignition_bringup) by extension 'colcon_meta'
[0.320s] Level 1:colcon.colcon_core.package_identification:_identify(src/41068_ignition_bringup) by extensions ['ros']
[0.320s] Level 1:colcon.colcon_core.package_identification:_identify(src/41068_ignition_bringup) by extension 'ros'
[0.324s] DEBUG:colcon.colcon_core.package_identification:Package 'src/41068_ignition_bringup' with type 'ros.ament_cmake' and name '41068_ignition_bringup'
[0.324s] Level 1:colcon.colcon_core.package_identification:_identify(src/quadruped_robot_ROS2) by extensions ['ignore', 'ignore_ament_install']
[0.324s] Level 1:colcon.colcon_core.package_identification:_identify(src/quadruped_robot_ROS2) by extension 'ignore'
[0.324s] Level 1:colcon.colcon_core.package_identification:_identify(src/quadruped_robot_ROS2) by extension 'ignore_ament_install'
[0.324s] Level 1:colcon.colcon_core.package_identification:_identify(src/quadruped_robot_ROS2) by extensions ['colcon_pkg']
[0.324s] Level 1:colcon.colcon_core.package_identification:_identify(src/quadruped_robot_ROS2) by extension 'colcon_pkg'
[0.324s] Level 1:colcon.colcon_core.package_identification:_identify(src/quadruped_robot_ROS2) by extensions ['colcon_meta']
[0.324s] Level 1:colcon.colcon_core.package_identification:_identify(src/quadruped_robot_ROS2) by extension 'colcon_meta'
[0.324s] Level 1:colcon.colcon_core.package_identification:_identify(src/quadruped_robot_ROS2) by extensions ['ros']
[0.324s] Level 1:colcon.colcon_core.package_identification:_identify(src/quadruped_robot_ROS2) by extension 'ros'
[0.325s] Level 1:colcon.colcon_core.package_identification:_identify(src/quadruped_robot_ROS2) by extensions ['cmake', 'python']
[0.325s] Level 1:colcon.colcon_core.package_identification:_identify(src/quadruped_robot_ROS2) by extension 'cmake'
[0.325s] Level 1:colcon.colcon_core.package_identification:_identify(src/quadruped_robot_ROS2) by extension 'python'
[0.325s] Level 1:colcon.colcon_core.package_identification:_identify(src/quadruped_robot_ROS2) by extensions ['python_setup_py']
[0.325s] Level 1:colcon.colcon_core.package_identification:_identify(src/quadruped_robot_ROS2) by extension 'python_setup_py'
[0.325s] Level 1:colcon.colcon_core.package_identification:_identify(src/quadruped_robot_ROS2/UI) by extensions ['ignore', 'ignore_ament_install']
[0.325s] Level 1:colcon.colcon_core.package_identification:_identify(src/quadruped_robot_ROS2/UI) by extension 'ignore'
[0.325s] Level 1:colcon.colcon_core.package_identification:_identify(src/quadruped_robot_ROS2/UI) by extension 'ignore_ament_install'
[0.325s] Level 1:colcon.colcon_core.package_identification:_identify(src/quadruped_robot_ROS2/UI) by extensions ['colcon_pkg']
[0.325s] Level 1:colcon.colcon_core.package_identification:_identify(src/quadruped_robot_ROS2/UI) by extension 'colcon_pkg'
[0.325s] Level 1:colcon.colcon_core.package_identification:_identify(src/quadruped_robot_ROS2/UI) by extensions ['colcon_meta']
[0.325s] Level 1:colcon.colcon_core.package_identification:_identify(src/quadruped_robot_ROS2/UI) by extension 'colcon_meta'
[0.325s] Level 1:colcon.colcon_core.package_identification:_identify(src/quadruped_robot_ROS2/UI) by extensions ['ros']
[0.325s] Level 1:colcon.colcon_core.package_identification:_identify(src/quadruped_robot_ROS2/UI) by extension 'ros'
[0.325s] Level 1:colcon.colcon_core.package_identification:_identify(src/quadruped_robot_ROS2/UI) by extensions ['cmake', 'python']
[0.325s] Level 1:colcon.colcon_core.package_identification:_identify(src/quadruped_robot_ROS2/UI) by extension 'cmake'
[0.325s] Level 1:colcon.colcon_core.package_identification:_identify(src/quadruped_robot_ROS2/UI) by extension 'python'
[0.325s] Level 1:colcon.colcon_core.package_identification:_identify(src/quadruped_robot_ROS2/UI) by extensions ['python_setup_py']
[0.325s] Level 1:colcon.colcon_core.package_identification:_identify(src/quadruped_robot_ROS2/UI) by extension 'python_setup_py'
[0.326s] Level 1:colcon.colcon_core.package_identification:_identify(src/quadruped_robot_ROS2/src) by extensions ['ignore', 'ignore_ament_install']
[0.326s] Level 1:colcon.colcon_core.package_identification:_identify(src/quadruped_robot_ROS2/src) by extension 'ignore'
[0.326s] Level 1:colcon.colcon_core.package_identification:_identify(src/quadruped_robot_ROS2/src) by extension 'ignore_ament_install'
[0.326s] Level 1:colcon.colcon_core.package_identification:_identify(src/quadruped_robot_ROS2/src) by extensions ['colcon_pkg']
[0.326s] Level 1:colcon.colcon_core.package_identification:_identify(src/quadruped_robot_ROS2/src) by extension 'colcon_pkg'
[0.326s] Level 1:colcon.colcon_core.package_identification:_identify(src/quadruped_robot_ROS2/src) by extensions ['colcon_meta']
[0.326s] Level 1:colcon.colcon_core.package_identification:_identify(src/quadruped_robot_ROS2/src) by extension 'colcon_meta'
[0.326s] Level 1:colcon.colcon_core.package_identification:_identify(src/quadruped_robot_ROS2/src) by extensions ['ros']
[0.326s] Level 1:colcon.colcon_core.package_identification:_identify(src/quadruped_robot_ROS2/src) by extension 'ros'
[0.326s] Level 1:colcon.colcon_core.package_identification:_identify(src/quadruped_robot_ROS2/src) by extensions ['cmake', 'python']
[0.326s] Level 1:colcon.colcon_core.package_identification:_identify(src/quadruped_robot_ROS2/src) by extension 'cmake'
[0.326s] Level 1:colcon.colcon_core.package_identification:_identify(src/quadruped_robot_ROS2/src) by extension 'python'
[0.326s] Level 1:colcon.colcon_core.package_identification:_identify(src/quadruped_robot_ROS2/src) by extensions ['python_setup_py']
[0.326s] Level 1:colcon.colcon_core.package_identification:_identify(src/quadruped_robot_ROS2/src) by extension 'python_setup_py'
[0.326s] Level 1:colcon.colcon_core.package_identification:_identify(src/quadruped_robot_ROS2/src/robot_control) by extensions ['ignore', 'ignore_ament_install']
[0.326s] Level 1:colcon.colcon_core.package_identification:_identify(src/quadruped_robot_ROS2/src/robot_control) by extension 'ignore'
[0.326s] Level 1:colcon.colcon_core.package_identification:_identify(src/quadruped_robot_ROS2/src/robot_control) by extension 'ignore_ament_install'
[0.327s] Level 1:colcon.colcon_core.package_identification:_identify(src/quadruped_robot_ROS2/src/robot_control) by extensions ['colcon_pkg']
[0.327s] Level 1:colcon.colcon_core.package_identification:_identify(src/quadruped_robot_ROS2/src/robot_control) by extension 'colcon_pkg'
[0.327s] Level 1:colcon.colcon_core.package_identification:_identify(src/quadruped_robot_ROS2/src/robot_control) by extensions ['colcon_meta']
[0.327s] Level 1:colcon.colcon_core.package_identification:_identify(src/quadruped_robot_ROS2/src/robot_control) by extension 'colcon_meta'
[0.327s] Level 1:colcon.colcon_core.package_identification:_identify(src/quadruped_robot_ROS2/src/robot_control) by extensions ['ros']
[0.327s] Level 1:colcon.colcon_core.package_identification:_identify(src/quadruped_robot_ROS2/src/robot_control) by extension 'ros'
[0.327s] DEBUG:colcon.colcon_core.package_identification:Package 'src/quadruped_robot_ROS2/src/robot_control' with type 'ros.ament_cmake' and name 'robot_control'
[0.328s] Level 1:colcon.colcon_core.package_identification:_identify(src/quadruped_robot_ROS2/src/robot_simulation) by extensions ['ignore', 'ignore_ament_install']
[0.328s] Level 1:colcon.colcon_core.package_identification:_identify(src/quadruped_robot_ROS2/src/robot_simulation) by extension 'ignore'
[0.328s] Level 1:colcon.colcon_core.package_identification:_identify(src/quadruped_robot_ROS2/src/robot_simulation) by extension 'ignore_ament_install'
[0.328s] Level 1:colcon.colcon_core.package_identification:_identify(src/quadruped_robot_ROS2/src/robot_simulation) by extensions ['colcon_pkg']
[0.328s] Level 1:colcon.colcon_core.package_identification:_identify(src/quadruped_robot_ROS2/src/robot_simulation) by extension 'colcon_pkg'
[0.328s] Level 1:colcon.colcon_core.package_identification:_identify(src/quadruped_robot_ROS2/src/robot_simulation) by extensions ['colcon_meta']
[0.328s] Level 1:colcon.colcon_core.package_identification:_identify(src/quadruped_robot_ROS2/src/robot_simulation) by extension 'colcon_meta'
[0.328s] Level 1:colcon.colcon_core.package_identification:_identify(src/quadruped_robot_ROS2/src/robot_simulation) by extensions ['ros']
[0.328s] Level 1:colcon.colcon_core.package_identification:_identify(src/quadruped_robot_ROS2/src/robot_simulation) by extension 'ros'
[0.328s] Level 1:colcon.colcon_core.package_identification:_identify(src/quadruped_robot_ROS2/src/robot_simulation) by extensions ['cmake', 'python']
[0.328s] Level 1:colcon.colcon_core.package_identification:_identify(src/quadruped_robot_ROS2/src/robot_simulation) by extension 'cmake'
[0.328s] Level 1:colcon.colcon_core.package_identification:_identify(src/quadruped_robot_ROS2/src/robot_simulation) by extension 'python'
[0.328s] Level 1:colcon.colcon_core.package_identification:_identify(src/quadruped_robot_ROS2/src/robot_simulation) by extensions ['python_setup_py']
[0.328s] Level 1:colcon.colcon_core.package_identification:_identify(src/quadruped_robot_ROS2/src/robot_simulation) by extension 'python_setup_py'
[0.328s] Level 1:colcon.colcon_core.package_identification:_identify(src/quadruped_robot_ROS2/src/robot_simulation/robot_description) by extensions ['ignore', 'ignore_ament_install']
[0.329s] Level 1:colcon.colcon_core.package_identification:_identify(src/quadruped_robot_ROS2/src/robot_simulation/robot_description) by extension 'ignore'
[0.329s] Level 1:colcon.colcon_core.package_identification:_identify(src/quadruped_robot_ROS2/src/robot_simulation/robot_description) by extension 'ignore_ament_install'
[0.329s] Level 1:colcon.colcon_core.package_identification:_identify(src/quadruped_robot_ROS2/src/robot_simulation/robot_description) by extensions ['colcon_pkg']
[0.329s] Level 1:colcon.colcon_core.package_identification:_identify(src/quadruped_robot_ROS2/src/robot_simulation/robot_description) by extension 'colcon_pkg'
[0.329s] Level 1:colcon.colcon_core.package_identification:_identify(src/quadruped_robot_ROS2/src/robot_simulation/robot_description) by extensions ['colcon_meta']
[0.329s] Level 1:colcon.colcon_core.package_identification:_identify(src/quadruped_robot_ROS2/src/robot_simulation/robot_description) by extension 'colcon_meta'
[0.329s] Level 1:colcon.colcon_core.package_identification:_identify(src/quadruped_robot_ROS2/src/robot_simulation/robot_description) by extensions ['ros']
[0.329s] Level 1:colcon.colcon_core.package_identification:_identify(src/quadruped_robot_ROS2/src/robot_simulation/robot_description) by extension 'ros'
[0.330s] DEBUG:colcon.colcon_core.package_identification:Package 'src/quadruped_robot_ROS2/src/robot_simulation/robot_description' with type 'ros.ament_cmake' and name 'robot_description'
[0.330s] Level 1:colcon.colcon_core.package_identification:_identify(src/quadruped_robot_ROS2/src/robot_simulation/robot_gazebo) by extensions ['ignore', 'ignore_ament_install']
[0.330s] Level 1:colcon.colcon_core.package_identification:_identify(src/quadruped_robot_ROS2/src/robot_simulation/robot_gazebo) by extension 'ignore'
[0.330s] Level 1:colcon.colcon_core.package_identification:_identify(src/quadruped_robot_ROS2/src/robot_simulation/robot_gazebo) by extension 'ignore_ament_install'
[0.330s] Level 1:colcon.colcon_core.package_identification:_identify(src/quadruped_robot_ROS2/src/robot_simulation/robot_gazebo) by extensions ['colcon_pkg']
[0.330s] Level 1:colcon.colcon_core.package_identification:_identify(src/quadruped_robot_ROS2/src/robot_simulation/robot_gazebo) by extension 'colcon_pkg'
[0.330s] Level 1:colcon.colcon_core.package_identification:_identify(src/quadruped_robot_ROS2/src/robot_simulation/robot_gazebo) by extensions ['colcon_meta']
[0.330s] Level 1:colcon.colcon_core.package_identification:_identify(src/quadruped_robot_ROS2/src/robot_simulation/robot_gazebo) by extension 'colcon_meta'
[0.330s] Level 1:colcon.colcon_core.package_identification:_identify(src/quadruped_robot_ROS2/src/robot_simulation/robot_gazebo) by extensions ['ros']
[0.330s] Level 1:colcon.colcon_core.package_identification:_identify(src/quadruped_robot_ROS2/src/robot_simulation/robot_gazebo) by extension 'ros'
[0.342s] DEBUG:colcon.colcon_core.package_identification:Package 'src/quadruped_robot_ROS2/src/robot_simulation/robot_gazebo' with type 'ros.ament_cmake' and name 'robot_gazebo'
[0.342s] Level 1:colcon.colcon_core.package_discovery:discover_packages(recursive) using defaults
[0.342s] Level 1:colcon.colcon_core.package_discovery:discover_packages(ignore) discover
[0.342s] Level 1:colcon.colcon_core.package_discovery:discover_packages(ignore) using defaults
[0.342s] Level 1:colcon.colcon_core.package_discovery:discover_packages(path) discover
[0.342s] Level 1:colcon.colcon_core.package_discovery:discover_packages(path) using defaults
[0.365s] Level 1:colcon.colcon_core.package_discovery:discover_packages(prefix_path) check parameters
[0.366s] Level 1:colcon.colcon_core.package_discovery:discover_packages(prefix_path) discover
[0.367s] WARNING:colcon.colcon_core.prefix_path.colcon:The path '/home/student/41068_ws/install' in the environment variable COLCON_PREFIX_PATH doesn't exist
[0.367s] WARNING:colcon.colcon_ros.prefix_path.ament:The path '/home/student/git/PreyPath_RS1/41068_ws/install/robot_control' in the environment variable AMENT_PREFIX_PATH doesn't exist
[0.367s] WARNING:colcon.colcon_ros.prefix_path.ament:The path '/home/student/41068_ws/install/robot_gazebo' in the environment variable AMENT_PREFIX_PATH doesn't exist
[0.367s] WARNING:colcon.colcon_ros.prefix_path.ament:The path '/home/student/41068_ws/install/robot_description' in the environment variable AMENT_PREFIX_PATH doesn't exist
[0.367s] WARNING:colcon.colcon_ros.prefix_path.ament:The path '/home/student/41068_ws/install/robot_control' in the environment variable AMENT_PREFIX_PATH doesn't exist
[0.367s] WARNING:colcon.colcon_ros.prefix_path.ament:The path '/home/student/41068_ws/install/41068_ignition_bringup' in the environment variable AMENT_PREFIX_PATH doesn't exist
[0.368s] WARNING:colcon.colcon_ros.prefix_path.catkin:The path '/home/student/git/PreyPath_RS1/41068_ws/install/robot_control' in the environment variable CMAKE_PREFIX_PATH doesn't exist
[0.368s] WARNING:colcon.colcon_ros.prefix_path.catkin:The path '/home/student/41068_ws/install/robot_gazebo' in the environment variable CMAKE_PREFIX_PATH doesn't exist
[0.368s] WARNING:colcon.colcon_ros.prefix_path.catkin:The path '/home/student/41068_ws/install/robot_description' in the environment variable CMAKE_PREFIX_PATH doesn't exist
[0.368s] WARNING:colcon.colcon_ros.prefix_path.catkin:The path '/home/student/41068_ws/install/robot_control' in the environment variable CMAKE_PREFIX_PATH doesn't exist
[0.368s] WARNING:colcon.colcon_ros.prefix_path.catkin:The path '/home/student/41068_ws/install/41068_ignition_bringup' in the environment variable CMAKE_PREFIX_PATH doesn't exist
[0.369s] DEBUG:colcon.colcon_installed_package_information.package_discovery:Found 1 installed packages in /home/student/git/PreyPath_RS1/41068_ws/install
[0.369s] DEBUG:colcon.colcon_installed_package_information.package_discovery:Found 0 installed packages in /home/student/ros2_ws/install
[0.372s] DEBUG:colcon.colcon_installed_package_information.package_discovery:Found 429 installed packages in /opt/ros/humble
[0.374s] Level 1:colcon.colcon_core.package_discovery:discover_packages(prefix_path) using defaults
[0.431s] Level 5:colcon.colcon_core.verb:set package '41068_ignition_bringup' build argument 'cmake_args' from command line to 'None'
[0.431s] Level 5:colcon.colcon_core.verb:set package '41068_ignition_bringup' build argument 'cmake_target' from command line to 'None'
[0.432s] Level 5:colcon.colcon_core.verb:set package '41068_ignition_bringup' build argument 'cmake_target_skip_unavailable' from command line to 'False'
[0.432s] Level 5:colcon.colcon_core.verb:set package '41068_ignition_bringup' build argument 'cmake_clean_cache' from command line to 'False'
[0.432s] Level 5:colcon.colcon_core.verb:set package '41068_ignition_bringup' build argument 'cmake_clean_first' from command line to 'False'
[0.432s] Level 5:colcon.colcon_core.verb:set package '41068_ignition_bringup' build argument 'cmake_force_configure' from command line to 'False'
[0.432s] Level 5:colcon.colcon_core.verb:set package '41068_ignition_bringup' build argument 'ament_cmake_args' from command line to 'None'
[0.432s] Level 5:colcon.colcon_core.verb:set package '41068_ignition_bringup' build argument 'catkin_cmake_args' from command line to 'None'
[0.432s] Level 5:colcon.colcon_core.verb:set package '41068_ignition_bringup' build argument 'catkin_skip_building_tests' from command line to 'False'
[0.432s] DEBUG:colcon.colcon_core.verb:Building package '41068_ignition_bringup' with the following arguments: {'ament_cmake_args': None, 'build_base': '/home/student/git/PreyPath_RS1/41068_ws/build/41068_ignition_bringup', 'catkin_cmake_args': None, 'catkin_skip_building_tests': False, 'cmake_args': None, 'cmake_clean_cache': False, 'cmake_clean_first': False, 'cmake_force_configure': False, 'cmake_target': None, 'cmake_target_skip_unavailable': False, 'install_base': '/home/student/git/PreyPath_RS1/41068_ws/install/41068_ignition_bringup', 'merge_install': False, 'path': '/home/student/git/PreyPath_RS1/41068_ws/src/41068_ignition_bringup', 'symlink_install': True, 'test_result_base': None}
[0.432s] Level 5:colcon.colcon_core.verb:set package 'robot_control' build argument 'cmake_args' from command line to 'None'
[0.432s] Level 5:colcon.colcon_core.verb:set package 'robot_control' build argument 'cmake_target' from command line to 'None'
[0.432s] Level 5:colcon.colcon_core.verb:set package 'robot_control' build argument 'cmake_target_skip_unavailable' from command line to 'False'
[0.432s] Level 5:colcon.colcon_core.verb:set package 'robot_control' build argument 'cmake_clean_cache' from command line to 'False'
[0.432s] Level 5:colcon.colcon_core.verb:set package 'robot_control' build argument 'cmake_clean_first' from command line to 'False'
[0.432s] Level 5:colcon.colcon_core.verb:set package 'robot_control' build argument 'cmake_force_configure' from command line to 'False'
[0.432s] Level 5:colcon.colcon_core.verb:set package 'robot_control' build argument 'ament_cmake_args' from command line to 'None'
[0.432s] Level 5:colcon.colcon_core.verb:set package 'robot_control' build argument 'catkin_cmake_args' from command line to 'None'
[0.432s] Level 5:colcon.colcon_core.verb:set package 'robot_control' build argument 'catkin_skip_building_tests' from command line to 'False'
[0.432s] DEBUG:colcon.colcon_core.verb:Building package 'robot_control' with the following arguments: {'ament_cmake_args': None, 'build_base': '/home/student/git/PreyPath_RS1/41068_ws/build/robot_control', 'catkin_cmake_args': None, 'catkin_skip_building_tests': False, 'cmake_args': None, 'cmake_clean_cache': False, 'cmake_clean_first': False, 'cmake_force_configure': False, 'cmake_target': None, 'cmake_target_skip_unavailable': False, 'install_base': '/home/student/git/PreyPath_RS1/41068_ws/install/robot_control', 'merge_install': False, 'path': '/home/student/git/PreyPath_RS1/41068_ws/src/quadruped_robot_ROS2/src/robot_control', 'symlink_install': True, 'test_result_base': None}
[0.433s] Level 5:colcon.colcon_core.verb:set package 'robot_description' build argument 'cmake_args' from command line to 'None'
[0.433s] Level 5:colcon.colcon_core.verb:set package 'robot_description' build argument 'cmake_target' from command line to 'None'
[0.433s] Level 5:colcon.colcon_core.verb:set package 'robot_description' build argument 'cmake_target_skip_unavailable' from command line to 'False'
[0.433s] Level 5:colcon.colcon_core.verb:set package 'robot_description' build argument 'cmake_clean_cache' from command line to 'False'
[0.433s] Level 5:colcon.colcon_core.verb:set package 'robot_description' build argument 'cmake_clean_first' from command line to 'False'
[0.433s] Level 5:colcon.colcon_core.verb:set package 'robot_description' build argument 'cmake_force_configure' from command line to 'False'
[0.433s] Level 5:colcon.colcon_core.verb:set package 'robot_description' build argument 'ament_cmake_args' from command line to 'None'
[0.433s] Level 5:colcon.colcon_core.verb:set package 'robot_description' build argument 'catkin_cmake_args' from command line to 'None'
[0.433s] Level 5:colcon.colcon_core.verb:set package 'robot_description' build argument 'catkin_skip_building_tests' from command line to 'False'
[0.433s] DEBUG:colcon.colcon_core.verb:Building package 'robot_description' with the following arguments: {'ament_cmake_args': None, 'build_base': '/home/student/git/PreyPath_RS1/41068_ws/build/robot_description', 'catkin_cmake_args': None, 'catkin_skip_building_tests': False, 'cmake_args': None, 'cmake_clean_cache': False, 'cmake_clean_first': False, 'cmake_force_configure': False, 'cmake_target': None, 'cmake_target_skip_unavailable': False, 'install_base': '/home/student/git/PreyPath_RS1/41068_ws/install/robot_description', 'merge_install': False, 'path': '/home/student/git/PreyPath_RS1/41068_ws/src/quadruped_robot_ROS2/src/robot_simulation/robot_description', 'symlink_install': True, 'test_result_base': None}
[0.433s] Level 5:colcon.colcon_core.verb:set package 'robot_gazebo' build argument 'cmake_args' from command line to 'None'
[0.433s] Level 5:colcon.colcon_core.verb:set package 'robot_gazebo' build argument 'cmake_target' from command line to 'None'
[0.433s] Level 5:colcon.colcon_core.verb:set package 'robot_gazebo' build argument 'cmake_target_skip_unavailable' from command line to 'False'
[0.434s] Level 5:colcon.colcon_core.verb:set package 'robot_gazebo' build argument 'cmake_clean_cache' from command line to 'False'
[0.434s] Level 5:colcon.colcon_core.verb:set package 'robot_gazebo' build argument 'cmake_clean_first' from command line to 'False'
[0.434s] Level 5:colcon.colcon_core.verb:set package 'robot_gazebo' build argument 'cmake_force_configure' from command line to 'False'
[0.434s] Level 5:colcon.colcon_core.verb:set package 'robot_gazebo' build argument 'ament_cmake_args' from command line to 'None'
[0.434s] Level 5:colcon.colcon_core.verb:set package 'robot_gazebo' build argument 'catkin_cmake_args' from command line to 'None'
[0.434s] Level 5:colcon.colcon_core.verb:set package 'robot_gazebo' build argument 'catkin_skip_building_tests' from command line to 'False'
[0.434s] DEBUG:colcon.colcon_core.verb:Building package 'robot_gazebo' with the following arguments: {'ament_cmake_args': None, 'build_base': '/home/student/git/PreyPath_RS1/41068_ws/build/robot_gazebo', 'catkin_cmake_args': None, 'catkin_skip_building_tests': False, 'cmake_args': None, 'cmake_clean_cache': False, 'cmake_clean_first': False, 'cmake_force_configure': False, 'cmake_target': None, 'cmake_target_skip_unavailable': False, 'install_base': '/home/student/git/PreyPath_RS1/41068_ws/install/robot_gazebo', 'merge_install': False, 'path': '/home/student/git/PreyPath_RS1/41068_ws/src/quadruped_robot_ROS2/src/robot_simulation/robot_gazebo', 'symlink_install': True, 'test_result_base': None}
[0.434s] INFO:colcon.colcon_core.executor:Executing jobs using 'parallel' executor
[0.435s] DEBUG:colcon.colcon_parallel_executor.executor.parallel:run_until_complete
[0.435s] INFO:colcon.colcon_ros.task.ament_cmake.build:Building ROS package in '/home/student/git/PreyPath_RS1/41068_ws/src/41068_ignition_bringup' with build type 'ament_cmake'
[0.435s] INFO:colcon.colcon_cmake.task.cmake.build:Building CMake package in '/home/student/git/PreyPath_RS1/41068_ws/src/41068_ignition_bringup'
[0.438s] INFO:colcon.colcon_core.plugin_system:Skipping extension 'colcon_core.shell.bat': Not used on non-Windows systems
[0.438s] INFO:colcon.colcon_core.shell:Skip shell extension 'powershell' for command environment: Not usable outside of PowerShell
[0.438s] DEBUG:colcon.colcon_core.shell:Skip shell extension 'dsv' for command environment
[0.510s] INFO:colcon.colcon_ros.task.ament_cmake.build:Building ROS package in '/home/student/git/PreyPath_RS1/41068_ws/src/quadruped_robot_ROS2/src/robot_control' with build type 'ament_cmake'
[0.510s] INFO:colcon.colcon_cmake.task.cmake.build:Building CMake package in '/home/student/git/PreyPath_RS1/41068_ws/src/quadruped_robot_ROS2/src/robot_control'
[0.511s] INFO:colcon.colcon_core.shell:Skip shell extension 'powershell' for command environment: Not usable outside of PowerShell
[0.511s] DEBUG:colcon.colcon_core.shell:Skip shell extension 'dsv' for command environment
[0.515s] INFO:colcon.colcon_ros.task.ament_cmake.build:Building ROS package in '/home/student/git/PreyPath_RS1/41068_ws/src/quadruped_robot_ROS2/src/robot_simulation/robot_description' with build type 'ament_cmake'
[0.516s] INFO:colcon.colcon_cmake.task.cmake.build:Building CMake package in '/home/student/git/PreyPath_RS1/41068_ws/src/quadruped_robot_ROS2/src/robot_simulation/robot_description'
[0.516s] INFO:colcon.colcon_core.shell:Skip shell extension 'powershell' for command environment: Not usable outside of PowerShell
[0.516s] DEBUG:colcon.colcon_core.shell:Skip shell extension 'dsv' for command environment
[0.520s] INFO:colcon.colcon_ros.task.ament_cmake.build:Building ROS package in '/home/student/git/PreyPath_RS1/41068_ws/src/quadruped_robot_ROS2/src/robot_simulation/robot_gazebo' with build type 'ament_cmake'
[0.520s] INFO:colcon.colcon_cmake.task.cmake.build:Building CMake package in '/home/student/git/PreyPath_RS1/41068_ws/src/quadruped_robot_ROS2/src/robot_simulation/robot_gazebo'
[0.520s] INFO:colcon.colcon_core.shell:Skip shell extension 'powershell' for command environment: Not usable outside of PowerShell
[0.520s] DEBUG:colcon.colcon_core.shell:Skip shell extension 'dsv' for command environment
[0.671s] DEBUG:colcon.colcon_core.event_handler.log_command:Invoking command in '/home/student/git/PreyPath_RS1/41068_ws/build/41068_ignition_bringup': CMAKE_PREFIX_PATH=${CMAKE_PREFIX_PATH}:/opt/ros/humble /usr/bin/cmake /home/student/git/PreyPath_RS1/41068_ws/src/41068_ignition_bringup -DAMENT_CMAKE_SYMLINK_INSTALL=1 -DCMAKE_INSTALL_PREFIX=/home/student/git/PreyPath_RS1/41068_ws/install/41068_ignition_bringup
[0.683s] DEBUG:colcon.colcon_core.event_handler.log_command:Invoking command in '/home/student/git/PreyPath_RS1/41068_ws/build/robot_control': CMAKE_PREFIX_PATH=${CMAKE_PREFIX_PATH}:/opt/ros/humble /usr/bin/cmake /home/student/git/PreyPath_RS1/41068_ws/src/quadruped_robot_ROS2/src/robot_control -DAMENT_CMAKE_SYMLINK_INSTALL=1 -DCMAKE_INSTALL_PREFIX=/home/student/git/PreyPath_RS1/41068_ws/install/robot_control
[0.687s] DEBUG:colcon.colcon_core.event_handler.log_command:Invoking command in '/home/student/git/PreyPath_RS1/41068_ws/build/robot_description': CMAKE_PREFIX_PATH=${CMAKE_PREFIX_PATH}:/opt/ros/humble /usr/bin/cmake /home/student/git/PreyPath_RS1/41068_ws/src/quadruped_robot_ROS2/src/robot_simulation/robot_description -DAMENT_CMAKE_SYMLINK_INSTALL=1 -DCMAKE_INSTALL_PREFIX=/home/student/git/PreyPath_RS1/41068_ws/install/robot_description
[0.691s] DEBUG:colcon.colcon_core.event_handler.log_command:Invoking command in '/home/student/git/PreyPath_RS1/41068_ws/build/robot_gazebo': CMAKE_PREFIX_PATH=${CMAKE_PREFIX_PATH}:/opt/ros/humble /usr/bin/cmake /home/student/git/PreyPath_RS1/41068_ws/src/quadruped_robot_ROS2/src/robot_simulation/robot_gazebo -DAMENT_CMAKE_SYMLINK_INSTALL=1 -DCMAKE_INSTALL_PREFIX=/home/student/git/PreyPath_RS1/41068_ws/install/robot_gazebo
[1.524s] DEBUG:colcon.colcon_core.event_handler.log_command:Invoked command in '/home/student/git/PreyPath_RS1/41068_ws/build/41068_ignition_bringup' returned '0': CMAKE_PREFIX_PATH=${CMAKE_PREFIX_PATH}:/opt/ros/humble /usr/bin/cmake /home/student/git/PreyPath_RS1/41068_ws/src/41068_ignition_bringup -DAMENT_CMAKE_SYMLINK_INSTALL=1 -DCMAKE_INSTALL_PREFIX=/home/student/git/PreyPath_RS1/41068_ws/install/41068_ignition_bringup
[1.526s] DEBUG:colcon.colcon_core.event_handler.log_command:Invoking command in '/home/student/git/PreyPath_RS1/41068_ws/build/41068_ignition_bringup': CMAKE_PREFIX_PATH=${CMAKE_PREFIX_PATH}:/opt/ros/humble /usr/bin/cmake --build /home/student/git/PreyPath_RS1/41068_ws/build/41068_ignition_bringup -- -j8 -l8
[1.571s] DEBUG:colcon.colcon_core.event_handler.log_command:Invoked command in '/home/student/git/PreyPath_RS1/41068_ws/build/41068_ignition_bringup' returned '0': CMAKE_PREFIX_PATH=${CMAKE_PREFIX_PATH}:/opt/ros/humble /usr/bin/cmake --build /home/student/git/PreyPath_RS1/41068_ws/build/41068_ignition_bringup -- -j8 -l8
[1.586s] DEBUG:colcon.colcon_core.event_handler.log_command:Invoking command in '/home/student/git/PreyPath_RS1/41068_ws/build/41068_ignition_bringup': CMAKE_PREFIX_PATH=${CMAKE_PREFIX_PATH}:/opt/ros/humble /usr/bin/cmake --install /home/student/git/PreyPath_RS1/41068_ws/build/41068_ignition_bringup
[1.615s] Level 1:colcon.colcon_core.environment:create_environment_scripts_only(41068_ignition_bringup)
[1.616s] DEBUG:colcon.colcon_core.event_handler.log_command:Invoked command in '/home/student/git/PreyPath_RS1/41068_ws/build/41068_ignition_bringup' returned '0': CMAKE_PREFIX_PATH=${CMAKE_PREFIX_PATH}:/opt/ros/humble /usr/bin/cmake --install /home/student/git/PreyPath_RS1/41068_ws/build/41068_ignition_bringup
[1.619s] Level 1:colcon.colcon_core.environment:checking '/home/student/git/PreyPath_RS1/41068_ws/install/41068_ignition_bringup' for CMake module files
[1.620s] Level 1:colcon.colcon_core.environment:checking '/home/student/git/PreyPath_RS1/41068_ws/install/41068_ignition_bringup' for CMake config files
[1.620s] Level 1:colcon.colcon_core.shell:create_environment_hook('41068_ignition_bringup', 'cmake_prefix_path')
[1.621s] INFO:colcon.colcon_core.shell:Creating environment hook '/home/student/git/PreyPath_RS1/41068_ws/install/41068_ignition_bringup/share/41068_ignition_bringup/hook/cmake_prefix_path.ps1'
[1.629s] INFO:colcon.colcon_core.shell:Creating environment descriptor '/home/student/git/PreyPath_RS1/41068_ws/install/41068_ignition_bringup/share/41068_ignition_bringup/hook/cmake_prefix_path.dsv'
[1.724s] INFO:colcon.colcon_core.shell:Creating environment hook '/home/student/git/PreyPath_RS1/41068_ws/install/41068_ignition_bringup/share/41068_ignition_bringup/hook/cmake_prefix_path.sh'
[1.733s] Level 1:colcon.colcon_core.environment:checking '/home/student/git/PreyPath_RS1/41068_ws/install/41068_ignition_bringup/bin'
[1.733s] Level 1:colcon.colcon_core.environment:checking '/home/student/git/PreyPath_RS1/41068_ws/install/41068_ignition_bringup/lib/pkgconfig/41068_ignition_bringup.pc'
[1.734s] Level 1:colcon.colcon_core.environment:checking '/home/student/git/PreyPath_RS1/41068_ws/install/41068_ignition_bringup/lib/python3.10/site-packages'
[1.734s] Level 1:colcon.colcon_core.environment:checking '/home/student/git/PreyPath_RS1/41068_ws/install/41068_ignition_bringup/bin'
[1.734s] INFO:colcon.colcon_core.shell:Creating package script '/home/student/git/PreyPath_RS1/41068_ws/install/41068_ignition_bringup/share/41068_ignition_bringup/package.ps1'
[1.818s] INFO:colcon.colcon_core.shell:Creating package descriptor '/home/student/git/PreyPath_RS1/41068_ws/install/41068_ignition_bringup/share/41068_ignition_bringup/package.dsv'
[1.819s] INFO:colcon.colcon_core.shell:Creating package script '/home/student/git/PreyPath_RS1/41068_ws/install/41068_ignition_bringup/share/41068_ignition_bringup/package.sh'
[2.024s] INFO:colcon.colcon_core.shell:Creating package script '/home/student/git/PreyPath_RS1/41068_ws/install/41068_ignition_bringup/share/41068_ignition_bringup/package.bash'
[2.061s] INFO:colcon.colcon_core.shell:Creating package script '/home/student/git/PreyPath_RS1/41068_ws/install/41068_ignition_bringup/share/41068_ignition_bringup/package.zsh'
[2.062s] Level 1:colcon.colcon_core.environment:create_file_with_runtime_dependencies(/home/student/git/PreyPath_RS1/41068_ws/install/41068_ignition_bringup/share/colcon-core/packages/41068_ignition_bringup)
[2.063s] Level 1:colcon.colcon_core.environment:create_environment_scripts_only(41068_ignition_bringup)
[2.063s] Level 1:colcon.colcon_core.environment:checking '/home/student/git/PreyPath_RS1/41068_ws/install/41068_ignition_bringup' for CMake module files
[2.064s] Level 1:colcon.colcon_core.environment:checking '/home/student/git/PreyPath_RS1/41068_ws/install/41068_ignition_bringup' for CMake config files
[2.064s] Level 1:colcon.colcon_core.shell:create_environment_hook('41068_ignition_bringup', 'cmake_prefix_path')
[2.065s] INFO:colcon.colcon_core.shell:Creating environment hook '/home/student/git/PreyPath_RS1/41068_ws/install/41068_ignition_bringup/share/41068_ignition_bringup/hook/cmake_prefix_path.ps1'
[2.118s] INFO:colcon.colcon_core.shell:Creating environment descriptor '/home/student/git/PreyPath_RS1/41068_ws/install/41068_ignition_bringup/share/41068_ignition_bringup/hook/cmake_prefix_path.dsv'
[2.119s] INFO:colcon.colcon_core.shell:Creating environment hook '/home/student/git/PreyPath_RS1/41068_ws/install/41068_ignition_bringup/share/41068_ignition_bringup/hook/cmake_prefix_path.sh'
[2.120s] Level 1:colcon.colcon_core.environment:checking '/home/student/git/PreyPath_RS1/41068_ws/install/41068_ignition_bringup/bin'
[2.120s] Level 1:colcon.colcon_core.environment:checking '/home/student/git/PreyPath_RS1/41068_ws/install/41068_ignition_bringup/lib/pkgconfig/41068_ignition_bringup.pc'
[2.120s] Level 1:colcon.colcon_core.environment:checking '/home/student/git/PreyPath_RS1/41068_ws/install/41068_ignition_bringup/lib/python3.10/site-packages'
[2.121s] Level 1:colcon.colcon_core.environment:checking '/home/student/git/PreyPath_RS1/41068_ws/install/41068_ignition_bringup/bin'
[2.121s] INFO:colcon.colcon_core.shell:Creating package script '/home/student/git/PreyPath_RS1/41068_ws/install/41068_ignition_bringup/share/41068_ignition_bringup/package.ps1'
[2.157s] INFO:colcon.colcon_core.shell:Creating package descriptor '/home/student/git/PreyPath_RS1/41068_ws/install/41068_ignition_bringup/share/41068_ignition_bringup/package.dsv'
[2.165s] INFO:colcon.colcon_core.shell:Creating package script '/home/student/git/PreyPath_RS1/41068_ws/install/41068_ignition_bringup/share/41068_ignition_bringup/package.sh'
[2.166s] INFO:colcon.colcon_core.shell:Creating package script '/home/student/git/PreyPath_RS1/41068_ws/install/41068_ignition_bringup/share/41068_ignition_bringup/package.bash'
[2.166s] INFO:colcon.colcon_core.shell:Creating package script '/home/student/git/PreyPath_RS1/41068_ws/install/41068_ignition_bringup/share/41068_ignition_bringup/package.zsh'
[2.167s] Level 1:colcon.colcon_core.environment:create_file_with_runtime_dependencies(/home/student/git/PreyPath_RS1/41068_ws/install/41068_ignition_bringup/share/colcon-core/packages/41068_ignition_bringup)
[2.215s] DEBUG:colcon.colcon_core.event_handler.log_command:Invoked command in '/home/student/git/PreyPath_RS1/41068_ws/build/robot_control' returned '0': CMAKE_PREFIX_PATH=${CMAKE_PREFIX_PATH}:/opt/ros/humble /usr/bin/cmake /home/student/git/PreyPath_RS1/41068_ws/src/quadruped_robot_ROS2/src/robot_control -DAMENT_CMAKE_SYMLINK_INSTALL=1 -DCMAKE_INSTALL_PREFIX=/home/student/git/PreyPath_RS1/41068_ws/install/robot_control
[2.217s] DEBUG:colcon.colcon_core.event_handler.log_command:Invoking command in '/home/student/git/PreyPath_RS1/41068_ws/build/robot_control': CMAKE_PREFIX_PATH=${CMAKE_PREFIX_PATH}:/opt/ros/humble /usr/bin/cmake --build /home/student/git/PreyPath_RS1/41068_ws/build/robot_control -- -j8 -l8
[2.265s] DEBUG:colcon.colcon_core.event_handler.log_command:Invoked command in '/home/student/git/PreyPath_RS1/41068_ws/build/robot_control' returned '0': CMAKE_PREFIX_PATH=${CMAKE_PREFIX_PATH}:/opt/ros/humble /usr/bin/cmake --build /home/student/git/PreyPath_RS1/41068_ws/build/robot_control -- -j8 -l8
[2.268s] DEBUG:colcon.colcon_core.event_handler.log_command:Invoking command in '/home/student/git/PreyPath_RS1/41068_ws/build/robot_control': CMAKE_PREFIX_PATH=${CMAKE_PREFIX_PATH}:/opt/ros/humble /usr/bin/cmake --install /home/student/git/PreyPath_RS1/41068_ws/build/robot_control
[2.269s] DEBUG:colcon.colcon_core.event_handler.log_command:Invoked command in '/home/student/git/PreyPath_RS1/41068_ws/build/robot_gazebo' returned '0': CMAKE_PREFIX_PATH=${CMAKE_PREFIX_PATH}:/opt/ros/humble /usr/bin/cmake /home/student/git/PreyPath_RS1/41068_ws/src/quadruped_robot_ROS2/src/robot_simulation/robot_gazebo -DAMENT_CMAKE_SYMLINK_INSTALL=1 -DCMAKE_INSTALL_PREFIX=/home/student/git/PreyPath_RS1/41068_ws/install/robot_gazebo
[2.271s] DEBUG:colcon.colcon_core.event_handler.log_command:Invoking command in '/home/student/git/PreyPath_RS1/41068_ws/build/robot_gazebo': CMAKE_PREFIX_PATH=${CMAKE_PREFIX_PATH}:/opt/ros/humble /usr/bin/cmake --build /home/student/git/PreyPath_RS1/41068_ws/build/robot_gazebo -- -j8 -l8
[2.313s] DEBUG:colcon.colcon_core.event_handler.log_command:Invoked command in '/home/student/git/PreyPath_RS1/41068_ws/build/robot_gazebo' returned '0': CMAKE_PREFIX_PATH=${CMAKE_PREFIX_PATH}:/opt/ros/humble /usr/bin/cmake --build /home/student/git/PreyPath_RS1/41068_ws/build/robot_gazebo -- -j8 -l8
[2.315s] DEBUG:colcon.colcon_core.event_handler.log_command:Invoking command in '/home/student/git/PreyPath_RS1/41068_ws/build/robot_gazebo': CMAKE_PREFIX_PATH=${CMAKE_PREFIX_PATH}:/opt/ros/humble /usr/bin/cmake --install /home/student/git/PreyPath_RS1/41068_ws/build/robot_gazebo
[2.634s] Level 1:colcon.colcon_core.environment:create_environment_scripts_only(robot_control)
[2.635s] Level 1:colcon.colcon_core.environment:checking '/home/student/git/PreyPath_RS1/41068_ws/install/robot_control' for CMake module files
[2.635s] DEBUG:colcon.colcon_core.event_handler.log_command:Invoked command in '/home/student/git/PreyPath_RS1/41068_ws/build/robot_control' returned '0': CMAKE_PREFIX_PATH=${CMAKE_PREFIX_PATH}:/opt/ros/humble /usr/bin/cmake --install /home/student/git/PreyPath_RS1/41068_ws/build/robot_control
[2.636s] Level 1:colcon.colcon_core.environment:checking '/home/student/git/PreyPath_RS1/41068_ws/install/robot_control' for CMake config files
[2.636s] Level 1:colcon.colcon_core.shell:create_environment_hook('robot_control', 'cmake_prefix_path')
[2.636s] INFO:colcon.colcon_core.shell:Creating environment hook '/home/student/git/PreyPath_RS1/41068_ws/install/robot_control/share/robot_control/hook/cmake_prefix_path.ps1'
[2.637s] INFO:colcon.colcon_core.shell:Creating environment descriptor '/home/student/git/PreyPath_RS1/41068_ws/install/robot_control/share/robot_control/hook/cmake_prefix_path.dsv'
[2.637s] INFO:colcon.colcon_core.shell:Creating environment hook '/home/student/git/PreyPath_RS1/41068_ws/install/robot_control/share/robot_control/hook/cmake_prefix_path.sh'
[2.638s] Level 1:colcon.colcon_core.environment:checking '/home/student/git/PreyPath_RS1/41068_ws/install/robot_control/lib'
[2.638s] Level 1:colcon.colcon_core.environment:checking '/home/student/git/PreyPath_RS1/41068_ws/install/robot_control/bin'
[2.638s] Level 1:colcon.colcon_core.environment:checking '/home/student/git/PreyPath_RS1/41068_ws/install/robot_control/lib/pkgconfig/robot_control.pc'
[2.638s] Level 1:colcon.colcon_core.environment:checking '/home/student/git/PreyPath_RS1/41068_ws/install/robot_control/lib/python3.10/site-packages'
[2.639s] Level 1:colcon.colcon_core.environment:checking '/home/student/git/PreyPath_RS1/41068_ws/install/robot_control/bin'
[2.639s] INFO:colcon.colcon_core.shell:Creating package script '/home/student/git/PreyPath_RS1/41068_ws/install/robot_control/share/robot_control/package.ps1'
[2.640s] INFO:colcon.colcon_core.shell:Creating package descriptor '/home/student/git/PreyPath_RS1/41068_ws/install/robot_control/share/robot_control/package.dsv'
[2.640s] INFO:colcon.colcon_core.shell:Creating package script '/home/student/git/PreyPath_RS1/41068_ws/install/robot_control/share/robot_control/package.sh'
[2.641s] INFO:colcon.colcon_core.shell:Creating package script '/home/student/git/PreyPath_RS1/41068_ws/install/robot_control/share/robot_control/package.bash'
[2.641s] INFO:colcon.colcon_core.shell:Creating package script '/home/student/git/PreyPath_RS1/41068_ws/install/robot_control/share/robot_control/package.zsh'
[2.641s] Level 1:colcon.colcon_core.environment:create_file_with_runtime_dependencies(/home/student/git/PreyPath_RS1/41068_ws/install/robot_control/share/colcon-core/packages/robot_control)
[2.642s] Level 1:colcon.colcon_core.environment:create_environment_scripts_only(robot_control)
[2.642s] Level 1:colcon.colcon_core.environment:checking '/home/student/git/PreyPath_RS1/41068_ws/install/robot_control' for CMake module files
[2.643s] Level 1:colcon.colcon_core.environment:checking '/home/student/git/PreyPath_RS1/41068_ws/install/robot_control' for CMake config files
[2.643s] Level 1:colcon.colcon_core.shell:create_environment_hook('robot_control', 'cmake_prefix_path')
[2.643s] INFO:colcon.colcon_core.shell:Creating environment hook '/home/student/git/PreyPath_RS1/41068_ws/install/robot_control/share/robot_control/hook/cmake_prefix_path.ps1'
[2.672s] INFO:colcon.colcon_core.shell:Creating environment descriptor '/home/student/git/PreyPath_RS1/41068_ws/install/robot_control/share/robot_control/hook/cmake_prefix_path.dsv'
[2.710s] INFO:colcon.colcon_core.shell:Creating environment hook '/home/student/git/PreyPath_RS1/41068_ws/install/robot_control/share/robot_control/hook/cmake_prefix_path.sh'
[2.763s] Level 1:colcon.colcon_core.environment:checking '/home/student/git/PreyPath_RS1/41068_ws/install/robot_control/lib'
[2.764s] Level 1:colcon.colcon_core.environment:checking '/home/student/git/PreyPath_RS1/41068_ws/install/robot_control/bin'
[2.764s] Level 1:colcon.colcon_core.environment:checking '/home/student/git/PreyPath_RS1/41068_ws/install/robot_control/lib/pkgconfig/robot_control.pc'
[2.764s] Level 1:colcon.colcon_core.environment:checking '/home/student/git/PreyPath_RS1/41068_ws/install/robot_control/lib/python3.10/site-packages'
[2.764s] Level 1:colcon.colcon_core.environment:checking '/home/student/git/PreyPath_RS1/41068_ws/install/robot_control/bin'
[2.765s] INFO:colcon.colcon_core.shell:Creating package script '/home/student/git/PreyPath_RS1/41068_ws/install/robot_control/share/robot_control/package.ps1'
[2.781s] INFO:colcon.colcon_core.shell:Creating package descriptor '/home/student/git/PreyPath_RS1/41068_ws/install/robot_control/share/robot_control/package.dsv'
[2.814s] INFO:colcon.colcon_core.shell:Creating package script '/home/student/git/PreyPath_RS1/41068_ws/install/robot_control/share/robot_control/package.sh'
[2.815s] INFO:colcon.colcon_core.shell:Creating package script '/home/student/git/PreyPath_RS1/41068_ws/install/robot_control/share/robot_control/package.bash'
[2.862s] INFO:colcon.colcon_core.shell:Creating package script '/home/student/git/PreyPath_RS1/41068_ws/install/robot_control/share/robot_control/package.zsh'
[2.863s] Level 1:colcon.colcon_core.environment:create_file_with_runtime_dependencies(/home/student/git/PreyPath_RS1/41068_ws/install/robot_control/share/colcon-core/packages/robot_control)
[2.865s] Level 1:colcon.colcon_core.environment:create_environment_scripts_only(robot_gazebo)
[2.865s] Level 1:colcon.colcon_core.environment:checking '/home/student/git/PreyPath_RS1/41068_ws/install/robot_gazebo' for CMake module files
[2.866s] DEBUG:colcon.colcon_core.event_handler.log_command:Invoked command in '/home/student/git/PreyPath_RS1/41068_ws/build/robot_gazebo' returned '0': CMAKE_PREFIX_PATH=${CMAKE_PREFIX_PATH}:/opt/ros/humble /usr/bin/cmake --install /home/student/git/PreyPath_RS1/41068_ws/build/robot_gazebo
[2.866s] Level 1:colcon.colcon_core.environment:checking '/home/student/git/PreyPath_RS1/41068_ws/install/robot_gazebo' for CMake config files
[2.867s] Level 1:colcon.colcon_core.shell:create_environment_hook('robot_gazebo', 'cmake_prefix_path')
[2.867s] INFO:colcon.colcon_core.shell:Creating environment hook '/home/student/git/PreyPath_RS1/41068_ws/install/robot_gazebo/share/robot_gazebo/hook/cmake_prefix_path.ps1'
[2.867s] INFO:colcon.colcon_core.shell:Creating environment descriptor '/home/student/git/PreyPath_RS1/41068_ws/install/robot_gazebo/share/robot_gazebo/hook/cmake_prefix_path.dsv'
[2.868s] INFO:colcon.colcon_core.shell:Creating environment hook '/home/student/git/PreyPath_RS1/41068_ws/install/robot_gazebo/share/robot_gazebo/hook/cmake_prefix_path.sh'
[2.868s] Level 1:colcon.colcon_core.environment:checking '/home/student/git/PreyPath_RS1/41068_ws/install/robot_gazebo/bin'
[2.868s] Level 1:colcon.colcon_core.environment:checking '/home/student/git/PreyPath_RS1/41068_ws/install/robot_gazebo/lib/pkgconfig/robot_gazebo.pc'
[2.869s] Level 1:colcon.colcon_core.environment:checking '/home/student/git/PreyPath_RS1/41068_ws/install/robot_gazebo/lib/python3.10/site-packages'
[2.869s] Level 1:colcon.colcon_core.environment:checking '/home/student/git/PreyPath_RS1/41068_ws/install/robot_gazebo/bin'
[2.869s] INFO:colcon.colcon_core.shell:Creating package script '/home/student/git/PreyPath_RS1/41068_ws/install/robot_gazebo/share/robot_gazebo/package.ps1'
[2.870s] INFO:colcon.colcon_core.shell:Creating package descriptor '/home/student/git/PreyPath_RS1/41068_ws/install/robot_gazebo/share/robot_gazebo/package.dsv'
[2.870s] INFO:colcon.colcon_core.shell:Creating package script '/home/student/git/PreyPath_RS1/41068_ws/install/robot_gazebo/share/robot_gazebo/package.sh'
[2.870s] INFO:colcon.colcon_core.shell:Creating package script '/home/student/git/PreyPath_RS1/41068_ws/install/robot_gazebo/share/robot_gazebo/package.bash'
[2.871s] INFO:colcon.colcon_core.shell:Creating package script '/home/student/git/PreyPath_RS1/41068_ws/install/robot_gazebo/share/robot_gazebo/package.zsh'
[2.871s] Level 1:colcon.colcon_core.environment:create_file_with_runtime_dependencies(/home/student/git/PreyPath_RS1/41068_ws/install/robot_gazebo/share/colcon-core/packages/robot_gazebo)
[2.872s] Level 1:colcon.colcon_core.environment:create_environment_scripts_only(robot_gazebo)
[2.872s] Level 1:colcon.colcon_core.environment:checking '/home/student/git/PreyPath_RS1/41068_ws/install/robot_gazebo' for CMake module files
[2.872s] Level 1:colcon.colcon_core.environment:checking '/home/student/git/PreyPath_RS1/41068_ws/install/robot_gazebo' for CMake config files
[2.873s] Level 1:colcon.colcon_core.shell:create_environment_hook('robot_gazebo', 'cmake_prefix_path')
[2.873s] INFO:colcon.colcon_core.shell:Creating environment hook '/home/student/git/PreyPath_RS1/41068_ws/install/robot_gazebo/share/robot_gazebo/hook/cmake_prefix_path.ps1'
[2.885s] INFO:colcon.colcon_core.shell:Creating environment descriptor '/home/student/git/PreyPath_RS1/41068_ws/install/robot_gazebo/share/robot_gazebo/hook/cmake_prefix_path.dsv'
[2.910s] INFO:colcon.colcon_core.shell:Creating environment hook '/home/student/git/PreyPath_RS1/41068_ws/install/robot_gazebo/share/robot_gazebo/hook/cmake_prefix_path.sh'
[2.973s] Level 1:colcon.colcon_core.environment:checking '/home/student/git/PreyPath_RS1/41068_ws/install/robot_gazebo/bin'
[2.974s] Level 1:colcon.colcon_core.environment:checking '/home/student/git/PreyPath_RS1/41068_ws/install/robot_gazebo/lib/pkgconfig/robot_gazebo.pc'
[2.974s] Level 1:colcon.colcon_core.environment:checking '/home/student/git/PreyPath_RS1/41068_ws/install/robot_gazebo/lib/python3.10/site-packages'
[2.974s] Level 1:colcon.colcon_core.environment:checking '/home/student/git/PreyPath_RS1/41068_ws/install/robot_gazebo/bin'
[2.974s] INFO:colcon.colcon_core.shell:Creating package script '/home/student/git/PreyPath_RS1/41068_ws/install/robot_gazebo/share/robot_gazebo/package.ps1'
[2.989s] INFO:colcon.colcon_core.shell:Creating package descriptor '/home/student/git/PreyPath_RS1/41068_ws/install/robot_gazebo/share/robot_gazebo/package.dsv'
[3.020s] INFO:colcon.colcon_core.shell:Creating package script '/home/student/git/PreyPath_RS1/41068_ws/install/robot_gazebo/share/robot_gazebo/package.sh'
[3.110s] INFO:colcon.colcon_core.shell:Creating package script '/home/student/git/PreyPath_RS1/41068_ws/install/robot_gazebo/share/robot_gazebo/package.bash'
[3.160s] INFO:colcon.colcon_core.shell:Creating package script '/home/student/git/PreyPath_RS1/41068_ws/install/robot_gazebo/share/robot_gazebo/package.zsh'
[3.161s] Level 1:colcon.colcon_core.environment:create_file_with_runtime_dependencies(/home/student/git/PreyPath_RS1/41068_ws/install/robot_gazebo/share/colcon-core/packages/robot_gazebo)
[4.852s] DEBUG:colcon.colcon_core.event_handler.log_command:Invoked command in '/home/student/git/PreyPath_RS1/41068_ws/build/robot_description' returned '0': CMAKE_PREFIX_PATH=${CMAKE_PREFIX_PATH}:/opt/ros/humble /usr/bin/cmake /home/student/git/PreyPath_RS1/41068_ws/src/quadruped_robot_ROS2/src/robot_simulation/robot_description -DAMENT_CMAKE_SYMLINK_INSTALL=1 -DCMAKE_INSTALL_PREFIX=/home/student/git/PreyPath_RS1/41068_ws/install/robot_description
[4.854s] DEBUG:colcon.colcon_core.event_handler.log_command:Invoking command in '/home/student/git/PreyPath_RS1/41068_ws/build/robot_description': CMAKE_PREFIX_PATH=${CMAKE_PREFIX_PATH}:/opt/ros/humble /usr/bin/cmake --build /home/student/git/PreyPath_RS1/41068_ws/build/robot_description -- -j8 -l8
[4.907s] DEBUG:colcon.colcon_core.event_handler.log_command:Invoked command in '/home/student/git/PreyPath_RS1/41068_ws/build/robot_description' returned '0': CMAKE_PREFIX_PATH=${CMAKE_PREFIX_PATH}:/opt/ros/humble /usr/bin/cmake --build /home/student/git/PreyPath_RS1/41068_ws/build/robot_description -- -j8 -l8
[4.909s] DEBUG:colcon.colcon_core.event_handler.log_command:Invoking command in '/home/student/git/PreyPath_RS1/41068_ws/build/robot_description': CMAKE_PREFIX_PATH=${CMAKE_PREFIX_PATH}:/opt/ros/humble /usr/bin/cmake --install /home/student/git/PreyPath_RS1/41068_ws/build/robot_description
[5.295s] Level 1:colcon.colcon_core.environment:create_environment_scripts_only(robot_description)
[5.295s] Level 1:colcon.colcon_core.environment:checking '/home/student/git/PreyPath_RS1/41068_ws/install/robot_description' for CMake module files
[5.296s] DEBUG:colcon.colcon_core.event_handler.log_command:Invoked command in '/home/student/git/PreyPath_RS1/41068_ws/build/robot_description' returned '0': CMAKE_PREFIX_PATH=${CMAKE_PREFIX_PATH}:/opt/ros/humble /usr/bin/cmake --install /home/student/git/PreyPath_RS1/41068_ws/build/robot_description
[5.296s] Level 1:colcon.colcon_core.environment:checking '/home/student/git/PreyPath_RS1/41068_ws/install/robot_description' for CMake config files
[5.297s] Level 1:colcon.colcon_core.shell:create_environment_hook('robot_description', 'cmake_prefix_path')
[5.297s] INFO:colcon.colcon_core.shell:Creating environment hook '/home/student/git/PreyPath_RS1/41068_ws/install/robot_description/share/robot_description/hook/cmake_prefix_path.ps1'
[5.298s] INFO:colcon.colcon_core.shell:Creating environment descriptor '/home/student/git/PreyPath_RS1/41068_ws/install/robot_description/share/robot_description/hook/cmake_prefix_path.dsv'
[5.298s] INFO:colcon.colcon_core.shell:Creating environment hook '/home/student/git/PreyPath_RS1/41068_ws/install/robot_description/share/robot_description/hook/cmake_prefix_path.sh'
[5.299s] Level 1:colcon.colcon_core.environment:checking '/home/student/git/PreyPath_RS1/41068_ws/install/robot_description/bin'
[5.299s] Level 1:colcon.colcon_core.environment:checking '/home/student/git/PreyPath_RS1/41068_ws/install/robot_description/lib/pkgconfig/robot_description.pc'
[5.300s] Level 1:colcon.colcon_core.environment:checking '/home/student/git/PreyPath_RS1/41068_ws/install/robot_description/lib/python3.10/site-packages'
[5.300s] Level 1:colcon.colcon_core.environment:checking '/home/student/git/PreyPath_RS1/41068_ws/install/robot_description/bin'
[5.300s] INFO:colcon.colcon_core.shell:Creating package script '/home/student/git/PreyPath_RS1/41068_ws/install/robot_description/share/robot_description/package.ps1'
[5.301s] INFO:colcon.colcon_core.shell:Creating package descriptor '/home/student/git/PreyPath_RS1/41068_ws/install/robot_description/share/robot_description/package.dsv'
[5.302s] INFO:colcon.colcon_core.shell:Creating package script '/home/student/git/PreyPath_RS1/41068_ws/install/robot_description/share/robot_description/package.sh'
[5.302s] INFO:colcon.colcon_core.shell:Creating package script '/home/student/git/PreyPath_RS1/41068_ws/install/robot_description/share/robot_description/package.bash'
[5.303s] INFO:colcon.colcon_core.shell:Creating package script '/home/student/git/PreyPath_RS1/41068_ws/install/robot_description/share/robot_description/package.zsh'
[5.303s] Level 1:colcon.colcon_core.environment:create_file_with_runtime_dependencies(/home/student/git/PreyPath_RS1/41068_ws/install/robot_description/share/colcon-core/packages/robot_description)
[5.304s] Level 1:colcon.colcon_core.environment:create_environment_scripts_only(robot_description)
[5.304s] Level 1:colcon.colcon_core.environment:checking '/home/student/git/PreyPath_RS1/41068_ws/install/robot_description' for CMake module files
[5.305s] Level 1:colcon.colcon_core.environment:checking '/home/student/git/PreyPath_RS1/41068_ws/install/robot_description' for CMake config files
[5.306s] Level 1:colcon.colcon_core.shell:create_environment_hook('robot_description', 'cmake_prefix_path')
[5.306s] INFO:colcon.colcon_core.shell:Creating environment hook '/home/student/git/PreyPath_RS1/41068_ws/install/robot_description/share/robot_description/hook/cmake_prefix_path.ps1'
[5.307s] INFO:colcon.colcon_core.shell:Creating environment descriptor '/home/student/git/PreyPath_RS1/41068_ws/install/robot_description/share/robot_description/hook/cmake_prefix_path.dsv'
[5.307s] INFO:colcon.colcon_core.shell:Creating environment hook '/home/student/git/PreyPath_RS1/41068_ws/install/robot_description/share/robot_description/hook/cmake_prefix_path.sh'
[5.308s] Level 1:colcon.colcon_core.environment:checking '/home/student/git/PreyPath_RS1/41068_ws/install/robot_description/bin'
[5.308s] Level 1:colcon.colcon_core.environment:checking '/home/student/git/PreyPath_RS1/41068_ws/install/robot_description/lib/pkgconfig/robot_description.pc'
[5.308s] Level 1:colcon.colcon_core.environment:checking '/home/student/git/PreyPath_RS1/41068_ws/install/robot_description/lib/python3.10/site-packages'
[5.309s] Level 1:colcon.colcon_core.environment:checking '/home/student/git/PreyPath_RS1/41068_ws/install/robot_description/bin'
[5.309s] INFO:colcon.colcon_core.shell:Creating package script '/home/student/git/PreyPath_RS1/41068_ws/install/robot_description/share/robot_description/package.ps1'
[5.310s] INFO:colcon.colcon_core.shell:Creating package descriptor '/home/student/git/PreyPath_RS1/41068_ws/install/robot_description/share/robot_description/package.dsv'
[5.311s] INFO:colcon.colcon_core.shell:Creating package script '/home/student/git/PreyPath_RS1/41068_ws/install/robot_description/share/robot_description/package.sh'
[5.311s] INFO:colcon.colcon_core.shell:Creating package script '/home/student/git/PreyPath_RS1/41068_ws/install/robot_description/share/robot_description/package.bash'
[5.312s] INFO:colcon.colcon_core.shell:Creating package script '/home/student/git/PreyPath_RS1/41068_ws/install/robot_description/share/robot_description/package.zsh'
[5.313s] Level 1:colcon.colcon_core.environment:create_file_with_runtime_dependencies(/home/student/git/PreyPath_RS1/41068_ws/install/robot_description/share/colcon-core/packages/robot_description)
[5.313s] DEBUG:colcon.colcon_parallel_executor.executor.parallel:closing loop
[5.314s] DEBUG:colcon.colcon_parallel_executor.executor.parallel:loop closed
[5.314s] DEBUG:colcon.colcon_parallel_executor.executor.parallel:run_until_complete finished with '0'
[5.314s] DEBUG:colcon.colcon_core.event_reactor:joining thread
[5.321s] INFO:colcon.colcon_core.plugin_system:Skipping extension 'colcon_notification.desktop_notification.terminal_notifier': Not used on non-Darwin systems
[5.321s] INFO:colcon.colcon_core.plugin_system:Skipping extension 'colcon_notification.desktop_notification.win32': Not used on non-Windows systems
[5.321s] INFO:colcon.colcon_notification.desktop_notification:Sending desktop notification using 'notify2'
[5.336s] DEBUG:colcon.colcon_core.event_reactor:joined thread
[5.337s] INFO:colcon.colcon_core.shell:Creating prefix script '/home/student/git/PreyPath_RS1/41068_ws/install/local_setup.ps1'
[5.338s] INFO:colcon.colcon_core.shell:Creating prefix util module '/home/student/git/PreyPath_RS1/41068_ws/install/_local_setup_util_ps1.py'
[5.339s] INFO:colcon.colcon_core.shell:Creating prefix chain script '/home/student/git/PreyPath_RS1/41068_ws/install/setup.ps1'
[5.341s] INFO:colcon.colcon_core.shell:Creating prefix script '/home/student/git/PreyPath_RS1/41068_ws/install/local_setup.sh'
[5.342s] INFO:colcon.colcon_core.shell:Creating prefix util module '/home/student/git/PreyPath_RS1/41068_ws/install/_local_setup_util_sh.py'
[5.343s] INFO:colcon.colcon_core.shell:Creating prefix chain script '/home/student/git/PreyPath_RS1/41068_ws/install/setup.sh'
[5.345s] INFO:colcon.colcon_core.shell:Creating prefix script '/home/student/git/PreyPath_RS1/41068_ws/install/local_setup.bash'
[5.346s] INFO:colcon.colcon_core.shell:Creating prefix chain script '/home/student/git/PreyPath_RS1/41068_ws/install/setup.bash'
[5.347s] INFO:colcon.colcon_core.shell:Creating prefix script '/home/student/git/PreyPath_RS1/41068_ws/install/local_setup.zsh'
[5.348s] INFO:colcon.colcon_core.shell:Creating prefix chain script '/home/student/git/PreyPath_RS1/41068_ws/install/setup.zsh'
