[0.036s] Invoking command in '/home/student/git/PreyPath_RS1/41068_ws/build/robot_control': CMAKE_PREFIX_PATH=/opt/ros/humble /usr/bin/cmake /home/student/git/PreyPath_RS1/41068_ws/src/robot_control -DAMENT_CMAKE_SYMLINK_INSTALL=1 -DCMAKE_INSTALL_PREFIX=/home/student/git/PreyPath_RS1/41068_ws/install/robot_control
[0.111s] -- The C compiler identification is GNU 11.4.0
[0.182s] -- The CXX compiler identification is GNU 11.4.0
[0.193s] -- Detecting C compiler ABI info
[0.283s] -- Detecting C compiler ABI info - done
[0.295s] -- Check for working C compiler: /usr/bin/cc - skipped
[0.295s] -- Detecting C compile features
[0.296s] -- Detecting C compile features - done
[0.302s] -- Detecting CXX compiler ABI info
[0.400s] -- Detecting CXX compiler ABI info - done
[0.410s] -- Check for working CXX compiler: /usr/bin/c++ - skipped
[0.410s] -- Detecting CXX compile features
[0.410s] -- Detecting CXX compile features - done
[0.414s] -- Found ament_cmake: 1.3.12 (/opt/ros/humble/share/ament_cmake/cmake)
[0.628s] -- Found Python3: /usr/bin/python3 (found version "3.10.12") found components: Interpreter 
[0.728s] -- Override CMake install command with custom implementation using symlinks instead of copying resources
[0.767s] -- Found ament_lint_auto: 0.12.14 (/opt/ros/humble/share/ament_lint_auto/cmake)
[0.877s] -- Added test 'copyright' to check source files copyright and LICENSE
[0.883s] -- Added test 'flake8' to check Python code syntax and style conventions
[0.884s] -- Added test 'lint_cmake' to check CMake code style
[0.885s] -- Added test 'pep257' to check Python code against some of the docstring style conventions in PEP 257
[0.891s] -- Added test 'xmllint' to check XML markup files
[0.891s] -- Configuring done
[0.895s] -- Generating done
[0.898s] -- Build files have been written to: /home/student/git/PreyPath_RS1/41068_ws/build/robot_control
[0.906s] Invoked command in '/home/student/git/PreyPath_RS1/41068_ws/build/robot_control' returned '0': CMAKE_PREFIX_PATH=/opt/ros/humble /usr/bin/cmake /home/student/git/PreyPath_RS1/41068_ws/src/robot_control -DAMENT_CMAKE_SYMLINK_INSTALL=1 -DCMAKE_INSTALL_PREFIX=/home/student/git/PreyPath_RS1/41068_ws/install/robot_control
[0.909s] Invoking command in '/home/student/git/PreyPath_RS1/41068_ws/build/robot_control': CMAKE_PREFIX_PATH=/opt/ros/humble /usr/bin/cmake --build /home/student/git/PreyPath_RS1/41068_ws/build/robot_control -- -j8 -l8
[0.961s] Invoked command in '/home/student/git/PreyPath_RS1/41068_ws/build/robot_control' returned '0': CMAKE_PREFIX_PATH=/opt/ros/humble /usr/bin/cmake --build /home/student/git/PreyPath_RS1/41068_ws/build/robot_control -- -j8 -l8
[0.974s] Invoking command in '/home/student/git/PreyPath_RS1/41068_ws/build/robot_control': CMAKE_PREFIX_PATH=/opt/ros/humble /usr/bin/cmake --install /home/student/git/PreyPath_RS1/41068_ws/build/robot_control
[0.984s] -- Install configuration: ""
[0.985s] -- Execute custom install script
[0.989s] -- Symlinking: /home/student/git/PreyPath_RS1/41068_ws/install/robot_control/share/robot_control//scripts/InverseKinematics/__pycache__/robot_IK.cpython-310.pyc
[0.997s] -- Symlinking: /home/student/git/PreyPath_RS1/41068_ws/install/robot_control/share/robot_control//scripts/InverseKinematics/robot_IK.py
[1.009s] -- Symlinking: /home/student/git/PreyPath_RS1/41068_ws/install/robot_control/share/robot_control//scripts/RobotController/CrawlGaitController.py
[1.022s] -- Symlinking: /home/student/git/PreyPath_RS1/41068_ws/install/robot_control/share/robot_control//scripts/RobotController/GaitController.py
[1.033s] -- Symlinking: /home/student/git/PreyPath_RS1/41068_ws/install/robot_control/share/robot_control//scripts/RobotController/PIDController.py
[1.048s] -- Symlinking: /home/student/git/PreyPath_RS1/41068_ws/install/robot_control/share/robot_control//scripts/RobotController/RobotController.py
[1.056s] -- Symlinking: /home/student/git/PreyPath_RS1/41068_ws/install/robot_control/share/robot_control//scripts/RobotController/StandController.py
[1.067s] -- Symlinking: /home/student/git/PreyPath_RS1/41068_ws/install/robot_control/share/robot_control//scripts/RobotController/StateCommand.py
[1.080s] -- Symlinking: /home/student/git/PreyPath_RS1/41068_ws/install/robot_control/share/robot_control//scripts/RobotController/TrotGaitController.py
[1.091s] -- Symlinking: /home/student/git/PreyPath_RS1/41068_ws/install/robot_control/share/robot_control//scripts/RobotController/__pycache__/CrawlGaitController.cpython-310.pyc
[1.102s] -- Symlinking: /home/student/git/PreyPath_RS1/41068_ws/install/robot_control/share/robot_control//scripts/RobotController/__pycache__/GaitController.cpython-310.pyc
[1.115s] -- Symlinking: /home/student/git/PreyPath_RS1/41068_ws/install/robot_control/share/robot_control//scripts/RobotController/__pycache__/PIDController.cpython-310.pyc
[1.126s] -- Symlinking: /home/student/git/PreyPath_RS1/41068_ws/install/robot_control/share/robot_control//scripts/RobotController/__pycache__/RobotController.cpython-310.pyc
[1.139s] -- Symlinking: /home/student/git/PreyPath_RS1/41068_ws/install/robot_control/share/robot_control//scripts/RobotController/__pycache__/StandController.cpython-310.pyc
[1.153s] -- Symlinking: /home/student/git/PreyPath_RS1/41068_ws/install/robot_control/share/robot_control//scripts/RobotController/__pycache__/StateCommand.cpython-310.pyc
[1.161s] -- Symlinking: /home/student/git/PreyPath_RS1/41068_ws/install/robot_control/share/robot_control//scripts/RobotController/__pycache__/TrotGaitController.cpython-310.pyc
[1.173s] -- Symlinking: /home/student/git/PreyPath_RS1/41068_ws/install/robot_control/share/robot_control//scripts/RoboticsUtilities/Transformations.py
[1.184s] -- Symlinking: /home/student/git/PreyPath_RS1/41068_ws/install/robot_control/share/robot_control//scripts/RoboticsUtilities/__pycache__/Transformations.cpython-310.pyc
[1.194s] -- Symlinking: /home/student/git/PreyPath_RS1/41068_ws/install/robot_control/share/robot_control//scripts/ramped_joypad.py
[1.205s] -- Symlinking: /home/student/git/PreyPath_RS1/41068_ws/install/robot_control/share/robot_control//scripts/robot_controller_gazebo.py
[1.219s] -- Symlinking: /home/student/git/PreyPath_RS1/41068_ws/install/robot_control/share/robot_control//launch/robot_control.launch.py
[1.229s] -- Symlinking: /home/student/git/PreyPath_RS1/41068_ws/install/robot_control/lib/robot_control/robot_controller_gazebo.py
[1.241s] -- Symlinking: /home/student/git/PreyPath_RS1/41068_ws/install/robot_control/lib/robot_control/ramped_joypad.py
[1.252s] -- Symlinking: /home/student/git/PreyPath_RS1/41068_ws/install/robot_control/lib/robot_control/robot_control.launch.py
[1.262s] -- Symlinking: /home/student/git/PreyPath_RS1/41068_ws/install/robot_control/lib/robot_control/RoboticsUtilities//Transformations.py
[1.273s] -- Symlinking: /home/student/git/PreyPath_RS1/41068_ws/install/robot_control/lib/robot_control/RobotController//CrawlGaitController.py
[1.283s] -- Symlinking: /home/student/git/PreyPath_RS1/41068_ws/install/robot_control/lib/robot_control/RobotController//GaitController.py
[1.295s] -- Symlinking: /home/student/git/PreyPath_RS1/41068_ws/install/robot_control/lib/robot_control/RobotController//PIDController.py
[1.307s] -- Symlinking: /home/student/git/PreyPath_RS1/41068_ws/install/robot_control/lib/robot_control/RobotController//RobotController.py
[1.317s] -- Symlinking: /home/student/git/PreyPath_RS1/41068_ws/install/robot_control/lib/robot_control/RobotController//StandController.py
[1.327s] -- Symlinking: /home/student/git/PreyPath_RS1/41068_ws/install/robot_control/lib/robot_control/RobotController//StateCommand.py
[1.338s] -- Symlinking: /home/student/git/PreyPath_RS1/41068_ws/install/robot_control/lib/robot_control/RobotController//TrotGaitController.py
[1.347s] -- Symlinking: /home/student/git/PreyPath_RS1/41068_ws/install/robot_control/lib/robot_control/InverseKinematics//robot_IK.py
[1.358s] -- Symlinking: /home/student/git/PreyPath_RS1/41068_ws/install/robot_control/share/ament_index/resource_index/package_run_dependencies/robot_control
[1.370s] -- Symlinking: /home/student/git/PreyPath_RS1/41068_ws/install/robot_control/share/ament_index/resource_index/parent_prefix_path/robot_control
[1.381s] -- Symlinking: /home/student/git/PreyPath_RS1/41068_ws/install/robot_control/share/robot_control/environment/ament_prefix_path.sh
[1.393s] -- Symlinking: /home/student/git/PreyPath_RS1/41068_ws/install/robot_control/share/robot_control/environment/ament_prefix_path.dsv
[1.405s] -- Symlinking: /home/student/git/PreyPath_RS1/41068_ws/install/robot_control/share/robot_control/environment/path.sh
[1.414s] -- Symlinking: /home/student/git/PreyPath_RS1/41068_ws/install/robot_control/share/robot_control/environment/path.dsv
[1.426s] -- Symlinking: /home/student/git/PreyPath_RS1/41068_ws/install/robot_control/share/robot_control/local_setup.bash
[1.439s] -- Symlinking: /home/student/git/PreyPath_RS1/41068_ws/install/robot_control/share/robot_control/local_setup.sh
[1.452s] -- Symlinking: /home/student/git/PreyPath_RS1/41068_ws/install/robot_control/share/robot_control/local_setup.zsh
[1.461s] -- Symlinking: /home/student/git/PreyPath_RS1/41068_ws/install/robot_control/share/robot_control/local_setup.dsv
[1.472s] -- Symlinking: /home/student/git/PreyPath_RS1/41068_ws/install/robot_control/share/robot_control/package.dsv
[1.484s] -- Symlinking: /home/student/git/PreyPath_RS1/41068_ws/install/robot_control/share/ament_index/resource_index/packages/robot_control
[1.497s] -- Symlinking: /home/student/git/PreyPath_RS1/41068_ws/install/robot_control/share/robot_control/cmake/robot_controlConfig.cmake
[1.505s] -- Symlinking: /home/student/git/PreyPath_RS1/41068_ws/install/robot_control/share/robot_control/cmake/robot_controlConfig-version.cmake
[1.516s] -- Symlinking: /home/student/git/PreyPath_RS1/41068_ws/install/robot_control/share/robot_control/package.xml
[1.529s] Invoked command in '/home/student/git/PreyPath_RS1/41068_ws/build/robot_control' returned '0': CMAKE_PREFIX_PATH=/opt/ros/humble /usr/bin/cmake --install /home/student/git/PreyPath_RS1/41068_ws/build/robot_control
