[0.318s] DEBUG:colcon:Command line arguments: ['/usr/bin/colcon', 'build', '--symlink-install']
[0.318s] DEBUG:colcon:Parsed command line arguments: Namespace(log_base=None, log_level=None, verb_name='build', build_base='build', install_base='install', merge_install=False, symlink_install=True, test_result_base=None, continue_on_error=False, executor='parallel', parallel_workers=8, event_handlers=None, ignore_user_meta=False, metas=['./colcon.meta'], base_paths=['.'], packages_ignore=None, packages_ignore_regex=None, paths=None, packages_up_to=None, packages_up_to_regex=None, packages_above=None, packages_above_and_dependencies=None, packages_above_depth=None, packages_select_by_dep=None, packages_skip_by_dep=None, packages_skip_up_to=None, packages_select_build_failed=False, packages_skip_build_finished=False, packages_select_test_failures=False, packages_skip_test_passed=False, packages_select=None, packages_skip=None, packages_select_regex=None, packages_skip_regex=None, packages_start=None, packages_end=None, allow_overriding=[], cmake_args=None, cmake_target=None, cmake_target_skip_unavailable=False, cmake_clean_cache=False, cmake_clean_first=False, cmake_force_configure=False, ament_cmake_args=None, catkin_cmake_args=None, catkin_skip_building_tests=False, mixin_files=None, mixin=None, verb_parser=<colcon_mixin.mixin.mixin_argument.MixinArgumentDecorator object at 0x76520d47a2c0>, verb_extension=<colcon_core.verb.build.BuildVerb object at 0x76520d4798a0>, main=<bound method BuildVerb.main of <colcon_core.verb.build.BuildVerb object at 0x76520d4798a0>>, mixin_verb=('build',))
[0.514s] Level 1:colcon.colcon_core.package_discovery:discover_packages(colcon_meta) check parameters
[0.514s] Level 1:colcon.colcon_core.package_discovery:discover_packages(recursive) check parameters
[0.514s] Level 1:colcon.colcon_core.package_discovery:discover_packages(ignore) check parameters
[0.514s] Level 1:colcon.colcon_core.package_discovery:discover_packages(path) check parameters
[0.514s] Level 1:colcon.colcon_core.package_discovery:discover_packages(colcon_meta) discover
[0.514s] Level 1:colcon.colcon_core.package_discovery:discover_packages(recursive) discover
[0.514s] INFO:colcon.colcon_core.package_discovery:Crawling recursively for packages in '/home/student/git/PreyPath_RS1/41068_ws'
[0.514s] Level 1:colcon.colcon_core.package_identification:_identify(.) by extensions ['ignore', 'ignore_ament_install']
[0.514s] Level 1:colcon.colcon_core.package_identification:_identify(.) by extension 'ignore'
[0.514s] Level 1:colcon.colcon_core.package_identification:_identify(.) by extension 'ignore_ament_install'
[0.514s] Level 1:colcon.colcon_core.package_identification:_identify(.) by extensions ['colcon_pkg']
[0.514s] Level 1:colcon.colcon_core.package_identification:_identify(.) by extension 'colcon_pkg'
[0.514s] Level 1:colcon.colcon_core.package_identification:_identify(.) by extensions ['colcon_meta']
[0.514s] Level 1:colcon.colcon_core.package_identification:_identify(.) by extension 'colcon_meta'
[0.514s] Level 1:colcon.colcon_core.package_identification:_identify(.) by extensions ['ros']
[0.514s] Level 1:colcon.colcon_core.package_identification:_identify(.) by extension 'ros'
[0.526s] Level 1:colcon.colcon_core.package_identification:_identify(.) by extensions ['cmake', 'python']
[0.526s] Level 1:colcon.colcon_core.package_identification:_identify(.) by extension 'cmake'
[0.527s] Level 1:colcon.colcon_core.package_identification:_identify(.) by extension 'python'
[0.527s] Level 1:colcon.colcon_core.package_identification:_identify(.) by extensions ['python_setup_py']
[0.527s] Level 1:colcon.colcon_core.package_identification:_identify(.) by extension 'python_setup_py'
[0.527s] Level 1:colcon.colcon_core.package_identification:_identify(build) by extensions ['ignore', 'ignore_ament_install']
[0.527s] Level 1:colcon.colcon_core.package_identification:_identify(build) by extension 'ignore'
[0.527s] Level 1:colcon.colcon_core.package_identification:_identify(build) ignored
[0.527s] Level 1:colcon.colcon_core.package_identification:_identify(install) by extensions ['ignore', 'ignore_ament_install']
[0.527s] Level 1:colcon.colcon_core.package_identification:_identify(install) by extension 'ignore'
[0.527s] Level 1:colcon.colcon_core.package_identification:_identify(install) ignored
[0.527s] Level 1:colcon.colcon_core.package_identification:_identify(log) by extensions ['ignore', 'ignore_ament_install']
[0.527s] Level 1:colcon.colcon_core.package_identification:_identify(log) by extension 'ignore'
[0.528s] Level 1:colcon.colcon_core.package_identification:_identify(log) ignored
[0.528s] Level 1:colcon.colcon_core.package_identification:_identify(src) by extensions ['ignore', 'ignore_ament_install']
[0.528s] Level 1:colcon.colcon_core.package_identification:_identify(src) by extension 'ignore'
[0.528s] Level 1:colcon.colcon_core.package_identification:_identify(src) by extension 'ignore_ament_install'
[0.528s] Level 1:colcon.colcon_core.package_identification:_identify(src) by extensions ['colcon_pkg']
[0.528s] Level 1:colcon.colcon_core.package_identification:_identify(src) by extension 'colcon_pkg'
[0.528s] Level 1:colcon.colcon_core.package_identification:_identify(src) by extensions ['colcon_meta']
[0.528s] Level 1:colcon.colcon_core.package_identification:_identify(src) by extension 'colcon_meta'
[0.528s] Level 1:colcon.colcon_core.package_identification:_identify(src) by extensions ['ros']
[0.528s] Level 1:colcon.colcon_core.package_identification:_identify(src) by extension 'ros'
[0.528s] Level 1:colcon.colcon_core.package_identification:_identify(src) by extensions ['cmake', 'python']
[0.528s] Level 1:colcon.colcon_core.package_identification:_identify(src) by extension 'cmake'
[0.528s] Level 1:colcon.colcon_core.package_identification:_identify(src) by extension 'python'
[0.528s] Level 1:colcon.colcon_core.package_identification:_identify(src) by extensions ['python_setup_py']
[0.528s] Level 1:colcon.colcon_core.package_identification:_identify(src) by extension 'python_setup_py'
[0.528s] Level 1:colcon.colcon_core.package_identification:_identify(src/41068_ignition_bringup) by extensions ['ignore', 'ignore_ament_install']
[0.528s] Level 1:colcon.colcon_core.package_identification:_identify(src/41068_ignition_bringup) by extension 'ignore'
[0.528s] Level 1:colcon.colcon_core.package_identification:_identify(src/41068_ignition_bringup) by extension 'ignore_ament_install'
[0.529s] Level 1:colcon.colcon_core.package_identification:_identify(src/41068_ignition_bringup) by extensions ['colcon_pkg']
[0.529s] Level 1:colcon.colcon_core.package_identification:_identify(src/41068_ignition_bringup) by extension 'colcon_pkg'
[0.529s] Level 1:colcon.colcon_core.package_identification:_identify(src/41068_ignition_bringup) by extensions ['colcon_meta']
[0.529s] Level 1:colcon.colcon_core.package_identification:_identify(src/41068_ignition_bringup) by extension 'colcon_meta'
[0.529s] Level 1:colcon.colcon_core.package_identification:_identify(src/41068_ignition_bringup) by extensions ['ros']
[0.529s] Level 1:colcon.colcon_core.package_identification:_identify(src/41068_ignition_bringup) by extension 'ros'
[0.533s] DEBUG:colcon.colcon_core.package_identification:Package 'src/41068_ignition_bringup' with type 'ros.ament_cmake' and name '41068_ignition_bringup'
[0.533s] Level 1:colcon.colcon_core.package_identification:_identify(src/UI) by extensions ['ignore', 'ignore_ament_install']
[0.533s] Level 1:colcon.colcon_core.package_identification:_identify(src/UI) by extension 'ignore'
[0.533s] Level 1:colcon.colcon_core.package_identification:_identify(src/UI) by extension 'ignore_ament_install'
[0.534s] Level 1:colcon.colcon_core.package_identification:_identify(src/UI) by extensions ['colcon_pkg']
[0.534s] Level 1:colcon.colcon_core.package_identification:_identify(src/UI) by extension 'colcon_pkg'
[0.534s] Level 1:colcon.colcon_core.package_identification:_identify(src/UI) by extensions ['colcon_meta']
[0.534s] Level 1:colcon.colcon_core.package_identification:_identify(src/UI) by extension 'colcon_meta'
[0.534s] Level 1:colcon.colcon_core.package_identification:_identify(src/UI) by extensions ['ros']
[0.534s] Level 1:colcon.colcon_core.package_identification:_identify(src/UI) by extension 'ros'
[0.534s] Level 1:colcon.colcon_core.package_identification:_identify(src/UI) by extensions ['cmake', 'python']
[0.534s] Level 1:colcon.colcon_core.package_identification:_identify(src/UI) by extension 'cmake'
[0.534s] Level 1:colcon.colcon_core.package_identification:_identify(src/UI) by extension 'python'
[0.534s] Level 1:colcon.colcon_core.package_identification:_identify(src/UI) by extensions ['python_setup_py']
[0.534s] Level 1:colcon.colcon_core.package_identification:_identify(src/UI) by extension 'python_setup_py'
[0.534s] Level 1:colcon.colcon_core.package_identification:_identify(src/UI/__pycache__) by extensions ['ignore', 'ignore_ament_install']
[0.534s] Level 1:colcon.colcon_core.package_identification:_identify(src/UI/__pycache__) by extension 'ignore'
[0.534s] Level 1:colcon.colcon_core.package_identification:_identify(src/UI/__pycache__) by extension 'ignore_ament_install'
[0.534s] Level 1:colcon.colcon_core.package_identification:_identify(src/UI/__pycache__) by extensions ['colcon_pkg']
[0.534s] Level 1:colcon.colcon_core.package_identification:_identify(src/UI/__pycache__) by extension 'colcon_pkg'
[0.534s] Level 1:colcon.colcon_core.package_identification:_identify(src/UI/__pycache__) by extensions ['colcon_meta']
[0.534s] Level 1:colcon.colcon_core.package_identification:_identify(src/UI/__pycache__) by extension 'colcon_meta'
[0.534s] Level 1:colcon.colcon_core.package_identification:_identify(src/UI/__pycache__) by extensions ['ros']
[0.534s] Level 1:colcon.colcon_core.package_identification:_identify(src/UI/__pycache__) by extension 'ros'
[0.534s] Level 1:colcon.colcon_core.package_identification:_identify(src/UI/__pycache__) by extensions ['cmake', 'python']
[0.535s] Level 1:colcon.colcon_core.package_identification:_identify(src/UI/__pycache__) by extension 'cmake'
[0.535s] Level 1:colcon.colcon_core.package_identification:_identify(src/UI/__pycache__) by extension 'python'
[0.535s] Level 1:colcon.colcon_core.package_identification:_identify(src/UI/__pycache__) by extensions ['python_setup_py']
[0.535s] Level 1:colcon.colcon_core.package_identification:_identify(src/UI/__pycache__) by extension 'python_setup_py'
[0.535s] Level 1:colcon.colcon_core.package_identification:_identify(src/robot_control) by extensions ['ignore', 'ignore_ament_install']
[0.535s] Level 1:colcon.colcon_core.package_identification:_identify(src/robot_control) by extension 'ignore'
[0.535s] Level 1:colcon.colcon_core.package_identification:_identify(src/robot_control) by extension 'ignore_ament_install'
[0.535s] Level 1:colcon.colcon_core.package_identification:_identify(src/robot_control) by extensions ['colcon_pkg']
[0.535s] Level 1:colcon.colcon_core.package_identification:_identify(src/robot_control) by extension 'colcon_pkg'
[0.535s] Level 1:colcon.colcon_core.package_identification:_identify(src/robot_control) by extensions ['colcon_meta']
[0.535s] Level 1:colcon.colcon_core.package_identification:_identify(src/robot_control) by extension 'colcon_meta'
[0.535s] Level 1:colcon.colcon_core.package_identification:_identify(src/robot_control) by extensions ['ros']
[0.535s] Level 1:colcon.colcon_core.package_identification:_identify(src/robot_control) by extension 'ros'
[0.536s] DEBUG:colcon.colcon_core.package_identification:Package 'src/robot_control' with type 'ros.ament_cmake' and name 'robot_control'
[0.536s] Level 1:colcon.colcon_core.package_identification:_identify(src/robot_description) by extensions ['ignore', 'ignore_ament_install']
[0.536s] Level 1:colcon.colcon_core.package_identification:_identify(src/robot_description) by extension 'ignore'
[0.536s] Level 1:colcon.colcon_core.package_identification:_identify(src/robot_description) by extension 'ignore_ament_install'
[0.536s] Level 1:colcon.colcon_core.package_identification:_identify(src/robot_description) by extensions ['colcon_pkg']
[0.536s] Level 1:colcon.colcon_core.package_identification:_identify(src/robot_description) by extension 'colcon_pkg'
[0.536s] Level 1:colcon.colcon_core.package_identification:_identify(src/robot_description) by extensions ['colcon_meta']
[0.536s] Level 1:colcon.colcon_core.package_identification:_identify(src/robot_description) by extension 'colcon_meta'
[0.536s] Level 1:colcon.colcon_core.package_identification:_identify(src/robot_description) by extensions ['ros']
[0.537s] Level 1:colcon.colcon_core.package_identification:_identify(src/robot_description) by extension 'ros'
[0.537s] DEBUG:colcon.colcon_core.package_identification:Package 'src/robot_description' with type 'ros.ament_cmake' and name 'robot_description'
[0.537s] Level 1:colcon.colcon_core.package_identification:_identify(src/robot_gazebo) by extensions ['ignore', 'ignore_ament_install']
[0.537s] Level 1:colcon.colcon_core.package_identification:_identify(src/robot_gazebo) by extension 'ignore'
[0.537s] Level 1:colcon.colcon_core.package_identification:_identify(src/robot_gazebo) by extension 'ignore_ament_install'
[0.538s] Level 1:colcon.colcon_core.package_identification:_identify(src/robot_gazebo) by extensions ['colcon_pkg']
[0.538s] Level 1:colcon.colcon_core.package_identification:_identify(src/robot_gazebo) by extension 'colcon_pkg'
[0.538s] Level 1:colcon.colcon_core.package_identification:_identify(src/robot_gazebo) by extensions ['colcon_meta']
[0.538s] Level 1:colcon.colcon_core.package_identification:_identify(src/robot_gazebo) by extension 'colcon_meta'
[0.538s] Level 1:colcon.colcon_core.package_identification:_identify(src/robot_gazebo) by extensions ['ros']
[0.538s] Level 1:colcon.colcon_core.package_identification:_identify(src/robot_gazebo) by extension 'ros'
[0.553s] DEBUG:colcon.colcon_core.package_identification:Package 'src/robot_gazebo' with type 'ros.ament_cmake' and name 'robot_gazebo'
[0.553s] Level 1:colcon.colcon_core.package_discovery:discover_packages(recursive) using defaults
[0.553s] Level 1:colcon.colcon_core.package_discovery:discover_packages(ignore) discover
[0.553s] Level 1:colcon.colcon_core.package_discovery:discover_packages(ignore) using defaults
[0.553s] Level 1:colcon.colcon_core.package_discovery:discover_packages(path) discover
[0.553s] Level 1:colcon.colcon_core.package_discovery:discover_packages(path) using defaults
[0.581s] Level 1:colcon.colcon_core.package_discovery:discover_packages(prefix_path) check parameters
[0.581s] Level 1:colcon.colcon_core.package_discovery:discover_packages(prefix_path) discover
[0.627s] DEBUG:colcon.colcon_installed_package_information.package_discovery:Found 0 installed packages in /home/student/ros2_ws/install
[0.629s] DEBUG:colcon.colcon_installed_package_information.package_discovery:Found 429 installed packages in /opt/ros/humble
[0.631s] Level 1:colcon.colcon_core.package_discovery:discover_packages(prefix_path) using defaults
[0.697s] Level 5:colcon.colcon_core.verb:set package '41068_ignition_bringup' build argument 'cmake_args' from command line to 'None'
[0.697s] Level 5:colcon.colcon_core.verb:set package '41068_ignition_bringup' build argument 'cmake_target' from command line to 'None'
[0.697s] Level 5:colcon.colcon_core.verb:set package '41068_ignition_bringup' build argument 'cmake_target_skip_unavailable' from command line to 'False'
[0.697s] Level 5:colcon.colcon_core.verb:set package '41068_ignition_bringup' build argument 'cmake_clean_cache' from command line to 'False'
[0.697s] Level 5:colcon.colcon_core.verb:set package '41068_ignition_bringup' build argument 'cmake_clean_first' from command line to 'False'
[0.697s] Level 5:colcon.colcon_core.verb:set package '41068_ignition_bringup' build argument 'cmake_force_configure' from command line to 'False'
[0.697s] Level 5:colcon.colcon_core.verb:set package '41068_ignition_bringup' build argument 'ament_cmake_args' from command line to 'None'
[0.697s] Level 5:colcon.colcon_core.verb:set package '41068_ignition_bringup' build argument 'catkin_cmake_args' from command line to 'None'
[0.697s] Level 5:colcon.colcon_core.verb:set package '41068_ignition_bringup' build argument 'catkin_skip_building_tests' from command line to 'False'
[0.697s] DEBUG:colcon.colcon_core.verb:Building package '41068_ignition_bringup' with the following arguments: {'ament_cmake_args': None, 'build_base': '/home/student/git/PreyPath_RS1/41068_ws/build/41068_ignition_bringup', 'catkin_cmake_args': None, 'catkin_skip_building_tests': False, 'cmake_args': None, 'cmake_clean_cache': False, 'cmake_clean_first': False, 'cmake_force_configure': False, 'cmake_target': None, 'cmake_target_skip_unavailable': False, 'install_base': '/home/student/git/PreyPath_RS1/41068_ws/install/41068_ignition_bringup', 'merge_install': False, 'path': '/home/student/git/PreyPath_RS1/41068_ws/src/41068_ignition_bringup', 'symlink_install': True, 'test_result_base': None}
[0.698s] Level 5:colcon.colcon_core.verb:set package 'robot_control' build argument 'cmake_args' from command line to 'None'
[0.698s] Level 5:colcon.colcon_core.verb:set package 'robot_control' build argument 'cmake_target' from command line to 'None'
[0.698s] Level 5:colcon.colcon_core.verb:set package 'robot_control' build argument 'cmake_target_skip_unavailable' from command line to 'False'
[0.698s] Level 5:colcon.colcon_core.verb:set package 'robot_control' build argument 'cmake_clean_cache' from command line to 'False'
[0.698s] Level 5:colcon.colcon_core.verb:set package 'robot_control' build argument 'cmake_clean_first' from command line to 'False'
[0.698s] Level 5:colcon.colcon_core.verb:set package 'robot_control' build argument 'cmake_force_configure' from command line to 'False'
[0.698s] Level 5:colcon.colcon_core.verb:set package 'robot_control' build argument 'ament_cmake_args' from command line to 'None'
[0.698s] Level 5:colcon.colcon_core.verb:set package 'robot_control' build argument 'catkin_cmake_args' from command line to 'None'
[0.698s] Level 5:colcon.colcon_core.verb:set package 'robot_control' build argument 'catkin_skip_building_tests' from command line to 'False'
[0.698s] DEBUG:colcon.colcon_core.verb:Building package 'robot_control' with the following arguments: {'ament_cmake_args': None, 'build_base': '/home/student/git/PreyPath_RS1/41068_ws/build/robot_control', 'catkin_cmake_args': None, 'catkin_skip_building_tests': False, 'cmake_args': None, 'cmake_clean_cache': False, 'cmake_clean_first': False, 'cmake_force_configure': False, 'cmake_target': None, 'cmake_target_skip_unavailable': False, 'install_base': '/home/student/git/PreyPath_RS1/41068_ws/install/robot_control', 'merge_install': False, 'path': '/home/student/git/PreyPath_RS1/41068_ws/src/robot_control', 'symlink_install': True, 'test_result_base': None}
[0.698s] Level 5:colcon.colcon_core.verb:set package 'robot_description' build argument 'cmake_args' from command line to 'None'
[0.698s] Level 5:colcon.colcon_core.verb:set package 'robot_description' build argument 'cmake_target' from command line to 'None'
[0.698s] Level 5:colcon.colcon_core.verb:set package 'robot_description' build argument 'cmake_target_skip_unavailable' from command line to 'False'
[0.698s] Level 5:colcon.colcon_core.verb:set package 'robot_description' build argument 'cmake_clean_cache' from command line to 'False'
[0.698s] Level 5:colcon.colcon_core.verb:set package 'robot_description' build argument 'cmake_clean_first' from command line to 'False'
[0.698s] Level 5:colcon.colcon_core.verb:set package 'robot_description' build argument 'cmake_force_configure' from command line to 'False'
[0.698s] Level 5:colcon.colcon_core.verb:set package 'robot_description' build argument 'ament_cmake_args' from command line to 'None'
[0.698s] Level 5:colcon.colcon_core.verb:set package 'robot_description' build argument 'catkin_cmake_args' from command line to 'None'
[0.698s] Level 5:colcon.colcon_core.verb:set package 'robot_description' build argument 'catkin_skip_building_tests' from command line to 'False'
[0.698s] DEBUG:colcon.colcon_core.verb:Building package 'robot_description' with the following arguments: {'ament_cmake_args': None, 'build_base': '/home/student/git/PreyPath_RS1/41068_ws/build/robot_description', 'catkin_cmake_args': None, 'catkin_skip_building_tests': False, 'cmake_args': None, 'cmake_clean_cache': False, 'cmake_clean_first': False, 'cmake_force_configure': False, 'cmake_target': None, 'cmake_target_skip_unavailable': False, 'install_base': '/home/student/git/PreyPath_RS1/41068_ws/install/robot_description', 'merge_install': False, 'path': '/home/student/git/PreyPath_RS1/41068_ws/src/robot_description', 'symlink_install': True, 'test_result_base': None}
[0.699s] Level 5:colcon.colcon_core.verb:set package 'robot_gazebo' build argument 'cmake_args' from command line to 'None'
[0.699s] Level 5:colcon.colcon_core.verb:set package 'robot_gazebo' build argument 'cmake_target' from command line to 'None'
[0.699s] Level 5:colcon.colcon_core.verb:set package 'robot_gazebo' build argument 'cmake_target_skip_unavailable' from command line to 'False'
[0.699s] Level 5:colcon.colcon_core.verb:set package 'robot_gazebo' build argument 'cmake_clean_cache' from command line to 'False'
[0.699s] Level 5:colcon.colcon_core.verb:set package 'robot_gazebo' build argument 'cmake_clean_first' from command line to 'False'
[0.699s] Level 5:colcon.colcon_core.verb:set package 'robot_gazebo' build argument 'cmake_force_configure' from command line to 'False'
[0.699s] Level 5:colcon.colcon_core.verb:set package 'robot_gazebo' build argument 'ament_cmake_args' from command line to 'None'
[0.699s] Level 5:colcon.colcon_core.verb:set package 'robot_gazebo' build argument 'catkin_cmake_args' from command line to 'None'
[0.699s] Level 5:colcon.colcon_core.verb:set package 'robot_gazebo' build argument 'catkin_skip_building_tests' from command line to 'False'
[0.699s] DEBUG:colcon.colcon_core.verb:Building package 'robot_gazebo' with the following arguments: {'ament_cmake_args': None, 'build_base': '/home/student/git/PreyPath_RS1/41068_ws/build/robot_gazebo', 'catkin_cmake_args': None, 'catkin_skip_building_tests': False, 'cmake_args': None, 'cmake_clean_cache': False, 'cmake_clean_first': False, 'cmake_force_configure': False, 'cmake_target': None, 'cmake_target_skip_unavailable': False, 'install_base': '/home/student/git/PreyPath_RS1/41068_ws/install/robot_gazebo', 'merge_install': False, 'path': '/home/student/git/PreyPath_RS1/41068_ws/src/robot_gazebo', 'symlink_install': True, 'test_result_base': None}
[0.699s] INFO:colcon.colcon_core.executor:Executing jobs using 'parallel' executor
[0.700s] DEBUG:colcon.colcon_parallel_executor.executor.parallel:run_until_complete
[0.701s] INFO:colcon.colcon_ros.task.ament_cmake.build:Building ROS package in '/home/student/git/PreyPath_RS1/41068_ws/src/41068_ignition_bringup' with build type 'ament_cmake'
[0.701s] INFO:colcon.colcon_cmake.task.cmake.build:Building CMake package in '/home/student/git/PreyPath_RS1/41068_ws/src/41068_ignition_bringup'
[0.750s] INFO:colcon.colcon_core.plugin_system:Skipping extension 'colcon_core.shell.bat': Not used on non-Windows systems
[0.750s] INFO:colcon.colcon_core.shell:Skip shell extension 'powershell' for command environment: Not usable outside of PowerShell
[0.750s] DEBUG:colcon.colcon_core.shell:Skip shell extension 'dsv' for command environment
[0.758s] INFO:colcon.colcon_ros.task.ament_cmake.build:Building ROS package in '/home/student/git/PreyPath_RS1/41068_ws/src/robot_control' with build type 'ament_cmake'
[0.758s] INFO:colcon.colcon_cmake.task.cmake.build:Building CMake package in '/home/student/git/PreyPath_RS1/41068_ws/src/robot_control'
[0.758s] INFO:colcon.colcon_core.shell:Skip shell extension 'powershell' for command environment: Not usable outside of PowerShell
[0.758s] DEBUG:colcon.colcon_core.shell:Skip shell extension 'dsv' for command environment
[0.763s] INFO:colcon.colcon_ros.task.ament_cmake.build:Building ROS package in '/home/student/git/PreyPath_RS1/41068_ws/src/robot_description' with build type 'ament_cmake'
[0.764s] INFO:colcon.colcon_cmake.task.cmake.build:Building CMake package in '/home/student/git/PreyPath_RS1/41068_ws/src/robot_description'
[0.764s] INFO:colcon.colcon_core.shell:Skip shell extension 'powershell' for command environment: Not usable outside of PowerShell
[0.764s] DEBUG:colcon.colcon_core.shell:Skip shell extension 'dsv' for command environment
[0.767s] INFO:colcon.colcon_ros.task.ament_cmake.build:Building ROS package in '/home/student/git/PreyPath_RS1/41068_ws/src/robot_gazebo' with build type 'ament_cmake'
[0.768s] INFO:colcon.colcon_cmake.task.cmake.build:Building CMake package in '/home/student/git/PreyPath_RS1/41068_ws/src/robot_gazebo'
[0.768s] INFO:colcon.colcon_core.shell:Skip shell extension 'powershell' for command environment: Not usable outside of PowerShell
[0.768s] DEBUG:colcon.colcon_core.shell:Skip shell extension 'dsv' for command environment
[0.784s] DEBUG:colcon.colcon_core.event_handler.log_command:Invoking command in '/home/student/git/PreyPath_RS1/41068_ws/build/41068_ignition_bringup': CMAKE_PREFIX_PATH=/opt/ros/humble /usr/bin/cmake --build /home/student/git/PreyPath_RS1/41068_ws/build/41068_ignition_bringup -- -j8 -l8
[0.794s] DEBUG:colcon.colcon_core.event_handler.log_command:Invoking command in '/home/student/git/PreyPath_RS1/41068_ws/build/robot_control': CMAKE_PREFIX_PATH=/opt/ros/humble /usr/bin/cmake --build /home/student/git/PreyPath_RS1/41068_ws/build/robot_control -- -j8 -l8
[0.805s] DEBUG:colcon.colcon_core.event_handler.log_command:Invoking command in '/home/student/git/PreyPath_RS1/41068_ws/build/robot_description': CMAKE_PREFIX_PATH=/opt/ros/humble /usr/bin/cmake --build /home/student/git/PreyPath_RS1/41068_ws/build/robot_description -- -j8 -l8
[0.817s] DEBUG:colcon.colcon_core.event_handler.log_command:Invoking command in '/home/student/git/PreyPath_RS1/41068_ws/build/robot_gazebo': CMAKE_PREFIX_PATH=/opt/ros/humble /usr/bin/cmake --build /home/student/git/PreyPath_RS1/41068_ws/build/robot_gazebo -- -j8 -l8
[0.847s] DEBUG:colcon.colcon_core.event_handler.log_command:Invoked command in '/home/student/git/PreyPath_RS1/41068_ws/build/41068_ignition_bringup' returned '0': CMAKE_PREFIX_PATH=/opt/ros/humble /usr/bin/cmake --build /home/student/git/PreyPath_RS1/41068_ws/build/41068_ignition_bringup -- -j8 -l8
[0.868s] DEBUG:colcon.colcon_core.event_handler.log_command:Invoking command in '/home/student/git/PreyPath_RS1/41068_ws/build/41068_ignition_bringup': CMAKE_PREFIX_PATH=/opt/ros/humble /usr/bin/cmake --install /home/student/git/PreyPath_RS1/41068_ws/build/41068_ignition_bringup
[0.869s] DEBUG:colcon.colcon_core.event_handler.log_command:Invoked command in '/home/student/git/PreyPath_RS1/41068_ws/build/robot_control' returned '0': CMAKE_PREFIX_PATH=/opt/ros/humble /usr/bin/cmake --build /home/student/git/PreyPath_RS1/41068_ws/build/robot_control -- -j8 -l8
[0.878s] DEBUG:colcon.colcon_core.event_handler.log_command:Invoking command in '/home/student/git/PreyPath_RS1/41068_ws/build/robot_control': CMAKE_PREFIX_PATH=/opt/ros/humble /usr/bin/cmake --install /home/student/git/PreyPath_RS1/41068_ws/build/robot_control
[0.879s] DEBUG:colcon.colcon_core.event_handler.log_command:Invoked command in '/home/student/git/PreyPath_RS1/41068_ws/build/robot_gazebo' returned '0': CMAKE_PREFIX_PATH=/opt/ros/humble /usr/bin/cmake --build /home/student/git/PreyPath_RS1/41068_ws/build/robot_gazebo -- -j8 -l8
[0.887s] DEBUG:colcon.colcon_core.event_handler.log_command:Invoking command in '/home/student/git/PreyPath_RS1/41068_ws/build/robot_gazebo': CMAKE_PREFIX_PATH=/opt/ros/humble /usr/bin/cmake --install /home/student/git/PreyPath_RS1/41068_ws/build/robot_gazebo
[0.895s] DEBUG:colcon.colcon_core.event_handler.log_command:Invoked command in '/home/student/git/PreyPath_RS1/41068_ws/build/robot_description' returned '0': CMAKE_PREFIX_PATH=/opt/ros/humble /usr/bin/cmake --build /home/student/git/PreyPath_RS1/41068_ws/build/robot_description -- -j8 -l8
[0.903s] DEBUG:colcon.colcon_core.event_handler.log_command:Invoking command in '/home/student/git/PreyPath_RS1/41068_ws/build/robot_description': CMAKE_PREFIX_PATH=/opt/ros/humble /usr/bin/cmake --install /home/student/git/PreyPath_RS1/41068_ws/build/robot_description
[0.908s] Level 1:colcon.colcon_core.environment:create_environment_scripts_only(41068_ignition_bringup)
[0.912s] DEBUG:colcon.colcon_core.event_handler.log_command:Invoked command in '/home/student/git/PreyPath_RS1/41068_ws/build/41068_ignition_bringup' returned '0': CMAKE_PREFIX_PATH=/opt/ros/humble /usr/bin/cmake --install /home/student/git/PreyPath_RS1/41068_ws/build/41068_ignition_bringup
[0.955s] Level 1:colcon.colcon_core.environment:checking '/home/student/git/PreyPath_RS1/41068_ws/install/41068_ignition_bringup' for CMake module files
[0.955s] Level 1:colcon.colcon_core.environment:checking '/home/student/git/PreyPath_RS1/41068_ws/install/41068_ignition_bringup' for CMake config files
[0.955s] Level 1:colcon.colcon_core.shell:create_environment_hook('41068_ignition_bringup', 'cmake_prefix_path')
[0.956s] INFO:colcon.colcon_core.shell:Creating environment hook '/home/student/git/PreyPath_RS1/41068_ws/install/41068_ignition_bringup/share/41068_ignition_bringup/hook/cmake_prefix_path.ps1'
[0.961s] INFO:colcon.colcon_core.shell:Creating environment descriptor '/home/student/git/PreyPath_RS1/41068_ws/install/41068_ignition_bringup/share/41068_ignition_bringup/hook/cmake_prefix_path.dsv'
[0.964s] INFO:colcon.colcon_core.shell:Creating environment hook '/home/student/git/PreyPath_RS1/41068_ws/install/41068_ignition_bringup/share/41068_ignition_bringup/hook/cmake_prefix_path.sh'
[0.968s] Level 1:colcon.colcon_core.environment:checking '/home/student/git/PreyPath_RS1/41068_ws/install/41068_ignition_bringup/bin'
[0.968s] Level 1:colcon.colcon_core.environment:checking '/home/student/git/PreyPath_RS1/41068_ws/install/41068_ignition_bringup/lib/pkgconfig/41068_ignition_bringup.pc'
[0.968s] Level 1:colcon.colcon_core.environment:checking '/home/student/git/PreyPath_RS1/41068_ws/install/41068_ignition_bringup/lib/python3.10/site-packages'
[0.969s] Level 1:colcon.colcon_core.environment:checking '/home/student/git/PreyPath_RS1/41068_ws/install/41068_ignition_bringup/bin'
[0.969s] INFO:colcon.colcon_core.shell:Creating package script '/home/student/git/PreyPath_RS1/41068_ws/install/41068_ignition_bringup/share/41068_ignition_bringup/package.ps1'
[0.976s] INFO:colcon.colcon_core.shell:Creating package descriptor '/home/student/git/PreyPath_RS1/41068_ws/install/41068_ignition_bringup/share/41068_ignition_bringup/package.dsv'
[0.979s] INFO:colcon.colcon_core.shell:Creating package script '/home/student/git/PreyPath_RS1/41068_ws/install/41068_ignition_bringup/share/41068_ignition_bringup/package.sh'
[0.982s] INFO:colcon.colcon_core.shell:Creating package script '/home/student/git/PreyPath_RS1/41068_ws/install/41068_ignition_bringup/share/41068_ignition_bringup/package.bash'
[0.988s] INFO:colcon.colcon_core.shell:Creating package script '/home/student/git/PreyPath_RS1/41068_ws/install/41068_ignition_bringup/share/41068_ignition_bringup/package.zsh'
[0.993s] Level 1:colcon.colcon_core.environment:create_file_with_runtime_dependencies(/home/student/git/PreyPath_RS1/41068_ws/install/41068_ignition_bringup/share/colcon-core/packages/41068_ignition_bringup)
[0.994s] Level 1:colcon.colcon_core.environment:create_environment_scripts_only(41068_ignition_bringup)
[0.994s] Level 1:colcon.colcon_core.environment:checking '/home/student/git/PreyPath_RS1/41068_ws/install/41068_ignition_bringup' for CMake module files
[0.994s] Level 1:colcon.colcon_core.environment:checking '/home/student/git/PreyPath_RS1/41068_ws/install/41068_ignition_bringup' for CMake config files
[0.995s] Level 1:colcon.colcon_core.shell:create_environment_hook('41068_ignition_bringup', 'cmake_prefix_path')
[0.995s] INFO:colcon.colcon_core.shell:Creating environment hook '/home/student/git/PreyPath_RS1/41068_ws/install/41068_ignition_bringup/share/41068_ignition_bringup/hook/cmake_prefix_path.ps1'
[0.995s] INFO:colcon.colcon_core.shell:Creating environment descriptor '/home/student/git/PreyPath_RS1/41068_ws/install/41068_ignition_bringup/share/41068_ignition_bringup/hook/cmake_prefix_path.dsv'
[0.996s] INFO:colcon.colcon_core.shell:Creating environment hook '/home/student/git/PreyPath_RS1/41068_ws/install/41068_ignition_bringup/share/41068_ignition_bringup/hook/cmake_prefix_path.sh'
[0.996s] Level 1:colcon.colcon_core.environment:checking '/home/student/git/PreyPath_RS1/41068_ws/install/41068_ignition_bringup/bin'
[0.996s] Level 1:colcon.colcon_core.environment:checking '/home/student/git/PreyPath_RS1/41068_ws/install/41068_ignition_bringup/lib/pkgconfig/41068_ignition_bringup.pc'
[0.997s] Level 1:colcon.colcon_core.environment:checking '/home/student/git/PreyPath_RS1/41068_ws/install/41068_ignition_bringup/lib/python3.10/site-packages'
[0.997s] Level 1:colcon.colcon_core.environment:checking '/home/student/git/PreyPath_RS1/41068_ws/install/41068_ignition_bringup/bin'
[0.997s] INFO:colcon.colcon_core.shell:Creating package script '/home/student/git/PreyPath_RS1/41068_ws/install/41068_ignition_bringup/share/41068_ignition_bringup/package.ps1'
[0.998s] INFO:colcon.colcon_core.shell:Creating package descriptor '/home/student/git/PreyPath_RS1/41068_ws/install/41068_ignition_bringup/share/41068_ignition_bringup/package.dsv'
[0.998s] INFO:colcon.colcon_core.shell:Creating package script '/home/student/git/PreyPath_RS1/41068_ws/install/41068_ignition_bringup/share/41068_ignition_bringup/package.sh'
[0.999s] INFO:colcon.colcon_core.shell:Creating package script '/home/student/git/PreyPath_RS1/41068_ws/install/41068_ignition_bringup/share/41068_ignition_bringup/package.bash'
[0.999s] INFO:colcon.colcon_core.shell:Creating package script '/home/student/git/PreyPath_RS1/41068_ws/install/41068_ignition_bringup/share/41068_ignition_bringup/package.zsh'
[0.999s] Level 1:colcon.colcon_core.environment:create_file_with_runtime_dependencies(/home/student/git/PreyPath_RS1/41068_ws/install/41068_ignition_bringup/share/colcon-core/packages/41068_ignition_bringup)
[1.001s] Level 1:colcon.colcon_core.environment:create_environment_scripts_only(robot_control)
[1.001s] Level 1:colcon.colcon_core.environment:checking '/home/student/git/PreyPath_RS1/41068_ws/install/robot_control' for CMake module files
[1.002s] DEBUG:colcon.colcon_core.event_handler.log_command:Invoked command in '/home/student/git/PreyPath_RS1/41068_ws/build/robot_control' returned '0': CMAKE_PREFIX_PATH=/opt/ros/humble /usr/bin/cmake --install /home/student/git/PreyPath_RS1/41068_ws/build/robot_control
[1.003s] Level 1:colcon.colcon_core.environment:checking '/home/student/git/PreyPath_RS1/41068_ws/install/robot_control' for CMake config files
[1.003s] Level 1:colcon.colcon_core.shell:create_environment_hook('robot_control', 'cmake_prefix_path')
[1.003s] INFO:colcon.colcon_core.shell:Creating environment hook '/home/student/git/PreyPath_RS1/41068_ws/install/robot_control/share/robot_control/hook/cmake_prefix_path.ps1'
[1.004s] INFO:colcon.colcon_core.shell:Creating environment descriptor '/home/student/git/PreyPath_RS1/41068_ws/install/robot_control/share/robot_control/hook/cmake_prefix_path.dsv'
[1.004s] INFO:colcon.colcon_core.shell:Creating environment hook '/home/student/git/PreyPath_RS1/41068_ws/install/robot_control/share/robot_control/hook/cmake_prefix_path.sh'
[1.004s] Level 1:colcon.colcon_core.environment:checking '/home/student/git/PreyPath_RS1/41068_ws/install/robot_control/lib'
[1.005s] Level 1:colcon.colcon_core.environment:checking '/home/student/git/PreyPath_RS1/41068_ws/install/robot_control/bin'
[1.005s] Level 1:colcon.colcon_core.environment:checking '/home/student/git/PreyPath_RS1/41068_ws/install/robot_control/lib/pkgconfig/robot_control.pc'
[1.005s] Level 1:colcon.colcon_core.environment:checking '/home/student/git/PreyPath_RS1/41068_ws/install/robot_control/lib/python3.10/site-packages'
[1.005s] Level 1:colcon.colcon_core.environment:checking '/home/student/git/PreyPath_RS1/41068_ws/install/robot_control/bin'
[1.006s] INFO:colcon.colcon_core.shell:Creating package script '/home/student/git/PreyPath_RS1/41068_ws/install/robot_control/share/robot_control/package.ps1'
[1.006s] INFO:colcon.colcon_core.shell:Creating package descriptor '/home/student/git/PreyPath_RS1/41068_ws/install/robot_control/share/robot_control/package.dsv'
[1.006s] INFO:colcon.colcon_core.shell:Creating package script '/home/student/git/PreyPath_RS1/41068_ws/install/robot_control/share/robot_control/package.sh'
[1.007s] INFO:colcon.colcon_core.shell:Creating package script '/home/student/git/PreyPath_RS1/41068_ws/install/robot_control/share/robot_control/package.bash'
[1.007s] INFO:colcon.colcon_core.shell:Creating package script '/home/student/git/PreyPath_RS1/41068_ws/install/robot_control/share/robot_control/package.zsh'
[1.008s] Level 1:colcon.colcon_core.environment:create_file_with_runtime_dependencies(/home/student/git/PreyPath_RS1/41068_ws/install/robot_control/share/colcon-core/packages/robot_control)
[1.008s] Level 1:colcon.colcon_core.environment:create_environment_scripts_only(robot_control)
[1.008s] Level 1:colcon.colcon_core.environment:checking '/home/student/git/PreyPath_RS1/41068_ws/install/robot_control' for CMake module files
[1.009s] Level 1:colcon.colcon_core.environment:checking '/home/student/git/PreyPath_RS1/41068_ws/install/robot_control' for CMake config files
[1.009s] Level 1:colcon.colcon_core.shell:create_environment_hook('robot_control', 'cmake_prefix_path')
[1.009s] INFO:colcon.colcon_core.shell:Creating environment hook '/home/student/git/PreyPath_RS1/41068_ws/install/robot_control/share/robot_control/hook/cmake_prefix_path.ps1'
[1.010s] INFO:colcon.colcon_core.shell:Creating environment descriptor '/home/student/git/PreyPath_RS1/41068_ws/install/robot_control/share/robot_control/hook/cmake_prefix_path.dsv'
[1.010s] INFO:colcon.colcon_core.shell:Creating environment hook '/home/student/git/PreyPath_RS1/41068_ws/install/robot_control/share/robot_control/hook/cmake_prefix_path.sh'
[1.011s] Level 1:colcon.colcon_core.environment:checking '/home/student/git/PreyPath_RS1/41068_ws/install/robot_control/lib'
[1.011s] Level 1:colcon.colcon_core.environment:checking '/home/student/git/PreyPath_RS1/41068_ws/install/robot_control/bin'
[1.011s] Level 1:colcon.colcon_core.environment:checking '/home/student/git/PreyPath_RS1/41068_ws/install/robot_control/lib/pkgconfig/robot_control.pc'
[1.011s] Level 1:colcon.colcon_core.environment:checking '/home/student/git/PreyPath_RS1/41068_ws/install/robot_control/lib/python3.10/site-packages'
[1.011s] Level 1:colcon.colcon_core.environment:checking '/home/student/git/PreyPath_RS1/41068_ws/install/robot_control/bin'
[1.012s] INFO:colcon.colcon_core.shell:Creating package script '/home/student/git/PreyPath_RS1/41068_ws/install/robot_control/share/robot_control/package.ps1'
[1.013s] INFO:colcon.colcon_core.shell:Creating package descriptor '/home/student/git/PreyPath_RS1/41068_ws/install/robot_control/share/robot_control/package.dsv'
[1.013s] INFO:colcon.colcon_core.shell:Creating package script '/home/student/git/PreyPath_RS1/41068_ws/install/robot_control/share/robot_control/package.sh'
[1.014s] INFO:colcon.colcon_core.shell:Creating package script '/home/student/git/PreyPath_RS1/41068_ws/install/robot_control/share/robot_control/package.bash'
[1.014s] INFO:colcon.colcon_core.shell:Creating package script '/home/student/git/PreyPath_RS1/41068_ws/install/robot_control/share/robot_control/package.zsh'
[1.015s] Level 1:colcon.colcon_core.environment:create_file_with_runtime_dependencies(/home/student/git/PreyPath_RS1/41068_ws/install/robot_control/share/colcon-core/packages/robot_control)
[1.015s] Level 1:colcon.colcon_core.environment:create_environment_scripts_only(robot_gazebo)
[1.015s] Level 1:colcon.colcon_core.environment:checking '/home/student/git/PreyPath_RS1/41068_ws/install/robot_gazebo' for CMake module files
[1.016s] Level 1:colcon.colcon_core.environment:checking '/home/student/git/PreyPath_RS1/41068_ws/install/robot_gazebo' for CMake config files
[1.016s] Level 1:colcon.colcon_core.shell:create_environment_hook('robot_gazebo', 'cmake_prefix_path')
[1.017s] INFO:colcon.colcon_core.shell:Creating environment hook '/home/student/git/PreyPath_RS1/41068_ws/install/robot_gazebo/share/robot_gazebo/hook/cmake_prefix_path.ps1'
[1.018s] INFO:colcon.colcon_core.shell:Creating environment descriptor '/home/student/git/PreyPath_RS1/41068_ws/install/robot_gazebo/share/robot_gazebo/hook/cmake_prefix_path.dsv'
[1.018s] DEBUG:colcon.colcon_core.event_handler.log_command:Invoked command in '/home/student/git/PreyPath_RS1/41068_ws/build/robot_gazebo' returned '0': CMAKE_PREFIX_PATH=/opt/ros/humble /usr/bin/cmake --install /home/student/git/PreyPath_RS1/41068_ws/build/robot_gazebo
[1.019s] INFO:colcon.colcon_core.shell:Creating environment hook '/home/student/git/PreyPath_RS1/41068_ws/install/robot_gazebo/share/robot_gazebo/hook/cmake_prefix_path.sh'
[1.019s] Level 1:colcon.colcon_core.environment:checking '/home/student/git/PreyPath_RS1/41068_ws/install/robot_gazebo/bin'
[1.020s] Level 1:colcon.colcon_core.environment:checking '/home/student/git/PreyPath_RS1/41068_ws/install/robot_gazebo/lib/pkgconfig/robot_gazebo.pc'
[1.020s] Level 1:colcon.colcon_core.environment:checking '/home/student/git/PreyPath_RS1/41068_ws/install/robot_gazebo/lib/python3.10/site-packages'
[1.020s] Level 1:colcon.colcon_core.environment:checking '/home/student/git/PreyPath_RS1/41068_ws/install/robot_gazebo/bin'
[1.020s] INFO:colcon.colcon_core.shell:Creating package script '/home/student/git/PreyPath_RS1/41068_ws/install/robot_gazebo/share/robot_gazebo/package.ps1'
[1.021s] INFO:colcon.colcon_core.shell:Creating package descriptor '/home/student/git/PreyPath_RS1/41068_ws/install/robot_gazebo/share/robot_gazebo/package.dsv'
[1.021s] INFO:colcon.colcon_core.shell:Creating package script '/home/student/git/PreyPath_RS1/41068_ws/install/robot_gazebo/share/robot_gazebo/package.sh'
[1.022s] INFO:colcon.colcon_core.shell:Creating package script '/home/student/git/PreyPath_RS1/41068_ws/install/robot_gazebo/share/robot_gazebo/package.bash'
[1.022s] INFO:colcon.colcon_core.shell:Creating package script '/home/student/git/PreyPath_RS1/41068_ws/install/robot_gazebo/share/robot_gazebo/package.zsh'
[1.023s] Level 1:colcon.colcon_core.environment:create_file_with_runtime_dependencies(/home/student/git/PreyPath_RS1/41068_ws/install/robot_gazebo/share/colcon-core/packages/robot_gazebo)
[1.023s] Level 1:colcon.colcon_core.environment:create_environment_scripts_only(robot_gazebo)
[1.023s] Level 1:colcon.colcon_core.environment:checking '/home/student/git/PreyPath_RS1/41068_ws/install/robot_gazebo' for CMake module files
[1.024s] Level 1:colcon.colcon_core.environment:checking '/home/student/git/PreyPath_RS1/41068_ws/install/robot_gazebo' for CMake config files
[1.024s] Level 1:colcon.colcon_core.shell:create_environment_hook('robot_gazebo', 'cmake_prefix_path')
[1.024s] INFO:colcon.colcon_core.shell:Creating environment hook '/home/student/git/PreyPath_RS1/41068_ws/install/robot_gazebo/share/robot_gazebo/hook/cmake_prefix_path.ps1'
[1.025s] INFO:colcon.colcon_core.shell:Creating environment descriptor '/home/student/git/PreyPath_RS1/41068_ws/install/robot_gazebo/share/robot_gazebo/hook/cmake_prefix_path.dsv'
[1.025s] INFO:colcon.colcon_core.shell:Creating environment hook '/home/student/git/PreyPath_RS1/41068_ws/install/robot_gazebo/share/robot_gazebo/hook/cmake_prefix_path.sh'
[1.026s] Level 1:colcon.colcon_core.environment:checking '/home/student/git/PreyPath_RS1/41068_ws/install/robot_gazebo/bin'
[1.026s] Level 1:colcon.colcon_core.environment:checking '/home/student/git/PreyPath_RS1/41068_ws/install/robot_gazebo/lib/pkgconfig/robot_gazebo.pc'
[1.026s] Level 1:colcon.colcon_core.environment:checking '/home/student/git/PreyPath_RS1/41068_ws/install/robot_gazebo/lib/python3.10/site-packages'
[1.026s] Level 1:colcon.colcon_core.environment:checking '/home/student/git/PreyPath_RS1/41068_ws/install/robot_gazebo/bin'
[1.026s] INFO:colcon.colcon_core.shell:Creating package script '/home/student/git/PreyPath_RS1/41068_ws/install/robot_gazebo/share/robot_gazebo/package.ps1'
[1.027s] INFO:colcon.colcon_core.shell:Creating package descriptor '/home/student/git/PreyPath_RS1/41068_ws/install/robot_gazebo/share/robot_gazebo/package.dsv'
[1.027s] INFO:colcon.colcon_core.shell:Creating package script '/home/student/git/PreyPath_RS1/41068_ws/install/robot_gazebo/share/robot_gazebo/package.sh'
[1.028s] INFO:colcon.colcon_core.shell:Creating package script '/home/student/git/PreyPath_RS1/41068_ws/install/robot_gazebo/share/robot_gazebo/package.bash'
[1.028s] INFO:colcon.colcon_core.shell:Creating package script '/home/student/git/PreyPath_RS1/41068_ws/install/robot_gazebo/share/robot_gazebo/package.zsh'
[1.029s] Level 1:colcon.colcon_core.environment:create_file_with_runtime_dependencies(/home/student/git/PreyPath_RS1/41068_ws/install/robot_gazebo/share/colcon-core/packages/robot_gazebo)
[1.030s] Level 1:colcon.colcon_core.environment:create_environment_scripts_only(robot_description)
[1.030s] Level 1:colcon.colcon_core.environment:checking '/home/student/git/PreyPath_RS1/41068_ws/install/robot_description' for CMake module files
[1.032s] DEBUG:colcon.colcon_core.event_handler.log_command:Invoked command in '/home/student/git/PreyPath_RS1/41068_ws/build/robot_description' returned '0': CMAKE_PREFIX_PATH=/opt/ros/humble /usr/bin/cmake --install /home/student/git/PreyPath_RS1/41068_ws/build/robot_description
[1.032s] Level 1:colcon.colcon_core.environment:checking '/home/student/git/PreyPath_RS1/41068_ws/install/robot_description' for CMake config files
[1.032s] Level 1:colcon.colcon_core.shell:create_environment_hook('robot_description', 'cmake_prefix_path')
[1.032s] INFO:colcon.colcon_core.shell:Creating environment hook '/home/student/git/PreyPath_RS1/41068_ws/install/robot_description/share/robot_description/hook/cmake_prefix_path.ps1'
[1.033s] INFO:colcon.colcon_core.shell:Creating environment descriptor '/home/student/git/PreyPath_RS1/41068_ws/install/robot_description/share/robot_description/hook/cmake_prefix_path.dsv'
[1.033s] INFO:colcon.colcon_core.shell:Creating environment hook '/home/student/git/PreyPath_RS1/41068_ws/install/robot_description/share/robot_description/hook/cmake_prefix_path.sh'
[1.034s] Level 1:colcon.colcon_core.environment:checking '/home/student/git/PreyPath_RS1/41068_ws/install/robot_description/bin'
[1.034s] Level 1:colcon.colcon_core.environment:checking '/home/student/git/PreyPath_RS1/41068_ws/install/robot_description/lib/pkgconfig/robot_description.pc'
[1.034s] Level 1:colcon.colcon_core.environment:checking '/home/student/git/PreyPath_RS1/41068_ws/install/robot_description/lib/python3.10/site-packages'
[1.034s] Level 1:colcon.colcon_core.environment:checking '/home/student/git/PreyPath_RS1/41068_ws/install/robot_description/bin'
[1.034s] INFO:colcon.colcon_core.shell:Creating package script '/home/student/git/PreyPath_RS1/41068_ws/install/robot_description/share/robot_description/package.ps1'
[1.035s] INFO:colcon.colcon_core.shell:Creating package descriptor '/home/student/git/PreyPath_RS1/41068_ws/install/robot_description/share/robot_description/package.dsv'
[1.035s] INFO:colcon.colcon_core.shell:Creating package script '/home/student/git/PreyPath_RS1/41068_ws/install/robot_description/share/robot_description/package.sh'
[1.036s] INFO:colcon.colcon_core.shell:Creating package script '/home/student/git/PreyPath_RS1/41068_ws/install/robot_description/share/robot_description/package.bash'
[1.036s] INFO:colcon.colcon_core.shell:Creating package script '/home/student/git/PreyPath_RS1/41068_ws/install/robot_description/share/robot_description/package.zsh'
[1.037s] Level 1:colcon.colcon_core.environment:create_file_with_runtime_dependencies(/home/student/git/PreyPath_RS1/41068_ws/install/robot_description/share/colcon-core/packages/robot_description)
[1.038s] Level 1:colcon.colcon_core.environment:create_environment_scripts_only(robot_description)
[1.038s] Level 1:colcon.colcon_core.environment:checking '/home/student/git/PreyPath_RS1/41068_ws/install/robot_description' for CMake module files
[1.039s] Level 1:colcon.colcon_core.environment:checking '/home/student/git/PreyPath_RS1/41068_ws/install/robot_description' for CMake config files
[1.039s] Level 1:colcon.colcon_core.shell:create_environment_hook('robot_description', 'cmake_prefix_path')
[1.039s] INFO:colcon.colcon_core.shell:Creating environment hook '/home/student/git/PreyPath_RS1/41068_ws/install/robot_description/share/robot_description/hook/cmake_prefix_path.ps1'
[1.039s] INFO:colcon.colcon_core.shell:Creating environment descriptor '/home/student/git/PreyPath_RS1/41068_ws/install/robot_description/share/robot_description/hook/cmake_prefix_path.dsv'
[1.040s] INFO:colcon.colcon_core.shell:Creating environment hook '/home/student/git/PreyPath_RS1/41068_ws/install/robot_description/share/robot_description/hook/cmake_prefix_path.sh'
[1.040s] Level 1:colcon.colcon_core.environment:checking '/home/student/git/PreyPath_RS1/41068_ws/install/robot_description/bin'
[1.040s] Level 1:colcon.colcon_core.environment:checking '/home/student/git/PreyPath_RS1/41068_ws/install/robot_description/lib/pkgconfig/robot_description.pc'
[1.041s] Level 1:colcon.colcon_core.environment:checking '/home/student/git/PreyPath_RS1/41068_ws/install/robot_description/lib/python3.10/site-packages'
[1.041s] Level 1:colcon.colcon_core.environment:checking '/home/student/git/PreyPath_RS1/41068_ws/install/robot_description/bin'
[1.041s] INFO:colcon.colcon_core.shell:Creating package script '/home/student/git/PreyPath_RS1/41068_ws/install/robot_description/share/robot_description/package.ps1'
[1.042s] INFO:colcon.colcon_core.shell:Creating package descriptor '/home/student/git/PreyPath_RS1/41068_ws/install/robot_description/share/robot_description/package.dsv'
[1.042s] INFO:colcon.colcon_core.shell:Creating package script '/home/student/git/PreyPath_RS1/41068_ws/install/robot_description/share/robot_description/package.sh'
[1.066s] INFO:colcon.colcon_core.shell:Creating package script '/home/student/git/PreyPath_RS1/41068_ws/install/robot_description/share/robot_description/package.bash'
[1.066s] INFO:colcon.colcon_core.shell:Creating package script '/home/student/git/PreyPath_RS1/41068_ws/install/robot_description/share/robot_description/package.zsh'
[1.067s] Level 1:colcon.colcon_core.environment:create_file_with_runtime_dependencies(/home/student/git/PreyPath_RS1/41068_ws/install/robot_description/share/colcon-core/packages/robot_description)
[1.067s] DEBUG:colcon.colcon_parallel_executor.executor.parallel:closing loop
[1.068s] DEBUG:colcon.colcon_parallel_executor.executor.parallel:loop closed
[1.068s] DEBUG:colcon.colcon_parallel_executor.executor.parallel:run_until_complete finished with '0'
[1.068s] DEBUG:colcon.colcon_core.event_reactor:joining thread
[1.094s] INFO:colcon.colcon_core.plugin_system:Skipping extension 'colcon_notification.desktop_notification.terminal_notifier': Not used on non-Darwin systems
[1.094s] INFO:colcon.colcon_core.plugin_system:Skipping extension 'colcon_notification.desktop_notification.win32': Not used on non-Windows systems
[1.094s] INFO:colcon.colcon_notification.desktop_notification:Sending desktop notification using 'notify2'
[1.119s] DEBUG:colcon.colcon_core.event_reactor:joined thread
[1.119s] INFO:colcon.colcon_core.shell:Creating prefix script '/home/student/git/PreyPath_RS1/41068_ws/install/local_setup.ps1'
[1.125s] INFO:colcon.colcon_core.shell:Creating prefix util module '/home/student/git/PreyPath_RS1/41068_ws/install/_local_setup_util_ps1.py'
[1.132s] INFO:colcon.colcon_core.shell:Creating prefix chain script '/home/student/git/PreyPath_RS1/41068_ws/install/setup.ps1'
[1.149s] INFO:colcon.colcon_core.shell:Creating prefix script '/home/student/git/PreyPath_RS1/41068_ws/install/local_setup.sh'
[1.153s] INFO:colcon.colcon_core.shell:Creating prefix util module '/home/student/git/PreyPath_RS1/41068_ws/install/_local_setup_util_sh.py'
[1.153s] INFO:colcon.colcon_core.shell:Creating prefix chain script '/home/student/git/PreyPath_RS1/41068_ws/install/setup.sh'
[1.157s] INFO:colcon.colcon_core.shell:Creating prefix script '/home/student/git/PreyPath_RS1/41068_ws/install/local_setup.bash'
[1.162s] INFO:colcon.colcon_core.shell:Creating prefix chain script '/home/student/git/PreyPath_RS1/41068_ws/install/setup.bash'
[1.166s] INFO:colcon.colcon_core.shell:Creating prefix script '/home/student/git/PreyPath_RS1/41068_ws/install/local_setup.zsh'
[1.171s] INFO:colcon.colcon_core.shell:Creating prefix chain script '/home/student/git/PreyPath_RS1/41068_ws/install/setup.zsh'
