[0.026s] Invoking command in '/home/student/git/PreyPath_RS1/41068_ws/build/robot_gazebo': CMAKE_PREFIX_PATH=${CMAKE_PREFIX_PATH}:/opt/ros/humble /usr/bin/cmake --build /home/student/git/PreyPath_RS1/41068_ws/build/robot_gazebo -- -j8 -l8
[0.078s] Invoked command in '/home/student/git/PreyPath_RS1/41068_ws/build/robot_gazebo' returned '0': CMAKE_PREFIX_PATH=${CMAKE_PREFIX_PATH}:/opt/ros/humble /usr/bin/cmake --build /home/student/git/PreyPath_RS1/41068_ws/build/robot_gazebo -- -j8 -l8
[0.079s] Invoking command in '/home/student/git/PreyPath_RS1/41068_ws/build/robot_gazebo': CMAKE_PREFIX_PATH=${CMAKE_PREFIX_PATH}:/opt/ros/humble /usr/bin/cmake --install /home/student/git/PreyPath_RS1/41068_ws/build/robot_gazebo
[0.096s] -- Install configuration: ""
[0.100s] -- Execute custom install script
[0.101s] -- Up-to-date symlink: /home/student/git/PreyPath_RS1/41068_ws/install/robot_gazebo/share/robot_gazebo/launch/main.launch.py
[0.103s] -- Up-to-date symlink: /home/student/git/PreyPath_RS1/41068_ws/install/robot_gazebo/share/robot_gazebo/worlds/ground_plane/model-1_2.sdf
[0.103s] -- Up-to-date symlink: /home/student/git/PreyPath_RS1/41068_ws/install/robot_gazebo/share/robot_gazebo/worlds/ground_plane/model-1_3.sdf
[0.104s] -- Up-to-date symlink: /home/student/git/PreyPath_RS1/41068_ws/install/robot_gazebo/share/robot_gazebo/worlds/ground_plane/model-1_4.sdf
[0.104s] -- Up-to-date symlink: /home/student/git/PreyPath_RS1/41068_ws/install/robot_gazebo/share/robot_gazebo/worlds/ground_plane/model.config
[0.104s] -- Up-to-date symlink: /home/student/git/PreyPath_RS1/41068_ws/install/robot_gazebo/share/robot_gazebo/worlds/ground_plane/model.sdf
[0.104s] -- Up-to-date symlink: /home/student/git/PreyPath_RS1/41068_ws/install/robot_gazebo/share/robot_gazebo/worlds/obstacles.sdf
[0.104s] -- Up-to-date symlink: /home/student/git/PreyPath_RS1/41068_ws/install/robot_gazebo/share/robot_gazebo/worlds/obstacles_stage/meshes/spot_stage.dae
[0.104s] -- Up-to-date symlink: /home/student/git/PreyPath_RS1/41068_ws/install/robot_gazebo/share/robot_gazebo/worlds/obstacles_stage/meshes/spot_stage.stl
[0.104s] -- Up-to-date symlink: /home/student/git/PreyPath_RS1/41068_ws/install/robot_gazebo/share/robot_gazebo/worlds/obstacles_stage/model.config
[0.105s] -- Up-to-date symlink: /home/student/git/PreyPath_RS1/41068_ws/install/robot_gazebo/share/robot_gazebo/worlds/obstacles_stage/model.sdf
[0.105s] -- Up-to-date symlink: /home/student/git/PreyPath_RS1/41068_ws/install/robot_gazebo/share/robot_gazebo/worlds/path_tracking.sdf
[0.105s] -- Up-to-date symlink: /home/student/git/PreyPath_RS1/41068_ws/install/robot_gazebo/share/robot_gazebo/worlds/path_tracking_stage/meshes/path_tracking_stage.dae
[0.105s] -- Up-to-date symlink: /home/student/git/PreyPath_RS1/41068_ws/install/robot_gazebo/share/robot_gazebo/worlds/path_tracking_stage/meshes/path_tracking_stage.stl
[0.105s] -- Up-to-date symlink: /home/student/git/PreyPath_RS1/41068_ws/install/robot_gazebo/share/robot_gazebo/worlds/path_tracking_stage/meshes/stage.png
[0.106s] -- Up-to-date symlink: /home/student/git/PreyPath_RS1/41068_ws/install/robot_gazebo/share/robot_gazebo/worlds/path_tracking_stage/model.config
[0.106s] -- Up-to-date symlink: /home/student/git/PreyPath_RS1/41068_ws/install/robot_gazebo/share/robot_gazebo/worlds/path_tracking_stage/model.sdf
[0.106s] -- Up-to-date symlink: /home/student/git/PreyPath_RS1/41068_ws/install/robot_gazebo/share/robot_gazebo/worlds/sun/model-1_2.sdf
[0.106s] -- Up-to-date symlink: /home/student/git/PreyPath_RS1/41068_ws/install/robot_gazebo/share/robot_gazebo/worlds/sun/model-1_3.sdf
[0.106s] -- Up-to-date symlink: /home/student/git/PreyPath_RS1/41068_ws/install/robot_gazebo/share/robot_gazebo/worlds/sun/model-1_4.sdf
[0.106s] -- Up-to-date symlink: /home/student/git/PreyPath_RS1/41068_ws/install/robot_gazebo/share/robot_gazebo/worlds/sun/model.config
[0.106s] -- Up-to-date symlink: /home/student/git/PreyPath_RS1/41068_ws/install/robot_gazebo/share/robot_gazebo/worlds/sun/model.sdf
[0.114s] -- Up-to-date symlink: /home/student/git/PreyPath_RS1/41068_ws/install/robot_gazebo/share/ament_index/resource_index/package_run_dependencies/robot_gazebo
[0.115s] -- Up-to-date symlink: /home/student/git/PreyPath_RS1/41068_ws/install/robot_gazebo/share/ament_index/resource_index/parent_prefix_path/robot_gazebo
[0.116s] -- Up-to-date symlink: /home/student/git/PreyPath_RS1/41068_ws/install/robot_gazebo/share/robot_gazebo/environment/ament_prefix_path.sh
[0.125s] -- Up-to-date symlink: /home/student/git/PreyPath_RS1/41068_ws/install/robot_gazebo/share/robot_gazebo/environment/ament_prefix_path.dsv
[0.125s] -- Up-to-date symlink: /home/student/git/PreyPath_RS1/41068_ws/install/robot_gazebo/share/robot_gazebo/environment/path.sh
[0.126s] -- Up-to-date symlink: /home/student/git/PreyPath_RS1/41068_ws/install/robot_gazebo/share/robot_gazebo/environment/path.dsv
[0.126s] -- Up-to-date symlink: /home/student/git/PreyPath_RS1/41068_ws/install/robot_gazebo/share/robot_gazebo/local_setup.bash
[0.127s] -- Up-to-date symlink: /home/student/git/PreyPath_RS1/41068_ws/install/robot_gazebo/share/robot_gazebo/local_setup.sh
[0.127s] -- Up-to-date symlink: /home/student/git/PreyPath_RS1/41068_ws/install/robot_gazebo/share/robot_gazebo/local_setup.zsh
[0.127s] -- Up-to-date symlink: /home/student/git/PreyPath_RS1/41068_ws/install/robot_gazebo/share/robot_gazebo/local_setup.dsv
[0.127s] -- Symlinking: /home/student/git/PreyPath_RS1/41068_ws/install/robot_gazebo/share/robot_gazebo/package.dsv
[0.137s] -- Up-to-date symlink: /home/student/git/PreyPath_RS1/41068_ws/install/robot_gazebo/share/ament_index/resource_index/packages/robot_gazebo
[0.137s] -- Up-to-date symlink: /home/student/git/PreyPath_RS1/41068_ws/install/robot_gazebo/share/robot_gazebo/cmake/robot_gazeboConfig.cmake
[0.137s] -- Up-to-date symlink: /home/student/git/PreyPath_RS1/41068_ws/install/robot_gazebo/share/robot_gazebo/cmake/robot_gazeboConfig-version.cmake
[0.137s] -- Up-to-date symlink: /home/student/git/PreyPath_RS1/41068_ws/install/robot_gazebo/share/robot_gazebo/package.xml
[0.141s] Invoked command in '/home/student/git/PreyPath_RS1/41068_ws/build/robot_gazebo' returned '0': CMAKE_PREFIX_PATH=${CMAKE_PREFIX_PATH}:/opt/ros/humble /usr/bin/cmake --install /home/student/git/PreyPath_RS1/41068_ws/build/robot_gazebo
