-- Install configuration: ""
-- Up-to-date: /home/jonathan/git/PreyPath_RS1/sensor/install/preypath_slam/share/preypath_slam/launch
-- Up-to-date: /home/jonathan/git/PreyPath_RS1/sensor/install/preypath_slam/share/preypath_slam/launch/slam2d_stub.launch.py
-- Up-to-date: /home/jonathan/git/PreyPath_RS1/sensor/install/preypath_slam/share/preypath_slam/config
-- Up-to-date: /home/jonathan/git/PreyPath_RS1/sensor/install/preypath_slam/share/preypath_slam/config/README.md
-- Up-to-date: /home/jonathan/git/PreyPath_RS1/sensor/install/preypath_slam/share/ament_index/resource_index/package_run_dependencies/preypath_slam
-- Up-to-date: /home/jonathan/git/PreyPath_RS1/sensor/install/preypath_slam/share/ament_index/resource_index/parent_prefix_path/preypath_slam
-- Up-to-date: /home/jonathan/git/PreyPath_RS1/sensor/install/preypath_slam/share/preypath_slam/environment/ament_prefix_path.sh
-- Up-to-date: /home/jonathan/git/PreyPath_RS1/sensor/install/preypath_slam/share/preypath_slam/environment/ament_prefix_path.dsv
-- Up-to-date: /home/jonathan/git/PreyPath_RS1/sensor/install/preypath_slam/share/preypath_slam/environment/path.sh
-- Up-to-date: /home/jonathan/git/PreyPath_RS1/sensor/install/preypath_slam/share/preypath_slam/environment/path.dsv
-- Up-to-date: /home/jonathan/git/PreyPath_RS1/sensor/install/preypath_slam/share/preypath_slam/local_setup.bash
-- Up-to-date: /home/jonathan/git/PreyPath_RS1/sensor/install/preypath_slam/share/preypath_slam/local_setup.sh
-- Up-to-date: /home/jonathan/git/PreyPath_RS1/sensor/install/preypath_slam/share/preypath_slam/local_setup.zsh
-- Up-to-date: /home/jonathan/git/PreyPath_RS1/sensor/install/preypath_slam/share/preypath_slam/local_setup.dsv
-- Up-to-date: /home/jonathan/git/PreyPath_RS1/sensor/install/preypath_slam/share/preypath_slam/package.dsv
-- Up-to-date: /home/jonathan/git/PreyPath_RS1/sensor/install/preypath_slam/share/ament_index/resource_index/packages/preypath_slam
-- Up-to-date: /home/jonathan/git/PreyPath_RS1/sensor/install/preypath_slam/share/preypath_slam/cmake/preypath_slamConfig.cmake
-- Up-to-date: /home/jonathan/git/PreyPath_RS1/sensor/install/preypath_slam/share/preypath_slam/cmake/preypath_slamConfig-version.cmake
-- Up-to-date: /home/jonathan/git/PreyPath_RS1/sensor/install/preypath_slam/share/preypath_slam/package.xml
