[0.274s] Invoking command in '/home/jonathan/git/PreyPath_RS1/sensor/build/preypath_slam': /usr/bin/cmake --build /home/jonathan/git/PreyPath_RS1/sensor/build/preypath_slam -- -j8 -l8
[0.323s] Invoked command in '/home/jonathan/git/PreyPath_RS1/sensor/build/preypath_slam' returned '0': /usr/bin/cmake --build /home/jonathan/git/PreyPath_RS1/sensor/build/preypath_slam -- -j8 -l8
[0.336s] Invoking command in '/home/jonathan/git/PreyPath_RS1/sensor/build/preypath_slam': /usr/bin/cmake --install /home/jonathan/git/PreyPath_RS1/sensor/build/preypath_slam
[0.345s] -- Install configuration: ""
[0.345s] -- Up-to-date: /home/jonathan/git/PreyPath_RS1/sensor/install/preypath_slam/share/preypath_slam/launch
[0.345s] -- Up-to-date: /home/jonathan/git/PreyPath_RS1/sensor/install/preypath_slam/share/preypath_slam/launch/slam2d_stub.launch.py
[0.345s] -- Up-to-date: /home/jonathan/git/PreyPath_RS1/sensor/install/preypath_slam/share/preypath_slam/config
[0.345s] -- Up-to-date: /home/jonathan/git/PreyPath_RS1/sensor/install/preypath_slam/share/preypath_slam/config/README.md
[0.345s] -- Up-to-date: /home/jonathan/git/PreyPath_RS1/sensor/install/preypath_slam/share/ament_index/resource_index/package_run_dependencies/preypath_slam
[0.346s] -- Up-to-date: /home/jonathan/git/PreyPath_RS1/sensor/install/preypath_slam/share/ament_index/resource_index/parent_prefix_path/preypath_slam
[0.346s] -- Up-to-date: /home/jonathan/git/PreyPath_RS1/sensor/install/preypath_slam/share/preypath_slam/environment/ament_prefix_path.sh
[0.346s] -- Up-to-date: /home/jonathan/git/PreyPath_RS1/sensor/install/preypath_slam/share/preypath_slam/environment/ament_prefix_path.dsv
[0.346s] -- Up-to-date: /home/jonathan/git/PreyPath_RS1/sensor/install/preypath_slam/share/preypath_slam/environment/path.sh
[0.346s] -- Up-to-date: /home/jonathan/git/PreyPath_RS1/sensor/install/preypath_slam/share/preypath_slam/environment/path.dsv
[0.346s] -- Up-to-date: /home/jonathan/git/PreyPath_RS1/sensor/install/preypath_slam/share/preypath_slam/local_setup.bash
[0.346s] -- Up-to-date: /home/jonathan/git/PreyPath_RS1/sensor/install/preypath_slam/share/preypath_slam/local_setup.sh
[0.346s] -- Up-to-date: /home/jonathan/git/PreyPath_RS1/sensor/install/preypath_slam/share/preypath_slam/local_setup.zsh
[0.346s] -- Up-to-date: /home/jonathan/git/PreyPath_RS1/sensor/install/preypath_slam/share/preypath_slam/local_setup.dsv
[0.346s] -- Up-to-date: /home/jonathan/git/PreyPath_RS1/sensor/install/preypath_slam/share/preypath_slam/package.dsv
[0.346s] -- Up-to-date: /home/jonathan/git/PreyPath_RS1/sensor/install/preypath_slam/share/ament_index/resource_index/packages/preypath_slam
[0.346s] -- Up-to-date: /home/jonathan/git/PreyPath_RS1/sensor/install/preypath_slam/share/preypath_slam/cmake/preypath_slamConfig.cmake
[0.346s] -- Up-to-date: /home/jonathan/git/PreyPath_RS1/sensor/install/preypath_slam/share/preypath_slam/cmake/preypath_slamConfig-version.cmake
[0.346s] -- Up-to-date: /home/jonathan/git/PreyPath_RS1/sensor/install/preypath_slam/share/preypath_slam/package.xml
[0.348s] Invoked command in '/home/jonathan/git/PreyPath_RS1/sensor/build/preypath_slam' returned '0': /usr/bin/cmake --install /home/jonathan/git/PreyPath_RS1/sensor/build/preypath_slam
