[0.099s] DEBUG:colcon:Command line arguments: ['/usr/bin/colcon', 'build', '--symlink-install']
[0.099s] DEBUG:colcon:Parsed command line arguments: Namespace(log_base=None, log_level=None, verb_name='build', build_base='build', install_base='install', merge_install=False, symlink_install=True, test_result_base=None, continue_on_error=False, executor='parallel', parallel_workers=8, event_handlers=None, ignore_user_meta=False, metas=['./colcon.meta'], base_paths=['.'], packages_ignore=None, packages_ignore_regex=None, paths=None, packages_up_to=None, packages_up_to_regex=None, packages_above=None, packages_above_and_dependencies=None, packages_above_depth=None, packages_select_by_dep=None, packages_skip_by_dep=None, packages_skip_up_to=None, packages_select_build_failed=False, packages_skip_build_finished=False, packages_select_test_failures=False, packages_skip_test_passed=False, packages_select=None, packages_skip=None, packages_select_regex=None, packages_skip_regex=None, packages_start=None, packages_end=None, allow_overriding=[], cmake_args=None, cmake_target=None, cmake_target_skip_unavailable=False, cmake_clean_cache=False, cmake_clean_first=False, cmake_force_configure=False, ament_cmake_args=None, catkin_cmake_args=None, catkin_skip_building_tests=False, mixin_files=None, mixin=None, verb_parser=<colcon_mixin.mixin.mixin_argument.MixinArgumentDecorator object at 0x78de4c55e830>, verb_extension=<colcon_core.verb.build.BuildVerb object at 0x78de4c55db10>, main=<bound method BuildVerb.main of <colcon_core.verb.build.BuildVerb object at 0x78de4c55db10>>, mixin_verb=('build',))
[0.244s] Level 1:colcon.colcon_core.package_discovery:discover_packages(colcon_meta) check parameters
[0.244s] Level 1:colcon.colcon_core.package_discovery:discover_packages(recursive) check parameters
[0.244s] Level 1:colcon.colcon_core.package_discovery:discover_packages(ignore) check parameters
[0.244s] Level 1:colcon.colcon_core.package_discovery:discover_packages(path) check parameters
[0.244s] Level 1:colcon.colcon_core.package_discovery:discover_packages(colcon_meta) discover
[0.244s] Level 1:colcon.colcon_core.package_discovery:discover_packages(recursive) discover
[0.244s] INFO:colcon.colcon_core.package_discovery:Crawling recursively for packages in '/home/jonathan/git/PreyPath_RS1/sensor'
[0.244s] Level 1:colcon.colcon_core.package_identification:_identify(.) by extensions ['ignore', 'ignore_ament_install']
[0.244s] Level 1:colcon.colcon_core.package_identification:_identify(.) by extension 'ignore'
[0.244s] Level 1:colcon.colcon_core.package_identification:_identify(.) by extension 'ignore_ament_install'
[0.244s] Level 1:colcon.colcon_core.package_identification:_identify(.) by extensions ['colcon_pkg']
[0.244s] Level 1:colcon.colcon_core.package_identification:_identify(.) by extension 'colcon_pkg'
[0.244s] Level 1:colcon.colcon_core.package_identification:_identify(.) by extensions ['colcon_meta']
[0.244s] Level 1:colcon.colcon_core.package_identification:_identify(.) by extension 'colcon_meta'
[0.244s] Level 1:colcon.colcon_core.package_identification:_identify(.) by extensions ['ros']
[0.244s] Level 1:colcon.colcon_core.package_identification:_identify(.) by extension 'ros'
[0.254s] Level 1:colcon.colcon_core.package_identification:_identify(.) by extensions ['cmake', 'python']
[0.254s] Level 1:colcon.colcon_core.package_identification:_identify(.) by extension 'cmake'
[0.254s] Level 1:colcon.colcon_core.package_identification:_identify(.) by extension 'python'
[0.254s] Level 1:colcon.colcon_core.package_identification:_identify(.) by extensions ['python_setup_py']
[0.254s] Level 1:colcon.colcon_core.package_identification:_identify(.) by extension 'python_setup_py'
[0.254s] Level 1:colcon.colcon_core.package_identification:_identify(build) by extensions ['ignore', 'ignore_ament_install']
[0.254s] Level 1:colcon.colcon_core.package_identification:_identify(build) by extension 'ignore'
[0.254s] Level 1:colcon.colcon_core.package_identification:_identify(build) ignored
[0.254s] Level 1:colcon.colcon_core.package_identification:_identify(install) by extensions ['ignore', 'ignore_ament_install']
[0.254s] Level 1:colcon.colcon_core.package_identification:_identify(install) by extension 'ignore'
[0.254s] Level 1:colcon.colcon_core.package_identification:_identify(install) ignored
[0.254s] Level 1:colcon.colcon_core.package_identification:_identify(log) by extensions ['ignore', 'ignore_ament_install']
[0.254s] Level 1:colcon.colcon_core.package_identification:_identify(log) by extension 'ignore'
[0.254s] Level 1:colcon.colcon_core.package_identification:_identify(log) ignored
[0.255s] Level 1:colcon.colcon_core.package_identification:_identify(src) by extensions ['ignore', 'ignore_ament_install']
[0.255s] Level 1:colcon.colcon_core.package_identification:_identify(src) by extension 'ignore'
[0.255s] Level 1:colcon.colcon_core.package_identification:_identify(src) by extension 'ignore_ament_install'
[0.255s] Level 1:colcon.colcon_core.package_identification:_identify(src) by extensions ['colcon_pkg']
[0.255s] Level 1:colcon.colcon_core.package_identification:_identify(src) by extension 'colcon_pkg'
[0.255s] Level 1:colcon.colcon_core.package_identification:_identify(src) by extensions ['colcon_meta']
[0.255s] Level 1:colcon.colcon_core.package_identification:_identify(src) by extension 'colcon_meta'
[0.255s] Level 1:colcon.colcon_core.package_identification:_identify(src) by extensions ['ros']
[0.255s] Level 1:colcon.colcon_core.package_identification:_identify(src) by extension 'ros'
[0.255s] Level 1:colcon.colcon_core.package_identification:_identify(src) by extensions ['cmake', 'python']
[0.255s] Level 1:colcon.colcon_core.package_identification:_identify(src) by extension 'cmake'
[0.255s] Level 1:colcon.colcon_core.package_identification:_identify(src) by extension 'python'
[0.255s] Level 1:colcon.colcon_core.package_identification:_identify(src) by extensions ['python_setup_py']
[0.255s] Level 1:colcon.colcon_core.package_identification:_identify(src) by extension 'python_setup_py'
[0.255s] Level 1:colcon.colcon_core.package_identification:_identify(src/preypath_bringup) by extensions ['ignore', 'ignore_ament_install']
[0.255s] Level 1:colcon.colcon_core.package_identification:_identify(src/preypath_bringup) by extension 'ignore'
[0.255s] Level 1:colcon.colcon_core.package_identification:_identify(src/preypath_bringup) by extension 'ignore_ament_install'
[0.255s] Level 1:colcon.colcon_core.package_identification:_identify(src/preypath_bringup) by extensions ['colcon_pkg']
[0.255s] Level 1:colcon.colcon_core.package_identification:_identify(src/preypath_bringup) by extension 'colcon_pkg'
[0.255s] Level 1:colcon.colcon_core.package_identification:_identify(src/preypath_bringup) by extensions ['colcon_meta']
[0.255s] Level 1:colcon.colcon_core.package_identification:_identify(src/preypath_bringup) by extension 'colcon_meta'
[0.255s] Level 1:colcon.colcon_core.package_identification:_identify(src/preypath_bringup) by extensions ['ros']
[0.255s] Level 1:colcon.colcon_core.package_identification:_identify(src/preypath_bringup) by extension 'ros'
[0.257s] DEBUG:colcon.colcon_core.package_identification:Package 'src/preypath_bringup' with type 'ros.catkin' and name 'preypath_bringup'
[0.258s] Level 1:colcon.colcon_core.package_identification:_identify(src/preypath_sensors) by extensions ['ignore', 'ignore_ament_install']
[0.258s] Level 1:colcon.colcon_core.package_identification:_identify(src/preypath_sensors) by extension 'ignore'
[0.258s] Level 1:colcon.colcon_core.package_identification:_identify(src/preypath_sensors) by extension 'ignore_ament_install'
[0.258s] Level 1:colcon.colcon_core.package_identification:_identify(src/preypath_sensors) by extensions ['colcon_pkg']
[0.258s] Level 1:colcon.colcon_core.package_identification:_identify(src/preypath_sensors) by extension 'colcon_pkg'
[0.258s] Level 1:colcon.colcon_core.package_identification:_identify(src/preypath_sensors) by extensions ['colcon_meta']
[0.258s] Level 1:colcon.colcon_core.package_identification:_identify(src/preypath_sensors) by extension 'colcon_meta'
[0.258s] Level 1:colcon.colcon_core.package_identification:_identify(src/preypath_sensors) by extensions ['ros']
[0.258s] Level 1:colcon.colcon_core.package_identification:_identify(src/preypath_sensors) by extension 'ros'
[0.259s] DEBUG:colcon.colcon_core.package_identification:Package 'src/preypath_sensors' with type 'ros.ament_python' and name 'preypath_sensors'
[0.259s] Level 1:colcon.colcon_core.package_identification:_identify(src/preypath_slam) by extensions ['ignore', 'ignore_ament_install']
[0.259s] Level 1:colcon.colcon_core.package_identification:_identify(src/preypath_slam) by extension 'ignore'
[0.259s] Level 1:colcon.colcon_core.package_identification:_identify(src/preypath_slam) by extension 'ignore_ament_install'
[0.259s] Level 1:colcon.colcon_core.package_identification:_identify(src/preypath_slam) by extensions ['colcon_pkg']
[0.259s] Level 1:colcon.colcon_core.package_identification:_identify(src/preypath_slam) by extension 'colcon_pkg'
[0.259s] Level 1:colcon.colcon_core.package_identification:_identify(src/preypath_slam) by extensions ['colcon_meta']
[0.259s] Level 1:colcon.colcon_core.package_identification:_identify(src/preypath_slam) by extension 'colcon_meta'
[0.259s] Level 1:colcon.colcon_core.package_identification:_identify(src/preypath_slam) by extensions ['ros']
[0.259s] Level 1:colcon.colcon_core.package_identification:_identify(src/preypath_slam) by extension 'ros'
[0.260s] DEBUG:colcon.colcon_core.package_identification:Package 'src/preypath_slam' with type 'ros.catkin' and name 'preypath_slam'
[0.260s] Level 1:colcon.colcon_core.package_discovery:discover_packages(recursive) using defaults
[0.260s] Level 1:colcon.colcon_core.package_discovery:discover_packages(ignore) discover
[0.260s] Level 1:colcon.colcon_core.package_discovery:discover_packages(ignore) using defaults
[0.260s] Level 1:colcon.colcon_core.package_discovery:discover_packages(path) discover
[0.260s] Level 1:colcon.colcon_core.package_discovery:discover_packages(path) using defaults
[0.294s] Level 1:colcon.colcon_core.package_discovery:discover_packages(prefix_path) check parameters
[0.294s] Level 1:colcon.colcon_core.package_discovery:discover_packages(prefix_path) discover
[0.296s] DEBUG:colcon.colcon_installed_package_information.package_discovery:Found 3 installed packages in /home/jonathan/git/PreyPath_RS1/sensor/install
[0.296s] DEBUG:colcon.colcon_installed_package_information.package_discovery:Found 1 installed packages in /home/jonathan/41068_ws/install
[0.297s] DEBUG:colcon.colcon_installed_package_information.package_discovery:Found 3 installed packages in /home/jonathan/ros_ws/install
[0.298s] DEBUG:colcon.colcon_installed_package_information.package_discovery:Found 428 installed packages in /opt/ros/humble
[0.300s] Level 1:colcon.colcon_core.package_discovery:discover_packages(prefix_path) using defaults
[0.342s] Level 5:colcon.colcon_core.verb:set package 'preypath_sensors' build argument 'cmake_args' from command line to 'None'
[0.342s] Level 5:colcon.colcon_core.verb:set package 'preypath_sensors' build argument 'cmake_target' from command line to 'None'
[0.342s] Level 5:colcon.colcon_core.verb:set package 'preypath_sensors' build argument 'cmake_target_skip_unavailable' from command line to 'False'
[0.342s] Level 5:colcon.colcon_core.verb:set package 'preypath_sensors' build argument 'cmake_clean_cache' from command line to 'False'
[0.342s] Level 5:colcon.colcon_core.verb:set package 'preypath_sensors' build argument 'cmake_clean_first' from command line to 'False'
[0.342s] Level 5:colcon.colcon_core.verb:set package 'preypath_sensors' build argument 'cmake_force_configure' from command line to 'False'
[0.342s] Level 5:colcon.colcon_core.verb:set package 'preypath_sensors' build argument 'ament_cmake_args' from command line to 'None'
[0.342s] Level 5:colcon.colcon_core.verb:set package 'preypath_sensors' build argument 'catkin_cmake_args' from command line to 'None'
[0.342s] Level 5:colcon.colcon_core.verb:set package 'preypath_sensors' build argument 'catkin_skip_building_tests' from command line to 'False'
[0.343s] DEBUG:colcon.colcon_core.verb:Building package 'preypath_sensors' with the following arguments: {'ament_cmake_args': None, 'build_base': '/home/jonathan/git/PreyPath_RS1/sensor/build/preypath_sensors', 'catkin_cmake_args': None, 'catkin_skip_building_tests': False, 'cmake_args': None, 'cmake_clean_cache': False, 'cmake_clean_first': False, 'cmake_force_configure': False, 'cmake_target': None, 'cmake_target_skip_unavailable': False, 'install_base': '/home/jonathan/git/PreyPath_RS1/sensor/install/preypath_sensors', 'merge_install': False, 'path': '/home/jonathan/git/PreyPath_RS1/sensor/src/preypath_sensors', 'symlink_install': True, 'test_result_base': None}
[0.343s] Level 5:colcon.colcon_core.verb:set package 'preypath_slam' build argument 'cmake_args' from command line to 'None'
[0.343s] Level 5:colcon.colcon_core.verb:set package 'preypath_slam' build argument 'cmake_target' from command line to 'None'
[0.343s] Level 5:colcon.colcon_core.verb:set package 'preypath_slam' build argument 'cmake_target_skip_unavailable' from command line to 'False'
[0.343s] Level 5:colcon.colcon_core.verb:set package 'preypath_slam' build argument 'cmake_clean_cache' from command line to 'False'
[0.343s] Level 5:colcon.colcon_core.verb:set package 'preypath_slam' build argument 'cmake_clean_first' from command line to 'False'
[0.343s] Level 5:colcon.colcon_core.verb:set package 'preypath_slam' build argument 'cmake_force_configure' from command line to 'False'
[0.343s] Level 5:colcon.colcon_core.verb:set package 'preypath_slam' build argument 'ament_cmake_args' from command line to 'None'
[0.343s] Level 5:colcon.colcon_core.verb:set package 'preypath_slam' build argument 'catkin_cmake_args' from command line to 'None'
[0.343s] Level 5:colcon.colcon_core.verb:set package 'preypath_slam' build argument 'catkin_skip_building_tests' from command line to 'False'
[0.343s] DEBUG:colcon.colcon_core.verb:Building package 'preypath_slam' with the following arguments: {'ament_cmake_args': None, 'build_base': '/home/jonathan/git/PreyPath_RS1/sensor/build/preypath_slam', 'catkin_cmake_args': None, 'catkin_skip_building_tests': False, 'cmake_args': None, 'cmake_clean_cache': False, 'cmake_clean_first': False, 'cmake_force_configure': False, 'cmake_target': None, 'cmake_target_skip_unavailable': False, 'install_base': '/home/jonathan/git/PreyPath_RS1/sensor/install/preypath_slam', 'merge_install': False, 'path': '/home/jonathan/git/PreyPath_RS1/sensor/src/preypath_slam', 'symlink_install': True, 'test_result_base': None}
[0.343s] Level 5:colcon.colcon_core.verb:set package 'preypath_bringup' build argument 'cmake_args' from command line to 'None'
[0.343s] Level 5:colcon.colcon_core.verb:set package 'preypath_bringup' build argument 'cmake_target' from command line to 'None'
[0.343s] Level 5:colcon.colcon_core.verb:set package 'preypath_bringup' build argument 'cmake_target_skip_unavailable' from command line to 'False'
[0.343s] Level 5:colcon.colcon_core.verb:set package 'preypath_bringup' build argument 'cmake_clean_cache' from command line to 'False'
[0.343s] Level 5:colcon.colcon_core.verb:set package 'preypath_bringup' build argument 'cmake_clean_first' from command line to 'False'
[0.343s] Level 5:colcon.colcon_core.verb:set package 'preypath_bringup' build argument 'cmake_force_configure' from command line to 'False'
[0.343s] Level 5:colcon.colcon_core.verb:set package 'preypath_bringup' build argument 'ament_cmake_args' from command line to 'None'
[0.343s] Level 5:colcon.colcon_core.verb:set package 'preypath_bringup' build argument 'catkin_cmake_args' from command line to 'None'
[0.343s] Level 5:colcon.colcon_core.verb:set package 'preypath_bringup' build argument 'catkin_skip_building_tests' from command line to 'False'
[0.344s] DEBUG:colcon.colcon_core.verb:Building package 'preypath_bringup' with the following arguments: {'ament_cmake_args': None, 'build_base': '/home/jonathan/git/PreyPath_RS1/sensor/build/preypath_bringup', 'catkin_cmake_args': None, 'catkin_skip_building_tests': False, 'cmake_args': None, 'cmake_clean_cache': False, 'cmake_clean_first': False, 'cmake_force_configure': False, 'cmake_target': None, 'cmake_target_skip_unavailable': False, 'install_base': '/home/jonathan/git/PreyPath_RS1/sensor/install/preypath_bringup', 'merge_install': False, 'path': '/home/jonathan/git/PreyPath_RS1/sensor/src/preypath_bringup', 'symlink_install': True, 'test_result_base': None}
[0.344s] INFO:colcon.colcon_core.executor:Executing jobs using 'parallel' executor
[0.345s] DEBUG:colcon.colcon_parallel_executor.executor.parallel:run_until_complete
[0.345s] INFO:colcon.colcon_ros.task.ament_python.build:Building ROS package in '/home/jonathan/git/PreyPath_RS1/sensor/src/preypath_sensors' with build type 'ament_python'
[0.345s] Level 1:colcon.colcon_core.shell:create_environment_hook('preypath_sensors', 'ament_prefix_path')
[0.347s] INFO:colcon.colcon_core.plugin_system:Skipping extension 'colcon_core.shell.bat': Not used on non-Windows systems
[0.347s] INFO:colcon.colcon_core.shell:Creating environment hook '/home/jonathan/git/PreyPath_RS1/sensor/install/preypath_sensors/share/preypath_sensors/hook/ament_prefix_path.ps1'
[0.348s] INFO:colcon.colcon_core.shell:Creating environment descriptor '/home/jonathan/git/PreyPath_RS1/sensor/install/preypath_sensors/share/preypath_sensors/hook/ament_prefix_path.dsv'
[0.348s] INFO:colcon.colcon_core.shell:Creating environment hook '/home/jonathan/git/PreyPath_RS1/sensor/install/preypath_sensors/share/preypath_sensors/hook/ament_prefix_path.sh'
[0.349s] INFO:colcon.colcon_core.shell:Skip shell extension 'powershell' for command environment: Not usable outside of PowerShell
[0.349s] DEBUG:colcon.colcon_core.shell:Skip shell extension 'dsv' for command environment
[0.354s] INFO:colcon.colcon_ros.task.catkin.build:Building ROS package in '/home/jonathan/git/PreyPath_RS1/sensor/src/preypath_slam' with build type 'catkin'
[0.354s] INFO:colcon.colcon_cmake.task.cmake.build:Building CMake package in '/home/jonathan/git/PreyPath_RS1/sensor/src/preypath_slam'
[0.354s] INFO:colcon.colcon_core.shell:Skip shell extension 'powershell' for command environment: Not usable outside of PowerShell
[0.354s] DEBUG:colcon.colcon_core.shell:Skip shell extension 'dsv' for command environment
[0.618s] INFO:colcon.colcon_core.task.python.build:Building Python package in '/home/jonathan/git/PreyPath_RS1/sensor/src/preypath_sensors'
[0.618s] INFO:colcon.colcon_core.shell:Skip shell extension 'powershell' for command environment: Not usable outside of PowerShell
[0.618s] DEBUG:colcon.colcon_core.shell:Skip shell extension 'dsv' for command environment
[0.628s] DEBUG:colcon.colcon_core.event_handler.log_command:Invoking command in '/home/jonathan/git/PreyPath_RS1/sensor/build/preypath_slam': /usr/bin/cmake --build /home/jonathan/git/PreyPath_RS1/sensor/build/preypath_slam -- -j8 -l8
[0.678s] DEBUG:colcon.colcon_core.event_handler.log_command:Invoked command in '/home/jonathan/git/PreyPath_RS1/sensor/build/preypath_slam' returned '0': /usr/bin/cmake --build /home/jonathan/git/PreyPath_RS1/sensor/build/preypath_slam -- -j8 -l8
[0.690s] DEBUG:colcon.colcon_core.event_handler.log_command:Invoking command in '/home/jonathan/git/PreyPath_RS1/sensor/build/preypath_slam': /usr/bin/cmake --install /home/jonathan/git/PreyPath_RS1/sensor/build/preypath_slam
[0.703s] DEBUG:colcon.colcon_core.event_handler.log_command:Invoked command in '/home/jonathan/git/PreyPath_RS1/sensor/build/preypath_slam' returned '0': /usr/bin/cmake --install /home/jonathan/git/PreyPath_RS1/sensor/build/preypath_slam
[0.703s] Level 1:colcon.colcon_core.shell:create_environment_hook('preypath_slam', 'ros_package_path')
[0.704s] INFO:colcon.colcon_core.shell:Creating environment hook '/home/jonathan/git/PreyPath_RS1/sensor/install/preypath_slam/share/preypath_slam/hook/ros_package_path.ps1'
[0.704s] INFO:colcon.colcon_core.shell:Creating environment descriptor '/home/jonathan/git/PreyPath_RS1/sensor/install/preypath_slam/share/preypath_slam/hook/ros_package_path.dsv'
[0.704s] INFO:colcon.colcon_core.shell:Creating environment hook '/home/jonathan/git/PreyPath_RS1/sensor/install/preypath_slam/share/preypath_slam/hook/ros_package_path.sh'
[0.705s] Level 1:colcon.colcon_core.shell:create_environment_hook('preypath_slam', 'pkg_config_path')
[0.705s] INFO:colcon.colcon_core.shell:Creating environment hook '/home/jonathan/git/PreyPath_RS1/sensor/install/preypath_slam/share/preypath_slam/hook/pkg_config_path.ps1'
[0.706s] INFO:colcon.colcon_core.shell:Creating environment descriptor '/home/jonathan/git/PreyPath_RS1/sensor/install/preypath_slam/share/preypath_slam/hook/pkg_config_path.dsv'
[0.706s] INFO:colcon.colcon_core.shell:Creating environment hook '/home/jonathan/git/PreyPath_RS1/sensor/install/preypath_slam/share/preypath_slam/hook/pkg_config_path.sh'
[0.708s] Level 1:colcon.colcon_core.shell:create_environment_hook('preypath_slam', 'pkg_config_path_multiarch')
[0.708s] INFO:colcon.colcon_core.shell:Creating environment hook '/home/jonathan/git/PreyPath_RS1/sensor/install/preypath_slam/share/preypath_slam/hook/pkg_config_path_multiarch.ps1'
[0.709s] INFO:colcon.colcon_core.shell:Creating environment descriptor '/home/jonathan/git/PreyPath_RS1/sensor/install/preypath_slam/share/preypath_slam/hook/pkg_config_path_multiarch.dsv'
[0.709s] INFO:colcon.colcon_core.shell:Creating environment hook '/home/jonathan/git/PreyPath_RS1/sensor/install/preypath_slam/share/preypath_slam/hook/pkg_config_path_multiarch.sh'
[0.710s] Level 1:colcon.colcon_core.environment:create_environment_scripts_only(preypath_slam)
[0.712s] Level 1:colcon.colcon_core.environment:checking '/home/jonathan/git/PreyPath_RS1/sensor/install/preypath_slam' for CMake module files
[0.713s] Level 1:colcon.colcon_core.environment:checking '/home/jonathan/git/PreyPath_RS1/sensor/install/preypath_slam' for CMake config files
[0.713s] Level 1:colcon.colcon_core.shell:create_environment_hook('preypath_slam', 'cmake_prefix_path')
[0.713s] INFO:colcon.colcon_core.shell:Creating environment hook '/home/jonathan/git/PreyPath_RS1/sensor/install/preypath_slam/share/preypath_slam/hook/cmake_prefix_path.ps1'
[0.714s] INFO:colcon.colcon_core.shell:Creating environment descriptor '/home/jonathan/git/PreyPath_RS1/sensor/install/preypath_slam/share/preypath_slam/hook/cmake_prefix_path.dsv'
[0.714s] INFO:colcon.colcon_core.shell:Creating environment hook '/home/jonathan/git/PreyPath_RS1/sensor/install/preypath_slam/share/preypath_slam/hook/cmake_prefix_path.sh'
[0.715s] Level 1:colcon.colcon_core.environment:checking '/home/jonathan/git/PreyPath_RS1/sensor/install/preypath_slam/bin'
[0.715s] Level 1:colcon.colcon_core.environment:checking '/home/jonathan/git/PreyPath_RS1/sensor/install/preypath_slam/lib/pkgconfig/preypath_slam.pc'
[0.715s] Level 1:colcon.colcon_core.environment:checking '/home/jonathan/git/PreyPath_RS1/sensor/install/preypath_slam/lib/python3.10/site-packages'
[0.715s] Level 1:colcon.colcon_core.environment:checking '/home/jonathan/git/PreyPath_RS1/sensor/install/preypath_slam/bin'
[0.716s] INFO:colcon.colcon_core.shell:Creating package script '/home/jonathan/git/PreyPath_RS1/sensor/install/preypath_slam/share/preypath_slam/package.ps1'
[0.717s] INFO:colcon.colcon_core.shell:Creating package descriptor '/home/jonathan/git/PreyPath_RS1/sensor/install/preypath_slam/share/preypath_slam/package.dsv'
[0.717s] INFO:colcon.colcon_core.shell:Creating package script '/home/jonathan/git/PreyPath_RS1/sensor/install/preypath_slam/share/preypath_slam/package.sh'
[0.718s] INFO:colcon.colcon_core.shell:Creating package script '/home/jonathan/git/PreyPath_RS1/sensor/install/preypath_slam/share/preypath_slam/package.bash'
[0.719s] INFO:colcon.colcon_core.shell:Creating package script '/home/jonathan/git/PreyPath_RS1/sensor/install/preypath_slam/share/preypath_slam/package.zsh'
[0.719s] Level 1:colcon.colcon_core.environment:create_file_with_runtime_dependencies(/home/jonathan/git/PreyPath_RS1/sensor/install/preypath_slam/share/colcon-core/packages/preypath_slam)
[0.996s] DEBUG:colcon.colcon_core.event_handler.log_command:Invoking command in '/home/jonathan/git/PreyPath_RS1/sensor/build/preypath_sensors': PYTHONPATH=/home/jonathan/git/PreyPath_RS1/sensor/build/preypath_sensors/prefix_override:/usr/lib/python3/dist-packages/colcon_core/task/python/colcon_distutils_commands:/home/jonathan/git/PreyPath_RS1/sensor/install/preypath_sensors/lib/python3.10/site-packages:${PYTHONPATH} /usr/bin/python3 -W ignore:setup.py install is deprecated -W ignore:easy_install command is deprecated setup.py develop --editable --build-directory /home/jonathan/git/PreyPath_RS1/sensor/build/preypath_sensors/build --no-deps symlink_data
[1.443s] Level 1:colcon.colcon_core.shell:create_environment_hook('preypath_sensors', 'pythonpath_develop')
[1.443s] DEBUG:colcon.colcon_core.event_handler.log_command:Invoked command in '/home/jonathan/git/PreyPath_RS1/sensor/build/preypath_sensors' returned '0': PYTHONPATH=/home/jonathan/git/PreyPath_RS1/sensor/build/preypath_sensors/prefix_override:/usr/lib/python3/dist-packages/colcon_core/task/python/colcon_distutils_commands:/home/jonathan/git/PreyPath_RS1/sensor/install/preypath_sensors/lib/python3.10/site-packages:${PYTHONPATH} /usr/bin/python3 -W ignore:setup.py install is deprecated -W ignore:easy_install command is deprecated setup.py develop --editable --build-directory /home/jonathan/git/PreyPath_RS1/sensor/build/preypath_sensors/build --no-deps symlink_data
[1.444s] INFO:colcon.colcon_core.shell:Creating environment hook '/home/jonathan/git/PreyPath_RS1/sensor/build/preypath_sensors/share/preypath_sensors/hook/pythonpath_develop.ps1'
[1.445s] INFO:colcon.colcon_core.shell:Creating environment descriptor '/home/jonathan/git/PreyPath_RS1/sensor/build/preypath_sensors/share/preypath_sensors/hook/pythonpath_develop.dsv'
[1.445s] INFO:colcon.colcon_core.shell:Creating environment hook '/home/jonathan/git/PreyPath_RS1/sensor/build/preypath_sensors/share/preypath_sensors/hook/pythonpath_develop.sh'
[1.445s] Level 1:colcon.colcon_core.environment:checking '/home/jonathan/git/PreyPath_RS1/sensor/install/preypath_sensors' for CMake module files
[1.446s] Level 1:colcon.colcon_core.environment:checking '/home/jonathan/git/PreyPath_RS1/sensor/install/preypath_sensors' for CMake config files
[1.446s] Level 1:colcon.colcon_core.environment:checking '/home/jonathan/git/PreyPath_RS1/sensor/install/preypath_sensors/lib'
[1.447s] Level 1:colcon.colcon_core.environment:checking '/home/jonathan/git/PreyPath_RS1/sensor/install/preypath_sensors/bin'
[1.447s] Level 1:colcon.colcon_core.environment:checking '/home/jonathan/git/PreyPath_RS1/sensor/install/preypath_sensors/lib/pkgconfig/preypath_sensors.pc'
[1.447s] Level 1:colcon.colcon_core.environment:checking '/home/jonathan/git/PreyPath_RS1/sensor/install/preypath_sensors/lib/python3.10/site-packages'
[1.447s] Level 1:colcon.colcon_core.shell:create_environment_hook('preypath_sensors', 'pythonpath')
[1.447s] INFO:colcon.colcon_core.shell:Creating environment hook '/home/jonathan/git/PreyPath_RS1/sensor/install/preypath_sensors/share/preypath_sensors/hook/pythonpath.ps1'
[1.448s] INFO:colcon.colcon_core.shell:Creating environment descriptor '/home/jonathan/git/PreyPath_RS1/sensor/install/preypath_sensors/share/preypath_sensors/hook/pythonpath.dsv'
[1.448s] INFO:colcon.colcon_core.shell:Creating environment hook '/home/jonathan/git/PreyPath_RS1/sensor/install/preypath_sensors/share/preypath_sensors/hook/pythonpath.sh'
[1.449s] Level 1:colcon.colcon_core.environment:checking '/home/jonathan/git/PreyPath_RS1/sensor/install/preypath_sensors/bin'
[1.449s] Level 1:colcon.colcon_core.environment:create_environment_scripts_only(preypath_sensors)
[1.449s] INFO:colcon.colcon_core.shell:Creating package script '/home/jonathan/git/PreyPath_RS1/sensor/install/preypath_sensors/share/preypath_sensors/package.ps1'
[1.450s] INFO:colcon.colcon_core.shell:Creating package descriptor '/home/jonathan/git/PreyPath_RS1/sensor/install/preypath_sensors/share/preypath_sensors/package.dsv'
[1.450s] INFO:colcon.colcon_core.shell:Creating package script '/home/jonathan/git/PreyPath_RS1/sensor/install/preypath_sensors/share/preypath_sensors/package.sh'
[1.451s] INFO:colcon.colcon_core.shell:Creating package script '/home/jonathan/git/PreyPath_RS1/sensor/install/preypath_sensors/share/preypath_sensors/package.bash'
[1.451s] INFO:colcon.colcon_core.shell:Creating package script '/home/jonathan/git/PreyPath_RS1/sensor/install/preypath_sensors/share/preypath_sensors/package.zsh'
[1.451s] Level 1:colcon.colcon_core.environment:create_file_with_runtime_dependencies(/home/jonathan/git/PreyPath_RS1/sensor/install/preypath_sensors/share/colcon-core/packages/preypath_sensors)
[1.452s] INFO:colcon.colcon_ros.task.catkin.build:Building ROS package in '/home/jonathan/git/PreyPath_RS1/sensor/src/preypath_bringup' with build type 'catkin'
[1.452s] INFO:colcon.colcon_cmake.task.cmake.build:Building CMake package in '/home/jonathan/git/PreyPath_RS1/sensor/src/preypath_bringup'
[1.452s] INFO:colcon.colcon_core.shell:Skip shell extension 'powershell' for command environment: Not usable outside of PowerShell
[1.452s] DEBUG:colcon.colcon_core.shell:Skip shell extension 'dsv' for command environment
[1.467s] DEBUG:colcon.colcon_core.event_handler.log_command:Invoking command in '/home/jonathan/git/PreyPath_RS1/sensor/build/preypath_bringup': CMAKE_PREFIX_PATH=/home/jonathan/git/PreyPath_RS1/sensor/install/preypath_slam:/home/jonathan/git/PreyPath_RS1/sensor/install/preypath_bringup:/home/jonathan/41068_ws/install/41068_ignition_bringup:/home/jonathan/ros_ws/install/stage_ros2:/home/jonathan/ros_ws/install/stage PKG_CONFIG_PATH=/home/jonathan/git/PreyPath_RS1/sensor/install/preypath_slam/lib/x86_64-linux-gnu/pkgconfig:/home/jonathan/git/PreyPath_RS1/sensor/install/preypath_slam/lib/pkgconfig:/home/jonathan/git/PreyPath_RS1/sensor/install/preypath_bringup/lib/x86_64-linux-gnu/pkgconfig:/home/jonathan/git/PreyPath_RS1/sensor/install/preypath_bringup/lib/pkgconfig:/home/jonathan/ros_ws/install/stage/lib/x86_64-linux-gnu/pkgconfig:/home/jonathan/ros_ws/install/stage/lib/pkgconfig ROS_PACKAGE_PATH=/home/jonathan/git/PreyPath_RS1/sensor/install/preypath_slam/share:/home/jonathan/git/PreyPath_RS1/sensor/install/preypath_bringup/share:/home/jonathan/ros_ws/install/stage/share /usr/bin/cmake --build /home/jonathan/git/PreyPath_RS1/sensor/build/preypath_bringup -- -j8 -l8
[1.513s] DEBUG:colcon.colcon_core.event_handler.log_command:Invoked command in '/home/jonathan/git/PreyPath_RS1/sensor/build/preypath_bringup' returned '0': CMAKE_PREFIX_PATH=/home/jonathan/git/PreyPath_RS1/sensor/install/preypath_slam:/home/jonathan/git/PreyPath_RS1/sensor/install/preypath_bringup:/home/jonathan/41068_ws/install/41068_ignition_bringup:/home/jonathan/ros_ws/install/stage_ros2:/home/jonathan/ros_ws/install/stage PKG_CONFIG_PATH=/home/jonathan/git/PreyPath_RS1/sensor/install/preypath_slam/lib/x86_64-linux-gnu/pkgconfig:/home/jonathan/git/PreyPath_RS1/sensor/install/preypath_slam/lib/pkgconfig:/home/jonathan/git/PreyPath_RS1/sensor/install/preypath_bringup/lib/x86_64-linux-gnu/pkgconfig:/home/jonathan/git/PreyPath_RS1/sensor/install/preypath_bringup/lib/pkgconfig:/home/jonathan/ros_ws/install/stage/lib/x86_64-linux-gnu/pkgconfig:/home/jonathan/ros_ws/install/stage/lib/pkgconfig ROS_PACKAGE_PATH=/home/jonathan/git/PreyPath_RS1/sensor/install/preypath_slam/share:/home/jonathan/git/PreyPath_RS1/sensor/install/preypath_bringup/share:/home/jonathan/ros_ws/install/stage/share /usr/bin/cmake --build /home/jonathan/git/PreyPath_RS1/sensor/build/preypath_bringup -- -j8 -l8
[1.515s] DEBUG:colcon.colcon_core.event_handler.log_command:Invoking command in '/home/jonathan/git/PreyPath_RS1/sensor/build/preypath_bringup': CMAKE_PREFIX_PATH=/home/jonathan/git/PreyPath_RS1/sensor/install/preypath_slam:/home/jonathan/git/PreyPath_RS1/sensor/install/preypath_bringup:/home/jonathan/41068_ws/install/41068_ignition_bringup:/home/jonathan/ros_ws/install/stage_ros2:/home/jonathan/ros_ws/install/stage PKG_CONFIG_PATH=/home/jonathan/git/PreyPath_RS1/sensor/install/preypath_slam/lib/x86_64-linux-gnu/pkgconfig:/home/jonathan/git/PreyPath_RS1/sensor/install/preypath_slam/lib/pkgconfig:/home/jonathan/git/PreyPath_RS1/sensor/install/preypath_bringup/lib/x86_64-linux-gnu/pkgconfig:/home/jonathan/git/PreyPath_RS1/sensor/install/preypath_bringup/lib/pkgconfig:/home/jonathan/ros_ws/install/stage/lib/x86_64-linux-gnu/pkgconfig:/home/jonathan/ros_ws/install/stage/lib/pkgconfig ROS_PACKAGE_PATH=/home/jonathan/git/PreyPath_RS1/sensor/install/preypath_slam/share:/home/jonathan/git/PreyPath_RS1/sensor/install/preypath_bringup/share:/home/jonathan/ros_ws/install/stage/share /usr/bin/cmake --install /home/jonathan/git/PreyPath_RS1/sensor/build/preypath_bringup
[1.528s] DEBUG:colcon.colcon_core.event_handler.log_command:Invoked command in '/home/jonathan/git/PreyPath_RS1/sensor/build/preypath_bringup' returned '0': CMAKE_PREFIX_PATH=/home/jonathan/git/PreyPath_RS1/sensor/install/preypath_slam:/home/jonathan/git/PreyPath_RS1/sensor/install/preypath_bringup:/home/jonathan/41068_ws/install/41068_ignition_bringup:/home/jonathan/ros_ws/install/stage_ros2:/home/jonathan/ros_ws/install/stage PKG_CONFIG_PATH=/home/jonathan/git/PreyPath_RS1/sensor/install/preypath_slam/lib/x86_64-linux-gnu/pkgconfig:/home/jonathan/git/PreyPath_RS1/sensor/install/preypath_slam/lib/pkgconfig:/home/jonathan/git/PreyPath_RS1/sensor/install/preypath_bringup/lib/x86_64-linux-gnu/pkgconfig:/home/jonathan/git/PreyPath_RS1/sensor/install/preypath_bringup/lib/pkgconfig:/home/jonathan/ros_ws/install/stage/lib/x86_64-linux-gnu/pkgconfig:/home/jonathan/ros_ws/install/stage/lib/pkgconfig ROS_PACKAGE_PATH=/home/jonathan/git/PreyPath_RS1/sensor/install/preypath_slam/share:/home/jonathan/git/PreyPath_RS1/sensor/install/preypath_bringup/share:/home/jonathan/ros_ws/install/stage/share /usr/bin/cmake --install /home/jonathan/git/PreyPath_RS1/sensor/build/preypath_bringup
[1.528s] Level 1:colcon.colcon_core.shell:create_environment_hook('preypath_bringup', 'ros_package_path')
[1.528s] INFO:colcon.colcon_core.shell:Creating environment hook '/home/jonathan/git/PreyPath_RS1/sensor/install/preypath_bringup/share/preypath_bringup/hook/ros_package_path.ps1'
[1.529s] INFO:colcon.colcon_core.shell:Creating environment descriptor '/home/jonathan/git/PreyPath_RS1/sensor/install/preypath_bringup/share/preypath_bringup/hook/ros_package_path.dsv'
[1.529s] INFO:colcon.colcon_core.shell:Creating environment hook '/home/jonathan/git/PreyPath_RS1/sensor/install/preypath_bringup/share/preypath_bringup/hook/ros_package_path.sh'
[1.529s] Level 1:colcon.colcon_core.shell:create_environment_hook('preypath_bringup', 'pkg_config_path')
[1.530s] INFO:colcon.colcon_core.shell:Creating environment hook '/home/jonathan/git/PreyPath_RS1/sensor/install/preypath_bringup/share/preypath_bringup/hook/pkg_config_path.ps1'
[1.530s] INFO:colcon.colcon_core.shell:Creating environment descriptor '/home/jonathan/git/PreyPath_RS1/sensor/install/preypath_bringup/share/preypath_bringup/hook/pkg_config_path.dsv'
[1.530s] INFO:colcon.colcon_core.shell:Creating environment hook '/home/jonathan/git/PreyPath_RS1/sensor/install/preypath_bringup/share/preypath_bringup/hook/pkg_config_path.sh'
[1.531s] Level 1:colcon.colcon_core.shell:create_environment_hook('preypath_bringup', 'pkg_config_path_multiarch')
[1.531s] INFO:colcon.colcon_core.shell:Creating environment hook '/home/jonathan/git/PreyPath_RS1/sensor/install/preypath_bringup/share/preypath_bringup/hook/pkg_config_path_multiarch.ps1'
[1.531s] INFO:colcon.colcon_core.shell:Creating environment descriptor '/home/jonathan/git/PreyPath_RS1/sensor/install/preypath_bringup/share/preypath_bringup/hook/pkg_config_path_multiarch.dsv'
[1.531s] INFO:colcon.colcon_core.shell:Creating environment hook '/home/jonathan/git/PreyPath_RS1/sensor/install/preypath_bringup/share/preypath_bringup/hook/pkg_config_path_multiarch.sh'
[1.532s] Level 1:colcon.colcon_core.environment:create_environment_scripts_only(preypath_bringup)
[1.532s] Level 1:colcon.colcon_core.environment:checking '/home/jonathan/git/PreyPath_RS1/sensor/install/preypath_bringup' for CMake module files
[1.532s] Level 1:colcon.colcon_core.environment:checking '/home/jonathan/git/PreyPath_RS1/sensor/install/preypath_bringup' for CMake config files
[1.533s] Level 1:colcon.colcon_core.shell:create_environment_hook('preypath_bringup', 'cmake_prefix_path')
[1.533s] INFO:colcon.colcon_core.shell:Creating environment hook '/home/jonathan/git/PreyPath_RS1/sensor/install/preypath_bringup/share/preypath_bringup/hook/cmake_prefix_path.ps1'
[1.533s] INFO:colcon.colcon_core.shell:Creating environment descriptor '/home/jonathan/git/PreyPath_RS1/sensor/install/preypath_bringup/share/preypath_bringup/hook/cmake_prefix_path.dsv'
[1.534s] INFO:colcon.colcon_core.shell:Creating environment hook '/home/jonathan/git/PreyPath_RS1/sensor/install/preypath_bringup/share/preypath_bringup/hook/cmake_prefix_path.sh'
[1.534s] Level 1:colcon.colcon_core.environment:checking '/home/jonathan/git/PreyPath_RS1/sensor/install/preypath_bringup/bin'
[1.534s] Level 1:colcon.colcon_core.environment:checking '/home/jonathan/git/PreyPath_RS1/sensor/install/preypath_bringup/lib/pkgconfig/preypath_bringup.pc'
[1.535s] Level 1:colcon.colcon_core.environment:checking '/home/jonathan/git/PreyPath_RS1/sensor/install/preypath_bringup/lib/python3.10/site-packages'
[1.535s] Level 1:colcon.colcon_core.environment:checking '/home/jonathan/git/PreyPath_RS1/sensor/install/preypath_bringup/bin'
[1.535s] INFO:colcon.colcon_core.shell:Creating package script '/home/jonathan/git/PreyPath_RS1/sensor/install/preypath_bringup/share/preypath_bringup/package.ps1'
[1.536s] INFO:colcon.colcon_core.shell:Creating package descriptor '/home/jonathan/git/PreyPath_RS1/sensor/install/preypath_bringup/share/preypath_bringup/package.dsv'
[1.536s] INFO:colcon.colcon_core.shell:Creating package script '/home/jonathan/git/PreyPath_RS1/sensor/install/preypath_bringup/share/preypath_bringup/package.sh'
[1.537s] INFO:colcon.colcon_core.shell:Creating package script '/home/jonathan/git/PreyPath_RS1/sensor/install/preypath_bringup/share/preypath_bringup/package.bash'
[1.537s] INFO:colcon.colcon_core.shell:Creating package script '/home/jonathan/git/PreyPath_RS1/sensor/install/preypath_bringup/share/preypath_bringup/package.zsh'
[1.537s] Level 1:colcon.colcon_core.environment:create_file_with_runtime_dependencies(/home/jonathan/git/PreyPath_RS1/sensor/install/preypath_bringup/share/colcon-core/packages/preypath_bringup)
[1.538s] DEBUG:colcon.colcon_parallel_executor.executor.parallel:closing loop
[1.538s] DEBUG:colcon.colcon_parallel_executor.executor.parallel:loop closed
[1.538s] DEBUG:colcon.colcon_parallel_executor.executor.parallel:run_until_complete finished with '0'
[1.538s] DEBUG:colcon.colcon_core.event_reactor:joining thread
[1.544s] INFO:colcon.colcon_core.plugin_system:Skipping extension 'colcon_notification.desktop_notification.terminal_notifier': Not used on non-Darwin systems
[1.544s] INFO:colcon.colcon_core.plugin_system:Skipping extension 'colcon_notification.desktop_notification.win32': Not used on non-Windows systems
[1.544s] INFO:colcon.colcon_notification.desktop_notification:Sending desktop notification using 'notify2'
[1.558s] DEBUG:colcon.colcon_core.event_reactor:joined thread
[1.558s] INFO:colcon.colcon_core.shell:Creating prefix script '/home/jonathan/git/PreyPath_RS1/sensor/install/local_setup.ps1'
[1.560s] INFO:colcon.colcon_core.shell:Creating prefix util module '/home/jonathan/git/PreyPath_RS1/sensor/install/_local_setup_util_ps1.py'
[1.562s] INFO:colcon.colcon_core.shell:Creating prefix chain script '/home/jonathan/git/PreyPath_RS1/sensor/install/setup.ps1'
[1.564s] INFO:colcon.colcon_core.shell:Creating prefix script '/home/jonathan/git/PreyPath_RS1/sensor/install/local_setup.sh'
[1.564s] INFO:colcon.colcon_core.shell:Creating prefix util module '/home/jonathan/git/PreyPath_RS1/sensor/install/_local_setup_util_sh.py'
[1.565s] INFO:colcon.colcon_core.shell:Creating prefix chain script '/home/jonathan/git/PreyPath_RS1/sensor/install/setup.sh'
[1.567s] INFO:colcon.colcon_core.shell:Creating prefix script '/home/jonathan/git/PreyPath_RS1/sensor/install/local_setup.bash'
[1.567s] INFO:colcon.colcon_core.shell:Creating prefix chain script '/home/jonathan/git/PreyPath_RS1/sensor/install/setup.bash'
[1.570s] INFO:colcon.colcon_core.shell:Creating prefix script '/home/jonathan/git/PreyPath_RS1/sensor/install/local_setup.zsh'
[1.571s] INFO:colcon.colcon_core.shell:Creating prefix chain script '/home/jonathan/git/PreyPath_RS1/sensor/install/setup.zsh'
